{
  "date": "2026-10-04",
  "status": "CHECKED_PARTIAL_PLACEMENT_WITH_DISPLAY",
  "fabricationReady": false,
  "originalShellFitVerified": false,
  "fullHandheldPlacementComplete": false,
  "routingPermitted": false,
  "entry": "experiments/am3352-g350-display-placement.circuit.tsx",
  "defaultEntryRemainsHistoricalDdrFixture": true,
  "dimensionsMm": {
    "width": 76,
    "height": 118,
    "mainBodyHeight": 99,
    "speakerTongueWidth": 22,
    "thickness": 1.6
  },
  "copperLayers": 4,
  "logicalComponents": 275,
  "newDisplayComponents": 42,
  "buildExitCode": 0,
  "typecheckExitCode": 0,
  "nativeErrors": 0,
  "allLayerGerberShorts": 0,
  "minCopperEdgeClearanceLowerBoundMm": 0.45000699999999655,
  "displayPinMapAndBacklightSenseVerified": true,
  "reviewedRailChange": {
    "domain": "VDDSHV2",
    "cpuZczBalls": [
      "P10",
      "P11"
    ],
    "bypasses": [
      "C_HV2_BULK",
      "C_HV2_1",
      "C_HV2_2"
    ],
    "from": "ANALOG_1V8",
    "to": "IO_3V3"
  },
  "independentKicad": {
    "processExitCode": 5,
    "errors": 0,
    "warningCount": 444,
    "warningTypes": {
      "missing_courtyard": 20,
      "silk_edge_clearance": 6,
      "text_height": 20,
      "silk_overlap": 199,
      "silk_over_copper": 199
    },
    "unconnectedItemsReported": 499,
    "unconnectedCountIsComplete": false,
    "perItemExclusions": 0,
    "ignoredRuleSeverities": 0,
    "exactLocalFootprints": 275,
    "physicalRecordSha256": "fa69696b6be5a146d8ad0ed891fa99dfacb99c0f49cae0f717854319c164d208",
    "note": "Full DRC does not pass; presentation warnings and unrouted connections remain. Placement geometry only."
  },
  "remaining": [
    "Measured original shell outline, mounting, ports, controls and assembled clearances",
    "Exact FPC connector/inductor land drawings and biased backlight capacitance qualification",
    "Panel supply budget and startup, Linux driver/pinmux/timings/color format",
    "Final battery/speaker harness and membrane contact finish/paste/registration",
    "Complete critical placement review before four-layer native bus_lanes DDR and host routing",
    "Routing continuity, shorts, reference planes, DDR timing and fabrication release checks"
  ],
  "hashes": "stored in source-bound summary"
}
