Building 1 file(s)...
Building experiments/am3352-g350-display-placement.circuit.tsx...
Generating circuit JSON...
trace: `key` is not a prop. Trying to access it will result in `undefined` being returned. If you need to access the same value within the child component, you should pass it as a different prop. (https://react.dev/link/special-props)
Circuit JSON written to dist/experiments/am3352-g350-display-placement/circuit.json
The "J" prefix is being used with a <chip />, try using it with a <connector /> or <jumper />
The "J" prefix is being used with a <chip />, try using it with a <connector /> or <jumper />
The "J" prefix is being used with a <chip />, try using it with a <connector /> or <jumper />
<trace#2230(from:U_SOC.pin15 to:R_LCD_DATA0.pin1) /> is missing a name. Add a name prop to make the trace easier to identify.
<trace#2231(from:R_LCD_DATA0.pin2 to:J_LCD.pin12) /> is missing a name. Add a name prop to make the trace easier to identify.
<trace#2235(from:U_SOC.pin33 to:R_LCD_DATA1.pin1) /> is missing a name. Add a name prop to make the trace easier to identify.
<trace#2236(from:R_LCD_DATA1.pin2 to:J_LCD.pin13) /> is missing a name. Add a name prop to make the trace easier to identify.
<trace#2240(from:U_SOC.pin51 to:R_LCD_DATA2.pin1) /> is missing a name. Add a name prop to make the trace easier to identify.
<trace#2241(from:R_LCD_DATA2.pin2 to:J_LCD.pin14) /> is missing a name. Add a name prop to make the trace easier to identify.
<trace#2245(from:U_SOC.pin69 to:R_LCD_DATA3.pin1) /> is missing a name. Add a name prop to make the trace easier to identify.
<trace#2246(from:R_LCD_DATA3.pin2 to:J_LCD.pin15) /> is missing a name. Add a name prop to make the trace easier to identify.
<trace#2250(from:U_SOC.pin16 to:R_LCD_DATA4.pin1) /> is missing a name. Add a name prop to make the trace easier to identify.
<trace#2251(from:R_LCD_DATA4.pin2 to:J_LCD.pin16) /> is missing a name. Add a name prop to make the trace easier to identify.
<trace#2255(from:U_SOC.pin34 to:R_LCD_DATA5.pin1) /> is missing a name. Add a name prop to make the trace easier to identify.
<trace#2256(from:R_LCD_DATA5.pin2 to:J_LCD.pin17) /> is missing a name. Add a name prop to make the trace easier to identify.
<trace#2260(from:U_SOC.pin52 to:R_LCD_DATA6.pin1) /> is missing a name. Add a name prop to make the trace easier to identify.
<trace#2261(from:R_LCD_DATA6.pin2 to:J_LCD.pin18) /> is missing a name. Add a name prop to make the trace easier to identify.
<trace#2265(from:U_SOC.pin70 to:R_LCD_DATA7.pin1) /> is missing a name. Add a name prop to make the trace easier to identify.
<trace#2266(from:R_LCD_DATA7.pin2 to:J_LCD.pin19) /> is missing a name. Add a name prop to make the trace easier to identify.
<trace#2270(from:U_SOC.pin17 to:R_LCD_DATA8.pin1) /> is missing a name. Add a name prop to make the trace easier to identify.
<trace#2271(from:R_LCD_DATA8.pin2 to:J_LCD.pin20) /> is missing a name. Add a name prop to make the trace easier to identify.
<trace#2275(from:U_SOC.pin35 to:R_LCD_DATA9.pin1) /> is missing a name. Add a name prop to make the trace easier to identify.
<trace#2276(from:R_LCD_DATA9.pin2 to:J_LCD.pin21) /> is missing a name. Add a name prop to make the trace easier to identify.
<trace#2280(from:U_SOC.pin53 to:R_LCD_DATA10.pin1) /> is missing a name. Add a name prop to make the trace easier to identify.
<trace#2281(from:R_LCD_DATA10.pin2 to:J_LCD.pin22) /> is missing a name. Add a name prop to make the trace easier to identify.
<trace#2285(from:U_SOC.pin71 to:R_LCD_DATA11.pin1) /> is missing a name. Add a name prop to make the trace easier to identify.
<trace#2286(from:R_LCD_DATA11.pin2 to:J_LCD.pin23) /> is missing a name. Add a name prop to make the trace easier to identify.
<trace#2290(from:U_SOC.pin36 to:R_LCD_DATA12.pin1) /> is missing a name. Add a name prop to make the trace easier to identify.
<trace#2291(from:R_LCD_DATA12.pin2 to:J_LCD.pin24) /> is missing a name. Add a name prop to make the trace easier to identify.
<trace#2295(from:U_SOC.pin54 to:R_LCD_DATA13.pin1) /> is missing a name. Add a name prop to make the trace easier to identify.
<trace#2296(from:R_LCD_DATA13.pin2 to:J_LCD.pin25) /> is missing a name. Add a name prop to make the trace easier to identify.
<trace#2300(from:U_SOC.pin72 to:R_LCD_DATA14.pin1) /> is missing a name. Add a name prop to make the trace easier to identify.
<trace#2301(from:R_LCD_DATA14.pin2 to:J_LCD.pin26) /> is missing a name. Add a name prop to make the trace easier to identify.
<trace#2305(from:U_SOC.pin88 to:R_LCD_DATA15.pin1) /> is missing a name. Add a name prop to make the trace easier to identify.
<trace#2306(from:R_LCD_DATA15.pin2 to:J_LCD.pin27) /> is missing a name. Add a name prop to make the trace easier to identify.
<trace#2310(from:U_SOC.pin233 to:R_LCD_DATA16.pin1) /> is missing a name. Add a name prop to make the trace easier to identify.
<trace#2311(from:R_LCD_DATA16.pin2 to:J_LCD.pin28) /> is missing a name. Add a name prop to make the trace easier to identify.
<trace#2315(from:U_SOC.pin234 to:R_LCD_DATA17.pin1) /> is missing a name. Add a name prop to make the trace easier to identify.
<trace#2316(from:R_LCD_DATA17.pin2 to:J_LCD.pin29) /> is missing a name. Add a name prop to make the trace easier to identify.
<trace#2320(from:U_SOC.pin213 to:R_LCD_DATA18.pin1) /> is missing a name. Add a name prop to make the trace easier to identify.
<trace#2321(from:R_LCD_DATA18.pin2 to:J_LCD.pin30) /> is missing a name. Add a name prop to make the trace easier to identify.
<trace#2325(from:U_SOC.pin214 to:R_LCD_DATA19.pin1) /> is missing a name. Add a name prop to make the trace easier to identify.
<trace#2326(from:R_LCD_DATA19.pin2 to:J_LCD.pin31) /> is missing a name. Add a name prop to make the trace easier to identify.
<trace#2330(from:U_SOC.pin215 to:R_LCD_DATA20.pin1) /> is missing a name. Add a name prop to make the trace easier to identify.
<trace#2331(from:R_LCD_DATA20.pin2 to:J_LCD.pin32) /> is missing a name. Add a name prop to make the trace easier to identify.
<trace#2335(from:U_SOC.pin196 to:R_LCD_DATA21.pin1) /> is missing a name. Add a name prop to make the trace easier to identify.
<trace#2336(from:R_LCD_DATA21.pin2 to:J_LCD.pin33) /> is missing a name. Add a name prop to make the trace easier to identify.
<trace#2340(from:U_SOC.pin178 to:R_LCD_DATA22.pin1) /> is missing a name. Add a name prop to make the trace easier to identify.
<trace#2341(from:R_LCD_DATA22.pin2 to:J_LCD.pin34) /> is missing a name. Add a name prop to make the trace easier to identify.
<trace#2345(from:U_SOC.pin179 to:R_LCD_DATA23.pin1) /> is missing a name. Add a name prop to make the trace easier to identify.
<trace#2346(from:R_LCD_DATA23.pin2 to:J_LCD.pin35) /> is missing a name. Add a name prop to make the trace easier to identify.
<trace#2350(from:U_SOC.pin87 to:R_LCD_HSYNC.pin1) /> is missing a name. Add a name prop to make the trace easier to identify.
<trace#2351(from:R_LCD_HSYNC.pin2 to:J_LCD.pin36) /> is missing a name. Add a name prop to make the trace easier to identify.
<trace#2355(from:U_SOC.pin89 to:R_LCD_VSYNC.pin1) /> is missing a name. Add a name prop to make the trace easier to identify.
<trace#2356(from:R_LCD_VSYNC.pin2 to:J_LCD.pin37) /> is missing a name. Add a name prop to make the trace easier to identify.
<trace#2360(from:U_SOC.pin90 to:R_LCD_PCLK.pin1) /> is missing a name. Add a name prop to make the trace easier to identify.
<trace#2361(from:R_LCD_PCLK.pin2 to:J_LCD.pin38) /> is missing a name. Add a name prop to make the trace easier to identify.
<trace#2365(from:U_SOC.pin105 to:R_LCD_DE.pin1) /> is missing a name. Add a name prop to make the trace easier to identify.
<trace#2366(from:R_LCD_DE.pin2 to:J_LCD.pin52) /> is missing a name. Add a name prop to make the trace easier to identify.
Differential pair "USB0_PAIR" positiveConnection uses the ambiguous trace name "USB0_DP": its connection has more than 2 terminal pins: .J_USB > .A6, .J_USB > .B6, .U_SOC > .N17, .U_USB_ESD > .pin3, and .U_USB_ESD > .pin4.
Differential pair "USB0_PAIR" negativeConnection uses the ambiguous trace name "USB0_DM": its connection has more than 2 terminal pins: .J_USB > .A7, .J_USB > .B7, .U_SOC > .N18, .U_USB_ESD > .pin1, and .U_USB_ESD > .pin6.
J_LCD is inferred to face y- from its cable insertion center because no explicit footprint insertionDirection is defined, but should face y+ so the connector is accessible from the board edge. Set insertionDirection on the <footprint> to specify the actual direction in the footprint's unrotated orientation; for example, <footprint insertionDirection="from_above"> for a connector accessed from above the PCB (+Z).
TP_BAT_INPUT has no courtyard
TP_BAT_NTC has no courtyard
TP_BAT_GND has no courtyard
TP_USB_INPUT has no courtyard
TP_JTAG_TMS has no courtyard
TP_JTAG_TDI has no courtyard
TP_JTAG_TDO has no courtyard
TP_JTAG_TCK has no courtyard
TP_JTAG_TRSTn has no courtyard
TP_JTAG_EMU0 has no courtyard
TP_JTAG_EMU1 has no courtyard
TP_WARM_RESETn has no courtyard
TP_GND has no courtyard
TP_IO_3V3 has no courtyard
TP_UART_GND has no courtyard
TP_UART_UART0_RX has no courtyard
TP_UART_UART0_TX has no courtyard
TP_UART_IO_3V3 has no courtyard
TP_SPK_P has no courtyard
TP_SPK_N has no courtyard
KEY_UP has no pin with requires_power=true
KEY_DOWN has no pin with requires_power=true
KEY_LEFT has no pin with requires_power=true
KEY_RIGHT has no pin with requires_power=true
KEY_A has no pin with requires_power=true
KEY_B has no pin with requires_power=true
KEY_X has no pin with requires_power=true
KEY_Y has no pin with requires_power=true
KEY_SELECT has no pin with requires_power=true
KEY_START has no pin with requires_power=true
KEY_MENU has no pin with requires_power=true
J_LCD has no pin with requires_power=true
J_LCD has no pin with requires_ground=true
Courtyard of C_VDDA1P8V_USB0 overlaps with courtyard of R_LCD_DATA0
Courtyard of C_VDDA1P8V_USB0 overlaps with courtyard of R_LCD_DATA1
Courtyard of C_VDDA1P8V_USB1 overlaps with courtyard of R_LCD_DATA1
Courtyard of R_LCD_DATA0 overlaps with courtyard of R_LCD_DATA8
Courtyard of R_LCD_DATA1 overlaps with courtyard of R_LCD_DATA9
Courtyard of R_LCD_DATA2 overlaps with courtyard of R_LCD_DATA10
Courtyard of R_LCD_DATA3 overlaps with courtyard of R_LCD_DATA11
Courtyard of R_LCD_DATA4 overlaps with courtyard of R_LCD_DATA12
Courtyard of R_LCD_DATA5 overlaps with courtyard of R_LCD_DATA13
Courtyard of R_LCD_DATA6 overlaps with courtyard of R_LCD_DATA14
Courtyard of R_LCD_DATA7 overlaps with courtyard of R_LCD_DATA15
Courtyard of R_LCD_DATA8 overlaps with courtyard of R_LCD_DATA16
Courtyard of R_LCD_DATA9 overlaps with courtyard of R_LCD_DATA17
Courtyard of R_LCD_DATA10 overlaps with courtyard of R_LCD_DATA18
Courtyard of R_LCD_DATA11 overlaps with courtyard of R_LCD_DATA19
Courtyard of R_LCD_DATA12 overlaps with courtyard of R_LCD_DATA20
Courtyard of R_LCD_DATA13 overlaps with courtyard of R_LCD_DATA21
Courtyard of R_LCD_DATA14 overlaps with courtyard of R_LCD_DATA22
Courtyard of R_LCD_DATA15 overlaps with courtyard of R_LCD_DATA23
Courtyard of R_LCD_DATA16 overlaps with courtyard of R_LCD_HSYNC
Courtyard of R_LCD_DATA17 overlaps with courtyard of R_LCD_VSYNC
Courtyard of R_LCD_DATA18 overlaps with courtyard of R_LCD_PCLK
Courtyard of R_LCD_DATA19 overlaps with courtyard of R_LCD_DE

Build complete
  Circuits  0 passed 1 failed
  Output    dist

⚠ Build completed with errors
Build exiting with code 1: circuit build errors occurred
