Building 1 file(s)...
Building experiments/am3352-g350-placement-study.circuit.tsx...
Generating circuit JSON...
Circuit JSON written to dist/experiments/am3352-g350-placement-study/circuit.json
The "J" prefix is being used with a <chip />, try using it with a <connector /> or <jumper />
The "J" prefix is being used with a <chip />, try using it with a <connector /> or <jumper />
<trace#2040(from:KEY_UP.pin1 to:U_KEYS.GPA0) /> is missing a name. Add a name prop to make the trace easier to identify.
<trace#2045(from:KEY_DOWN.pin1 to:U_KEYS.GPA1) /> is missing a name. Add a name prop to make the trace easier to identify.
<trace#2050(from:KEY_LEFT.pin1 to:U_KEYS.GPA2) /> is missing a name. Add a name prop to make the trace easier to identify.
<trace#2055(from:KEY_RIGHT.pin1 to:U_KEYS.GPA3) /> is missing a name. Add a name prop to make the trace easier to identify.
<trace#2060(from:KEY_A.pin1 to:U_KEYS.GPA4) /> is missing a name. Add a name prop to make the trace easier to identify.
<trace#2065(from:KEY_B.pin1 to:U_KEYS.GPA5) /> is missing a name. Add a name prop to make the trace easier to identify.
<trace#2070(from:KEY_X.pin1 to:U_KEYS.GPA6) /> is missing a name. Add a name prop to make the trace easier to identify.
<trace#2075(from:KEY_Y.pin1 to:U_KEYS.GPB3) /> is missing a name. Add a name prop to make the trace easier to identify.
<trace#2080(from:KEY_SELECT.pin1 to:U_KEYS.GPB0) /> is missing a name. Add a name prop to make the trace easier to identify.
<trace#2085(from:KEY_START.pin1 to:U_KEYS.GPB1) /> is missing a name. Add a name prop to make the trace easier to identify.
<trace#2090(from:KEY_MENU.pin1 to:U_KEYS.GPB2) /> is missing a name. Add a name prop to make the trace easier to identify.
Differential pair "USB0_PAIR" positiveConnection uses the ambiguous trace name "USB0_DP": its connection has more than 2 terminal pins: .J_USB > .A6, .J_USB > .B6, .U_SOC > .N17, .U_USB_ESD > .pin3, and .U_USB_ESD > .pin4.
Differential pair "USB0_PAIR" negativeConnection uses the ambiguous trace name "USB0_DM": its connection has more than 2 terminal pins: .J_USB > .A7, .J_USB > .B7, .U_SOC > .N18, .U_USB_ESD > .pin1, and .U_USB_ESD > .pin6.
<testpoint#768 name=".TP_BAT_INPUT" /> is missing a manufacturer part number and could not be resolved to a supplier part. Specify mpn, manufacturerPartNumber, or mfn, provide supplierPartNumbers, or configure a parts engine to select a part. If this part will not be assembled, mark it doNotPlace.
<testpoint#776 name=".TP_BAT_NTC" /> is missing a manufacturer part number and could not be resolved to a supplier part. Specify mpn, manufacturerPartNumber, or mfn, provide supplierPartNumbers, or configure a parts engine to select a part. If this part will not be assembled, mark it doNotPlace.
<testpoint#783 name=".TP_BAT_GND" /> is missing a manufacturer part number and could not be resolved to a supplier part. Specify mpn, manufacturerPartNumber, or mfn, provide supplierPartNumbers, or configure a parts engine to select a part. If this part will not be assembled, mark it doNotPlace.
<testpoint#790 name=".TP_USB_INPUT" /> is missing a manufacturer part number and could not be resolved to a supplier part. Specify mpn, manufacturerPartNumber, or mfn, provide supplierPartNumbers, or configure a parts engine to select a part. If this part will not be assembled, mark it doNotPlace.
<testpoint#1654 name=".TP_JTAG_TMS" /> is missing a manufacturer part number and could not be resolved to a supplier part. Specify mpn, manufacturerPartNumber, or mfn, provide supplierPartNumbers, or configure a parts engine to select a part. If this part will not be assembled, mark it doNotPlace.
<testpoint#1661 name=".TP_JTAG_TDI" /> is missing a manufacturer part number and could not be resolved to a supplier part. Specify mpn, manufacturerPartNumber, or mfn, provide supplierPartNumbers, or configure a parts engine to select a part. If this part will not be assembled, mark it doNotPlace.
<testpoint#1668 name=".TP_JTAG_TDO" /> is missing a manufacturer part number and could not be resolved to a supplier part. Specify mpn, manufacturerPartNumber, or mfn, provide supplierPartNumbers, or configure a parts engine to select a part. If this part will not be assembled, mark it doNotPlace.
<testpoint#1675 name=".TP_JTAG_TCK" /> is missing a manufacturer part number and could not be resolved to a supplier part. Specify mpn, manufacturerPartNumber, or mfn, provide supplierPartNumbers, or configure a parts engine to select a part. If this part will not be assembled, mark it doNotPlace.
<testpoint#1682 name=".TP_JTAG_TRSTn" /> is missing a manufacturer part number and could not be resolved to a supplier part. Specify mpn, manufacturerPartNumber, or mfn, provide supplierPartNumbers, or configure a parts engine to select a part. If this part will not be assembled, mark it doNotPlace.
<testpoint#1689 name=".TP_JTAG_EMU0" /> is missing a manufacturer part number and could not be resolved to a supplier part. Specify mpn, manufacturerPartNumber, or mfn, provide supplierPartNumbers, or configure a parts engine to select a part. If this part will not be assembled, mark it doNotPlace.
<testpoint#1696 name=".TP_JTAG_EMU1" /> is missing a manufacturer part number and could not be resolved to a supplier part. Specify mpn, manufacturerPartNumber, or mfn, provide supplierPartNumbers, or configure a parts engine to select a part. If this part will not be assembled, mark it doNotPlace.
<testpoint#1703 name=".TP_WARM_RESETn" /> is missing a manufacturer part number and could not be resolved to a supplier part. Specify mpn, manufacturerPartNumber, or mfn, provide supplierPartNumbers, or configure a parts engine to select a part. If this part will not be assembled, mark it doNotPlace.
<testpoint#1710 name=".TP_GND" /> is missing a manufacturer part number and could not be resolved to a supplier part. Specify mpn, manufacturerPartNumber, or mfn, provide supplierPartNumbers, or configure a parts engine to select a part. If this part will not be assembled, mark it doNotPlace.
<testpoint#1717 name=".TP_IO_3V3" /> is missing a manufacturer part number and could not be resolved to a supplier part. Specify mpn, manufacturerPartNumber, or mfn, provide supplierPartNumbers, or configure a parts engine to select a part. If this part will not be assembled, mark it doNotPlace.
<testpoint#1724 name=".TP_UART_GND" /> is missing a manufacturer part number and could not be resolved to a supplier part. Specify mpn, manufacturerPartNumber, or mfn, provide supplierPartNumbers, or configure a parts engine to select a part. If this part will not be assembled, mark it doNotPlace.
<testpoint#1731 name=".TP_UART_UART0_RX" /> is missing a manufacturer part number and could not be resolved to a supplier part. Specify mpn, manufacturerPartNumber, or mfn, provide supplierPartNumbers, or configure a parts engine to select a part. If this part will not be assembled, mark it doNotPlace.
<testpoint#1738 name=".TP_UART_UART0_TX" /> is missing a manufacturer part number and could not be resolved to a supplier part. Specify mpn, manufacturerPartNumber, or mfn, provide supplierPartNumbers, or configure a parts engine to select a part. If this part will not be assembled, mark it doNotPlace.
<testpoint#1745 name=".TP_UART_IO_3V3" /> is missing a manufacturer part number and could not be resolved to a supplier part. Specify mpn, manufacturerPartNumber, or mfn, provide supplierPartNumbers, or configure a parts engine to select a part. If this part will not be assembled, mark it doNotPlace.
<testpoint#2142 name=".TP_SPK_P" /> is missing a manufacturer part number and could not be resolved to a supplier part. Specify mpn, manufacturerPartNumber, or mfn, provide supplierPartNumbers, or configure a parts engine to select a part. If this part will not be assembled, mark it doNotPlace.
<testpoint#2148 name=".TP_SPK_N" /> is missing a manufacturer part number and could not be resolved to a supplier part. Specify mpn, manufacturerPartNumber, or mfn, provide supplierPartNumbers, or configure a parts engine to select a part. If this part will not be assembled, mark it doNotPlace.
TP_BAT_INPUT has no courtyard
TP_BAT_NTC has no courtyard
TP_BAT_GND has no courtyard
TP_USB_INPUT has no courtyard
TP_JTAG_TMS has no courtyard
TP_JTAG_TDI has no courtyard
TP_JTAG_TDO has no courtyard
TP_JTAG_TCK has no courtyard
TP_JTAG_TRSTn has no courtyard
TP_JTAG_EMU0 has no courtyard
TP_JTAG_EMU1 has no courtyard
TP_WARM_RESETn has no courtyard
TP_GND has no courtyard
TP_IO_3V3 has no courtyard
TP_UART_GND has no courtyard
TP_UART_UART0_RX has no courtyard
TP_UART_UART0_TX has no courtyard
TP_UART_IO_3V3 has no courtyard
TP_SPK_P has no courtyard
TP_SPK_N has no courtyard
All pins on KEY_UP are underspecified (no pinAttributes set)
All pins on KEY_DOWN are underspecified (no pinAttributes set)
All pins on KEY_LEFT are underspecified (no pinAttributes set)
All pins on KEY_RIGHT are underspecified (no pinAttributes set)
All pins on KEY_A are underspecified (no pinAttributes set)
All pins on KEY_B are underspecified (no pinAttributes set)
All pins on KEY_X are underspecified (no pinAttributes set)
All pins on KEY_Y are underspecified (no pinAttributes set)
All pins on KEY_SELECT are underspecified (no pinAttributes set)
All pins on KEY_START are underspecified (no pinAttributes set)
All pins on KEY_MENU are underspecified (no pinAttributes set)
KEY_UP has no pin with requires_power=true
KEY_DOWN has no pin with requires_power=true
KEY_LEFT has no pin with requires_power=true
KEY_RIGHT has no pin with requires_power=true
KEY_A has no pin with requires_power=true
KEY_B has no pin with requires_power=true
KEY_X has no pin with requires_power=true
KEY_Y has no pin with requires_power=true
KEY_SELECT has no pin with requires_power=true
KEY_START has no pin with requires_power=true
KEY_MENU has no pin with requires_power=true
KEY_UP has no pin with requires_ground=true
KEY_DOWN has no pin with requires_ground=true
KEY_LEFT has no pin with requires_ground=true
KEY_RIGHT has no pin with requires_ground=true
KEY_A has no pin with requires_ground=true
KEY_B has no pin with requires_ground=true
KEY_X has no pin with requires_ground=true
KEY_Y has no pin with requires_ground=true
KEY_SELECT has no pin with requires_ground=true
KEY_START has no pin with requires_ground=true
KEY_MENU has no pin with requires_ground=true
SMT pad SW_POWER.A violates copper-to-board-edge clearance (measured 0.000mm, required 0.300mm)
SMT pad SW_POWER.C violates copper-to-board-edge clearance (measured 0.000mm, required 0.300mm)
SMT pad SW_RESET.A violates copper-to-board-edge clearance (measured 0.000mm, required 0.300mm)
SMT pad SW_RESET.C violates copper-to-board-edge clearance (measured 0.000mm, required 0.300mm)
Component SW_POWER extends outside board boundaries by 1mm. Try moving it 4.5mm right to fit within the board edge.
Component SW_RESET extends outside board boundaries by 1mm. Try moving it 4.5mm right to fit within the board edge.
L_MPU overlaps U_PMIC: 3 footprint overlaps, 3 pad clearance violations, 1 courtyard conflict. Move the components apart.
C_PMIC_DCDC1_IN overlaps U_PMIC: 3 footprint overlaps, 4 pad clearance violations, 1 courtyard conflict. Move the components apart.
C_PMIC_CORE_OUT overlaps C_IO_BOOST_OUT1: 1 footprint overlap, 1 pad clearance violation, 1 courtyard conflict. Move the components apart.
Pads L_MPU.pin1 and C_PMIC_INT_LDO.pin1 are too close (clearance: 0.015mm, minimum: 0.15mm)
Pads L_MPU.pin2 and C_PMIC_INT_LDO.pin2 are too close (clearance: 0.015mm, minimum: 0.15mm)
Courtyard of L_DDR overlaps with courtyard of C_PMIC_DDR_OUT
Courtyard of L_MPU overlaps with courtyard of C_PMIC_MPU_OUT
Courtyard of L_MPU overlaps with courtyard of C_PMIC_INT_LDO
Courtyard of L_CORE overlaps with courtyard of C_IO_BOOST_OUT2
Courtyard of C_PMIC_SYS overlaps with courtyard of C_PMIC_DCDC2_IN
Courtyard of C_PMIC_CORE_OUT overlaps with courtyard of C_IO_BOOST_OUT2
Courtyard of C_PMIC_CORE_OUT overlaps with courtyard of C_IO_BOOST_IN
Courtyard of U_AUDIO overlaps with courtyard of R_AUDIO_PD
Courtyard of U_AUDIO overlaps with courtyard of C_AUDIO_HF

Build complete
  Circuits  0 passed 1 failed
  Output    dist

⚠ Build completed with errors
Build exiting with code 1: circuit build errors occurred
