{"name":"source_trace_35","pass":0,"penalty":25.6,"expanded":2619140,"newVias":2,"lengthMm":23.146643558619264,"overlapCost":204.80000305175702,"elapsedSeconds":10.755617083,"gridMm":0.04}
{"name":"source_trace_6","pass":0,"penalty":25.6,"expanded":239030,"newVias":0,"lengthMm":12.1134227919873,"overlapCost":204.80000305175747,"elapsedSeconds":0.8456992920000012,"gridMm":0.04}
{"name":"source_trace_7","pass":0,"penalty":25.6,"expanded":1161078,"newVias":4,"lengthMm":58.7097719780913,"overlapCost":0,"elapsedSeconds":4.832831082999999,"gridMm":0.04}
{"name":"source_trace_48","pass":0,"penalty":25.6,"expanded":1494641,"newVias":2,"lengthMm":65.33162189482482,"overlapCost":0,"elapsedSeconds":5.483274416999997,"gridMm":0.04}
{"name":"source_trace_8","coarseGridFailure":{"error":"no clearance-preserving bridge","expanded":0,"startBlocked":[true,true],"goalBlocked":[false,false]}}
{"name":"source_trace_8","pass":0,"penalty":25.6,"expanded":191433,"newVias":2,"lengthMm":23.39910821693655,"overlapCost":0,"elapsedSeconds":0.4708534999999974,"gridMm":0.02}
{"name":"source_trace_25","pass":0,"penalty":25.6,"expanded":723301,"newVias":2,"lengthMm":44.179292911256255,"overlapCost":0,"elapsedSeconds":1.7527612499999996,"gridMm":0.04}
{"name":"source_trace_38","pass":0,"penalty":25.6,"expanded":202099,"newVias":2,"lengthMm":40.787821048680144,"overlapCost":0,"elapsedSeconds":0.49178041700000175,"gridMm":0.04}
{"name":"source_trace_37","pass":0,"penalty":25.6,"expanded":390595,"newVias":4,"lengthMm":43.19655121145935,"overlapCost":0,"elapsedSeconds":1.0145469169999997,"gridMm":0.04}
{"name":"source_trace_24","pass":0,"penalty":25.6,"expanded":557536,"newVias":4,"lengthMm":49.983111088436516,"overlapCost":0,"elapsedSeconds":1.2386470000000045,"gridMm":0.04}
{"name":"source_trace_44","pass":0,"penalty":25.6,"expanded":1739052,"newVias":2,"lengthMm":30.442034611053266,"overlapCost":76.80000114440921,"elapsedSeconds":4.640971167000004,"gridMm":0.04}
{"name":"source_trace_45","pass":0,"penalty":25.6,"expanded":1795675,"newVias":3,"lengthMm":27.750865786510115,"overlapCost":179.20000267028556,"elapsedSeconds":5.017444666999996,"gridMm":0.04}
{"name":"source_trace_22","pass":0,"penalty":25.6,"expanded":128885,"newVias":2,"lengthMm":25.11557574675377,"overlapCost":76.80000114441222,"elapsedSeconds":0.49544383299999756,"gridMm":0.04}
{"name":"source_trace_5","pass":0,"penalty":25.6,"expanded":2777563,"newVias":6,"lengthMm":58.02221930537301,"overlapCost":435.20000648498535,"elapsedSeconds":7.876599541000004,"gridMm":0.04}
{"name":"source_trace_18","pass":0,"penalty":25.6,"expanded":1931273,"newVias":4,"lengthMm":53.265466068558325,"overlapCost":0,"elapsedSeconds":6.367694457999998,"gridMm":0.04}
{"name":"source_trace_20","pass":0,"penalty":25.6,"expanded":10012,"newVias":2,"lengthMm":16.996753236814698,"overlapCost":0,"elapsedSeconds":0.04667545799999789,"gridMm":0.04}
{"name":"source_trace_9","pass":0,"penalty":25.6,"expanded":188678,"newVias":6,"lengthMm":19.70968829644921,"overlapCost":0,"elapsedSeconds":0.6937077080000017,"gridMm":0.04}
{"name":"source_trace_0","pass":0,"penalty":25.6,"expanded":1259854,"newVias":4,"lengthMm":69.17133618782752,"overlapCost":3.552713678800501e-13,"elapsedSeconds":5.892642667000008,"gridMm":0.04}
{"name":"source_trace_47","pass":0,"penalty":25.6,"expanded":2462942,"newVias":0,"lengthMm":13.484793641885778,"overlapCost":102.40000152587889,"elapsedSeconds":14.691963208,"gridMm":0.04}
{"name":"source_trace_39","pass":0,"penalty":25.6,"expanded":33710,"newVias":1,"lengthMm":16.965567081236014,"overlapCost":0,"elapsedSeconds":0.15191641700000036,"gridMm":0.04}
{"name":"source_trace_19","pass":0,"penalty":25.6,"expanded":45499,"newVias":4,"lengthMm":13.304692629208112,"overlapCost":0,"elapsedSeconds":0.2181291659999988,"gridMm":0.04}
{"name":"source_trace_21","pass":0,"penalty":25.6,"expanded":3169747,"newVias":2,"lengthMm":16.30184991673349,"overlapCost":665.6000099182149,"elapsedSeconds":11.041954500000006,"gridMm":0.04}
{"name":"source_trace_36","pass":0,"penalty":25.6,"expanded":28701,"newVias":2,"lengthMm":13.467333316327405,"overlapCost":1.0658141036401503e-14,"elapsedSeconds":0.09838099999999395,"gridMm":0.04}
{"name":"source_trace_23","pass":0,"penalty":25.6,"expanded":255483,"newVias":4,"lengthMm":16.271067811865468,"overlapCost":0,"elapsedSeconds":0.9612353330000042,"gridMm":0.04}
{"name":"source_trace_46","pass":0,"penalty":25.6,"expanded":134336,"newVias":4,"lengthMm":9.879797974644669,"overlapCost":0,"elapsedSeconds":0.4378015000000014,"gridMm":0.04}
{"negotiationPass":0,"conflictingChannels":8,"conflictNames":["source_trace_48","source_trace_8","source_trace_44","source_trace_5","source_trace_47","source_trace_35","source_trace_21","source_trace_6"]}
{"name":"source_trace_35","pass":1,"penalty":51.2,"expanded":2805869,"newVias":2,"lengthMm":22.41056274847713,"overlapCost":819.2000122070295,"elapsedSeconds":9.675259875000004,"gridMm":0.04}
{"name":"source_trace_6","pass":1,"penalty":51.2,"expanded":71022,"newVias":0,"lengthMm":12.047148622007603,"overlapCost":563.2000083923314,"elapsedSeconds":0.1927423340000096,"gridMm":0.04}
{"name":"source_trace_48","pass":1,"penalty":51.2,"expanded":333492,"newVias":6,"lengthMm":63.53750934512937,"overlapCost":153.60000228881367,"elapsedSeconds":0.8299318329999951,"gridMm":0.04}
{"name":"source_trace_8","coarseGridFailure":{"error":"no clearance-preserving bridge","expanded":0,"startBlocked":[true,true],"goalBlocked":[false,false]}}
{"name":"source_trace_8","pass":1,"penalty":51.2,"expanded":197407,"newVias":2,"lengthMm":23.399108216936547,"overlapCost":0,"elapsedSeconds":0.462953416999997,"gridMm":0.02}
{"name":"source_trace_44","pass":1,"penalty":51.2,"expanded":2195691,"newVias":2,"lengthMm":30.043699833466967,"overlapCost":409.6000061035153,"elapsedSeconds":5.6190928339999955,"gridMm":0.04}
{"name":"source_trace_5","pass":1,"penalty":51.2,"expanded":2561769,"newVias":6,"lengthMm":58.25888886054562,"overlapCost":409.6000061035155,"elapsedSeconds":6.618753708000003,"gridMm":0.04}
{"name":"source_trace_47","pass":1,"penalty":51.2,"expanded":2558950,"newVias":0,"lengthMm":13.451656556895932,"overlapCost":716.8000106811533,"elapsedSeconds":7.7706267499999955,"gridMm":0.04}
{"name":"source_trace_21","pass":1,"penalty":51.2,"expanded":2690187,"newVias":2,"lengthMm":16.042438661763942,"overlapCost":819.2000122070309,"elapsedSeconds":11.097967041999976,"gridMm":0.04}
{"name":"source_trace_7","pass":1,"penalty":51.2,"expanded":1657201,"newVias":4,"lengthMm":55.4910504808299,"overlapCost":153.60000228881572,"elapsedSeconds":6.013688500000018,"gridMm":0.04}
{"name":"source_trace_25","pass":1,"penalty":51.2,"expanded":711127,"newVias":2,"lengthMm":44.14213562373088,"overlapCost":0,"elapsedSeconds":2.5687135420000122,"gridMm":0.04}
{"name":"source_trace_38","pass":1,"penalty":51.2,"expanded":225158,"newVias":2,"lengthMm":40.764389591175075,"overlapCost":0,"elapsedSeconds":0.4670633749999979,"gridMm":0.04}
{"name":"source_trace_37","pass":1,"penalty":51.2,"expanded":1729198,"newVias":4,"lengthMm":42.353018741276614,"overlapCost":256.00000381470403,"elapsedSeconds":4.229637667000003,"gridMm":0.04}
{"name":"source_trace_24","pass":1,"penalty":51.2,"expanded":990831,"newVias":4,"lengthMm":48.12938525841619,"overlapCost":204.80000305175227,"elapsedSeconds":3.8383167079999985,"gridMm":0.04}
{"name":"source_trace_45","pass":1,"penalty":51.2,"expanded":1807911,"newVias":5,"lengthMm":80.20691193458181,"overlapCost":512.0000076294102,"elapsedSeconds":7.186577832999989,"gridMm":0.04}
{"name":"source_trace_22","pass":1,"penalty":51.2,"expanded":146004,"newVias":2,"lengthMm":24.92243866176392,"overlapCost":153.60000228881444,"elapsedSeconds":0.3570687909999979,"gridMm":0.04}
{"name":"source_trace_18","pass":1,"penalty":51.2,"expanded":2720933,"newVias":6,"lengthMm":51.953018741276615,"overlapCost":256.00000381471136,"elapsedSeconds":13.635283250000008,"gridMm":0.04}
{"name":"source_trace_20","pass":1,"penalty":51.2,"expanded":172277,"newVias":2,"lengthMm":16.9167532368147,"overlapCost":204.80000305175741,"elapsedSeconds":1.6051871669999964,"gridMm":0.04}
{"name":"source_trace_9","pass":1,"penalty":51.2,"expanded":123279,"newVias":4,"lengthMm":17.131942263893375,"overlapCost":0,"elapsedSeconds":0.6325156659999921,"gridMm":0.04}
{"name":"source_trace_0","pass":1,"penalty":51.2,"expanded":1479730,"newVias":6,"lengthMm":76.72544873752291,"overlapCost":204.80000305175906,"elapsedSeconds":6.129127584000002,"gridMm":0.04}
{"name":"source_trace_39","pass":1,"penalty":51.2,"expanded":2196681,"newVias":5,"lengthMm":25.01478497636797,"overlapCost":409.60000610351767,"elapsedSeconds":8.999308332999993,"gridMm":0.04}
{"name":"source_trace_19","pass":1,"penalty":51.2,"expanded":37369,"newVias":4,"lengthMm":13.30469262920811,"overlapCost":0,"elapsedSeconds":0.14194412499997996,"gridMm":0.04}
{"name":"source_trace_36","pass":1,"penalty":51.2,"expanded":25237,"newVias":2,"lengthMm":13.490764773832481,"overlapCost":1.4210854715202004e-14,"elapsedSeconds":0.08603033300000243,"gridMm":0.04}
{"name":"source_trace_23","pass":1,"penalty":51.2,"expanded":243618,"newVias":4,"lengthMm":15.87910821693654,"overlapCost":0,"elapsedSeconds":1.0224676660000114,"gridMm":0.04}
{"name":"source_trace_46","pass":1,"penalty":51.2,"expanded":135435,"newVias":4,"lengthMm":9.879797974644669,"overlapCost":0,"elapsedSeconds":0.5527089170000108,"gridMm":0.04}
{"negotiationPass":1,"conflictingChannels":8,"conflictNames":["source_trace_25","source_trace_44","source_trace_5","source_trace_47","source_trace_35","source_trace_39","source_trace_21","source_trace_6"]}
{"name":"source_trace_35","pass":2,"penalty":102.4,"expanded":2770128,"newVias":2,"lengthMm":21.614582951012654,"overlapCost":1843.2000274658187,"elapsedSeconds":19.680215750000002,"gridMm":0.04}
{"name":"source_trace_6","pass":2,"penalty":102.4,"expanded":227135,"newVias":2,"lengthMm":12.477930726875625,"overlapCost":1126.400016784668,"elapsedSeconds":1.4157572079999954,"gridMm":0.04}
{"name":"source_trace_25","pass":2,"penalty":102.4,"expanded":2191161,"newVias":4,"lengthMm":44.298115421195334,"overlapCost":204.80000305175696,"elapsedSeconds":25.02505225000001,"gridMm":0.04}
{"name":"source_trace_44","pass":2,"penalty":102.4,"expanded":2119495,"newVias":2,"lengthMm":29.92654254594158,"overlapCost":819.2000122070302,"elapsedSeconds":17.670597000000008,"gridMm":0.04}
{"name":"source_trace_5","pass":2,"penalty":102.4,"expanded":2507924,"newVias":6,"lengthMm":56.813203435596385,"overlapCost":819.2000122070268,"elapsedSeconds":11.213000666999957,"gridMm":0.04}
{"name":"source_trace_47","pass":2,"penalty":102.4,"expanded":2174851,"newVias":0,"lengthMm":13.285971131946697,"overlapCost":819.2000122070302,"elapsedSeconds":5.494881125000014,"gridMm":0.04}
{"name":"source_trace_21","pass":2,"penalty":102.4,"expanded":2643410,"newVias":2,"lengthMm":15.687636354360398,"overlapCost":1638.4000244140623,"elapsedSeconds":9.680758459000034,"gridMm":0.04}
{"name":"source_trace_39","pass":2,"penalty":102.4,"expanded":87970,"newVias":3,"lengthMm":19.782337649086262,"overlapCost":0,"elapsedSeconds":0.528202500000014,"gridMm":0.04}
{"name":"source_trace_7","pass":2,"penalty":102.4,"expanded":824754,"newVias":4,"lengthMm":53.43046173579945,"overlapCost":0,"elapsedSeconds":3.8360782079999916,"gridMm":0.04}
{"name":"source_trace_48","pass":2,"penalty":102.4,"expanded":459239,"newVias":6,"lengthMm":70.16711395993654,"overlapCost":1.1226575225009583e-12,"elapsedSeconds":1.932699250000005,"gridMm":0.04}
{"name":"source_trace_8","coarseGridFailure":{"error":"no clearance-preserving bridge","expanded":0,"startBlocked":[true,true],"goalBlocked":[false,false]}}
{"name":"source_trace_8","pass":2,"penalty":102.4,"expanded":150157,"newVias":2,"lengthMm":23.37567675943147,"overlapCost":0,"elapsedSeconds":0.7418090000000084,"gridMm":0.02}
{"name":"source_trace_38","pass":2,"penalty":102.4,"expanded":211977,"newVias":2,"lengthMm":40.740958133670006,"overlapCost":0,"elapsedSeconds":1.185105958,"gridMm":0.04}
{"name":"source_trace_37","pass":2,"penalty":102.4,"expanded":512701,"newVias":4,"lengthMm":42.253607486307075,"overlapCost":0,"elapsedSeconds":3.690080541000003,"gridMm":0.04}
{"name":"source_trace_24","pass":2,"penalty":102.4,"expanded":237356,"newVias":4,"lengthMm":48.695760441073546,"overlapCost":0,"elapsedSeconds":1.676769499999995,"gridMm":0.04}
{"name":"source_trace_45","pass":2,"penalty":102.4,"expanded":1005193,"newVias":3,"lengthMm":61.67476764533243,"overlapCost":0,"elapsedSeconds":6.183351208999986,"gridMm":0.04}
