{"name":"source_trace_3","package":"U_RAM","end":{"x":2.8000000000000007,"y":-18},"expanded":34966,"newVias":0,"reusedBootstrapLayer":"bottom","length":9.575676918029785}
{"name":"source_trace_15","package":"U_RAM","end":{"x":3.120000000000001,"y":-18},"expanded":45485,"newVias":0,"reusedBootstrapLayer":"bottom","length":9.18940258026123}
{"name":"source_trace_30","package":"U_RAM","end":{"x":3.4399999999999995,"y":-18},"expanded":10247,"newVias":0,"reusedBootstrapLayer":"bottom","length":7.196467399597168}
{"name":"source_trace_42","package":"U_RAM","end":{"x":3.76,"y":-18},"expanded":8364,"newVias":0,"reusedBootstrapLayer":"bottom","length":7.797645092010498}
{"name":"source_trace_16","package":"U_RAM","end":{"x":4.08,"y":-18},"expanded":133445,"newVias":0,"reusedBootstrapLayer":"bottom","length":12.777056694030762}
{"name":"source_trace_14","package":"U_RAM","end":{"x":4.4,"y":-18},"expanded":195947,"newVias":1,"reusedBootstrapLayer":"top","length":9.353078842163086}
{"name":"source_trace_17","package":"U_RAM","end":{"x":5.359999999999999,"y":-18},"expanded":91109,"newVias":0,"reusedBootstrapLayer":"bottom","length":14.316123008728027}
{"name":"source_trace_4","package":"U_RAM","end":{"x":6.640000000000001,"y":-18},"expanded":157160,"newVias":0,"reusedBootstrapLayer":"bottom","length":18.04867172241211}
{"name":"source_trace_31","package":"U_RAM","end":{"x":4.720000000000001,"y":-18},"expanded":443340,"newVias":1,"reusedBootstrapLayer":"top","length":18.335533142089844}
{"package":"U_RAM","trial":0,"order":["source_trace_3","source_trace_15","source_trace_30","source_trace_42","source_trace_16","source_trace_14","source_trace_17","source_trace_4","source_trace_31","source_trace_43","source_trace_32"],"failedName":"source_trace_43"}
{"name":"source_trace_43","package":"U_RAM","end":{"x":3.120000000000001,"y":-18},"expanded":4573,"newVias":0,"reusedBootstrapLayer":"bottom","length":9.198822975158691}
{"name":"source_trace_3","package":"U_RAM","end":{"x":2.8000000000000007,"y":-18},"expanded":34966,"newVias":0,"reusedBootstrapLayer":"bottom","length":9.575676918029785}
{"name":"source_trace_15","package":"U_RAM","end":{"x":4.08,"y":-18},"expanded":268224,"newVias":0,"reusedBootstrapLayer":"bottom","length":15.121808052062988}
{"name":"source_trace_30","package":"U_RAM","end":{"x":3.76,"y":-18},"expanded":203850,"newVias":1,"reusedBootstrapLayer":"top","length":7.975189208984375}
{"name":"source_trace_42","package":"U_RAM","end":{"x":4.4,"y":-18},"expanded":193423,"newVias":2,"reusedBootstrapLayer":"bottom","length":8.394111633300781}
{"name":"source_trace_16","package":"U_RAM","end":{"x":5.359999999999999,"y":-18},"expanded":253831,"newVias":0,"reusedBootstrapLayer":"bottom","length":16.614011764526367}
{"name":"source_trace_14","package":"U_RAM","end":{"x":5.68,"y":-18},"expanded":261120,"newVias":1,"reusedBootstrapLayer":"top","length":11.001951217651367}
{"name":"source_trace_17","package":"U_RAM","end":{"x":6.960000000000001,"y":-18},"expanded":397339,"newVias":0,"reusedBootstrapLayer":"bottom","length":19.1566104888916}
{"name":"source_trace_4","package":"U_RAM","end":{"x":7.280000000000001,"y":-18},"expanded":309818,"newVias":0,"reusedBootstrapLayer":"bottom","length":20.94253921508789}
{"name":"source_trace_31","package":"U_RAM","end":{"x":4.720000000000001,"y":-18},"expanded":498542,"newVias":1,"reusedBootstrapLayer":"top","length":18.335533142089844}
{"name":"source_trace_32","package":"U_RAM","end":{"x":7.600000000000001,"y":-18},"expanded":673272,"newVias":2,"reusedBootstrapLayer":"bottom","length":21.985382080078125}
{"name":"source_trace_3","package":"U_SOC","end":{"x":2.8000000000000003,"y":-10.5},"expanded":7400,"newVias":0,"reusedBootstrapLayer":"bottom","length":3.4656853675842285}
{"name":"source_trace_15","package":"U_SOC","end":{"x":4.08,"y":-10.5},"expanded":2359,"newVias":0,"reusedBootstrapLayer":"bottom","length":3.333137035369873}
{"name":"source_trace_30","package":"U_SOC","end":{"x":3.76,"y":-10.5},"expanded":8910,"newVias":0,"reusedBootstrapLayer":"bottom","length":4.991370677947998}
{"name":"source_trace_42","package":"U_SOC","end":{"x":4.4,"y":-10.5},"expanded":1976,"newVias":0,"reusedBootstrapLayer":"bottom","length":4.92509651184082}
{"name":"source_trace_16","package":"U_SOC","end":{"x":5.36,"y":-10.5},"expanded":6362,"newVias":0,"reusedBootstrapLayer":"bottom","length":4.710193157196045}
{"name":"source_trace_14","package":"U_SOC","end":{"x":5.68,"y":-10.5},"expanded":12943,"newVias":0,"reusedBootstrapLayer":"bottom","length":7.055290222167969}
{"name":"source_trace_17","package":"U_SOC","end":{"x":6.96,"y":-10.5},"expanded":18538,"newVias":0,"reusedBootstrapLayer":"bottom","length":7.585483551025391}
{"name":"source_trace_4","package":"U_SOC","end":{"x":7.279999999999999,"y":-10.5},"expanded":102392,"newVias":1,"reusedBootstrapLayer":"top","length":6.633523941040039}
{"name":"source_trace_31","package":"U_SOC","end":{"x":4.72,"y":-10.5},"expanded":273522,"newVias":1,"reusedBootstrapLayer":"top","length":11.679697036743164}
{"package":"U_SOC","trial":0,"order":["source_trace_3","source_trace_15","source_trace_30","source_trace_42","source_trace_16","source_trace_14","source_trace_17","source_trace_4","source_trace_31","source_trace_43","source_trace_32"],"failedName":"source_trace_43"}
{"name":"source_trace_43","package":"U_SOC","end":{"x":3.12,"y":-10.5},"expanded":7491,"newVias":0,"reusedBootstrapLayer":"bottom","length":5.998233795166016}
{"name":"source_trace_3","package":"U_SOC","end":{"x":2.8000000000000003,"y":-10.5},"expanded":129869,"newVias":0,"reusedBootstrapLayer":"bottom","length":10.434700965881348}
{"name":"source_trace_15","package":"U_SOC","end":{"x":4.08,"y":-10.5},"expanded":2359,"newVias":0,"reusedBootstrapLayer":"bottom","length":3.333137035369873}
{"package":"U_SOC","trial":1,"order":["source_trace_43","source_trace_3","source_trace_15","source_trace_30","source_trace_42","source_trace_16","source_trace_14","source_trace_17","source_trace_4","source_trace_31","source_trace_32"],"failedName":"source_trace_30"}
{"name":"source_trace_30","package":"U_SOC","end":{"x":3.76,"y":-10.5},"expanded":7172,"newVias":0,"reusedBootstrapLayer":"bottom","length":4.663330554962158}
{"name":"source_trace_43","package":"U_SOC","end":{"x":3.12,"y":-10.5},"expanded":18348,"newVias":0,"reusedBootstrapLayer":"bottom","length":6.8484272956848145}
{"name":"source_trace_3","package":"U_SOC","end":{"x":2.8000000000000003,"y":-10.5},"expanded":145759,"newVias":0,"reusedBootstrapLayer":"bottom","length":11.284894943237305}
{"name":"source_trace_15","package":"U_SOC","end":{"x":4.08,"y":-10.5},"expanded":2359,"newVias":0,"reusedBootstrapLayer":"bottom","length":3.333137035369873}
{"package":"U_SOC","trial":2,"order":["source_trace_30","source_trace_43","source_trace_3","source_trace_15","source_trace_42","source_trace_16","source_trace_14","source_trace_17","source_trace_4","source_trace_31","source_trace_32"],"failedName":"source_trace_42"}
{"name":"source_trace_42","package":"U_SOC","end":{"x":4.4,"y":-10.5},"expanded":5865,"newVias":0,"reusedBootstrapLayer":"bottom","length":4.5970563888549805}
{"name":"source_trace_30","package":"U_SOC","end":{"x":3.76,"y":-10.5},"expanded":6462,"newVias":0,"reusedBootstrapLayer":"bottom","length":4.663330554962158}
{"name":"source_trace_43","package":"U_SOC","end":{"x":3.12,"y":-10.5},"expanded":14316,"newVias":0,"reusedBootstrapLayer":"bottom","length":6.8484272956848145}
{"name":"source_trace_3","package":"U_SOC","end":{"x":2.8000000000000003,"y":-10.5},"expanded":132878,"newVias":1,"reusedBootstrapLayer":"top","length":3.6313705444335938}
{"package":"U_SOC","trial":3,"order":["source_trace_42","source_trace_30","source_trace_43","source_trace_3","source_trace_15","source_trace_16","source_trace_14","source_trace_17","source_trace_4","source_trace_31","source_trace_32"],"failedName":"source_trace_15"}
{"name":"source_trace_15","package":"U_SOC","end":{"x":4.08,"y":-10.5},"expanded":2359,"newVias":0,"reusedBootstrapLayer":"bottom","length":3.333137035369873}
{"name":"source_trace_42","package":"U_SOC","end":{"x":4.4,"y":-10.5},"expanded":7802,"newVias":0,"reusedBootstrapLayer":"bottom","length":4.92509651184082}
{"name":"source_trace_30","package":"U_SOC","end":{"x":3.76,"y":-10.5},"expanded":7172,"newVias":0,"reusedBootstrapLayer":"bottom","length":4.663330554962158}
{"name":"source_trace_43","package":"U_SOC","end":{"x":3.12,"y":-10.5},"expanded":11520,"newVias":0,"reusedBootstrapLayer":"bottom","length":6.8484272956848145}
{"name":"source_trace_3","package":"U_SOC","end":{"x":2.8000000000000003,"y":-10.5},"expanded":131829,"newVias":1,"reusedBootstrapLayer":"top","length":3.6313705444335938}
{"name":"source_trace_16","package":"U_SOC","end":{"x":5.36,"y":-10.5},"expanded":6379,"newVias":0,"reusedBootstrapLayer":"bottom","length":4.710193157196045}
{"name":"source_trace_14","package":"U_SOC","end":{"x":5.68,"y":-10.5},"expanded":22790,"newVias":0,"reusedBootstrapLayer":"bottom","length":9.033523559570312}
{"package":"U_SOC","trial":4,"order":["source_trace_15","source_trace_42","source_trace_30","source_trace_43","source_trace_3","source_trace_16","source_trace_14","source_trace_17","source_trace_4","source_trace_31","source_trace_32"],"failedName":"source_trace_17"}
{"name":"source_trace_17","package":"U_SOC","end":{"x":6.96,"y":-10.5},"expanded":16481,"newVias":0,"reusedBootstrapLayer":"bottom","length":6.644894599914551}
{"name":"source_trace_15","package":"U_SOC","end":{"x":4.08,"y":-10.5},"expanded":2359,"newVias":0,"reusedBootstrapLayer":"bottom","length":3.333137035369873}
{"name":"source_trace_42","package":"U_SOC","end":{"x":4.4,"y":-10.5},"expanded":216412,"newVias":2,"reusedBootstrapLayer":"bottom","length":4.597055435180664}
{"name":"source_trace_30","package":"U_SOC","end":{"x":3.76,"y":-10.5},"expanded":6346,"newVias":0,"reusedBootstrapLayer":"bottom","length":4.663330554962158}
{"name":"source_trace_43","package":"U_SOC","end":{"x":3.12,"y":-10.5},"expanded":10783,"newVias":0,"reusedBootstrapLayer":"bottom","length":6.8484272956848145}
{"name":"source_trace_3","package":"U_SOC","end":{"x":2.8000000000000003,"y":-10.5},"expanded":83619,"newVias":1,"reusedBootstrapLayer":"top","length":3.6313705444335938}
{"name":"source_trace_16","package":"U_SOC","end":{"x":5.36,"y":-10.5},"expanded":155137,"newVias":1,"reusedBootstrapLayer":"top","length":4.967939376831055}
{"name":"source_trace_14","package":"U_SOC","end":{"x":5.68,"y":-10.5},"expanded":214663,"newVias":2,"reusedBootstrapLayer":"bottom","length":9.033523559570312}
{"name":"source_trace_4","package":"U_SOC","end":{"x":7.279999999999999,"y":-10.5},"expanded":75502,"newVias":1,"reusedBootstrapLayer":"top","length":6.703818321228027}
{"name":"source_trace_31","package":"U_SOC","end":{"x":4.72,"y":-10.5},"expanded":236272,"newVias":1,"reusedBootstrapLayer":"top","length":10.995189666748047}
{"name":"source_trace_32","package":"U_SOC","end":{"x":7.6,"y":-10.5},"expanded":12405,"newVias":0,"reusedBootstrapLayer":"bottom","length":7.23803186416626}
{"phase":"native_bus_lanes_channel","iterations":6786,"elapsedSeconds":10.018897208}
{"phase":"native_bus_lanes_channel","iterations":14908,"elapsedSeconds":20.052136333000004}
{"status":"GUIDED_NATIVE_CHANNEL_FAILED_OR_TIMEOUT","bus":"DDR_BYTE0","source":{"path":"dist/experiments/am3352-powered-host/circuit.json","sha256":"867405f43fa5aa8840b1225b23740601d32778b0dc16ec24420d1166c983aabc","components":204},"nativeBootstrap":{"path":"dist/am3352-four-layer-ram-bypass-reserved-attempt-38/signal-escapes.native.json","sha256":"b2f2847a1d332d0364b7d5609616ab43471f3ebd658cf83dfb6529d05e6611be","dogbones":44},"solver":"@tscircuit/core SOLVERS.BusLanesPipelineSolver","localModificationGridMm":0.02,"fourCopperLayers":true,"signalLayers":["top","bottom"],"sourceTracesRetained":69,"actualPadObstacles":882,"localEscapes":[{"name":"source_trace_43","package":"U_RAM","end":{"x":3.120000000000001,"y":-18},"expanded":4573,"newVias":0,"reusedBootstrapLayer":"bottom","length":9.198822975158691},{"name":"source_trace_3","package":"U_RAM","end":{"x":2.8000000000000007,"y":-18},"expanded":34966,"newVias":0,"reusedBootstrapLayer":"bottom","length":9.575676918029785},{"name":"source_trace_15","package":"U_RAM","end":{"x":4.08,"y":-18},"expanded":268224,"newVias":0,"reusedBootstrapLayer":"bottom","length":15.121808052062988},{"name":"source_trace_30","package":"U_RAM","end":{"x":3.76,"y":-18},"expanded":203850,"newVias":1,"reusedBootstrapLayer":"top","length":7.975189208984375},{"name":"source_trace_42","package":"U_RAM","end":{"x":4.4,"y":-18},"expanded":193423,"newVias":2,"reusedBootstrapLayer":"bottom","length":8.394111633300781},{"name":"source_trace_16","package":"U_RAM","end":{"x":5.359999999999999,"y":-18},"expanded":253831,"newVias":0,"reusedBootstrapLayer":"bottom","length":16.614011764526367},{"name":"source_trace_14","package":"U_RAM","end":{"x":5.68,"y":-18},"expanded":261120,"newVias":1,"reusedBootstrapLayer":"top","length":11.001951217651367},{"name":"source_trace_17","package":"U_RAM","end":{"x":6.960000000000001,"y":-18},"expanded":397339,"newVias":0,"reusedBootstrapLayer":"bottom","length":19.1566104888916},{"name":"source_trace_4","package":"U_RAM","end":{"x":7.280000000000001,"y":-18},"expanded":309818,"newVias":0,"reusedBootstrapLayer":"bottom","length":20.94253921508789},{"name":"source_trace_31","package":"U_RAM","end":{"x":4.720000000000001,"y":-18},"expanded":498542,"newVias":1,"reusedBootstrapLayer":"top","length":18.335533142089844},{"name":"source_trace_32","package":"U_RAM","end":{"x":7.600000000000001,"y":-18},"expanded":673272,"newVias":2,"reusedBootstrapLayer":"bottom","length":21.985382080078125},{"name":"source_trace_17","package":"U_SOC","end":{"x":6.96,"y":-10.5},"expanded":16481,"newVias":0,"reusedBootstrapLayer":"bottom","length":6.644894599914551},{"name":"source_trace_15","package":"U_SOC","end":{"x":4.08,"y":-10.5},"expanded":2359,"newVias":0,"reusedBootstrapLayer":"bottom","length":3.333137035369873},{"name":"source_trace_42","package":"U_SOC","end":{"x":4.4,"y":-10.5},"expanded":216412,"newVias":2,"reusedBootstrapLayer":"bottom","length":4.597055435180664},{"name":"source_trace_30","package":"U_SOC","end":{"x":3.76,"y":-10.5},"expanded":6346,"newVias":0,"reusedBootstrapLayer":"bottom","length":4.663330554962158},{"name":"source_trace_43","package":"U_SOC","end":{"x":3.12,"y":-10.5},"expanded":10783,"newVias":0,"reusedBootstrapLayer":"bottom","length":6.8484272956848145},{"name":"source_trace_3","package":"U_SOC","end":{"x":2.8000000000000003,"y":-10.5},"expanded":83619,"newVias":1,"reusedBootstrapLayer":"top","length":3.6313705444335938},{"name":"source_trace_16","package":"U_SOC","end":{"x":5.36,"y":-10.5},"expanded":155137,"newVias":1,"reusedBootstrapLayer":"top","length":4.967939376831055},{"name":"source_trace_14","package":"U_SOC","end":{"x":5.68,"y":-10.5},"expanded":214663,"newVias":2,"reusedBootstrapLayer":"bottom","length":9.033523559570312},{"name":"source_trace_4","package":"U_SOC","end":{"x":7.279999999999999,"y":-10.5},"expanded":75502,"newVias":1,"reusedBootstrapLayer":"top","length":6.703818321228027},{"name":"source_trace_31","package":"U_SOC","end":{"x":4.72,"y":-10.5},"expanded":236272,"newVias":1,"reusedBootstrapLayer":"top","length":10.995189666748047},{"name":"source_trace_32","package":"U_SOC","end":{"x":7.6,"y":-10.5},"expanded":12405,"newVias":0,"reusedBootstrapLayer":"bottom","length":7.23803186416626}],"completedSignals":0,"requiredSignals":49,"fabricationReady":false,"timingQualified":false,"returnPlaneChangesQualified":false,"localReplans":[{"package":"U_RAM","trial":0,"order":["source_trace_3","source_trace_15","source_trace_30","source_trace_42","source_trace_16","source_trace_14","source_trace_17","source_trace_4","source_trace_31","source_trace_43","source_trace_32"],"failedName":"source_trace_43"},{"package":"U_SOC","trial":0,"order":["source_trace_3","source_trace_15","source_trace_30","source_trace_42","source_trace_16","source_trace_14","source_trace_17","source_trace_4","source_trace_31","source_trace_43","source_trace_32"],"failedName":"source_trace_43"},{"package":"U_SOC","trial":1,"order":["source_trace_43","source_trace_3","source_trace_15","source_trace_30","source_trace_42","source_trace_16","source_trace_14","source_trace_17","source_trace_4","source_trace_31","source_trace_32"],"failedName":"source_trace_30"},{"package":"U_SOC","trial":2,"order":["source_trace_30","source_trace_43","source_trace_3","source_trace_15","source_trace_42","source_trace_16","source_trace_14","source_trace_17","source_trace_4","source_trace_31","source_trace_32"],"failedName":"source_trace_42"},{"package":"U_SOC","trial":3,"order":["source_trace_42","source_trace_30","source_trace_43","source_trace_3","source_trace_15","source_trace_16","source_trace_14","source_trace_17","source_trace_4","source_trace_31","source_trace_32"],"failedName":"source_trace_15"},{"package":"U_SOC","trial":4,"order":["source_trace_15","source_trace_42","source_trace_30","source_trace_43","source_trace_3","source_trace_16","source_trace_14","source_trace_17","source_trace_4","source_trace_31","source_trace_32"],"failedName":"source_trace_17"}],"channel":{"solved":false,"failed":false,"error":null,"iterations":18442,"elapsedSeconds":30.000473665999998,"input":{"path":"dist/am3352-guided-byte0-attempt-46/channel.input.simple-route.json","sha256":"692a958bec45622e6961f3ae1ab06f0dec5acdb66ef14536f696bf6d9b331ebc"}}}
