{"name":"source_trace_13","package":"U_RAM","end":{"x":-0.40000000000000036,"y":-18},"expanded":8474,"newVias":0,"reusedBootstrapLayer":"top","length":6.131371021270752}
{"name":"source_trace_28","package":"U_RAM","end":{"x":3.92,"y":-18},"expanded":21620,"newVias":0,"reusedBootstrapLayer":"top","length":6.929848670959473}
{"package":"U_RAM","trial":0,"order":["source_trace_13","source_trace_28","source_trace_27","source_trace_1","source_trace_2","source_trace_41","source_trace_11","source_trace_12","source_trace_29","source_trace_26","source_trace_40"],"failedName":"source_trace_27"}
{"name":"source_trace_27","package":"U_RAM","end":{"x":3.5999999999999996,"y":-18},"expanded":6472,"newVias":0,"reusedBootstrapLayer":"top","length":5.194112777709961}
{"name":"source_trace_13","package":"U_RAM","end":{"x":-0.40000000000000036,"y":-18},"expanded":8474,"newVias":0,"reusedBootstrapLayer":"top","length":6.131371021270752}
{"name":"source_trace_28","package":"U_RAM","end":{"x":3.92,"y":-18},"expanded":117753,"newVias":0,"reusedBootstrapLayer":"top","length":19.77303695678711}
{"name":"source_trace_1","package":"U_RAM","end":{"x":-2,"y":-18},"expanded":170,"newVias":0,"reusedBootstrapLayer":"top","length":3.4000000953674316}
{"name":"source_trace_2","package":"U_RAM","end":{"x":-3.5999999999999996,"y":-18},"expanded":10025,"newVias":0,"reusedBootstrapLayer":"top","length":6.273624897003174}
{"name":"source_trace_41","package":"U_RAM","end":{"x":0.40000000000000036,"y":-18},"expanded":47707,"newVias":2,"reusedBootstrapLayer":"top","length":6.648529052734375}
{"name":"source_trace_11","package":"U_RAM","end":{"x":-1.2000000000000002,"y":-18},"expanded":170,"newVias":0,"reusedBootstrapLayer":"top","length":3.4000000953674316}
{"package":"U_RAM","trial":1,"order":["source_trace_27","source_trace_13","source_trace_28","source_trace_1","source_trace_2","source_trace_41","source_trace_11","source_trace_12","source_trace_29","source_trace_26","source_trace_40"],"failedName":"source_trace_12"}
{"name":"source_trace_12","package":"U_RAM","end":{"x":-1.2000000000000002,"y":-18},"expanded":6722,"newVias":0,"reusedBootstrapLayer":"top","length":5.331370830535889}
{"name":"source_trace_27","package":"U_RAM","end":{"x":3.5999999999999996,"y":-18},"expanded":6472,"newVias":0,"reusedBootstrapLayer":"top","length":5.194112777709961}
{"name":"source_trace_13","package":"U_RAM","end":{"x":-0.40000000000000036,"y":-18},"expanded":4431,"newVias":0,"reusedBootstrapLayer":"top","length":6.131371021270752}
{"name":"source_trace_28","package":"U_RAM","end":{"x":3.92,"y":-18},"expanded":115809,"newVias":0,"reusedBootstrapLayer":"top","length":19.77303695678711}
{"name":"source_trace_1","package":"U_RAM","end":{"x":-2,"y":-18},"expanded":170,"newVias":0,"reusedBootstrapLayer":"top","length":3.4000000953674316}
{"name":"source_trace_2","package":"U_RAM","end":{"x":-3.5999999999999996,"y":-18},"expanded":10006,"newVias":0,"reusedBootstrapLayer":"top","length":6.273624897003174}
{"name":"source_trace_41","package":"U_RAM","end":{"x":0.40000000000000036,"y":-18},"expanded":47678,"newVias":2,"reusedBootstrapLayer":"top","length":6.648529052734375}
{"package":"U_RAM","trial":2,"order":["source_trace_12","source_trace_27","source_trace_13","source_trace_28","source_trace_1","source_trace_2","source_trace_41","source_trace_11","source_trace_29","source_trace_26","source_trace_40"],"failedName":"source_trace_11"}
{"name":"source_trace_11","package":"U_RAM","end":{"x":-1.2000000000000002,"y":-18},"expanded":170,"newVias":0,"reusedBootstrapLayer":"top","length":3.4000000953674316}
{"name":"source_trace_12","package":"U_RAM","end":{"x":0.40000000000000036,"y":-18},"expanded":13834,"newVias":0,"reusedBootstrapLayer":"top","length":5.662741661071777}
{"name":"source_trace_27","package":"U_RAM","end":{"x":3.5999999999999996,"y":-18},"expanded":6472,"newVias":0,"reusedBootstrapLayer":"top","length":5.194112777709961}
{"package":"U_RAM","trial":3,"order":["source_trace_11","source_trace_12","source_trace_27","source_trace_13","source_trace_28","source_trace_1","source_trace_2","source_trace_41","source_trace_29","source_trace_26","source_trace_40"],"failedName":"source_trace_13"}
{"name":"source_trace_13","package":"U_RAM","end":{"x":-0.40000000000000036,"y":-18},"expanded":8474,"newVias":0,"reusedBootstrapLayer":"top","length":6.131371021270752}
{"name":"source_trace_11","package":"U_RAM","end":{"x":-1.2000000000000002,"y":-18},"expanded":170,"newVias":0,"reusedBootstrapLayer":"top","length":3.4000000953674316}
{"package":"U_RAM","trial":4,"order":["source_trace_13","source_trace_11","source_trace_12","source_trace_27","source_trace_28","source_trace_1","source_trace_2","source_trace_41","source_trace_29","source_trace_26","source_trace_40"],"failedName":"source_trace_12"}
{"name":"source_trace_12","package":"U_RAM","end":{"x":-1.2000000000000002,"y":-18},"expanded":6722,"newVias":0,"reusedBootstrapLayer":"top","length":5.331370830535889}
{"name":"source_trace_13","package":"U_RAM","end":{"x":-0.40000000000000036,"y":-18},"expanded":4431,"newVias":0,"reusedBootstrapLayer":"top","length":6.131371021270752}
{"name":"source_trace_11","package":"U_RAM","end":{"x":-2,"y":-18},"expanded":6689,"newVias":0,"reusedBootstrapLayer":"top","length":3.7313709259033203}
{"name":"source_trace_27","package":"U_RAM","end":{"x":3.5999999999999996,"y":-18},"expanded":6472,"newVias":0,"reusedBootstrapLayer":"top","length":5.194112777709961}
{"name":"source_trace_28","package":"U_RAM","end":{"x":3.92,"y":-18},"expanded":115809,"newVias":0,"reusedBootstrapLayer":"top","length":19.77303695678711}
{"name":"source_trace_1","package":"U_RAM","end":{"x":-2.8,"y":-18},"expanded":6619,"newVias":0,"reusedBootstrapLayer":"top","length":3.7313709259033203}
{"name":"source_trace_2","package":"U_RAM","end":{"x":-3.5999999999999996,"y":-18},"expanded":9902,"newVias":0,"reusedBootstrapLayer":"top","length":6.273624897003174}
{"name":"source_trace_41","package":"U_RAM","end":{"x":0.40000000000000036,"y":-18},"expanded":47678,"newVias":2,"reusedBootstrapLayer":"top","length":6.648529052734375}
{"name":"source_trace_29","package":"U_RAM","end":{"x":5.200000000000001,"y":-18},"expanded":380637,"newVias":2,"reusedBootstrapLayer":"top","length":17.61920928955078}
{"package":"U_RAM","trial":5,"order":["source_trace_12","source_trace_13","source_trace_11","source_trace_27","source_trace_28","source_trace_1","source_trace_2","source_trace_41","source_trace_29","source_trace_26","source_trace_40"],"failedName":"source_trace_26"}
{"name":"source_trace_26","package":"U_RAM","end":{"x":2,"y":-18},"expanded":170,"newVias":0,"reusedBootstrapLayer":"top","length":3.4000000953674316}
{"name":"source_trace_12","package":"U_RAM","end":{"x":-1.2000000000000002,"y":-18},"expanded":6722,"newVias":0,"reusedBootstrapLayer":"top","length":5.331370830535889}
{"name":"source_trace_13","package":"U_RAM","end":{"x":-0.40000000000000036,"y":-18},"expanded":4431,"newVias":0,"reusedBootstrapLayer":"top","length":6.131371021270752}
{"name":"source_trace_11","package":"U_RAM","end":{"x":-2,"y":-18},"expanded":6689,"newVias":0,"reusedBootstrapLayer":"top","length":3.7313709259033203}
{"name":"source_trace_27","package":"U_RAM","end":{"x":3.5999999999999996,"y":-18},"expanded":121060,"newVias":0,"reusedBootstrapLayer":"top","length":20.88783836364746}
{"name":"source_trace_28","package":"U_RAM","end":{"x":3.92,"y":-18},"expanded":322272,"newVias":2,"reusedBootstrapLayer":"top","length":19.07494354248047}
{"name":"source_trace_1","package":"U_RAM","end":{"x":-2.8,"y":-18},"expanded":6619,"newVias":0,"reusedBootstrapLayer":"top","length":3.7313709259033203}
{"name":"source_trace_2","package":"U_RAM","end":{"x":-3.5999999999999996,"y":-18},"expanded":9902,"newVias":0,"reusedBootstrapLayer":"top","length":6.273624897003174}
{"name":"source_trace_41","package":"U_RAM","end":{"x":0.40000000000000036,"y":-18},"expanded":41089,"newVias":2,"reusedBootstrapLayer":"top","length":8.297056198120117}
{"name":"source_trace_29","package":"U_RAM","end":{"x":5.200000000000001,"y":-18},"expanded":407405,"newVias":2,"reusedBootstrapLayer":"top","length":18.887840270996094}
{"package":"U_RAM","trial":6,"order":["source_trace_26","source_trace_12","source_trace_13","source_trace_11","source_trace_27","source_trace_28","source_trace_1","source_trace_2","source_trace_41","source_trace_29","source_trace_40"],"failedName":"source_trace_40"}
{"name":"source_trace_40","package":"U_RAM","end":{"x":2,"y":-18},"expanded":24224,"newVias":2,"reusedBootstrapLayer":"top","length":4.200000762939453}
{"name":"source_trace_26","package":"U_RAM","end":{"x":1.200000000000001,"y":-18},"expanded":4140,"newVias":0,"reusedBootstrapLayer":"top","length":3.7313709259033203}
{"name":"source_trace_12","package":"U_RAM","end":{"x":-1.2000000000000002,"y":-18},"expanded":6722,"newVias":0,"reusedBootstrapLayer":"top","length":5.331370830535889}
{"name":"source_trace_13","package":"U_RAM","end":{"x":-0.40000000000000036,"y":-18},"expanded":4431,"newVias":0,"reusedBootstrapLayer":"top","length":6.131371021270752}
{"name":"source_trace_11","package":"U_RAM","end":{"x":-2,"y":-18},"expanded":6689,"newVias":0,"reusedBootstrapLayer":"top","length":3.7313709259033203}
{"name":"source_trace_27","package":"U_RAM","end":{"x":3.5999999999999996,"y":-18},"expanded":115072,"newVias":0,"reusedBootstrapLayer":"top","length":20.88783836364746}
{"name":"source_trace_28","package":"U_RAM","end":{"x":3.92,"y":-18},"expanded":315774,"newVias":2,"reusedBootstrapLayer":"top","length":19.07494354248047}
{"name":"source_trace_1","package":"U_RAM","end":{"x":-2.8,"y":-18},"expanded":6619,"newVias":0,"reusedBootstrapLayer":"top","length":3.7313709259033203}
{"name":"source_trace_2","package":"U_RAM","end":{"x":-3.5999999999999996,"y":-18},"expanded":9902,"newVias":0,"reusedBootstrapLayer":"top","length":6.273624897003174}
{"name":"source_trace_41","package":"U_RAM","end":{"x":0.40000000000000036,"y":-18},"expanded":38015,"newVias":2,"reusedBootstrapLayer":"top","length":8.297056198120117}
{"name":"source_trace_29","package":"U_RAM","end":{"x":5.200000000000001,"y":-18},"expanded":372282,"newVias":2,"reusedBootstrapLayer":"top","length":18.887840270996094}
{"name":"source_trace_28","package":"U_SOC","end":{"x":3.92,"y":-10.5},"expanded":9620,"newVias":0,"reusedBootstrapLayer":"top","length":4.389848709106445}
{"name":"source_trace_27","package":"U_SOC","end":{"x":3.5999999999999996,"y":-10.5},"expanded":17068,"newVias":2,"reusedBootstrapLayer":"top","length":5.259798049926758}
{"name":"source_trace_1","package":"U_SOC","end":{"x":0.40000000000000036,"y":-10.5},"expanded":4244,"newVias":0,"reusedBootstrapLayer":"top","length":3.4656853675842285}
{"name":"source_trace_2","package":"U_SOC","end":{"x":1.2000000000000002,"y":-10.5},"expanded":3831,"newVias":0,"reusedBootstrapLayer":"top","length":3.4656853675842285}
{"name":"source_trace_41","package":"U_SOC","end":{"x":-1.1999999999999997,"y":-10.5},"expanded":24656,"newVias":2,"reusedBootstrapLayer":"top","length":5.013767242431641}
{"name":"source_trace_13","package":"U_SOC","end":{"x":-0.39999999999999947,"y":-10.5},"expanded":5217,"newVias":0,"reusedBootstrapLayer":"top","length":4.885096549987793}
{"name":"source_trace_11","package":"U_SOC","end":{"x":-1.9999999999999996,"y":-10.5},"expanded":7946,"newVias":0,"reusedBootstrapLayer":"top","length":7.288427352905273}
{"name":"source_trace_12","package":"U_SOC","end":{"x":-2.8,"y":-10.5},"expanded":9374,"newVias":0,"reusedBootstrapLayer":"top","length":8.560386657714844}
{"package":"U_SOC","trial":0,"order":["source_trace_28","source_trace_27","source_trace_1","source_trace_2","source_trace_41","source_trace_13","source_trace_11","source_trace_12","source_trace_29","source_trace_26","source_trace_40"],"failedName":"source_trace_29"}
{"package":"U_SOC","trial":1,"order":["source_trace_29","source_trace_28","source_trace_27","source_trace_1","source_trace_2","source_trace_41","source_trace_13","source_trace_11","source_trace_12","source_trace_26","source_trace_40"],"failedName":"source_trace_29"}
