{"name":"DDR_A3","found":true,"planned":15,"opened":[],"expanded":168007,"error":null,"qualifiedNewDdrSignals":0}
{"name":"DDR_A2","found":false,"planned":15,"expanded":5500000,"error":"manual bridge timeout","qualifiedNewDdrSignals":0}
{"name":"DDR_A12","found":true,"planned":16,"opened":[],"expanded":2843289,"error":null,"qualifiedNewDdrSignals":0}
{"name":"DDR_A11","found":true,"planned":16,"opened":["DDR_A1"],"expanded":2114659,"error":null,"qualifiedNewDdrSignals":0}
{"name":"DDR_CKE","found":false,"planned":16,"expanded":6200000,"error":"manual bridge timeout","qualifiedNewDdrSignals":0}
{"name":"DDR_WEn","found":true,"planned":17,"opened":[],"expanded":2074440,"error":null,"qualifiedNewDdrSignals":0}
{"name":"DDR_RASn","found":false,"planned":17,"expanded":10950000,"error":"manual bridge timeout","qualifiedNewDdrSignals":0}
{"name":"DDR_A7","found":true,"planned":16,"opened":["DDR_A12","DDR_CSn0"],"expanded":5367661,"error":null,"qualifiedNewDdrSignals":0}
{"name":"DDR_BA0","found":true,"planned":17,"opened":[],"expanded":735855,"error":null,"qualifiedNewDdrSignals":0}
{"name":"DDR_A4","found":false,"planned":17,"expanded":9200000,"error":"manual bridge timeout","qualifiedNewDdrSignals":0}
{"name":"DDR_CASn","found":true,"planned":17,"opened":["DDR_A11"],"expanded":706536,"error":null,"qualifiedNewDdrSignals":0}
{"name":"DDR_ODT","found":true,"planned":17,"opened":["DDR_BA0"],"expanded":535333,"error":null,"qualifiedNewDdrSignals":0}
{"name":"DDR_A2","found":true,"planned":17,"opened":["DDR_A0"],"expanded":5418293,"error":null,"qualifiedNewDdrSignals":0}
{"name":"DDR_A1","found":true,"planned":17,"opened":["DDR_CASn"],"expanded":1650357,"error":null,"qualifiedNewDdrSignals":0}
{"name":"DDR_CKE","found":false,"planned":17,"expanded":8000000,"error":"manual bridge timeout","qualifiedNewDdrSignals":0}
{"name":"DDR_RASn","found":false,"planned":17,"expanded":8250000,"error":"manual bridge timeout","qualifiedNewDdrSignals":0}
{"name":"DDR_A12","found":true,"planned":17,"opened":["DDR_BA1"],"expanded":4775162,"error":null,"qualifiedNewDdrSignals":0}
{"name":"DDR_CSn0","found":false,"planned":17,"expanded":11400000,"error":"manual bridge timeout","qualifiedNewDdrSignals":0}
{"name":"DDR_A4","found":false,"planned":17,"expanded":11400000,"error":"manual bridge timeout","qualifiedNewDdrSignals":0}
{"name":"DDR_A11","found":true,"planned":17,"opened":["DDR_ODT"],"expanded":1322797,"error":null,"qualifiedNewDdrSignals":0}
{"name":"DDR_BA0","found":false,"planned":17,"expanded":9750000,"error":"manual bridge timeout","qualifiedNewDdrSignals":0}
{"name":"DDR_A0","found":false,"planned":17,"expanded":8150000,"error":"manual bridge timeout","qualifiedNewDdrSignals":0}
{"name":"DDR_CASn","found":true,"planned":18,"opened":[],"expanded":489638,"error":null,"qualifiedNewDdrSignals":0}
{"name":"DDR_CKE","found":false,"planned":18,"expanded":7800000,"error":"manual bridge timeout","qualifiedNewDdrSignals":0}
{"name":"DDR_RASn","found":false,"planned":18,"expanded":8550000,"error":"manual bridge timeout","qualifiedNewDdrSignals":0}
{"name":"DDR_BA1","found":false,"planned":18,"expanded":10600000,"error":"manual bridge timeout","qualifiedNewDdrSignals":0}
{"name":"DDR_CSn0","found":false,"planned":18,"expanded":10700000,"error":"manual bridge timeout","qualifiedNewDdrSignals":0}
{"name":"DDR_A4","found":false,"planned":18,"expanded":11000000,"error":"manual bridge timeout","qualifiedNewDdrSignals":0}
{"name":"DDR_ODT","found":true,"planned":18,"opened":["DDR_WEn"],"expanded":2758376,"error":null,"qualifiedNewDdrSignals":0}
{"name":"DDR_BA0","found":false,"planned":18,"expanded":11550000,"error":"manual bridge timeout","qualifiedNewDdrSignals":0}
