{"name":"source_trace_46","package":"U_RAM","end":{"x":-10.12,"y":-36.8},"expanded":310571,"newVias":1,"reusedBootstrapLayer":"bottom","length":14.659696578979492}
{"name":"source_trace_39","package":"U_RAM","end":{"x":2.84,"y":-36.8},"expanded":14345,"newVias":0,"reusedBootstrapLayer":"top","length":3.747939348220825}
{"name":"source_trace_18","package":"U_RAM","end":{"x":3.3200000000000003,"y":-36.8},"expanded":288257,"newVias":1,"reusedBootstrapLayer":"bottom","length":11.387737274169922}
{"name":"source_trace_35","package":"U_RAM","end":{"x":1.8800000000000008,"y":-36.8},"expanded":17193,"newVias":0,"reusedBootstrapLayer":"top","length":8.16048812866211}
{"name":"source_trace_23","package":"U_RAM","end":{"x":-9.64,"y":-36.8},"expanded":247041,"newVias":1,"reusedBootstrapLayer":"bottom","length":11.098519325256348}
{"name":"source_trace_47","package":"U_RAM","end":{"x":-9.16,"y":-36.8},"expanded":344546,"newVias":1,"reusedBootstrapLayer":"bottom","length":14.273422241210938}
{"name":"source_trace_6","package":"U_RAM","end":{"x":-8.68,"y":-36.8},"expanded":79144,"newVias":0,"reusedBootstrapLayer":"top","length":11.266702651977539}
{"name":"source_trace_25","package":"U_RAM","end":{"x":1.4000000000000004,"y":-36.8},"expanded":7683,"newVias":0,"reusedBootstrapLayer":"top","length":4.476955413818359}
{"name":"source_trace_48","package":"U_RAM","end":{"x":-1,"y":-36.8},"expanded":408680,"newVias":1,"reusedBootstrapLayer":"bottom","length":12.990781784057617}
{"name":"source_trace_22","package":"U_RAM","end":{"x":-8.2,"y":-36.8},"expanded":78925,"newVias":1,"reusedBootstrapLayer":"bottom","length":9.765625953674316}
{"name":"source_trace_36","package":"U_RAM","end":{"x":0.4400000000000013,"y":-36.8},"expanded":118344,"newVias":3,"reusedBootstrapLayer":"bottom","length":6.446172714233398}
{"name":"source_trace_7","package":"U_RAM","end":{"x":-1.959999999999999,"y":-36.8},"expanded":217543,"newVias":3,"reusedBootstrapLayer":"bottom","length":8.73401165008545}
{"name":"source_trace_21","package":"U_RAM","end":{"x":-7.72,"y":-36.8},"expanded":650617,"newVias":1,"reusedBootstrapLayer":"bottom","length":15.614641189575195}
{"name":"source_trace_5","package":"U_RAM","end":{"x":-0.03999999999999915,"y":-36.8},"expanded":1236331,"newVias":1,"reusedBootstrapLayer":"bottom","length":21.7962646484375}
{"name":"source_trace_0","package":"U_RAM","end":{"x":-1.4799999999999986,"y":-36.8},"expanded":1826567,"newVias":0,"reusedBootstrapLayer":"top","length":23.046602249145508}
{"name":"source_trace_19","package":"U_RAM","end":{"x":-2.4399999999999995,"y":-36.8},"expanded":1852330,"newVias":1,"reusedBootstrapLayer":"bottom","length":22.634540557861328}
{"package":"U_RAM","trial":0,"order":["source_trace_46","source_trace_39","source_trace_18","source_trace_35","source_trace_23","source_trace_47","source_trace_6","source_trace_25","source_trace_48","source_trace_22","source_trace_36","source_trace_7","source_trace_21","source_trace_5","source_trace_0","source_trace_19","source_trace_38","source_trace_9","source_trace_33","source_trace_45","source_trace_20","source_trace_37","source_trace_44","source_trace_34","source_trace_24","source_trace_8"],"failedName":"source_trace_38"}
{"name":"source_trace_33","package":"U_RAM","end":{"x":-5.8,"y":-36.8},"expanded":154367,"newVias":0,"reusedBootstrapLayer":"top","length":13.578174591064453}
{"name":"source_trace_34","package":"U_RAM","end":{"x":-5.4799999999999995,"y":-36.8},"expanded":247256,"newVias":1,"reusedBootstrapLayer":"bottom","length":11.88576889038086}
{"name":"source_trace_38","package":"U_RAM","end":{"x":-2.92,"y":-36.8},"expanded":15146,"newVias":0,"reusedBootstrapLayer":"top","length":6.65969705581665}
{"name":"source_trace_46","package":"U_RAM","end":{"x":-10.12,"y":-36.8},"expanded":214830,"newVias":1,"reusedBootstrapLayer":"bottom","length":14.659696578979492}
{"name":"source_trace_39","package":"U_RAM","end":{"x":2.84,"y":-36.8},"expanded":14345,"newVias":0,"reusedBootstrapLayer":"top","length":3.747939348220825}
{"name":"source_trace_18","package":"U_RAM","end":{"x":3.3200000000000003,"y":-36.8},"expanded":230657,"newVias":1,"reusedBootstrapLayer":"bottom","length":12.606173515319824}
{"name":"source_trace_35","package":"U_RAM","end":{"x":1.8800000000000008,"y":-36.8},"expanded":291178,"newVias":0,"reusedBootstrapLayer":"top","length":13.14156436920166}
{"name":"source_trace_23","package":"U_RAM","end":{"x":-9.64,"y":-36.8},"expanded":144845,"newVias":1,"reusedBootstrapLayer":"bottom","length":10.770479202270508}
{"name":"source_trace_47","package":"U_RAM","end":{"x":-9.16,"y":-36.8},"expanded":200485,"newVias":1,"reusedBootstrapLayer":"bottom","length":13.368326187133789}
{"name":"source_trace_6","package":"U_RAM","end":{"x":-8.68,"y":-36.8},"expanded":602138,"newVias":1,"reusedBootstrapLayer":"bottom","length":13.378662109375}
{"name":"source_trace_25","package":"U_RAM","end":{"x":1.4000000000000004,"y":-36.8},"expanded":104735,"newVias":2,"reusedBootstrapLayer":"top","length":6.90205192565918}
{"name":"source_trace_48","package":"U_RAM","end":{"x":-1,"y":-36.8},"expanded":318570,"newVias":1,"reusedBootstrapLayer":"bottom","length":13.322153091430664}
{"name":"source_trace_22","package":"U_RAM","end":{"x":-8.2,"y":-36.8},"expanded":329308,"newVias":3,"reusedBootstrapLayer":"bottom","length":10.339696884155273}
{"name":"source_trace_36","package":"U_RAM","end":{"x":0.4400000000000013,"y":-36.8},"expanded":150885,"newVias":2,"reusedBootstrapLayer":"top","length":8.121118545532227}
{"name":"source_trace_7","package":"U_RAM","end":{"x":-1.959999999999999,"y":-36.8},"expanded":1016683,"newVias":1,"reusedBootstrapLayer":"bottom","length":22.703170776367188}
{"name":"source_trace_21","package":"U_RAM","end":{"x":-7.72,"y":-36.8},"expanded":993098,"newVias":1,"reusedBootstrapLayer":"bottom","length":18.667678833007812}
{"name":"source_trace_5","package":"U_RAM","end":{"x":-0.03999999999999915,"y":-36.8},"expanded":1283244,"newVias":2,"reusedBootstrapLayer":"top","length":23.929931640625}
{"name":"source_trace_0","package":"U_RAM","end":{"x":-1.4799999999999986,"y":-36.8},"expanded":2330702,"newVias":1,"reusedBootstrapLayer":"bottom","length":23.374298095703125}
{"name":"source_trace_19","package":"U_RAM","end":{"x":-2.4399999999999995,"y":-36.8},"expanded":2504701,"newVias":1,"reusedBootstrapLayer":"bottom","length":24.777830123901367}
{"name":"source_trace_9","package":"U_RAM","end":{"x":-3.4000000000000004,"y":-36.8},"expanded":37306,"newVias":1,"reusedBootstrapLayer":"bottom","length":9.209991455078125}
{"package":"U_RAM","trial":1,"order":["source_trace_33","source_trace_34","source_trace_38","source_trace_46","source_trace_39","source_trace_18","source_trace_35","source_trace_23","source_trace_47","source_trace_6","source_trace_25","source_trace_48","source_trace_22","source_trace_36","source_trace_7","source_trace_21","source_trace_5","source_trace_0","source_trace_19","source_trace_9","source_trace_45","source_trace_20","source_trace_37","source_trace_44","source_trace_24","source_trace_8"],"failedName":"source_trace_45"}
{"name":"source_trace_33","package":"U_RAM","end":{"x":-5.8,"y":-36.8},"expanded":154367,"newVias":0,"reusedBootstrapLayer":"top","length":13.578174591064453}
{"name":"source_trace_34","package":"U_RAM","end":{"x":-5.4799999999999995,"y":-36.8},"expanded":247256,"newVias":1,"reusedBootstrapLayer":"bottom","length":11.88576889038086}
{"name":"source_trace_45","package":"U_RAM","end":{"x":-4.359999999999999,"y":-36.8},"expanded":114041,"newVias":1,"reusedBootstrapLayer":"bottom","length":9.231067657470703}
{"name":"source_trace_38","package":"U_RAM","end":{"x":-2.92,"y":-36.8},"expanded":11055,"newVias":0,"reusedBootstrapLayer":"top","length":6.65969705581665}
{"name":"source_trace_46","package":"U_RAM","end":{"x":-10.12,"y":-36.8},"expanded":179693,"newVias":1,"reusedBootstrapLayer":"bottom","length":15.316753387451172}
{"name":"source_trace_39","package":"U_RAM","end":{"x":2.84,"y":-36.8},"expanded":14345,"newVias":0,"reusedBootstrapLayer":"top","length":3.747939348220825}
{"name":"source_trace_18","package":"U_RAM","end":{"x":3.3200000000000003,"y":-36.8},"expanded":229925,"newVias":1,"reusedBootstrapLayer":"bottom","length":12.606173515319824}
{"name":"source_trace_35","package":"U_RAM","end":{"x":1.8800000000000008,"y":-36.8},"expanded":264397,"newVias":0,"reusedBootstrapLayer":"top","length":13.14156436920166}
{"name":"source_trace_23","package":"U_RAM","end":{"x":-9.64,"y":-36.8},"expanded":119961,"newVias":1,"reusedBootstrapLayer":"bottom","length":10.511067390441895}
{"name":"source_trace_47","package":"U_RAM","end":{"x":-9.16,"y":-36.8},"expanded":194934,"newVias":1,"reusedBootstrapLayer":"bottom","length":14.839107513427734}
{"name":"source_trace_6","package":"U_RAM","end":{"x":-8.68,"y":-36.8},"expanded":148824,"newVias":0,"reusedBootstrapLayer":"top","length":11.875920295715332}
{"name":"source_trace_25","package":"U_RAM","end":{"x":1.4000000000000004,"y":-36.8},"expanded":389065,"newVias":0,"reusedBootstrapLayer":"top","length":15.972833633422852}
{"name":"source_trace_48","package":"U_RAM","end":{"x":-1,"y":-36.8},"expanded":270377,"newVias":1,"reusedBootstrapLayer":"bottom","length":12.990781784057617}
{"name":"source_trace_22","package":"U_RAM","end":{"x":-8.2,"y":-36.8},"expanded":242141,"newVias":1,"reusedBootstrapLayer":"bottom","length":12.593910217285156}
{"name":"source_trace_36","package":"U_RAM","end":{"x":0.4400000000000013,"y":-36.8},"expanded":1995684,"newVias":2,"reusedBootstrapLayer":"top","length":25.45783042907715}
{"name":"source_trace_7","package":"U_RAM","end":{"x":-1.959999999999999,"y":-36.8},"expanded":946894,"newVias":3,"reusedBootstrapLayer":"bottom","length":17.076753616333008}
{"package":"U_RAM","trial":2,"order":["source_trace_33","source_trace_34","source_trace_45","source_trace_38","source_trace_46","source_trace_39","source_trace_18","source_trace_35","source_trace_23","source_trace_47","source_trace_6","source_trace_25","source_trace_48","source_trace_22","source_trace_36","source_trace_7","source_trace_21","source_trace_5","source_trace_0","source_trace_19","source_trace_9","source_trace_20","source_trace_37","source_trace_44","source_trace_24","source_trace_8"],"failedName":"source_trace_21"}
{"name":"source_trace_33","package":"U_RAM","end":{"x":-5.8,"y":-36.8},"expanded":154367,"newVias":0,"reusedBootstrapLayer":"top","length":13.578174591064453}
{"name":"source_trace_34","package":"U_RAM","end":{"x":-5.4799999999999995,"y":-36.8},"expanded":247256,"newVias":1,"reusedBootstrapLayer":"bottom","length":11.88576889038086}
{"name":"source_trace_21","package":"U_RAM","end":{"x":-7.72,"y":-36.8},"expanded":83772,"newVias":1,"reusedBootstrapLayer":"bottom","length":9.769301414489746}
{"name":"source_trace_45","package":"U_RAM","end":{"x":-4.359999999999999,"y":-36.8},"expanded":114041,"newVias":1,"reusedBootstrapLayer":"bottom","length":9.231067657470703}
{"name":"source_trace_38","package":"U_RAM","end":{"x":-2.92,"y":-36.8},"expanded":11055,"newVias":0,"reusedBootstrapLayer":"top","length":6.65969705581665}
{"name":"source_trace_46","package":"U_RAM","end":{"x":-10.12,"y":-36.8},"expanded":172258,"newVias":1,"reusedBootstrapLayer":"bottom","length":15.316753387451172}
{"name":"source_trace_39","package":"U_RAM","end":{"x":2.84,"y":-36.8},"expanded":14345,"newVias":0,"reusedBootstrapLayer":"top","length":3.747939348220825}
{"name":"source_trace_18","package":"U_RAM","end":{"x":3.3200000000000003,"y":-36.8},"expanded":225601,"newVias":1,"reusedBootstrapLayer":"bottom","length":12.606173515319824}
{"name":"source_trace_35","package":"U_RAM","end":{"x":1.8800000000000008,"y":-36.8},"expanded":264085,"newVias":0,"reusedBootstrapLayer":"top","length":13.14156436920166}
{"name":"source_trace_23","package":"U_RAM","end":{"x":-9.64,"y":-36.8},"expanded":58682,"newVias":1,"reusedBootstrapLayer":"bottom","length":10.698519706726074}
{"name":"source_trace_47","package":"U_RAM","end":{"x":-9.16,"y":-36.8},"expanded":194689,"newVias":1,"reusedBootstrapLayer":"bottom","length":14.839107513427734}
{"name":"source_trace_6","package":"U_RAM","end":{"x":-8.68,"y":-36.8},"expanded":197223,"newVias":1,"reusedBootstrapLayer":"bottom","length":10.491656303405762}
{"name":"source_trace_25","package":"U_RAM","end":{"x":1.4000000000000004,"y":-36.8},"expanded":391556,"newVias":0,"reusedBootstrapLayer":"top","length":15.972833633422852}
{"name":"source_trace_48","package":"U_RAM","end":{"x":-1,"y":-36.8},"expanded":270377,"newVias":1,"reusedBootstrapLayer":"bottom","length":12.990781784057617}
{"name":"source_trace_22","package":"U_RAM","end":{"x":-8.2,"y":-36.8},"expanded":205637,"newVias":1,"reusedBootstrapLayer":"bottom","length":15.919595718383789}
{"name":"source_trace_36","package":"U_RAM","end":{"x":0.4400000000000013,"y":-36.8},"expanded":846063,"newVias":4,"reusedBootstrapLayer":"top","length":21.601749420166016}
{"package":"U_RAM","trial":3,"order":["source_trace_33","source_trace_34","source_trace_21","source_trace_45","source_trace_38","source_trace_46","source_trace_39","source_trace_18","source_trace_35","source_trace_23","source_trace_47","source_trace_6","source_trace_25","source_trace_48","source_trace_22","source_trace_36","source_trace_7","source_trace_5","source_trace_0","source_trace_19","source_trace_9","source_trace_20","source_trace_37","source_trace_44","source_trace_24","source_trace_8"],"failedName":"source_trace_7"}
{"name":"source_trace_33","package":"U_RAM","end":{"x":-5.8,"y":-36.8},"expanded":154367,"newVias":0,"reusedBootstrapLayer":"top","length":13.578174591064453}
{"name":"source_trace_34","package":"U_RAM","end":{"x":-5.4799999999999995,"y":-36.8},"expanded":247256,"newVias":1,"reusedBootstrapLayer":"bottom","length":11.88576889038086}
{"name":"source_trace_7","package":"U_RAM","end":{"x":-1.959999999999999,"y":-36.8},"expanded":72673,"newVias":1,"reusedBootstrapLayer":"bottom","length":8.494701385498047}
{"name":"source_trace_21","package":"U_RAM","end":{"x":-7.72,"y":-36.8},"expanded":82290,"newVias":1,"reusedBootstrapLayer":"bottom","length":9.816164016723633}
{"name":"source_trace_45","package":"U_RAM","end":{"x":-4.359999999999999,"y":-36.8},"expanded":109600,"newVias":1,"reusedBootstrapLayer":"bottom","length":9.231067657470703}
{"name":"source_trace_38","package":"U_RAM","end":{"x":-2.92,"y":-36.8},"expanded":85055,"newVias":1,"reusedBootstrapLayer":"bottom","length":6.706560134887695}
{"name":"source_trace_46","package":"U_RAM","end":{"x":-10.12,"y":-36.8},"expanded":186303,"newVias":1,"reusedBootstrapLayer":"bottom","length":15.644794464111328}
{"name":"source_trace_39","package":"U_RAM","end":{"x":2.84,"y":-36.8},"expanded":7437,"newVias":0,"reusedBootstrapLayer":"top","length":3.747939348220825}
{"name":"source_trace_18","package":"U_RAM","end":{"x":3.3200000000000003,"y":-36.8},"expanded":235971,"newVias":1,"reusedBootstrapLayer":"bottom","length":12.606173515319824}
{"name":"source_trace_35","package":"U_RAM","end":{"x":1.8800000000000008,"y":-36.8},"expanded":21962,"newVias":0,"reusedBootstrapLayer":"top","length":8.16048812866211}
{"name":"source_trace_23","package":"U_RAM","end":{"x":-9.64,"y":-36.8},"expanded":90585,"newVias":1,"reusedBootstrapLayer":"bottom","length":10.511067390441895}
{"name":"source_trace_47","package":"U_RAM","end":{"x":-9.16,"y":-36.8},"expanded":176029,"newVias":1,"reusedBootstrapLayer":"bottom","length":14.885971069335938}
{"name":"source_trace_6","package":"U_RAM","end":{"x":-8.68,"y":-36.8},"expanded":174725,"newVias":1,"reusedBootstrapLayer":"bottom","length":10.491656303405762}
{"name":"source_trace_25","package":"U_RAM","end":{"x":1.4000000000000004,"y":-36.8},"expanded":35163,"newVias":1,"reusedBootstrapLayer":"bottom","length":5.179899215698242}
{"name":"source_trace_48","package":"U_RAM","end":{"x":-1,"y":-36.8},"expanded":332657,"newVias":1,"reusedBootstrapLayer":"bottom","length":12.990781784057617}
{"package":"U_RAM","trial":4,"order":["source_trace_33","source_trace_34","source_trace_7","source_trace_21","source_trace_45","source_trace_38","source_trace_46","source_trace_39","source_trace_18","source_trace_35","source_trace_23","source_trace_47","source_trace_6","source_trace_25","source_trace_48","source_trace_22","source_trace_36","source_trace_5","source_trace_0","source_trace_19","source_trace_9","source_trace_20","source_trace_37","source_trace_44","source_trace_24","source_trace_8"],"failedName":"source_trace_22"}
{"name":"source_trace_33","package":"U_RAM","end":{"x":-5.8,"y":-36.8},"expanded":154367,"newVias":0,"reusedBootstrapLayer":"top","length":13.578174591064453}
{"name":"source_trace_34","package":"U_RAM","end":{"x":-5.4799999999999995,"y":-36.8},"expanded":247256,"newVias":1,"reusedBootstrapLayer":"bottom","length":11.88576889038086}
{"name":"source_trace_22","package":"U_RAM","end":{"x":-8.2,"y":-36.8},"expanded":92231,"newVias":1,"reusedBootstrapLayer":"bottom","length":9.589890480041504}
{"name":"source_trace_7","package":"U_RAM","end":{"x":-1.959999999999999,"y":-36.8},"expanded":55068,"newVias":1,"reusedBootstrapLayer":"bottom","length":8.494701385498047}
{"name":"source_trace_21","package":"U_RAM","end":{"x":-7.72,"y":-36.8},"expanded":54580,"newVias":1,"reusedBootstrapLayer":"bottom","length":9.816164016723633}
{"name":"source_trace_45","package":"U_RAM","end":{"x":-4.359999999999999,"y":-36.8},"expanded":109600,"newVias":1,"reusedBootstrapLayer":"bottom","length":9.231067657470703}
{"name":"source_trace_38","package":"U_RAM","end":{"x":-2.92,"y":-36.8},"expanded":85055,"newVias":1,"reusedBootstrapLayer":"bottom","length":6.706560134887695}
{"name":"source_trace_46","package":"U_RAM","end":{"x":-10.12,"y":-36.8},"expanded":174085,"newVias":1,"reusedBootstrapLayer":"bottom","length":15.644794464111328}
{"name":"source_trace_39","package":"U_RAM","end":{"x":2.84,"y":-36.8},"expanded":7437,"newVias":0,"reusedBootstrapLayer":"top","length":3.747939348220825}
{"name":"source_trace_18","package":"U_RAM","end":{"x":3.3200000000000003,"y":-36.8},"expanded":235971,"newVias":1,"reusedBootstrapLayer":"bottom","length":12.606173515319824}
{"name":"source_trace_35","package":"U_RAM","end":{"x":1.8800000000000008,"y":-36.8},"expanded":21962,"newVias":0,"reusedBootstrapLayer":"top","length":8.16048812866211}
{"name":"source_trace_23","package":"U_RAM","end":{"x":-9.64,"y":-36.8},"expanded":55563,"newVias":1,"reusedBootstrapLayer":"bottom","length":13.093321800231934}
{"name":"source_trace_47","package":"U_RAM","end":{"x":-9.16,"y":-36.8},"expanded":465966,"newVias":1,"reusedBootstrapLayer":"bottom","length":17.493322372436523}
{"name":"source_trace_6","package":"U_RAM","end":{"x":-8.68,"y":-36.8},"expanded":85256,"newVias":0,"reusedBootstrapLayer":"top","length":11.266702651977539}
{"name":"source_trace_25","package":"U_RAM","end":{"x":1.4000000000000004,"y":-36.8},"expanded":35163,"newVias":1,"reusedBootstrapLayer":"bottom","length":5.179899215698242}
{"name":"source_trace_48","package":"U_RAM","end":{"x":-1,"y":-36.8},"expanded":332657,"newVias":1,"reusedBootstrapLayer":"bottom","length":12.990781784057617}
{"name":"source_trace_36","package":"U_RAM","end":{"x":0.4400000000000013,"y":-36.8},"expanded":239655,"newVias":1,"reusedBootstrapLayer":"bottom","length":13.49518871307373}
{"name":"source_trace_5","package":"U_RAM","end":{"x":-0.03999999999999915,"y":-36.8},"expanded":1178052,"newVias":1,"reusedBootstrapLayer":"bottom","length":21.999595642089844}
{"name":"source_trace_0","package":"U_RAM","end":{"x":-1.4799999999999986,"y":-36.8},"expanded":2294661,"newVias":1,"reusedBootstrapLayer":"bottom","length":23.066844940185547}
{"name":"source_trace_19","package":"U_RAM","end":{"x":-2.4399999999999995,"y":-36.8},"expanded":3451406,"newVias":1,"reusedBootstrapLayer":"bottom","length":27.603900909423828}
{"package":"U_RAM","trial":5,"order":["source_trace_33","source_trace_34","source_trace_22","source_trace_7","source_trace_21","source_trace_45","source_trace_38","source_trace_46","source_trace_39","source_trace_18","source_trace_35","source_trace_23","source_trace_47","source_trace_6","source_trace_25","source_trace_48","source_trace_36","source_trace_5","source_trace_0","source_trace_19","source_trace_9","source_trace_20","source_trace_37","source_trace_44","source_trace_24","source_trace_8"],"failedName":"source_trace_9"}
{"name":"source_trace_33","package":"U_RAM","end":{"x":-5.8,"y":-36.8},"expanded":154367,"newVias":0,"reusedBootstrapLayer":"top","length":13.578174591064453}
{"name":"source_trace_34","package":"U_RAM","end":{"x":-5.4799999999999995,"y":-36.8},"expanded":247256,"newVias":1,"reusedBootstrapLayer":"bottom","length":11.88576889038086}
{"name":"source_trace_9","package":"U_RAM","end":{"x":-3.4000000000000004,"y":-36.8},"expanded":122381,"newVias":2,"reusedBootstrapLayer":"top","length":4.779898643493652}
{"name":"source_trace_22","package":"U_RAM","end":{"x":-8.2,"y":-36.8},"expanded":92231,"newVias":1,"reusedBootstrapLayer":"bottom","length":9.589890480041504}
{"name":"source_trace_7","package":"U_RAM","end":{"x":-1.959999999999999,"y":-36.8},"expanded":52944,"newVias":1,"reusedBootstrapLayer":"bottom","length":8.494701385498047}
{"name":"source_trace_21","package":"U_RAM","end":{"x":-7.72,"y":-36.8},"expanded":54580,"newVias":1,"reusedBootstrapLayer":"bottom","length":9.816164016723633}
{"name":"source_trace_45","package":"U_RAM","end":{"x":-4.359999999999999,"y":-36.8},"expanded":104944,"newVias":1,"reusedBootstrapLayer":"bottom","length":9.231067657470703}
{"name":"source_trace_38","package":"U_RAM","end":{"x":-2.92,"y":-36.8},"expanded":81567,"newVias":1,"reusedBootstrapLayer":"bottom","length":6.706560134887695}
{"name":"source_trace_46","package":"U_RAM","end":{"x":-10.12,"y":-36.8},"expanded":170278,"newVias":1,"reusedBootstrapLayer":"bottom","length":15.644794464111328}
{"name":"source_trace_39","package":"U_RAM","end":{"x":2.84,"y":-36.8},"expanded":7437,"newVias":0,"reusedBootstrapLayer":"top","length":3.747939348220825}
{"name":"source_trace_18","package":"U_RAM","end":{"x":3.3200000000000003,"y":-36.8},"expanded":235971,"newVias":1,"reusedBootstrapLayer":"bottom","length":12.606173515319824}
{"name":"source_trace_35","package":"U_RAM","end":{"x":1.8800000000000008,"y":-36.8},"expanded":21962,"newVias":0,"reusedBootstrapLayer":"top","length":8.16048812866211}
{"name":"source_trace_23","package":"U_RAM","end":{"x":-9.64,"y":-36.8},"expanded":53532,"newVias":1,"reusedBootstrapLayer":"bottom","length":13.093321800231934}
{"name":"source_trace_47","package":"U_RAM","end":{"x":-9.16,"y":-36.8},"expanded":459938,"newVias":1,"reusedBootstrapLayer":"bottom","length":17.493322372436523}
{"name":"source_trace_6","package":"U_RAM","end":{"x":-8.68,"y":-36.8},"expanded":85256,"newVias":0,"reusedBootstrapLayer":"top","length":11.266702651977539}
{"name":"source_trace_25","package":"U_RAM","end":{"x":1.4000000000000004,"y":-36.8},"expanded":29252,"newVias":1,"reusedBootstrapLayer":"bottom","length":5.179899215698242}
{"name":"source_trace_48","package":"U_RAM","end":{"x":-1,"y":-36.8},"expanded":332657,"newVias":1,"reusedBootstrapLayer":"bottom","length":12.990781784057617}
{"name":"source_trace_36","package":"U_RAM","end":{"x":0.4400000000000013,"y":-36.8},"expanded":229700,"newVias":1,"reusedBootstrapLayer":"bottom","length":13.49518871307373}
{"name":"source_trace_5","package":"U_RAM","end":{"x":-0.03999999999999915,"y":-36.8},"expanded":1177163,"newVias":1,"reusedBootstrapLayer":"bottom","length":21.999595642089844}
{"name":"source_trace_0","package":"U_RAM","end":{"x":-1.4799999999999986,"y":-36.8},"expanded":2292882,"newVias":1,"reusedBootstrapLayer":"bottom","length":23.066844940185547}
{"name":"source_trace_19","package":"U_RAM","end":{"x":-2.4399999999999995,"y":-36.8},"expanded":3451133,"newVias":1,"reusedBootstrapLayer":"bottom","length":27.603900909423828}
{"package":"U_RAM","trial":6,"order":["source_trace_33","source_trace_34","source_trace_9","source_trace_22","source_trace_7","source_trace_21","source_trace_45","source_trace_38","source_trace_46","source_trace_39","source_trace_18","source_trace_35","source_trace_23","source_trace_47","source_trace_6","source_trace_25","source_trace_48","source_trace_36","source_trace_5","source_trace_0","source_trace_19","source_trace_20","source_trace_37","source_trace_44","source_trace_24","source_trace_8"],"failedName":"source_trace_20"}
{"name":"source_trace_33","package":"U_RAM","end":{"x":-5.8,"y":-36.8},"expanded":154367,"newVias":0,"reusedBootstrapLayer":"top","length":13.578174591064453}
{"name":"source_trace_34","package":"U_RAM","end":{"x":-5.4799999999999995,"y":-36.8},"expanded":247256,"newVias":1,"reusedBootstrapLayer":"bottom","length":11.88576889038086}
{"name":"source_trace_20","package":"U_RAM","end":{"x":-7.239999999999999,"y":-36.8},"expanded":105546,"newVias":1,"reusedBootstrapLayer":"bottom","length":10.276753425598145}
{"name":"source_trace_9","package":"U_RAM","end":{"x":-3.4000000000000004,"y":-36.8},"expanded":104892,"newVias":2,"reusedBootstrapLayer":"top","length":4.779898643493652}
{"name":"source_trace_22","package":"U_RAM","end":{"x":-8.2,"y":-36.8},"expanded":63350,"newVias":1,"reusedBootstrapLayer":"bottom","length":9.589890480041504}
{"name":"source_trace_7","package":"U_RAM","end":{"x":-1.959999999999999,"y":-36.8},"expanded":16562,"newVias":1,"reusedBootstrapLayer":"bottom","length":8.494701385498047}
{"name":"source_trace_21","package":"U_RAM","end":{"x":-7.72,"y":-36.8},"expanded":214446,"newVias":1,"reusedBootstrapLayer":"bottom","length":14.391555786132812}
{"name":"source_trace_45","package":"U_RAM","end":{"x":-4.359999999999999,"y":-36.8},"expanded":104944,"newVias":1,"reusedBootstrapLayer":"bottom","length":9.231067657470703}
{"name":"source_trace_38","package":"U_RAM","end":{"x":-2.92,"y":-36.8},"expanded":81567,"newVias":1,"reusedBootstrapLayer":"bottom","length":6.706560134887695}
{"name":"source_trace_46","package":"U_RAM","end":{"x":-10.12,"y":-36.8},"expanded":170094,"newVias":1,"reusedBootstrapLayer":"bottom","length":15.644794464111328}
{"name":"source_trace_39","package":"U_RAM","end":{"x":2.84,"y":-36.8},"expanded":7437,"newVias":0,"reusedBootstrapLayer":"top","length":3.747939348220825}
{"name":"source_trace_18","package":"U_RAM","end":{"x":3.3200000000000003,"y":-36.8},"expanded":203196,"newVias":1,"reusedBootstrapLayer":"bottom","length":12.606173515319824}
{"name":"source_trace_35","package":"U_RAM","end":{"x":1.8800000000000008,"y":-36.8},"expanded":21962,"newVias":0,"reusedBootstrapLayer":"top","length":8.16048812866211}
{"name":"source_trace_23","package":"U_RAM","end":{"x":-9.64,"y":-36.8},"expanded":53232,"newVias":1,"reusedBootstrapLayer":"bottom","length":13.093321800231934}
{"name":"source_trace_47","package":"U_RAM","end":{"x":-9.16,"y":-36.8},"expanded":459434,"newVias":1,"reusedBootstrapLayer":"bottom","length":17.493322372436523}
{"name":"source_trace_6","package":"U_RAM","end":{"x":-8.68,"y":-36.8},"expanded":70415,"newVias":0,"reusedBootstrapLayer":"top","length":11.336997032165527}
{"name":"source_trace_25","package":"U_RAM","end":{"x":1.4000000000000004,"y":-36.8},"expanded":29252,"newVias":1,"reusedBootstrapLayer":"bottom","length":5.179899215698242}
{"name":"source_trace_48","package":"U_RAM","end":{"x":-1,"y":-36.8},"expanded":332657,"newVias":1,"reusedBootstrapLayer":"bottom","length":12.990781784057617}
{"name":"source_trace_36","package":"U_RAM","end":{"x":0.4400000000000013,"y":-36.8},"expanded":228326,"newVias":1,"reusedBootstrapLayer":"bottom","length":13.49518871307373}
{"name":"source_trace_5","package":"U_RAM","end":{"x":-0.03999999999999915,"y":-36.8},"expanded":1039507,"newVias":1,"reusedBootstrapLayer":"bottom","length":26.632530212402344}
{"name":"source_trace_0","package":"U_RAM","end":{"x":-1.4799999999999986,"y":-36.8},"expanded":2646192,"newVias":3,"reusedBootstrapLayer":"bottom","length":19.904205322265625}
{"name":"source_trace_19","package":"U_RAM","end":{"x":-2.4399999999999995,"y":-36.8},"expanded":2272558,"newVias":2,"reusedBootstrapLayer":"top","length":25.437728881835938}
{"package":"U_RAM","trial":7,"order":["source_trace_33","source_trace_34","source_trace_20","source_trace_9","source_trace_22","source_trace_7","source_trace_21","source_trace_45","source_trace_38","source_trace_46","source_trace_39","source_trace_18","source_trace_35","source_trace_23","source_trace_47","source_trace_6","source_trace_25","source_trace_48","source_trace_36","source_trace_5","source_trace_0","source_trace_19","source_trace_37","source_trace_44","source_trace_24","source_trace_8"],"failedName":"source_trace_37"}
{"name":"source_trace_33","package":"U_RAM","end":{"x":-5.8,"y":-36.8},"expanded":154367,"newVias":0,"reusedBootstrapLayer":"top","length":13.578174591064453}
{"name":"source_trace_34","package":"U_RAM","end":{"x":-5.4799999999999995,"y":-36.8},"expanded":247256,"newVias":1,"reusedBootstrapLayer":"bottom","length":11.88576889038086}
{"name":"source_trace_37","package":"U_RAM","end":{"x":-0.5199999999999996,"y":-36.8},"expanded":45562,"newVias":0,"reusedBootstrapLayer":"top","length":6.360142707824707}
{"name":"source_trace_20","package":"U_RAM","end":{"x":-7.239999999999999,"y":-36.8},"expanded":105546,"newVias":1,"reusedBootstrapLayer":"bottom","length":10.276753425598145}
{"name":"source_trace_9","package":"U_RAM","end":{"x":-3.4000000000000004,"y":-36.8},"expanded":104892,"newVias":2,"reusedBootstrapLayer":"top","length":4.779898643493652}
{"name":"source_trace_22","package":"U_RAM","end":{"x":-8.2,"y":-36.8},"expanded":63350,"newVias":1,"reusedBootstrapLayer":"bottom","length":9.589890480041504}
{"name":"source_trace_7","package":"U_RAM","end":{"x":-1.959999999999999,"y":-36.8},"expanded":16562,"newVias":1,"reusedBootstrapLayer":"bottom","length":8.494701385498047}
{"name":"source_trace_21","package":"U_RAM","end":{"x":-7.72,"y":-36.8},"expanded":210694,"newVias":1,"reusedBootstrapLayer":"bottom","length":14.391555786132812}
{"name":"source_trace_45","package":"U_RAM","end":{"x":-4.359999999999999,"y":-36.8},"expanded":102270,"newVias":1,"reusedBootstrapLayer":"bottom","length":9.231067657470703}
{"name":"source_trace_38","package":"U_RAM","end":{"x":-2.92,"y":-36.8},"expanded":45938,"newVias":1,"reusedBootstrapLayer":"bottom","length":6.706560134887695}
{"name":"source_trace_46","package":"U_RAM","end":{"x":-10.12,"y":-36.8},"expanded":158373,"newVias":1,"reusedBootstrapLayer":"bottom","length":15.644794464111328}
{"name":"source_trace_39","package":"U_RAM","end":{"x":2.84,"y":-36.8},"expanded":7437,"newVias":0,"reusedBootstrapLayer":"top","length":3.747939348220825}
{"name":"source_trace_18","package":"U_RAM","end":{"x":3.3200000000000003,"y":-36.8},"expanded":187562,"newVias":1,"reusedBootstrapLayer":"bottom","length":12.606173515319824}
{"name":"source_trace_35","package":"U_RAM","end":{"x":1.8800000000000008,"y":-36.8},"expanded":261910,"newVias":0,"reusedBootstrapLayer":"top","length":13.14156436920166}
{"name":"source_trace_23","package":"U_RAM","end":{"x":-9.64,"y":-36.8},"expanded":53232,"newVias":1,"reusedBootstrapLayer":"bottom","length":13.093321800231934}
{"name":"source_trace_47","package":"U_RAM","end":{"x":-9.16,"y":-36.8},"expanded":327022,"newVias":1,"reusedBootstrapLayer":"bottom","length":17.493322372436523}
{"name":"source_trace_6","package":"U_RAM","end":{"x":-8.68,"y":-36.8},"expanded":70415,"newVias":0,"reusedBootstrapLayer":"top","length":11.336997032165527}
{"name":"source_trace_25","package":"U_RAM","end":{"x":1.4000000000000004,"y":-36.8},"expanded":119978,"newVias":1,"reusedBootstrapLayer":"bottom","length":9.312447547912598}
{"name":"source_trace_48","package":"U_RAM","end":{"x":-1,"y":-36.8},"expanded":632875,"newVias":1,"reusedBootstrapLayer":"bottom","length":15.253522872924805}
{"name":"source_trace_36","package":"U_RAM","end":{"x":0.4400000000000013,"y":-36.8},"expanded":364670,"newVias":3,"reusedBootstrapLayer":"bottom","length":13.460184097290039}
{"package":"U_RAM","trial":8,"order":["source_trace_33","source_trace_34","source_trace_37","source_trace_20","source_trace_9","source_trace_22","source_trace_7","source_trace_21","source_trace_45","source_trace_38","source_trace_46","source_trace_39","source_trace_18","source_trace_35","source_trace_23","source_trace_47","source_trace_6","source_trace_25","source_trace_48","source_trace_36","source_trace_5","source_trace_0","source_trace_19","source_trace_44","source_trace_24","source_trace_8"],"failedName":"source_trace_5"}
{"name":"source_trace_33","package":"U_RAM","end":{"x":-5.8,"y":-36.8},"expanded":154367,"newVias":0,"reusedBootstrapLayer":"top","length":13.578174591064453}
{"name":"source_trace_34","package":"U_RAM","end":{"x":-5.4799999999999995,"y":-36.8},"expanded":247256,"newVias":1,"reusedBootstrapLayer":"bottom","length":11.88576889038086}
{"name":"source_trace_5","package":"U_RAM","end":{"x":-0.03999999999999915,"y":-36.8},"expanded":50707,"newVias":1,"reusedBootstrapLayer":"bottom","length":8.657055854797363}
{"name":"source_trace_37","package":"U_RAM","end":{"x":-0.5199999999999996,"y":-36.8},"expanded":121426,"newVias":1,"reusedBootstrapLayer":"bottom","length":6.1100921630859375}
{"name":"source_trace_20","package":"U_RAM","end":{"x":-7.239999999999999,"y":-36.8},"expanded":132666,"newVias":1,"reusedBootstrapLayer":"bottom","length":11.029890060424805}
{"name":"source_trace_9","package":"U_RAM","end":{"x":-3.4000000000000004,"y":-36.8},"expanded":120624,"newVias":2,"reusedBootstrapLayer":"top","length":4.779898643493652}
{"name":"source_trace_22","package":"U_RAM","end":{"x":-8.2,"y":-36.8},"expanded":83261,"newVias":1,"reusedBootstrapLayer":"bottom","length":9.589890480041504}
{"name":"source_trace_7","package":"U_RAM","end":{"x":-1.959999999999999,"y":-36.8},"expanded":179771,"newVias":3,"reusedBootstrapLayer":"bottom","length":8.785584449768066}
{"name":"source_trace_21","package":"U_RAM","end":{"x":-7.72,"y":-36.8},"expanded":291359,"newVias":1,"reusedBootstrapLayer":"bottom","length":15.897829055786133}
{"name":"source_trace_45","package":"U_RAM","end":{"x":-4.359999999999999,"y":-36.8},"expanded":139461,"newVias":1,"reusedBootstrapLayer":"bottom","length":10.395575523376465}
{"name":"source_trace_38","package":"U_RAM","end":{"x":-2.92,"y":-36.8},"expanded":212612,"newVias":0,"reusedBootstrapLayer":"top","length":10.9173002243042}
{"name":"source_trace_46","package":"U_RAM","end":{"x":-10.12,"y":-36.8},"expanded":156152,"newVias":1,"reusedBootstrapLayer":"bottom","length":16.012834548950195}
{"name":"source_trace_39","package":"U_RAM","end":{"x":2.84,"y":-36.8},"expanded":7609,"newVias":0,"reusedBootstrapLayer":"top","length":3.747939348220825}
{"name":"source_trace_18","package":"U_RAM","end":{"x":3.3200000000000003,"y":-36.8},"expanded":172620,"newVias":1,"reusedBootstrapLayer":"bottom","length":12.606173515319824}
{"name":"source_trace_35","package":"U_RAM","end":{"x":1.8800000000000008,"y":-36.8},"expanded":225055,"newVias":0,"reusedBootstrapLayer":"top","length":13.14156436920166}
{"name":"source_trace_23","package":"U_RAM","end":{"x":-9.64,"y":-36.8},"expanded":44284,"newVias":1,"reusedBootstrapLayer":"bottom","length":11.289301872253418}
{"name":"source_trace_47","package":"U_RAM","end":{"x":-9.16,"y":-36.8},"expanded":138249,"newVias":1,"reusedBootstrapLayer":"bottom","length":15.237443923950195}
{"name":"source_trace_6","package":"U_RAM","end":{"x":-8.68,"y":-36.8},"expanded":72778,"newVias":0,"reusedBootstrapLayer":"top","length":11.52444839477539}
{"package":"U_RAM","trial":9,"order":["source_trace_33","source_trace_34","source_trace_5","source_trace_37","source_trace_20","source_trace_9","source_trace_22","source_trace_7","source_trace_21","source_trace_45","source_trace_38","source_trace_46","source_trace_39","source_trace_18","source_trace_35","source_trace_23","source_trace_47","source_trace_6","source_trace_25","source_trace_48","source_trace_36","source_trace_0","source_trace_19","source_trace_44","source_trace_24","source_trace_8"],"failedName":"source_trace_25"}
{"name":"source_trace_33","package":"U_RAM","end":{"x":-5.8,"y":-36.8},"expanded":154367,"newVias":0,"reusedBootstrapLayer":"top","length":13.578174591064453}
{"name":"source_trace_34","package":"U_RAM","end":{"x":-5.4799999999999995,"y":-36.8},"expanded":247256,"newVias":1,"reusedBootstrapLayer":"bottom","length":11.88576889038086}
{"name":"source_trace_25","package":"U_RAM","end":{"x":1.4000000000000004,"y":-36.8},"expanded":64316,"newVias":1,"reusedBootstrapLayer":"bottom","length":4.476955413818359}
{"name":"source_trace_5","package":"U_RAM","end":{"x":-0.03999999999999915,"y":-36.8},"expanded":50706,"newVias":1,"reusedBootstrapLayer":"bottom","length":8.657055854797363}
{"name":"source_trace_37","package":"U_RAM","end":{"x":-0.5199999999999996,"y":-36.8},"expanded":195127,"newVias":0,"reusedBootstrapLayer":"top","length":9.317299842834473}
{"name":"source_trace_20","package":"U_RAM","end":{"x":-7.239999999999999,"y":-36.8},"expanded":132666,"newVias":1,"reusedBootstrapLayer":"bottom","length":11.029890060424805}
{"name":"source_trace_9","package":"U_RAM","end":{"x":-3.4000000000000004,"y":-36.8},"expanded":119591,"newVias":2,"reusedBootstrapLayer":"top","length":4.779898643493652}
{"name":"source_trace_22","package":"U_RAM","end":{"x":-8.2,"y":-36.8},"expanded":83261,"newVias":1,"reusedBootstrapLayer":"bottom","length":9.589890480041504}
{"name":"source_trace_7","package":"U_RAM","end":{"x":-1.959999999999999,"y":-36.8},"expanded":180451,"newVias":3,"reusedBootstrapLayer":"bottom","length":8.785584449768066}
{"name":"source_trace_21","package":"U_RAM","end":{"x":-7.72,"y":-36.8},"expanded":275390,"newVias":1,"reusedBootstrapLayer":"bottom","length":15.897829055786133}
{"name":"source_trace_45","package":"U_RAM","end":{"x":-4.359999999999999,"y":-36.8},"expanded":152393,"newVias":1,"reusedBootstrapLayer":"bottom","length":11.001462936401367}
{"name":"source_trace_38","package":"U_RAM","end":{"x":-2.92,"y":-36.8},"expanded":181625,"newVias":1,"reusedBootstrapLayer":"bottom","length":10.50676155090332}
{"name":"source_trace_46","package":"U_RAM","end":{"x":-10.12,"y":-36.8},"expanded":228401,"newVias":1,"reusedBootstrapLayer":"bottom","length":17.96950340270996}
{"name":"source_trace_39","package":"U_RAM","end":{"x":2.84,"y":-36.8},"expanded":7497,"newVias":0,"reusedBootstrapLayer":"top","length":3.747939348220825}
{"name":"source_trace_18","package":"U_RAM","end":{"x":3.3200000000000003,"y":-36.8},"expanded":171225,"newVias":1,"reusedBootstrapLayer":"bottom","length":12.606173515319824}
{"name":"source_trace_35","package":"U_RAM","end":{"x":1.8800000000000008,"y":-36.8},"expanded":202307,"newVias":2,"reusedBootstrapLayer":"top","length":8.674112319946289}
{"name":"source_trace_23","package":"U_RAM","end":{"x":-9.64,"y":-36.8},"expanded":48365,"newVias":1,"reusedBootstrapLayer":"bottom","length":11.289301872253418}
{"name":"source_trace_47","package":"U_RAM","end":{"x":-9.16,"y":-36.8},"expanded":177298,"newVias":1,"reusedBootstrapLayer":"bottom","length":17.06156349182129}
{"name":"source_trace_6","package":"U_RAM","end":{"x":-8.68,"y":-36.8},"expanded":72778,"newVias":0,"reusedBootstrapLayer":"top","length":11.52444839477539}
{"name":"source_trace_48","package":"U_RAM","end":{"x":-1,"y":-36.8},"expanded":573745,"newVias":1,"reusedBootstrapLayer":"bottom","length":14.970680236816406}
{"name":"source_trace_36","package":"U_RAM","end":{"x":0.4400000000000013,"y":-36.8},"expanded":188933,"newVias":0,"reusedBootstrapLayer":"top","length":15.70808219909668}
{"name":"source_trace_0","package":"U_RAM","end":{"x":-1.4799999999999986,"y":-36.8},"expanded":919854,"newVias":1,"reusedBootstrapLayer":"bottom","length":17.464406967163086}
{"package":"U_RAM","trial":10,"order":["source_trace_33","source_trace_34","source_trace_25","source_trace_5","source_trace_37","source_trace_20","source_trace_9","source_trace_22","source_trace_7","source_trace_21","source_trace_45","source_trace_38","source_trace_46","source_trace_39","source_trace_18","source_trace_35","source_trace_23","source_trace_47","source_trace_6","source_trace_48","source_trace_36","source_trace_0","source_trace_19","source_trace_44","source_trace_24","source_trace_8"],"failedName":"source_trace_19"}
{"name":"source_trace_33","package":"U_RAM","end":{"x":-5.8,"y":-36.8},"expanded":154367,"newVias":0,"reusedBootstrapLayer":"top","length":13.578174591064453}
{"name":"source_trace_34","package":"U_RAM","end":{"x":-5.4799999999999995,"y":-36.8},"expanded":247256,"newVias":1,"reusedBootstrapLayer":"bottom","length":11.88576889038086}
{"name":"source_trace_19","package":"U_RAM","end":{"x":-2.4399999999999995,"y":-36.8},"expanded":102818,"newVias":1,"reusedBootstrapLayer":"bottom","length":9.906905174255371}
{"name":"source_trace_25","package":"U_RAM","end":{"x":1.4000000000000004,"y":-36.8},"expanded":63678,"newVias":1,"reusedBootstrapLayer":"bottom","length":4.476955413818359}
{"name":"source_trace_5","package":"U_RAM","end":{"x":-0.03999999999999915,"y":-36.8},"expanded":174002,"newVias":1,"reusedBootstrapLayer":"bottom","length":10.809016227722168}
{"name":"source_trace_37","package":"U_RAM","end":{"x":-0.5199999999999996,"y":-36.8},"expanded":76993,"newVias":1,"reusedBootstrapLayer":"bottom","length":6.043818473815918}
{"name":"source_trace_20","package":"U_RAM","end":{"x":-7.239999999999999,"y":-36.8},"expanded":123547,"newVias":1,"reusedBootstrapLayer":"bottom","length":11.029890060424805}
{"name":"source_trace_9","package":"U_RAM","end":{"x":-3.4000000000000004,"y":-36.8},"expanded":119575,"newVias":2,"reusedBootstrapLayer":"top","length":4.779898643493652}
{"name":"source_trace_22","package":"U_RAM","end":{"x":-8.2,"y":-36.8},"expanded":83261,"newVias":1,"reusedBootstrapLayer":"bottom","length":9.589890480041504}
{"name":"source_trace_7","package":"U_RAM","end":{"x":-1.959999999999999,"y":-36.8},"expanded":193370,"newVias":3,"reusedBootstrapLayer":"bottom","length":9.021564483642578}
{"name":"source_trace_21","package":"U_RAM","end":{"x":-7.72,"y":-36.8},"expanded":140162,"newVias":2,"reusedBootstrapLayer":"top","length":14.67474365234375}
{"name":"source_trace_45","package":"U_RAM","end":{"x":-4.359999999999999,"y":-36.8},"expanded":193885,"newVias":1,"reusedBootstrapLayer":"bottom","length":12.079310417175293}
{"name":"source_trace_38","package":"U_RAM","end":{"x":-2.92,"y":-36.8},"expanded":117021,"newVias":0,"reusedBootstrapLayer":"top","length":11.198477745056152}
{"name":"source_trace_46","package":"U_RAM","end":{"x":-10.12,"y":-36.8},"expanded":200430,"newVias":1,"reusedBootstrapLayer":"bottom","length":17.82038688659668}
{"name":"source_trace_39","package":"U_RAM","end":{"x":2.84,"y":-36.8},"expanded":7609,"newVias":0,"reusedBootstrapLayer":"top","length":3.747939348220825}
{"name":"source_trace_18","package":"U_RAM","end":{"x":3.3200000000000003,"y":-36.8},"expanded":233259,"newVias":1,"reusedBootstrapLayer":"bottom","length":13.356955528259277}
{"name":"source_trace_35","package":"U_RAM","end":{"x":1.8800000000000008,"y":-36.8},"expanded":204058,"newVias":0,"reusedBootstrapLayer":"top","length":12.860386848449707}
{"name":"source_trace_23","package":"U_RAM","end":{"x":-9.64,"y":-36.8},"expanded":45253,"newVias":1,"reusedBootstrapLayer":"bottom","length":11.289301872253418}
{"name":"source_trace_47","package":"U_RAM","end":{"x":-9.16,"y":-36.8},"expanded":71724,"newVias":2,"reusedBootstrapLayer":"top","length":16.713624954223633}
{"name":"source_trace_6","package":"U_RAM","end":{"x":-8.68,"y":-36.8},"expanded":72778,"newVias":0,"reusedBootstrapLayer":"top","length":11.52444839477539}
{"name":"source_trace_48","package":"U_RAM","end":{"x":-1,"y":-36.8},"expanded":6004208,"newVias":4,"reusedBootstrapLayer":"top","length":28.31307601928711}
{"package":"U_RAM","trial":11,"order":["source_trace_33","source_trace_34","source_trace_19","source_trace_25","source_trace_5","source_trace_37","source_trace_20","source_trace_9","source_trace_22","source_trace_7","source_trace_21","source_trace_45","source_trace_38","source_trace_46","source_trace_39","source_trace_18","source_trace_35","source_trace_23","source_trace_47","source_trace_6","source_trace_48","source_trace_36","source_trace_0","source_trace_44","source_trace_24","source_trace_8"],"failedName":"source_trace_36"}
