{"name":"source_trace_15","package":"U_RAM","end":{"x":5.040000000000001,"y":-18},"expanded":37471,"newVias":0,"reusedBootstrapLayer":"bottom","length":10.101849555969238}
{"name":"source_trace_16","package":"U_RAM","end":{"x":5.359999999999999,"y":-18},"expanded":61321,"newVias":0,"reusedBootstrapLayer":"bottom","length":11.503026962280273}
{"name":"source_trace_3","package":"U_RAM","end":{"x":2.8000000000000007,"y":-18},"expanded":28124,"newVias":0,"reusedBootstrapLayer":"bottom","length":9.575676918029785}
{"name":"source_trace_30","package":"U_RAM","end":{"x":6,"y":-18},"expanded":47678,"newVias":0,"reusedBootstrapLayer":"bottom","length":8.631757736206055}
{"name":"source_trace_42","package":"U_RAM","end":{"x":6.800000000000001,"y":-18},"expanded":23799,"newVias":0,"reusedBootstrapLayer":"bottom","length":9.244305610656738}
{"name":"source_trace_14","package":"U_RAM","end":{"x":3.5999999999999996,"y":-18},"expanded":200406,"newVias":1,"reusedBootstrapLayer":"top","length":8.588224411010742}
{"name":"source_trace_17","package":"U_RAM","end":{"x":7.600000000000001,"y":-18},"expanded":176588,"newVias":0,"reusedBootstrapLayer":"bottom","length":15.665727615356445}
{"name":"source_trace_4","package":"U_RAM","end":{"x":8.400000000000002,"y":-18},"expanded":189733,"newVias":0,"reusedBootstrapLayer":"bottom","length":18.457687377929688}
{"name":"source_trace_31","package":"U_RAM","end":{"x":4.4,"y":-18},"expanded":520302,"newVias":2,"reusedBootstrapLayer":"bottom","length":9.051858901977539}
{"name":"source_trace_43","package":"U_RAM","end":{"x":9.2,"y":-18},"expanded":70279,"newVias":0,"reusedBootstrapLayer":"bottom","length":15.632245063781738}
{"name":"source_trace_32","package":"U_RAM","end":{"x":10,"y":-18},"expanded":126106,"newVias":0,"reusedBootstrapLayer":"bottom","length":17.13332176208496}
{"name":"source_trace_15","package":"U_SOC","end":{"x":5.04,"y":-10.5},"expanded":15365,"newVias":0,"reusedBootstrapLayer":"bottom","length":3.7307820320129395}
{"name":"source_trace_16","package":"U_SOC","end":{"x":5.36,"y":-10.5},"expanded":7243,"newVias":0,"reusedBootstrapLayer":"bottom","length":4.663330554962158}
{"name":"source_trace_3","package":"U_SOC","end":{"x":2.8000000000000003,"y":-10.5},"expanded":12288,"newVias":0,"reusedBootstrapLayer":"bottom","length":3.4656853675842285}
{"name":"source_trace_30","package":"U_SOC","end":{"x":6,"y":-10.5},"expanded":26121,"newVias":0,"reusedBootstrapLayer":"bottom","length":7.187838554382324}
{"name":"source_trace_42","package":"U_SOC","end":{"x":3.6000000000000005,"y":-10.5},"expanded":1072,"newVias":0,"reusedBootstrapLayer":"bottom","length":4.265685558319092}
{"name":"source_trace_14","package":"U_SOC","end":{"x":6.8,"y":-10.5},"expanded":40588,"newVias":0,"reusedBootstrapLayer":"bottom","length":8.319209098815918}
{"name":"source_trace_17","package":"U_SOC","end":{"x":7.6,"y":-10.5},"expanded":71723,"newVias":0,"reusedBootstrapLayer":"bottom","length":12.088225364685059}
{"name":"source_trace_4","package":"U_SOC","end":{"x":4.4,"y":-10.5},"expanded":159333,"newVias":1,"reusedBootstrapLayer":"top","length":5.685096740722656}
{"name":"source_trace_31","package":"U_SOC","end":{"x":8.4,"y":-10.5},"expanded":26213,"newVias":0,"reusedBootstrapLayer":"bottom","length":10.198519706726074}
{"name":"source_trace_43","package":"U_SOC","end":{"x":9.200000000000001,"y":-10.5},"expanded":201115,"newVias":1,"reusedBootstrapLayer":"top","length":10.55851936340332}
{"name":"source_trace_32","package":"U_SOC","end":{"x":10,"y":-10.5},"expanded":141686,"newVias":1,"reusedBootstrapLayer":"top","length":8.829647064208984}
