{"name":"source_trace_18","pass":0,"penalty":0.4,"expanded":207411,"newVias":0,"lengthMm":25.75017602880201,"overlapCost":0,"elapsedSeconds":0.300523083,"gridMm":0.04}
{"name":"source_trace_22","pass":0,"penalty":0.4,"expanded":37599,"newVias":0,"lengthMm":22.287148622007603,"overlapCost":0,"elapsedSeconds":0.04455325000000005,"gridMm":0.04}
{"name":"source_trace_7","pass":0,"penalty":0.4,"expanded":238779,"newVias":0,"lengthMm":26.20036938863957,"overlapCost":3.2000000476834067,"elapsedSeconds":0.29604987500000013,"gridMm":0.04}
{"name":"source_trace_48","pass":0,"penalty":0.4,"expanded":1129947,"newVias":2,"lengthMm":17.27253100892385,"overlapCost":13.200000196695179,"elapsedSeconds":1.588231708,"gridMm":0.04}
{"name":"source_trace_8","coarseGridFailure":{"error":"no clearance-preserving bridge","expanded":0,"startBlocked":[true,true],"goalBlocked":[false,false]}}
{"name":"source_trace_8","pass":0,"penalty":0.4,"expanded":505227,"newVias":2,"lengthMm":23.309402589451775,"overlapCost":0,"elapsedSeconds":0.6295708750000003,"gridMm":0.02}
{"name":"source_trace_25","pass":0,"penalty":0.4,"expanded":464525,"newVias":2,"lengthMm":32.23586145375122,"overlapCost":0,"elapsedSeconds":0.6060149590000001,"gridMm":0.04}
{"name":"source_trace_44","pass":0,"penalty":0.4,"expanded":478127,"newVias":4,"lengthMm":26.792531008923824,"overlapCost":0,"elapsedSeconds":0.6165665410000002,"gridMm":0.04}
{"name":"source_trace_38","pass":0,"penalty":0.4,"expanded":232177,"newVias":2,"lengthMm":30.140470401317213,"overlapCost":0,"elapsedSeconds":0.2826779579999993,"gridMm":0.04}
{"name":"source_trace_37","pass":0,"penalty":0.4,"expanded":1228425,"newVias":4,"lengthMm":33.04694659665224,"overlapCost":4.400000065564505,"elapsedSeconds":1.784987082999999,"gridMm":0.04}
{"name":"source_trace_24","pass":0,"penalty":0.4,"expanded":1102652,"newVias":2,"lengthMm":28.499982668964428,"overlapCost":15.20000022649716,"elapsedSeconds":2.094704291,"gridMm":0.04}
{"name":"source_trace_45","pass":0,"penalty":0.4,"expanded":1163338,"newVias":3,"lengthMm":32.63988165628677,"overlapCost":8.80000013112965,"elapsedSeconds":1.7446417090000013,"gridMm":0.04}
{"name":"source_trace_5","coarseGridFailure":{"error":"no clearance-preserving bridge","expanded":3466245,"startBlocked":[false,false],"goalBlocked":[false,false]}}
{"name":"source_trace_5","pass":0,"penalty":0.4,"expanded":13694887,"newVias":2,"lengthMm":35.53320343559643,"overlapCost":48.00000071525684,"elapsedSeconds":26.285704792000004,"gridMm":0.02}
{"name":"source_trace_20","pass":0,"penalty":0.4,"expanded":1250681,"newVias":2,"lengthMm":17.597930726875624,"overlapCost":24.000000357627655,"elapsedSeconds":2.1168359160000034,"gridMm":0.04}
{"name":"source_trace_9","pass":0,"penalty":0.4,"expanded":2896820,"newVias":0,"lengthMm":19.669200564096432,"overlapCost":46.80000069737412,"elapsedSeconds":4.775051416999995,"gridMm":0.04}
{"name":"source_trace_0","pass":0,"penalty":0.4,"expanded":3271628,"newVias":0,"lengthMm":23.447232303649713,"overlapCost":46.0000006854532,"elapsedSeconds":5.322287541000005,"gridMm":0.04}
{"name":"source_trace_47","pass":0,"penalty":0.4,"expanded":1708305,"newVias":0,"lengthMm":14.612144289248723,"overlapCost":43.20000070333467,"elapsedSeconds":2.4533168330000046,"gridMm":0.04}
{"name":"source_trace_35","pass":0,"penalty":0.4,"expanded":3419210,"newVias":0,"lengthMm":21.308998538741093,"overlapCost":63.60000115633011,"elapsedSeconds":4.943131292000006,"gridMm":0.04}
{"name":"source_trace_39","pass":0,"penalty":0.4,"expanded":17350,"newVias":1,"lengthMm":16.180958133670035,"overlapCost":0,"elapsedSeconds":0.057255709000004575,"gridMm":0.04}
{"name":"source_trace_19","pass":0,"penalty":0.4,"expanded":432638,"newVias":2,"lengthMm":18.384490603852782,"overlapCost":10.000000149011505,"elapsedSeconds":0.9273006250000035,"gridMm":0.04}
{"name":"source_trace_21","pass":0,"penalty":0.4,"expanded":952786,"newVias":2,"lengthMm":10.978031739553293,"overlapCost":37.6000005602835,"elapsedSeconds":1.6354173330000048,"gridMm":0.04}
{"name":"source_trace_36","pass":0,"penalty":0.4,"expanded":464575,"newVias":2,"lengthMm":14.493607486307097,"overlapCost":11.200000166892911,"elapsedSeconds":0.6266575420000008,"gridMm":0.04}
{"name":"source_trace_6","pass":0,"penalty":0.4,"expanded":1456980,"newVias":2,"lengthMm":10.745382386916232,"overlapCost":44.000000655650936,"elapsedSeconds":2.932100959000003,"gridMm":0.04}
{"name":"source_trace_23","pass":0,"penalty":0.4,"expanded":1063387,"newVias":4,"lengthMm":18.593708498984736,"overlapCost":26.400000393390325,"elapsedSeconds":1.7242202090000065,"gridMm":0.04}
{"name":"source_trace_46","pass":0,"penalty":0.4,"expanded":1026703,"newVias":0,"lengthMm":10.229890321804561,"overlapCost":44.40000066161141,"elapsedSeconds":2.0316908330000008,"gridMm":0.04}
{"negotiationPass":0,"conflictingChannels":24,"conflictNames":["source_trace_18","source_trace_22","source_trace_7","source_trace_48","source_trace_8","source_trace_25","source_trace_44","source_trace_38","source_trace_37","source_trace_24","source_trace_45","source_trace_5","source_trace_20","source_trace_9","source_trace_0","source_trace_47","source_trace_35","source_trace_39","source_trace_19","source_trace_21","source_trace_36","source_trace_6","source_trace_23","source_trace_46"]}
{"name":"source_trace_18","pass":1,"penalty":0.8,"expanded":3353982,"newVias":2,"lengthMm":50.47890619158119,"overlapCost":44.00000065565065,"elapsedSeconds":7.072543583000006,"gridMm":0.04}
{"name":"source_trace_22","pass":1,"penalty":0.8,"expanded":2234941,"newVias":2,"lengthMm":25.628712831743638,"overlapCost":68.80000102519989,"elapsedSeconds":3.8509373749999942,"gridMm":0.04}
{"name":"source_trace_7","pass":1,"penalty":0.8,"expanded":3404999,"newVias":2,"lengthMm":47.951639225860355,"overlapCost":84.00000560283584,"elapsedSeconds":6.049861374999993,"gridMm":0.04}
{"name":"source_trace_48","pass":1,"penalty":0.8,"expanded":1945461,"newVias":0,"lengthMm":16.87184125121572,"overlapCost":51.200001239776576,"elapsedSeconds":3.371137917,"gridMm":0.04}
{"name":"source_trace_8","coarseGridFailure":{"error":"no clearance-preserving bridge","expanded":0,"startBlocked":[true,true],"goalBlocked":[false,false]}}
{"name":"source_trace_8","pass":1,"penalty":0.8,"expanded":5468171,"newVias":2,"lengthMm":25.423170260293144,"overlapCost":90.40000134706281,"elapsedSeconds":15.053600582999993,"gridMm":0.02}
{"name":"source_trace_25","pass":1,"penalty":0.8,"expanded":2731017,"newVias":2,"lengthMm":51.934582951012544,"overlapCost":15.200000226497636,"elapsedSeconds":6.685898707999994,"gridMm":0.04}
{"name":"source_trace_44","pass":1,"penalty":0.8,"expanded":461510,"newVias":4,"lengthMm":26.975962466428896,"overlapCost":21.60000032186469,"elapsedSeconds":0.7360531249999913,"gridMm":0.04}
{"name":"source_trace_38","pass":1,"penalty":0.8,"expanded":1433101,"newVias":4,"lengthMm":44.49957861825373,"overlapCost":21.60000032186459,"elapsedSeconds":2.6010190829999917,"gridMm":0.04}
{"name":"source_trace_37","pass":1,"penalty":0.8,"expanded":1619563,"newVias":4,"lengthMm":42.96154687870048,"overlapCost":12.800000190733961,"elapsedSeconds":3.007514625000011,"gridMm":0.04}
{"name":"source_trace_24","pass":1,"penalty":0.8,"expanded":808933,"newVias":4,"lengthMm":32.13478497636797,"overlapCost":19.200000286101712,"elapsedSeconds":1.4375084170000045,"gridMm":0.04}
{"name":"source_trace_45","pass":1,"penalty":0.8,"expanded":2501495,"newVias":3,"lengthMm":31.159393923933987,"overlapCost":39.20000064373009,"elapsedSeconds":4.619167208999977,"gridMm":0.04}
{"name":"source_trace_5","coarseGridFailure":{"error":"no clearance-preserving bridge","expanded":3466245,"startBlocked":[false,false],"goalBlocked":[false,false]}}
{"name":"source_trace_5","pass":1,"penalty":0.8,"expanded":9733294,"newVias":4,"lengthMm":53.73888886054577,"overlapCost":12.00000017881699,"elapsedSeconds":16.27592320799999,"gridMm":0.02}
{"name":"source_trace_20","pass":1,"penalty":0.8,"expanded":10958,"newVias":2,"lengthMm":17.517930726875612,"overlapCost":0,"elapsedSeconds":0.015398083000007319,"gridMm":0.04}
{"name":"source_trace_9","pass":1,"penalty":0.8,"expanded":577504,"newVias":4,"lengthMm":23.303313113791855,"overlapCost":17.600000321864773,"elapsedSeconds":0.8686667500000039,"gridMm":0.04}
{"name":"source_trace_0","pass":1,"penalty":0.8,"expanded":828400,"newVias":0,"lengthMm":20.146155826266472,"overlapCost":30.400000452995016,"elapsedSeconds":1.301965416000021,"gridMm":0.04}
{"name":"source_trace_47","pass":1,"penalty":0.8,"expanded":567259,"newVias":0,"lengthMm":14.380184694319798,"overlapCost":32.800000488757775,"elapsedSeconds":0.8523651249999821,"gridMm":0.04}
{"name":"source_trace_35","pass":1,"penalty":0.8,"expanded":776691,"newVias":0,"lengthMm":19.498115421195415,"overlapCost":19.20000028610211,"elapsedSeconds":1.2506787920000206,"gridMm":0.04}
{"name":"source_trace_39","pass":1,"penalty":0.8,"expanded":687453,"newVias":1,"lengthMm":16.180958133670035,"overlapCost":18.40000033378593,"elapsedSeconds":1.0402039170000061,"gridMm":0.04}
{"name":"source_trace_19","pass":1,"penalty":0.8,"expanded":347736,"newVias":4,"lengthMm":14.783515139147202,"overlapCost":11.200000166892895,"elapsedSeconds":0.5691257079999777,"gridMm":0.04}
{"name":"source_trace_21","pass":1,"penalty":0.8,"expanded":143874,"newVias":2,"lengthMm":10.746072144624359,"overlapCost":27.200000405311414,"elapsedSeconds":0.25919920800000545,"gridMm":0.04}
{"name":"source_trace_36","pass":1,"penalty":0.8,"expanded":581658,"newVias":2,"lengthMm":14.394196231337556,"overlapCost":20.000000298023163,"elapsedSeconds":0.8898897500000021,"gridMm":0.04}
{"name":"source_trace_6","pass":1,"penalty":0.8,"expanded":55521,"newVias":2,"lengthMm":11.012834046956842,"overlapCost":20.800000309943947,"elapsedSeconds":0.07689050000000862,"gridMm":0.04}
{"name":"source_trace_23","pass":1,"penalty":0.8,"expanded":509955,"newVias":4,"lengthMm":18.26233764908626,"overlapCost":6.4000000953671226,"elapsedSeconds":0.7487337920000137,"gridMm":0.04}
{"name":"source_trace_46","pass":1,"penalty":0.8,"expanded":733904,"newVias":0,"lengthMm":9.081463197058376,"overlapCost":35.20000052452073,"elapsedSeconds":1.177086041999981,"gridMm":0.04}
{"negotiationPass":1,"conflictingChannels":23,"conflictNames":["source_trace_18","source_trace_22","source_trace_7","source_trace_48","source_trace_8","source_trace_25","source_trace_44","source_trace_38","source_trace_37","source_trace_24","source_trace_45","source_trace_5","source_trace_9","source_trace_0","source_trace_47","source_trace_35","source_trace_39","source_trace_19","source_trace_21","source_trace_36","source_trace_6","source_trace_23","source_trace_46"]}
{"name":"source_trace_18","pass":2,"penalty":1.6,"expanded":2058740,"newVias":0,"lengthMm":56.85105048082984,"overlapCost":0,"elapsedSeconds":3.7343324589999973,"gridMm":0.04}
{"name":"source_trace_22","pass":2,"penalty":1.6,"expanded":951563,"newVias":2,"lengthMm":24.460184694319768,"overlapCost":52.800000905990416,"elapsedSeconds":1.6947339999999966,"gridMm":0.04}
{"name":"source_trace_7","pass":2,"penalty":1.6,"expanded":1881918,"newVias":2,"lengthMm":47.78595380091108,"overlapCost":12.800000190734302,"elapsedSeconds":2.6089052500000105,"gridMm":0.04}
{"name":"source_trace_48","pass":2,"penalty":1.6,"expanded":1749586,"newVias":2,"lengthMm":19.617627688842628,"overlapCost":43.200000643729965,"elapsedSeconds":2.625421624999988,"gridMm":0.04}
{"name":"source_trace_8","coarseGridFailure":{"error":"no clearance-preserving bridge","expanded":0,"startBlocked":[true,true],"goalBlocked":[false,false]}}
{"name":"source_trace_8","pass":2,"penalty":1.6,"expanded":10092399,"newVias":2,"lengthMm":24.80895669792005,"overlapCost":99.20000147819326,"elapsedSeconds":19.41294074999998,"gridMm":0.02}
{"name":"source_trace_25","pass":2,"penalty":1.6,"expanded":884536,"newVias":2,"lengthMm":44.20105914634768,"overlapCost":0,"elapsedSeconds":1.1920657079999801,"gridMm":0.04}
{"name":"source_trace_44","pass":2,"penalty":1.6,"expanded":742280,"newVias":4,"lengthMm":26.451454531540577,"overlapCost":25.60000038146932,"elapsedSeconds":1.044102041999984,"gridMm":0.04}
{"name":"source_trace_38","pass":2,"penalty":1.6,"expanded":341748,"newVias":2,"lengthMm":44.104978336205534,"overlapCost":0,"elapsedSeconds":0.4310469999999914,"gridMm":0.04}
{"name":"source_trace_37","pass":2,"penalty":1.6,"expanded":477106,"newVias":2,"lengthMm":42.59703894381216,"overlapCost":0,"elapsedSeconds":0.6043029160000151,"gridMm":0.04}
{"name":"source_trace_24","pass":2,"penalty":1.6,"expanded":1267875,"newVias":4,"lengthMm":60.48280805040348,"overlapCost":0,"elapsedSeconds":1.7219081249999872,"gridMm":0.04}
{"name":"source_trace_45","pass":2,"penalty":1.6,"expanded":325316,"newVias":3,"lengthMm":29.22802307403551,"overlapCost":12.80000019073444,"elapsedSeconds":0.4031972090000054,"gridMm":0.04}
{"name":"source_trace_5","coarseGridFailure":{"error":"no clearance-preserving bridge","expanded":3466245,"startBlocked":[false,false],"goalBlocked":[false,false]}}
{"name":"source_trace_5","pass":2,"penalty":1.6,"expanded":9852715,"newVias":2,"lengthMm":49.4997806436092,"overlapCost":30.400000452997304,"elapsedSeconds":21.898027250000013,"gridMm":0.02}
{"name":"source_trace_9","pass":2,"penalty":1.6,"expanded":329983,"newVias":4,"lengthMm":23.645769106591334,"overlapCost":12.800000190734504,"elapsedSeconds":0.4213799589999835,"gridMm":0.04}
{"name":"source_trace_0","pass":2,"penalty":1.6,"expanded":998364,"newVias":4,"lengthMm":23.98047040131724,"overlapCost":36.800000548362966,"elapsedSeconds":1.3583760410000105,"gridMm":0.04}
{"name":"source_trace_47","pass":2,"penalty":1.6,"expanded":357069,"newVias":0,"lengthMm":14.364793641885784,"overlapCost":33.60000050067872,"elapsedSeconds":0.45756958299997497,"gridMm":0.04}
{"name":"source_trace_35","pass":2,"penalty":1.6,"expanded":392380,"newVias":0,"lengthMm":18.232531008923836,"overlapCost":12.80000019073471,"elapsedSeconds":0.5155730829999957,"gridMm":0.04}
{"name":"source_trace_39","pass":2,"penalty":1.6,"expanded":588875,"newVias":1,"lengthMm":16.32154687870049,"overlapCost":17.600000262260355,"elapsedSeconds":0.7568602499999979,"gridMm":0.04}
{"name":"source_trace_19","pass":2,"penalty":1.6,"expanded":1325814,"newVias":4,"lengthMm":14.209789309126897,"overlapCost":43.20000064373023,"elapsedSeconds":1.6411793330000073,"gridMm":0.04}
{"name":"source_trace_21","pass":2,"penalty":1.6,"expanded":9982,"newVias":2,"lengthMm":10.944894654563447,"overlapCost":12.800000190734677,"elapsedSeconds":0.010995750000001863,"gridMm":0.04}
{"name":"source_trace_36","pass":2,"penalty":1.6,"expanded":736131,"newVias":2,"lengthMm":14.142825381439078,"overlapCost":27.200000405311552,"elapsedSeconds":0.8972744579999998,"gridMm":0.04}
{"name":"source_trace_6","pass":2,"penalty":1.6,"expanded":17668,"newVias":2,"lengthMm":10.919108216936538,"overlapCost":25.600000381469492,"elapsedSeconds":0.01941541600000346,"gridMm":0.04}
{"name":"source_trace_23","pass":2,"penalty":1.6,"expanded":545078,"newVias":4,"lengthMm":17.24812408671318,"overlapCost":12.800000190734561,"elapsedSeconds":0.6603703749999986,"gridMm":0.04}
{"name":"source_trace_46","pass":2,"penalty":1.6,"expanded":798939,"newVias":0,"lengthMm":9.744894654563453,"overlapCost":40.00000059604627,"elapsedSeconds":0.9742908750000061,"gridMm":0.04}
{"name":"source_trace_20","pass":2,"penalty":1.6,"expanded":19963,"newVias":2,"lengthMm":17.367636354360386,"overlapCost":17.600000262260075,"elapsedSeconds":0.021435459000000264,"gridMm":0.04}
{"negotiationPass":2,"conflictingChannels":19,"conflictNames":["source_trace_22","source_trace_7","source_trace_48","source_trace_8","source_trace_44","source_trace_45","source_trace_5","source_trace_20","source_trace_9","source_trace_0","source_trace_47","source_trace_35","source_trace_39","source_trace_19","source_trace_21","source_trace_36","source_trace_6","source_trace_23","source_trace_46"]}
{"name":"source_trace_22","pass":3,"penalty":3.2,"expanded":1081993,"newVias":2,"lengthMm":23.526946596652262,"overlapCost":70.40000104904156,"elapsedSeconds":1.2840064159999893,"gridMm":0.04}
{"name":"source_trace_7","pass":3,"penalty":3.2,"expanded":2142085,"newVias":2,"lengthMm":47.78595380091108,"overlapCost":25.600000381469393,"elapsedSeconds":2.846866957999999,"gridMm":0.04}
{"name":"source_trace_48","pass":3,"penalty":3.2,"expanded":1141685,"newVias":2,"lengthMm":18.735962466428916,"overlapCost":51.20000076293934,"elapsedSeconds":1.3907170000000042,"gridMm":0.04}
{"name":"source_trace_8","coarseGridFailure":{"error":"no clearance-preserving bridge","expanded":0,"startBlocked":[true,true],"goalBlocked":[false,false]}}
{"name":"source_trace_8","pass":3,"penalty":3.2,"expanded":9050639,"newVias":4,"lengthMm":25.154398256692893,"overlapCost":140.80000209808824,"elapsedSeconds":11.714554874999973,"gridMm":0.02}
{"name":"source_trace_44","pass":3,"penalty":3.2,"expanded":28473,"newVias":4,"lengthMm":27.13096679918779,"overlapCost":0,"elapsedSeconds":0.03276624999998603,"gridMm":0.04}
{"name":"source_trace_45","pass":3,"penalty":3.2,"expanded":527028,"newVias":3,"lengthMm":29.22802307403551,"overlapCost":25.600000381469304,"elapsedSeconds":0.6222391250000219,"gridMm":0.04}
{"name":"source_trace_5","coarseGridFailure":{"error":"no clearance-preserving bridge","expanded":3466245,"startBlocked":[false,false],"goalBlocked":[false,false]}}
{"name":"source_trace_5","pass":3,"penalty":3.2,"expanded":11451713,"newVias":2,"lengthMm":49.52321210111428,"overlapCost":105.60000371933207,"elapsedSeconds":24.048168209000025,"gridMm":0.02}
{"name":"source_trace_9","pass":3,"penalty":3.2,"expanded":268857,"newVias":4,"lengthMm":23.21263202160149,"overlapCost":25.600000381469375,"elapsedSeconds":0.4870696670000325,"gridMm":0.04}
{"name":"source_trace_0","pass":3,"penalty":3.2,"expanded":1277521,"newVias":4,"lengthMm":22.815962466428914,"overlapCost":60.80000090599232,"elapsedSeconds":3.060277000000002,"gridMm":0.04}
{"name":"source_trace_47","pass":3,"penalty":3.2,"expanded":599864,"newVias":2,"lengthMm":14.864204896855325,"overlapCost":25.600000381469577,"elapsedSeconds":0.8777911250000471,"gridMm":0.04}
{"name":"source_trace_35","pass":3,"penalty":3.2,"expanded":860205,"newVias":0,"lengthMm":18.232531008923836,"overlapCost":25.600000381469577,"elapsedSeconds":1.5350872090000194,"gridMm":0.04}
{"name":"source_trace_39","pass":3,"penalty":3.2,"expanded":33426,"newVias":1,"lengthMm":17.082724368761394,"overlapCost":0,"elapsedSeconds":0.05606475000001956,"gridMm":0.04}
{"name":"source_trace_19","pass":3,"penalty":3.2,"expanded":51264,"newVias":4,"lengthMm":13.49782971419796,"overlapCost":0,"elapsedSeconds":0.07617179200000829,"gridMm":0.04}
{"name":"source_trace_21","pass":3,"penalty":3.2,"expanded":83960,"newVias":2,"lengthMm":10.944894654563441,"overlapCost":70.4000010490417,"elapsedSeconds":0.13417183299997124,"gridMm":0.04}
{"name":"source_trace_36","pass":3,"penalty":3.2,"expanded":23229,"newVias":2,"lengthMm":13.641059146347708,"overlapCost":0,"elapsedSeconds":0.039529999999969735,"gridMm":0.04}
{"name":"source_trace_6","pass":3,"penalty":3.2,"expanded":3394846,"newVias":0,"lengthMm":17.48645886429948,"overlapCost":227.2000033855449,"elapsedSeconds":9.22543524999998,"gridMm":0.04}
{"name":"source_trace_23","pass":3,"penalty":3.2,"expanded":702362,"newVias":4,"lengthMm":17.08243866176394,"overlapCost":25.60000038146943,"elapsedSeconds":1.6280738339999807,"gridMm":0.04}
{"name":"source_trace_46","pass":3,"penalty":3.2,"expanded":1034349,"newVias":2,"lengthMm":8.925483399593908,"overlapCost":51.20000076293939,"elapsedSeconds":2.2965437500000117,"gridMm":0.04}
{"name":"source_trace_20","pass":3,"penalty":3.2,"expanded":15618,"newVias":2,"lengthMm":17.260184694319776,"overlapCost":35.200000524520526,"elapsedSeconds":0.030118000000016763,"gridMm":0.04}
{"name":"source_trace_18","pass":3,"penalty":3.2,"expanded":1799781,"newVias":0,"lengthMm":54.26331311379181,"overlapCost":0,"elapsedSeconds":4.948263875000004,"gridMm":0.04}
{"name":"source_trace_25","pass":3,"penalty":3.2,"expanded":800661,"newVias":2,"lengthMm":44.16792206135785,"overlapCost":0,"elapsedSeconds":2.230585625000007,"gridMm":0.04}
{"name":"source_trace_38","pass":3,"penalty":3.2,"expanded":2823056,"newVias":4,"lengthMm":50.34359882078924,"overlapCost":105.60000348091042,"elapsedSeconds":6.912167874999985,"gridMm":0.04}
{"name":"source_trace_37","pass":3,"penalty":3.2,"expanded":181116,"newVias":2,"lengthMm":42.59703894381216,"overlapCost":0,"elapsedSeconds":0.48660341700003484,"gridMm":0.04}
{"name":"source_trace_24","pass":3,"penalty":3.2,"expanded":887754,"newVias":4,"lengthMm":54.56585278823343,"overlapCost":0,"elapsedSeconds":2.5361925000000047,"gridMm":0.04}
{"negotiationPass":3,"conflictingChannels":15,"conflictNames":["source_trace_18","source_trace_22","source_trace_7","source_trace_48","source_trace_38","source_trace_45","source_trace_5","source_trace_20","source_trace_9","source_trace_0","source_trace_47","source_trace_35","source_trace_6","source_trace_23","source_trace_46"]}
{"name":"source_trace_18","pass":4,"penalty":6.4,"expanded":1752077,"newVias":0,"lengthMm":57.26075610831464,"overlapCost":0,"elapsedSeconds":4.350009833000018,"gridMm":0.04}
{"name":"source_trace_22","pass":4,"penalty":6.4,"expanded":2225566,"newVias":2,"lengthMm":23.602926394116725,"overlapCost":96.00000143051139,"elapsedSeconds":4.859933250000002,"gridMm":0.04}
{"name":"source_trace_7","pass":4,"penalty":6.4,"expanded":2509171,"newVias":2,"lengthMm":47.78595380091108,"overlapCost":51.20000076293915,"elapsedSeconds":4.125063792000001,"gridMm":0.04}
{"name":"source_trace_48","pass":4,"penalty":6.4,"expanded":1873017,"newVias":6,"lengthMm":65.65840112819289,"overlapCost":51.20000076293978,"elapsedSeconds":2.4393051250000135,"gridMm":0.04}
{"name":"source_trace_45","pass":4,"penalty":6.4,"expanded":755253,"newVias":3,"lengthMm":29.22802307403551,"overlapCost":51.2000007629391,"elapsedSeconds":0.955139291999978,"gridMm":0.04}
{"name":"source_trace_5","coarseGridFailure":{"error":"no clearance-preserving bridge","expanded":3466245,"startBlocked":[false,false],"goalBlocked":[false,false]}}
{"name":"source_trace_5","pass":4,"penalty":6.4,"expanded":9457163,"newVias":6,"lengthMm":53.06692926561675,"overlapCost":96.00000143051483,"elapsedSeconds":13.061049709000043,"gridMm":0.02}
{"name":"source_trace_9","pass":4,"penalty":6.4,"expanded":395603,"newVias":4,"lengthMm":22.5096882964492,"overlapCost":51.200000762941244,"elapsedSeconds":0.5074897919999785,"gridMm":0.04}
{"name":"source_trace_0","pass":4,"penalty":6.4,"expanded":2514014,"newVias":2,"lengthMm":71.14417023478426,"overlapCost":102.40000152588617,"elapsedSeconds":3.196503874999995,"gridMm":0.04}
{"name":"source_trace_47","pass":4,"penalty":6.4,"expanded":853583,"newVias":2,"lengthMm":13.063717164502535,"overlapCost":51.20000076293964,"elapsedSeconds":1.0217887909999699,"gridMm":0.04}
{"name":"source_trace_35","pass":4,"penalty":6.4,"expanded":2730490,"newVias":0,"lengthMm":18.365079348883235,"overlapCost":102.40000152587939,"elapsedSeconds":3.5241885000000477,"gridMm":0.04}
{"name":"source_trace_6","pass":4,"penalty":6.4,"expanded":2610800,"newVias":0,"lengthMm":14.150580079512695,"overlapCost":102.40000152587898,"elapsedSeconds":3.373650292000035,"gridMm":0.04}
{"name":"source_trace_23","pass":4,"penalty":6.4,"expanded":269491,"newVias":4,"lengthMm":16.78420489685531,"overlapCost":0,"elapsedSeconds":0.3473620419999934,"gridMm":0.04}
{"name":"source_trace_46","pass":4,"penalty":6.4,"expanded":1057911,"newVias":4,"lengthMm":8.925483399593904,"overlapCost":51.20000076293945,"elapsedSeconds":1.2704968750000116,"gridMm":0.04}
{"name":"source_trace_20","pass":4,"penalty":6.4,"expanded":6648,"newVias":2,"lengthMm":17.133321779309625,"overlapCost":0,"elapsedSeconds":0.0072807080000056885,"gridMm":0.04}
{"name":"source_trace_38","pass":4,"penalty":6.4,"expanded":247671,"newVias":2,"lengthMm":41.022135623730904,"overlapCost":0,"elapsedSeconds":0.3006953340000473,"gridMm":0.04}
{"name":"source_trace_8","coarseGridFailure":{"error":"no clearance-preserving bridge","expanded":0,"startBlocked":[true,true],"goalBlocked":[false,false]}}
{"name":"source_trace_8","pass":4,"penalty":6.4,"expanded":218191,"newVias":2,"lengthMm":24.062539674441624,"overlapCost":0,"elapsedSeconds":0.2534701659999555,"gridMm":0.02}
{"name":"source_trace_25","pass":4,"penalty":6.4,"expanded":799818,"newVias":4,"lengthMm":41.29263202160146,"overlapCost":0,"elapsedSeconds":1.1415031660000095,"gridMm":0.04}
{"name":"source_trace_44","pass":4,"penalty":6.4,"expanded":78504,"newVias":2,"lengthMm":27.48243866176393,"overlapCost":0,"elapsedSeconds":0.10174145899998258,"gridMm":0.04}
{"name":"source_trace_39","pass":4,"penalty":6.4,"expanded":31288,"newVias":1,"lengthMm":16.965567081236014,"overlapCost":0,"elapsedSeconds":0.0492903749999823,"gridMm":0.04}
{"name":"source_trace_19","pass":4,"penalty":6.4,"expanded":38841,"newVias":4,"lengthMm":13.49782971419796,"overlapCost":0,"elapsedSeconds":0.06770150000002469,"gridMm":0.04}
{"name":"source_trace_21","pass":4,"penalty":6.4,"expanded":14109,"newVias":2,"lengthMm":10.580386719675113,"overlapCost":0,"elapsedSeconds":0.021644874999998138,"gridMm":0.04}
{"name":"source_trace_36","pass":4,"penalty":6.4,"expanded":25738,"newVias":2,"lengthMm":13.641059146347708,"overlapCost":0,"elapsedSeconds":0.04063904200005345,"gridMm":0.04}
{"name":"source_trace_37","pass":4,"penalty":6.4,"expanded":163802,"newVias":2,"lengthMm":42.59703894381216,"overlapCost":0,"elapsedSeconds":0.35710083300003315,"gridMm":0.04}
{"name":"source_trace_24","pass":4,"penalty":6.4,"expanded":283063,"newVias":4,"lengthMm":51.093405460951715,"overlapCost":0,"elapsedSeconds":0.4327162499999977,"gridMm":0.04}
{"negotiationPass":4,"conflictingChannels":11,"conflictNames":["source_trace_18","source_trace_22","source_trace_7","source_trace_48","source_trace_45","source_trace_5","source_trace_0","source_trace_47","source_trace_35","source_trace_6","source_trace_46"]}
{"name":"source_trace_18","pass":5,"penalty":12.8,"expanded":1644043,"newVias":2,"lengthMm":56.94713129097205,"overlapCost":0,"elapsedSeconds":2.1402744999999994,"gridMm":0.04}
{"name":"source_trace_22","pass":5,"penalty":12.8,"expanded":2661084,"newVias":4,"lengthMm":29.059982668964434,"overlapCost":179.2000026702874,"elapsedSeconds":3.3862694999999947,"gridMm":0.04}
{"name":"source_trace_7","pass":5,"penalty":12.8,"expanded":676167,"newVias":2,"lengthMm":47.78595380091108,"overlapCost":102.40000152587797,"elapsedSeconds":0.866941708999977,"gridMm":0.04}
{"name":"source_trace_48","pass":5,"penalty":12.8,"expanded":1168072,"newVias":4,"lengthMm":65.27947760557613,"overlapCost":0,"elapsedSeconds":1.3795600829999894,"gridMm":0.04}
{"name":"source_trace_45","pass":5,"penalty":12.8,"expanded":1028323,"newVias":3,"lengthMm":28.160571413994905,"overlapCost":102.4000015258785,"elapsedSeconds":1.2500347090000288,"gridMm":0.04}
{"name":"source_trace_5","coarseGridFailure":{"error":"no clearance-preserving bridge","expanded":3466245,"startBlocked":[false,false],"goalBlocked":[false,false]}}
{"name":"source_trace_5","pass":5,"penalty":12.8,"expanded":5410953,"newVias":2,"lengthMm":53.66311108843651,"overlapCost":2.8350655156827997e-12,"elapsedSeconds":7.682040749999985,"gridMm":0.02}
{"name":"source_trace_0","pass":5,"penalty":12.8,"expanded":1308587,"newVias":2,"lengthMm":65.25535639036296,"overlapCost":0,"elapsedSeconds":1.5765768340000068,"gridMm":0.04}
{"name":"source_trace_47","pass":5,"penalty":12.8,"expanded":21987,"newVias":2,"lengthMm":13.461362184380704,"overlapCost":0,"elapsedSeconds":0.025959458000026643,"gridMm":0.04}
{"name":"source_trace_35","pass":5,"penalty":12.8,"expanded":2664982,"newVias":2,"lengthMm":23.802034611053273,"overlapCost":102.40000152587837,"elapsedSeconds":3.859346292000031,"gridMm":0.04}
{"name":"source_trace_6","pass":5,"penalty":12.8,"expanded":2846481,"newVias":0,"lengthMm":12.632935059634509,"overlapCost":102.4000015258791,"elapsedSeconds":3.876185791999975,"gridMm":0.04}
{"name":"source_trace_46","pass":5,"penalty":12.8,"expanded":96352,"newVias":4,"lengthMm":8.362152954766499,"overlapCost":0,"elapsedSeconds":0.11601145799999359,"gridMm":0.04}
{"name":"source_trace_8","coarseGridFailure":{"error":"no clearance-preserving bridge","expanded":0,"startBlocked":[true,true],"goalBlocked":[false,false]}}
{"name":"source_trace_8","pass":5,"penalty":12.8,"expanded":132904,"newVias":2,"lengthMm":23.309402589451775,"overlapCost":0,"elapsedSeconds":0.1516389589999453,"gridMm":0.02}
{"name":"source_trace_25","pass":5,"penalty":12.8,"expanded":797038,"newVias":2,"lengthMm":45.002724368761335,"overlapCost":0,"elapsedSeconds":1.008944332999992,"gridMm":0.04}
{"name":"source_trace_44","pass":5,"penalty":12.8,"expanded":2313378,"newVias":2,"lengthMm":32.25693793113448,"overlapCost":140.80000209808296,"elapsedSeconds":2.8059144589999923,"gridMm":0.04}
{"name":"source_trace_9","pass":5,"penalty":12.8,"expanded":146754,"newVias":4,"lengthMm":21.85998266896443,"overlapCost":0,"elapsedSeconds":0.1748841249999823,"gridMm":0.04}
{"name":"source_trace_23","pass":5,"penalty":12.8,"expanded":243405,"newVias":4,"lengthMm":16.5676363543604,"overlapCost":0,"elapsedSeconds":0.30566304200002925,"gridMm":0.04}
{"name":"source_trace_20","pass":5,"penalty":12.8,"expanded":6474,"newVias":2,"lengthMm":17.133321779309625,"overlapCost":0,"elapsedSeconds":0.0072308340000454335,"gridMm":0.04}
{"name":"source_trace_38","pass":5,"penalty":12.8,"expanded":249471,"newVias":2,"lengthMm":40.787821048680144,"overlapCost":0,"elapsedSeconds":0.30349883400002725,"gridMm":0.04}
{"name":"source_trace_39","pass":5,"penalty":12.8,"expanded":36608,"newVias":1,"lengthMm":16.965567081236014,"overlapCost":0,"elapsedSeconds":0.047850291000038854,"gridMm":0.04}
{"name":"source_trace_19","pass":5,"penalty":12.8,"expanded":63006,"newVias":4,"lengthMm":13.49782971419796,"overlapCost":0,"elapsedSeconds":0.09120395799999824,"gridMm":0.04}
{"name":"source_trace_21","pass":5,"penalty":12.8,"expanded":194550,"newVias":2,"lengthMm":10.58038671967512,"overlapCost":51.20000076293941,"elapsedSeconds":0.24747691600001417,"gridMm":0.04}
{"name":"source_trace_36","pass":5,"penalty":12.8,"expanded":26067,"newVias":2,"lengthMm":13.641059146347706,"overlapCost":1.7763568394002505e-15,"elapsedSeconds":0.03515554099995643,"gridMm":0.04}
{"name":"source_trace_37","pass":5,"penalty":12.8,"expanded":297149,"newVias":2,"lengthMm":42.59703894381216,"overlapCost":0,"elapsedSeconds":0.43244637499999955,"gridMm":0.04}
{"name":"source_trace_24","pass":5,"penalty":12.8,"expanded":663913,"newVias":4,"lengthMm":49.29458295101264,"overlapCost":0,"elapsedSeconds":0.9283759580000187,"gridMm":0.04}
{"negotiationPass":5,"conflictingChannels":6,"conflictNames":["source_trace_7","source_trace_44","source_trace_45","source_trace_0","source_trace_35","source_trace_6"]}
{"name":"source_trace_7","pass":6,"penalty":25.6,"expanded":2214014,"newVias":2,"lengthMm":47.78595380091108,"overlapCost":204.80000305175705,"elapsedSeconds":2.7543941670000205,"gridMm":0.04}
{"name":"source_trace_44","pass":6,"penalty":25.6,"expanded":2319135,"newVias":2,"lengthMm":32.02262335608372,"overlapCost":281.60000419616654,"elapsedSeconds":3.0671377080000237,"gridMm":0.04}
{"name":"source_trace_45","pass":6,"penalty":25.6,"expanded":1434171,"newVias":3,"lengthMm":28.16057141399489,"overlapCost":204.80000305175733,"elapsedSeconds":1.716931291999994,"gridMm":0.04}
{"name":"source_trace_0","pass":6,"penalty":25.6,"expanded":1447270,"newVias":4,"lengthMm":63.71123517514961,"overlapCost":0,"elapsedSeconds":1.7404907920000259,"gridMm":0.04}
{"name":"source_trace_35","pass":6,"penalty":25.6,"expanded":2638520,"newVias":2,"lengthMm":22.953506473629417,"overlapCost":204.80000305175707,"elapsedSeconds":3.2699645000000017,"gridMm":0.04}
{"name":"source_trace_6","pass":6,"penalty":25.6,"expanded":2895764,"newVias":0,"lengthMm":12.215189027078674,"overlapCost":204.8000030517575,"elapsedSeconds":3.6978825410000282,"gridMm":0.04}
{"name":"source_trace_18","pass":6,"penalty":25.6,"expanded":1917419,"newVias":2,"lengthMm":54.771740238538044,"overlapCost":0,"elapsedSeconds":2.508213374999992,"gridMm":0.04}
{"name":"source_trace_22","pass":6,"penalty":25.6,"expanded":76778,"newVias":2,"lengthMm":25.23273303427915,"overlapCost":0,"elapsedSeconds":0.08771708299999591,"gridMm":0.04}
{"name":"source_trace_48","pass":6,"penalty":25.6,"expanded":1001103,"newVias":6,"lengthMm":64.56946894005831,"overlapCost":3.694822225952521e-13,"elapsedSeconds":1.1539247079999768,"gridMm":0.04}
{"name":"source_trace_8","coarseGridFailure":{"error":"no clearance-preserving bridge","expanded":0,"startBlocked":[true,true],"goalBlocked":[false,false]}}
{"name":"source_trace_8","pass":6,"penalty":25.6,"expanded":179188,"newVias":2,"lengthMm":23.309402589451782,"overlapCost":0,"elapsedSeconds":0.20761762500001352,"gridMm":0.02}
{"name":"source_trace_25","pass":6,"penalty":25.6,"expanded":754507,"newVias":2,"lengthMm":44.67135351886286,"overlapCost":0,"elapsedSeconds":1.0641618339999694,"gridMm":0.04}
{"name":"source_trace_5","coarseGridFailure":{"error":"no clearance-preserving bridge","expanded":3466245,"startBlocked":[false,false],"goalBlocked":[false,false]}}
{"name":"source_trace_5","pass":6,"penalty":25.6,"expanded":4806547,"newVias":2,"lengthMm":51.456248173426374,"overlapCost":2.4797941478027496e-12,"elapsedSeconds":7.201322166000027,"gridMm":0.02}
{"name":"source_trace_47","pass":6,"penalty":25.6,"expanded":7520,"newVias":0,"lengthMm":13.55508801440101,"overlapCost":0,"elapsedSeconds":0.009452667000005022,"gridMm":0.04}
{"name":"source_trace_46","pass":6,"penalty":25.6,"expanded":97579,"newVias":4,"lengthMm":8.295878784786805,"overlapCost":0,"elapsedSeconds":0.1452010419999715,"gridMm":0.04}
{"name":"source_trace_9","pass":6,"penalty":25.6,"expanded":1702008,"newVias":4,"lengthMm":21.85998266896443,"overlapCost":76.8000011444109,"elapsedSeconds":2.4833665829999956,"gridMm":0.04}
{"name":"source_trace_23","pass":6,"penalty":25.6,"expanded":264381,"newVias":4,"lengthMm":16.5676363543604,"overlapCost":0,"elapsedSeconds":0.37079208399995695,"gridMm":0.04}
{"name":"source_trace_20","pass":6,"penalty":25.6,"expanded":10222,"newVias":2,"lengthMm":17.133321779309625,"overlapCost":0,"elapsedSeconds":0.018043084000004456,"gridMm":0.04}
{"name":"source_trace_38","pass":6,"penalty":25.6,"expanded":224587,"newVias":2,"lengthMm":40.787821048680144,"overlapCost":0,"elapsedSeconds":0.34359962500003166,"gridMm":0.04}
{"name":"source_trace_39","pass":6,"penalty":25.6,"expanded":37324,"newVias":1,"lengthMm":16.965567081236014,"overlapCost":0,"elapsedSeconds":0.05416041700000642,"gridMm":0.04}
{"name":"source_trace_19","pass":6,"penalty":25.6,"expanded":42977,"newVias":4,"lengthMm":13.49782971419796,"overlapCost":0,"elapsedSeconds":0.05913949999999022,"gridMm":0.04}
{"name":"source_trace_21","pass":6,"penalty":25.6,"expanded":969832,"newVias":2,"lengthMm":10.580386719675122,"overlapCost":204.80000305175764,"elapsedSeconds":1.3940110420000273,"gridMm":0.04}
{"name":"source_trace_36","pass":6,"penalty":25.6,"expanded":28763,"newVias":2,"lengthMm":13.641059146347708,"overlapCost":0,"elapsedSeconds":0.04846037500002422,"gridMm":0.04}
{"name":"source_trace_37","pass":6,"penalty":25.6,"expanded":255221,"newVias":2,"lengthMm":42.63017602880201,"overlapCost":0,"elapsedSeconds":0.5080460420000018,"gridMm":0.04}
{"name":"source_trace_24","pass":6,"penalty":25.6,"expanded":2242437,"newVias":4,"lengthMm":53.5218325856979,"overlapCost":307.20000457763615,"elapsedSeconds":4.614818917000026,"gridMm":0.04}
{"negotiationPass":6,"conflictingChannels":6,"conflictNames":["source_trace_7","source_trace_24","source_trace_45","source_trace_5","source_trace_35","source_trace_6"]}
{"name":"source_trace_7","pass":7,"penalty":25.6,"expanded":1352668,"newVias":4,"lengthMm":56.338199102837514,"overlapCost":0,"elapsedSeconds":2.151985874999955,"gridMm":0.04}
{"name":"source_trace_45","pass":7,"penalty":25.6,"expanded":139733,"newVias":3,"lengthMm":28.16057141399488,"overlapCost":51.20000076293922,"elapsedSeconds":0.19741487500001675,"gridMm":0.04}
{"name":"source_trace_35","pass":7,"penalty":25.6,"expanded":2577643,"newVias":2,"lengthMm":22.953506473629417,"overlapCost":204.80000305175707,"elapsedSeconds":3.8762282080000734,"gridMm":0.04}
{"name":"source_trace_6","pass":7,"penalty":25.6,"expanded":156697,"newVias":0,"lengthMm":11.86371716450253,"overlapCost":204.8000030517575,"elapsedSeconds":0.2182795000000624,"gridMm":0.04}
{"name":"source_trace_5","coarseGridFailure":{"error":"no clearance-preserving bridge","expanded":3466245,"startBlocked":[false,false],"goalBlocked":[false,false]}}
{"name":"source_trace_5","pass":7,"penalty":25.6,"expanded":10210127,"newVias":2,"lengthMm":49.152816715921304,"overlapCost":384.0000057220316,"elapsedSeconds":19.392273999999976,"gridMm":0.02}
{"name":"source_trace_24","pass":7,"penalty":25.6,"expanded":717142,"newVias":4,"lengthMm":51.77791339584003,"overlapCost":0,"elapsedSeconds":1.4123288330000359,"gridMm":0.04}
{"name":"source_trace_18","pass":7,"penalty":25.6,"expanded":1639101,"newVias":2,"lengthMm":51.58948627109385,"overlapCost":0,"elapsedSeconds":4.199087874999968,"gridMm":0.04}
{"name":"source_trace_22","pass":7,"penalty":25.6,"expanded":200247,"newVias":2,"lengthMm":25.11557574675377,"overlapCost":76.80000114441222,"elapsedSeconds":0.4087737499999348,"gridMm":0.04}
{"name":"source_trace_48","pass":7,"penalty":25.6,"expanded":1258963,"newVias":4,"lengthMm":67.34936792738068,"overlapCost":3.979039320256561e-13,"elapsedSeconds":2.4249198750000214,"gridMm":0.04}
{"name":"source_trace_8","coarseGridFailure":{"error":"no clearance-preserving bridge","expanded":0,"startBlocked":[true,true],"goalBlocked":[false,false]}}
{"name":"source_trace_8","pass":7,"penalty":25.6,"expanded":130492,"newVias":2,"lengthMm":23.309402589451775,"overlapCost":0,"elapsedSeconds":0.8292162499999395,"gridMm":0.02}
{"name":"source_trace_25","pass":7,"penalty":25.6,"expanded":746680,"newVias":2,"lengthMm":44.67135351886286,"overlapCost":0,"elapsedSeconds":1.8954662089999765,"gridMm":0.04}
{"name":"source_trace_44","pass":7,"penalty":25.6,"expanded":1683525,"newVias":2,"lengthMm":30.559191898578625,"overlapCost":76.80000114440938,"elapsedSeconds":4.568758249999956,"gridMm":0.04}
{"name":"source_trace_0","pass":7,"penalty":25.6,"expanded":697780,"newVias":4,"lengthMm":63.18104181531207,"overlapCost":0,"elapsedSeconds":2.146067541999975,"gridMm":0.04}
{"name":"source_trace_47","pass":7,"penalty":25.6,"expanded":6831,"newVias":0,"lengthMm":13.461362184380702,"overlapCost":0,"elapsedSeconds":0.017830166999949142,"gridMm":0.04}
{"name":"source_trace_46","pass":7,"penalty":25.6,"expanded":97528,"newVias":4,"lengthMm":8.295878784786803,"overlapCost":0,"elapsedSeconds":0.1880485409999965,"gridMm":0.04}
{"name":"source_trace_9","pass":7,"penalty":25.6,"expanded":965030,"newVias":4,"lengthMm":21.85998266896443,"overlapCost":76.8000011444109,"elapsedSeconds":1.7927086670000572,"gridMm":0.04}
{"name":"source_trace_23","pass":7,"penalty":25.6,"expanded":267577,"newVias":4,"lengthMm":16.5676363543604,"overlapCost":0,"elapsedSeconds":0.49307337500003634,"gridMm":0.04}
{"name":"source_trace_20","pass":7,"penalty":25.6,"expanded":10512,"newVias":2,"lengthMm":17.133321779309625,"overlapCost":0,"elapsedSeconds":0.021005499999970197,"gridMm":0.04}
{"name":"source_trace_38","pass":7,"penalty":25.6,"expanded":218344,"newVias":2,"lengthMm":40.787821048680144,"overlapCost":0,"elapsedSeconds":0.3899358329999959,"gridMm":0.04}
{"name":"source_trace_39","pass":7,"penalty":25.6,"expanded":36107,"newVias":1,"lengthMm":16.965567081236014,"overlapCost":0,"elapsedSeconds":0.07268470900005196,"gridMm":0.04}
{"name":"source_trace_19","pass":7,"penalty":25.6,"expanded":42960,"newVias":4,"lengthMm":13.49782971419796,"overlapCost":0,"elapsedSeconds":0.07551733299996703,"gridMm":0.04}
{"name":"source_trace_21","pass":7,"penalty":25.6,"expanded":1553506,"newVias":2,"lengthMm":10.580386719675115,"overlapCost":307.2000045776367,"elapsedSeconds":2.7556396249999526,"gridMm":0.04}
{"name":"source_trace_36","pass":7,"penalty":25.6,"expanded":28023,"newVias":2,"lengthMm":13.641059146347708,"overlapCost":0,"elapsedSeconds":0.05304337500000838,"gridMm":0.04}
{"name":"source_trace_37","pass":7,"penalty":25.6,"expanded":2211582,"newVias":4,"lengthMm":47.47135351886291,"overlapCost":409.60000610351665,"elapsedSeconds":4.292059499999974,"gridMm":0.04}
{"negotiationPass":7,"conflictingChannels":5,"conflictNames":["source_trace_7","source_trace_37","source_trace_24","source_trace_35","source_trace_6"]}
{"name":"source_trace_7","pass":8,"penalty":25.6,"expanded":1462453,"newVias":4,"lengthMm":54.89888886054563,"overlapCost":76.80000114441248,"elapsedSeconds":3.341842082999996,"gridMm":0.04}
{"name":"source_trace_35","pass":8,"penalty":25.6,"expanded":2593547,"newVias":2,"lengthMm":22.953506473629417,"overlapCost":204.80000305175707,"elapsedSeconds":5.166395374999964,"gridMm":0.04}
{"name":"source_trace_6","pass":8,"penalty":25.6,"expanded":159483,"newVias":0,"lengthMm":11.86371716450253,"overlapCost":204.8000030517575,"elapsedSeconds":0.2729867499999236,"gridMm":0.04}
{"name":"source_trace_24","pass":8,"penalty":25.6,"expanded":772208,"newVias":4,"lengthMm":54.51330444827404,"overlapCost":0,"elapsedSeconds":1.4947185000000753,"gridMm":0.04}
{"name":"source_trace_37","pass":8,"penalty":25.6,"expanded":402953,"newVias":4,"lengthMm":44.71488598904566,"overlapCost":0,"elapsedSeconds":0.7375682920000981,"gridMm":0.04}
{"name":"source_trace_18","pass":8,"penalty":25.6,"expanded":1614984,"newVias":2,"lengthMm":51.58948627109385,"overlapCost":0,"elapsedSeconds":3.2607112499999347,"gridMm":0.04}
{"name":"source_trace_22","pass":8,"penalty":25.6,"expanded":202159,"newVias":2,"lengthMm":25.11557574675377,"overlapCost":76.80000114441222,"elapsedSeconds":0.3315577079999493,"gridMm":0.04}
{"name":"source_trace_48","pass":8,"penalty":25.6,"expanded":1492106,"newVias":2,"lengthMm":65.89397687494667,"overlapCost":0,"elapsedSeconds":2.3032515829999465,"gridMm":0.04}
{"name":"source_trace_8","coarseGridFailure":{"error":"no clearance-preserving bridge","expanded":0,"startBlocked":[true,true],"goalBlocked":[false,false]}}
{"name":"source_trace_8","pass":8,"penalty":25.6,"expanded":130528,"newVias":2,"lengthMm":23.30940258945178,"overlapCost":0,"elapsedSeconds":0.19507429100002627,"gridMm":0.02}
{"name":"source_trace_25","pass":8,"penalty":25.6,"expanded":738783,"newVias":2,"lengthMm":44.67135351886286,"overlapCost":0,"elapsedSeconds":1.38837820799998,"gridMm":0.04}
{"name":"source_trace_44","pass":8,"penalty":25.6,"expanded":1701504,"newVias":2,"lengthMm":30.465466068558335,"overlapCost":76.80000114440924,"elapsedSeconds":2.8983767920000245,"gridMm":0.04}
{"name":"source_trace_45","pass":8,"penalty":25.6,"expanded":168493,"newVias":3,"lengthMm":28.160571413994884,"overlapCost":153.6000022888178,"elapsedSeconds":0.2469181250000838,"gridMm":0.04}
{"name":"source_trace_5","coarseGridFailure":{"error":"no clearance-preserving bridge","expanded":3466245,"startBlocked":[false,false],"goalBlocked":[false,false]}}
{"name":"source_trace_5","pass":8,"penalty":25.6,"expanded":3624142,"newVias":2,"lengthMm":48.27884701972461,"overlapCost":1.9682033780554775e-12,"elapsedSeconds":6.059851417000056,"gridMm":0.02}
{"name":"source_trace_0","pass":8,"penalty":25.6,"expanded":1108493,"newVias":4,"lengthMm":59.71094946815218,"overlapCost":0,"elapsedSeconds":1.4871997919999995,"gridMm":0.04}
{"name":"source_trace_47","pass":8,"penalty":25.6,"expanded":6476,"newVias":0,"lengthMm":13.461362184380702,"overlapCost":0,"elapsedSeconds":0.01031604199996218,"gridMm":0.04}
{"name":"source_trace_46","pass":8,"penalty":25.6,"expanded":98481,"newVias":4,"lengthMm":8.295878784786803,"overlapCost":0,"elapsedSeconds":0.13593370900000445,"gridMm":0.04}
{"name":"source_trace_9","pass":8,"penalty":25.6,"expanded":1666860,"newVias":4,"lengthMm":21.859982668964438,"overlapCost":76.8000011444109,"elapsedSeconds":2.2021833330000518,"gridMm":0.04}
{"name":"source_trace_23","pass":8,"penalty":25.6,"expanded":268940,"newVias":4,"lengthMm":16.5676363543604,"overlapCost":0,"elapsedSeconds":0.34927995799994094,"gridMm":0.04}
{"name":"source_trace_20","pass":8,"penalty":25.6,"expanded":10512,"newVias":2,"lengthMm":17.133321779309625,"overlapCost":0,"elapsedSeconds":0.012073666000040248,"gridMm":0.04}
{"name":"source_trace_38","pass":8,"penalty":25.6,"expanded":200764,"newVias":2,"lengthMm":40.787821048680144,"overlapCost":0,"elapsedSeconds":0.24345483299996704,"gridMm":0.04}
{"name":"source_trace_39","pass":8,"penalty":25.6,"expanded":32691,"newVias":1,"lengthMm":16.965567081236014,"overlapCost":0,"elapsedSeconds":0.04433133299998008,"gridMm":0.04}
{"name":"source_trace_19","pass":8,"penalty":25.6,"expanded":38794,"newVias":4,"lengthMm":13.49782971419796,"overlapCost":0,"elapsedSeconds":0.050149832999915815,"gridMm":0.04}
{"name":"source_trace_21","pass":8,"penalty":25.6,"expanded":2039762,"newVias":2,"lengthMm":10.58038671967512,"overlapCost":307.2000045776367,"elapsedSeconds":2.514309165999992,"gridMm":0.04}
{"name":"source_trace_36","pass":8,"penalty":25.6,"expanded":29543,"newVias":2,"lengthMm":13.641059146347708,"overlapCost":0,"elapsedSeconds":0.03877316700003575,"gridMm":0.04}
{"negotiationPass":8,"conflictingChannels":4,"conflictNames":["source_trace_8","source_trace_45","source_trace_35","source_trace_6"]}
{"name":"source_trace_8","coarseGridFailure":{"error":"no clearance-preserving bridge","expanded":0,"startBlocked":[true,true],"goalBlocked":[false,false]}}
{"name":"source_trace_8","pass":9,"penalty":25.6,"expanded":139414,"newVias":2,"lengthMm":23.568813844421317,"overlapCost":0,"elapsedSeconds":0.17073441699997055,"gridMm":0.02}
{"name":"source_trace_35","pass":9,"penalty":25.6,"expanded":2571825,"newVias":2,"lengthMm":22.953506473629417,"overlapCost":204.80000305175707,"elapsedSeconds":3.237214459000039,"gridMm":0.04}
{"name":"source_trace_6","pass":9,"penalty":25.6,"expanded":169834,"newVias":0,"lengthMm":11.86371716450253,"overlapCost":204.8000030517575,"elapsedSeconds":0.2052976669999771,"gridMm":0.04}
{"name":"source_trace_45","pass":9,"penalty":25.6,"expanded":86417,"newVias":3,"lengthMm":28.160571413994884,"overlapCost":0,"elapsedSeconds":0.10462916699994822,"gridMm":0.04}
{"name":"source_trace_18","pass":9,"penalty":25.6,"expanded":1615673,"newVias":2,"lengthMm":51.58948627109385,"overlapCost":0,"elapsedSeconds":2.133431542000035,"gridMm":0.04}
{"name":"source_trace_22","pass":9,"penalty":25.6,"expanded":211713,"newVias":2,"lengthMm":25.11557574675377,"overlapCost":76.80000114441222,"elapsedSeconds":0.25264199999999254,"gridMm":0.04}
{"name":"source_trace_7","pass":9,"penalty":25.6,"expanded":1127285,"newVias":4,"lengthMm":60.57320343559637,"overlapCost":0,"elapsedSeconds":1.8694957080000314,"gridMm":0.04}
{"name":"source_trace_48","pass":9,"penalty":25.6,"expanded":1479928,"newVias":2,"lengthMm":65.40191626734006,"overlapCost":0,"elapsedSeconds":2.3916835829999763,"gridMm":0.04}
{"name":"source_trace_25","pass":9,"penalty":25.6,"expanded":692656,"newVias":2,"lengthMm":44.202724368761324,"overlapCost":0,"elapsedSeconds":1.2501041249999543,"gridMm":0.04}
{"name":"source_trace_44","pass":9,"penalty":25.6,"expanded":1690214,"newVias":2,"lengthMm":30.465466068558335,"overlapCost":76.80000114440924,"elapsedSeconds":2.8845924589999488,"gridMm":0.04}
{"name":"source_trace_24","pass":9,"penalty":25.6,"expanded":603182,"newVias":4,"lengthMm":53.46928424573852,"overlapCost":0,"elapsedSeconds":0.7829382079999195,"gridMm":0.04}
{"name":"source_trace_37","pass":9,"penalty":25.6,"expanded":397704,"newVias":4,"lengthMm":43.47537372139844,"overlapCost":0,"elapsedSeconds":0.5350087079999503,"gridMm":0.04}
{"name":"source_trace_5","coarseGridFailure":{"error":"no clearance-preserving bridge","expanded":3466245,"startBlocked":[false,false],"goalBlocked":[false,false]}}
{"name":"source_trace_5","pass":9,"penalty":25.6,"expanded":2970416,"newVias":2,"lengthMm":48.06345596729059,"overlapCost":1.9539925233402755e-12,"elapsedSeconds":4.059459916999913,"gridMm":0.02}
{"name":"source_trace_0","pass":9,"penalty":25.6,"expanded":1030090,"newVias":4,"lengthMm":59.71094946815218,"overlapCost":0,"elapsedSeconds":1.269129500000039,"gridMm":0.04}
{"name":"source_trace_47","pass":9,"penalty":25.6,"expanded":6476,"newVias":0,"lengthMm":13.461362184380702,"overlapCost":0,"elapsedSeconds":0.007572541999979876,"gridMm":0.04}
{"name":"source_trace_46","pass":9,"penalty":25.6,"expanded":98481,"newVias":4,"lengthMm":8.295878784786803,"overlapCost":0,"elapsedSeconds":0.1292635420000879,"gridMm":0.04}
{"name":"source_trace_9","pass":9,"penalty":25.6,"expanded":254472,"newVias":4,"lengthMm":21.508510806388298,"overlapCost":76.8000011444109,"elapsedSeconds":0.30332274999993386,"gridMm":0.04}
{"name":"source_trace_23","pass":9,"penalty":25.6,"expanded":268499,"newVias":4,"lengthMm":16.5676363543604,"overlapCost":0,"elapsedSeconds":0.32828499999991617,"gridMm":0.04}
{"name":"source_trace_20","pass":9,"penalty":25.6,"expanded":9948,"newVias":2,"lengthMm":17.133321779309625,"overlapCost":0,"elapsedSeconds":0.013261333999922499,"gridMm":0.04}
{"name":"source_trace_38","pass":9,"penalty":25.6,"expanded":230776,"newVias":2,"lengthMm":40.787821048680144,"overlapCost":0,"elapsedSeconds":0.28055520900001285,"gridMm":0.04}
{"name":"source_trace_39","pass":9,"penalty":25.6,"expanded":36115,"newVias":1,"lengthMm":16.965567081236014,"overlapCost":0,"elapsedSeconds":0.04658666699996684,"gridMm":0.04}
{"name":"source_trace_19","pass":9,"penalty":25.6,"expanded":52777,"newVias":4,"lengthMm":13.49782971419796,"overlapCost":0,"elapsedSeconds":0.06561370800004807,"gridMm":0.04}
{"name":"source_trace_21","pass":9,"penalty":25.6,"expanded":2552827,"newVias":2,"lengthMm":10.580386719675122,"overlapCost":358.4000053405762,"elapsedSeconds":3.611903166999924,"gridMm":0.04}
{"name":"source_trace_36","pass":9,"penalty":25.6,"expanded":27596,"newVias":2,"lengthMm":13.641059146347706,"overlapCost":1.7763568394002505e-15,"elapsedSeconds":0.034369165999931284,"gridMm":0.04}
{"negotiationPass":9,"conflictingChannels":2,"conflictNames":["source_trace_35","source_trace_6"]}
