{"name":"source_trace_33","package":"U_RAM","end":{"x":-9,"y":-30.4},"expanded":0,"newVias":0,"reusedBootstrapLayer":"top","length":0}
{"name":"source_trace_34","package":"U_RAM","end":{"x":-9,"y":-30.08},"expanded":0,"newVias":0,"reusedBootstrapLayer":"top","length":0}
{"name":"source_trace_46","package":"U_RAM","end":{"x":-9,"y":-18.119999999999997},"expanded":0,"newVias":0,"reusedBootstrapLayer":"top","length":0}
{"name":"source_trace_23","package":"U_RAM","end":{"x":-9,"y":-18.599999999999998},"expanded":0,"newVias":0,"reusedBootstrapLayer":"top","length":0}
{"name":"source_trace_47","package":"U_RAM","end":{"x":-9,"y":-21.959999999999997},"expanded":0,"newVias":0,"reusedBootstrapLayer":"top","length":0}
{"name":"source_trace_6","package":"U_RAM","end":{"x":-9,"y":-19.08},"expanded":0,"newVias":0,"reusedBootstrapLayer":"top","length":0}
{"name":"source_trace_22","package":"U_RAM","end":{"x":-9,"y":-31.08},"expanded":0,"newVias":0,"reusedBootstrapLayer":"top","length":0}
{"name":"source_trace_21","package":"U_RAM","end":{"x":-9,"y":-20.04},"expanded":0,"newVias":0,"reusedBootstrapLayer":"top","length":0}
{"name":"source_trace_20","package":"U_RAM","end":{"x":-9,"y":-23.88},"expanded":0,"newVias":0,"reusedBootstrapLayer":"top","length":0}
{"name":"source_trace_8","package":"U_RAM","end":{"x":-9,"y":-32.04},"expanded":0,"newVias":0,"reusedBootstrapLayer":"top","length":0}
{"name":"source_trace_24","package":"U_RAM","end":{"x":-9,"y":-34.44},"expanded":0,"newVias":0,"reusedBootstrapLayer":"top","length":0}
{"name":"source_trace_45","package":"U_RAM","end":{"x":-9,"y":-33},"expanded":0,"newVias":0,"reusedBootstrapLayer":"top","length":0}
{"name":"source_trace_44","package":"U_RAM","end":{"x":-9,"y":-33.48},"expanded":0,"newVias":0,"reusedBootstrapLayer":"top","length":0}
{"name":"source_trace_9","package":"U_RAM","end":{"x":-9,"y":-23.4},"expanded":0,"newVias":0,"reusedBootstrapLayer":"top","length":0}
{"name":"source_trace_38","package":"U_RAM","end":{"x":-9,"y":-35.4},"expanded":0,"newVias":0,"reusedBootstrapLayer":"top","length":0}
{"name":"source_trace_19","package":"U_RAM","end":{"x":-9,"y":-20.52},"expanded":0,"newVias":0,"reusedBootstrapLayer":"top","length":0}
{"name":"source_trace_7","package":"U_RAM","end":{"x":-9,"y":-31.56},"expanded":0,"newVias":0,"reusedBootstrapLayer":"top","length":0}
{"name":"source_trace_0","package":"U_RAM","end":{"x":-9,"y":-22.919999999999998},"expanded":0,"newVias":0,"reusedBootstrapLayer":"top","length":0}
{"name":"source_trace_48","package":"U_RAM","end":{"x":-9,"y":-22.439999999999998},"expanded":0,"newVias":0,"reusedBootstrapLayer":"top","length":0}
{"name":"source_trace_37","package":"U_RAM","end":{"x":-9,"y":-34.92},"expanded":0,"newVias":0,"reusedBootstrapLayer":"top","length":0}
{"name":"source_trace_5","package":"U_RAM","end":{"x":-9,"y":-29.64},"expanded":0,"newVias":0,"reusedBootstrapLayer":"top","length":0}
{"name":"source_trace_36","package":"U_RAM","end":{"x":-9,"y":-19.56},"expanded":0,"newVias":0,"reusedBootstrapLayer":"top","length":0}
{"name":"source_trace_25","package":"U_RAM","end":{"x":-9,"y":-33.96},"expanded":0,"newVias":0,"reusedBootstrapLayer":"top","length":0}
{"name":"source_trace_35","package":"U_RAM","end":{"x":-9,"y":-21.479999999999997},"expanded":0,"newVias":0,"reusedBootstrapLayer":"top","length":0}
{"name":"source_trace_39","package":"U_RAM","end":{"x":-9,"y":-20.999999999999996},"expanded":0,"newVias":0,"reusedBootstrapLayer":"top","length":0}
{"name":"source_trace_18","package":"U_RAM","end":{"x":-9,"y":-26.759999999999998},"expanded":0,"newVias":0,"reusedBootstrapLayer":"top","length":0}
{"name":"source_trace_33","package":"U_SOC","end":{"x":-15,"y":-4.4},"expanded":58444,"newVias":0,"reusedBootstrapLayer":"top","length":13.369402885437012}
{"name":"source_trace_34","package":"U_SOC","end":{"x":-15,"y":-4.08},"expanded":446011,"newVias":2,"reusedBootstrapLayer":"top","length":15.065483093261719}
{"name":"source_trace_46","package":"U_SOC","end":{"x":-15,"y":7.879999999999999},"expanded":157836,"newVias":0,"reusedBootstrapLayer":"top","length":21.01058006286621}
{"name":"source_trace_23","package":"U_SOC","end":{"x":-15,"y":7.400000000000002},"expanded":388675,"newVias":2,"reusedBootstrapLayer":"top","length":21.15415382385254}
{"name":"source_trace_47","package":"U_SOC","end":{"x":-15,"y":4.039999999999999},"expanded":5190514,"newVias":2,"reusedBootstrapLayer":"top","length":54.79527282714844}
{"package":"U_SOC","trial":0,"order":["source_trace_33","source_trace_34","source_trace_46","source_trace_23","source_trace_47","source_trace_6","source_trace_22","source_trace_21","source_trace_20","source_trace_8","source_trace_24","source_trace_45","source_trace_44","source_trace_9","source_trace_38","source_trace_19","source_trace_7","source_trace_0","source_trace_48","source_trace_37","source_trace_5","source_trace_36","source_trace_25","source_trace_35","source_trace_39","source_trace_18"],"failedName":"source_trace_6"}
{"name":"source_trace_6","package":"U_SOC","end":{"x":-15,"y":6.920000000000002},"expanded":184285,"newVias":0,"reusedBootstrapLayer":"top","length":21.926559448242188}
{"name":"source_trace_33","package":"U_SOC","end":{"x":-15,"y":-4.4},"expanded":70667,"newVias":0,"reusedBootstrapLayer":"top","length":13.739108085632324}
{"name":"source_trace_34","package":"U_SOC","end":{"x":-15,"y":-4.08},"expanded":436098,"newVias":2,"reusedBootstrapLayer":"top","length":15.065483093261719}
{"name":"source_trace_46","package":"U_SOC","end":{"x":-15,"y":7.879999999999999},"expanded":204801,"newVias":0,"reusedBootstrapLayer":"top","length":22.369199752807617}
{"name":"source_trace_23","package":"U_SOC","end":{"x":-15,"y":7.400000000000002},"expanded":370304,"newVias":2,"reusedBootstrapLayer":"top","length":21.15415382385254}
{"name":"source_trace_47","package":"U_SOC","end":{"x":-15,"y":4.039999999999999},"expanded":5158745,"newVias":2,"reusedBootstrapLayer":"top","length":54.79527282714844}
{"package":"U_SOC","trial":1,"order":["source_trace_6","source_trace_33","source_trace_34","source_trace_46","source_trace_23","source_trace_47","source_trace_22","source_trace_21","source_trace_20","source_trace_8","source_trace_24","source_trace_45","source_trace_44","source_trace_9","source_trace_38","source_trace_19","source_trace_7","source_trace_0","source_trace_48","source_trace_37","source_trace_5","source_trace_36","source_trace_25","source_trace_35","source_trace_39","source_trace_18"],"failedName":"source_trace_22"}
{"name":"source_trace_22","package":"U_SOC","end":{"x":-15,"y":-5.08},"expanded":40173,"newVias":0,"reusedBootstrapLayer":"top","length":10.406559944152832}
{"name":"source_trace_6","package":"U_SOC","end":{"x":-15,"y":6.920000000000002},"expanded":327296,"newVias":2,"reusedBootstrapLayer":"top","length":22.840471267700195}
{"name":"source_trace_33","package":"U_SOC","end":{"x":-15,"y":-4.4},"expanded":290517,"newVias":2,"reusedBootstrapLayer":"top","length":13.076509475708008}
{"name":"source_trace_34","package":"U_SOC","end":{"x":-15,"y":-4.08},"expanded":698515,"newVias":2,"reusedBootstrapLayer":"top","length":17.968368530273438}
{"name":"source_trace_46","package":"U_SOC","end":{"x":-15,"y":7.879999999999999},"expanded":357449,"newVias":0,"reusedBootstrapLayer":"top","length":23.26390266418457}
{"name":"source_trace_23","package":"U_SOC","end":{"x":-15,"y":7.400000000000002},"expanded":372101,"newVias":2,"reusedBootstrapLayer":"top","length":21.15415382385254}
{"name":"source_trace_47","package":"U_SOC","end":{"x":-15,"y":4.039999999999999},"expanded":478658,"newVias":4,"reusedBootstrapLayer":"top","length":20.299880981445312}
{"package":"U_SOC","trial":2,"order":["source_trace_22","source_trace_6","source_trace_33","source_trace_34","source_trace_46","source_trace_23","source_trace_47","source_trace_21","source_trace_20","source_trace_8","source_trace_24","source_trace_45","source_trace_44","source_trace_9","source_trace_38","source_trace_19","source_trace_7","source_trace_0","source_trace_48","source_trace_37","source_trace_5","source_trace_36","source_trace_25","source_trace_35","source_trace_39","source_trace_18"],"failedName":"source_trace_21"}
{"name":"source_trace_21","package":"U_SOC","end":{"x":-15,"y":5.960000000000001},"expanded":193084,"newVias":0,"reusedBootstrapLayer":"top","length":21.926559448242188}
{"package":"U_SOC","trial":3,"order":["source_trace_21","source_trace_22","source_trace_6","source_trace_33","source_trace_34","source_trace_46","source_trace_23","source_trace_47","source_trace_20","source_trace_8","source_trace_24","source_trace_45","source_trace_44","source_trace_9","source_trace_38","source_trace_19","source_trace_7","source_trace_0","source_trace_48","source_trace_37","source_trace_5","source_trace_36","source_trace_25","source_trace_35","source_trace_39","source_trace_18"],"failedName":"source_trace_22"}
{"name":"source_trace_22","package":"U_SOC","end":{"x":-15,"y":-5.08},"expanded":40173,"newVias":0,"reusedBootstrapLayer":"top","length":10.406559944152832}
{"name":"source_trace_21","package":"U_SOC","end":{"x":-15,"y":5.960000000000001},"expanded":592133,"newVias":2,"reusedBootstrapLayer":"top","length":21.996854782104492}
{"name":"source_trace_6","package":"U_SOC","end":{"x":-15,"y":6.920000000000002},"expanded":286544,"newVias":2,"reusedBootstrapLayer":"top","length":22.840471267700195}
{"name":"source_trace_33","package":"U_SOC","end":{"x":-15,"y":-4.4},"expanded":289249,"newVias":2,"reusedBootstrapLayer":"top","length":13.44621467590332}
{"name":"source_trace_34","package":"U_SOC","end":{"x":-15,"y":-4.08},"expanded":438604,"newVias":2,"reusedBootstrapLayer":"top","length":15.574111938476562}
{"name":"source_trace_46","package":"U_SOC","end":{"x":-15,"y":7.879999999999999},"expanded":351081,"newVias":0,"reusedBootstrapLayer":"top","length":23.26390266418457}
{"name":"source_trace_23","package":"U_SOC","end":{"x":-15,"y":7.400000000000002},"expanded":304578,"newVias":2,"reusedBootstrapLayer":"top","length":21.15415382385254}
{"name":"source_trace_47","package":"U_SOC","end":{"x":-15,"y":4.039999999999999},"expanded":526328,"newVias":4,"reusedBootstrapLayer":"top","length":20.768510818481445}
{"package":"U_SOC","trial":4,"order":["source_trace_22","source_trace_21","source_trace_6","source_trace_33","source_trace_34","source_trace_46","source_trace_23","source_trace_47","source_trace_20","source_trace_8","source_trace_24","source_trace_45","source_trace_44","source_trace_9","source_trace_38","source_trace_19","source_trace_7","source_trace_0","source_trace_48","source_trace_37","source_trace_5","source_trace_36","source_trace_25","source_trace_35","source_trace_39","source_trace_18"],"failedName":"source_trace_20"}
{"name":"source_trace_20","package":"U_SOC","end":{"x":-15,"y":2.120000000000001},"expanded":109695,"newVias":0,"reusedBootstrapLayer":"top","length":17.95734214782715}
{"package":"U_SOC","trial":5,"order":["source_trace_20","source_trace_22","source_trace_21","source_trace_6","source_trace_33","source_trace_34","source_trace_46","source_trace_23","source_trace_47","source_trace_8","source_trace_24","source_trace_45","source_trace_44","source_trace_9","source_trace_38","source_trace_19","source_trace_7","source_trace_0","source_trace_48","source_trace_37","source_trace_5","source_trace_36","source_trace_25","source_trace_35","source_trace_39","source_trace_18"],"failedName":"source_trace_22"}
{"name":"source_trace_22","package":"U_SOC","end":{"x":-15,"y":-5.08},"expanded":40173,"newVias":0,"reusedBootstrapLayer":"top","length":10.406559944152832}
{"name":"source_trace_20","package":"U_SOC","end":{"x":-15,"y":2.120000000000001},"expanded":423240,"newVias":2,"reusedBootstrapLayer":"top","length":18.097930908203125}
{"name":"source_trace_21","package":"U_SOC","end":{"x":-15,"y":5.960000000000001},"expanded":472867,"newVias":2,"reusedBootstrapLayer":"top","length":22.692590713500977}
{"name":"source_trace_6","package":"U_SOC","end":{"x":-15,"y":6.920000000000002},"expanded":304646,"newVias":2,"reusedBootstrapLayer":"top","length":22.840471267700195}
{"name":"source_trace_33","package":"U_SOC","end":{"x":-15,"y":-4.4},"expanded":321441,"newVias":2,"reusedBootstrapLayer":"top","length":13.94680404663086}
{"name":"source_trace_34","package":"U_SOC","end":{"x":-15,"y":-4.08},"expanded":661889,"newVias":2,"reusedBootstrapLayer":"top","length":17.66680335998535}
{"name":"source_trace_46","package":"U_SOC","end":{"x":-15,"y":7.879999999999999},"expanded":297017,"newVias":0,"reusedBootstrapLayer":"top","length":23.26390266418457}
{"name":"source_trace_23","package":"U_SOC","end":{"x":-15,"y":7.400000000000002},"expanded":312863,"newVias":2,"reusedBootstrapLayer":"top","length":21.15415382385254}
{"name":"source_trace_47","package":"U_SOC","end":{"x":-15,"y":4.039999999999999},"expanded":868552,"newVias":4,"reusedBootstrapLayer":"top","length":23.93336296081543}
{"name":"source_trace_8","package":"U_SOC","end":{"x":-15,"y":-6.039999999999999},"expanded":141346,"newVias":2,"reusedBootstrapLayer":"top","length":13.173078536987305}
{"name":"source_trace_24","package":"U_SOC","end":{"x":-15,"y":-8.44},"expanded":26259,"newVias":0,"reusedBootstrapLayer":"top","length":11.855432510375977}
{"package":"U_SOC","trial":6,"order":["source_trace_22","source_trace_20","source_trace_21","source_trace_6","source_trace_33","source_trace_34","source_trace_46","source_trace_23","source_trace_47","source_trace_8","source_trace_24","source_trace_45","source_trace_44","source_trace_9","source_trace_38","source_trace_19","source_trace_7","source_trace_0","source_trace_48","source_trace_37","source_trace_5","source_trace_36","source_trace_25","source_trace_35","source_trace_39","source_trace_18"],"failedName":"source_trace_45"}
{"name":"source_trace_45","package":"U_SOC","end":{"x":-15,"y":-7},"expanded":29728,"newVias":0,"reusedBootstrapLayer":"top","length":12.338275909423828}
{"package":"U_SOC","trial":7,"order":["source_trace_45","source_trace_22","source_trace_20","source_trace_21","source_trace_6","source_trace_33","source_trace_34","source_trace_46","source_trace_23","source_trace_47","source_trace_8","source_trace_24","source_trace_44","source_trace_9","source_trace_38","source_trace_19","source_trace_7","source_trace_0","source_trace_48","source_trace_37","source_trace_5","source_trace_36","source_trace_25","source_trace_35","source_trace_39","source_trace_18"],"failedName":"source_trace_22"}
{"name":"source_trace_22","package":"U_SOC","end":{"x":-15,"y":-5.08},"expanded":40173,"newVias":0,"reusedBootstrapLayer":"top","length":10.406559944152832}
{"name":"source_trace_45","package":"U_SOC","end":{"x":-15,"y":-7},"expanded":278815,"newVias":2,"reusedBootstrapLayer":"top","length":12.338275909423828}
{"package":"U_SOC","trial":8,"order":["source_trace_22","source_trace_45","source_trace_20","source_trace_21","source_trace_6","source_trace_33","source_trace_34","source_trace_46","source_trace_23","source_trace_47","source_trace_8","source_trace_24","source_trace_44","source_trace_9","source_trace_38","source_trace_19","source_trace_7","source_trace_0","source_trace_48","source_trace_37","source_trace_5","source_trace_36","source_trace_25","source_trace_35","source_trace_39","source_trace_18"],"failedName":"source_trace_20"}
{"name":"source_trace_20","package":"U_SOC","end":{"x":-15,"y":2.120000000000001},"expanded":109695,"newVias":0,"reusedBootstrapLayer":"top","length":17.95734214782715}
{"package":"U_SOC","trial":9,"order":["source_trace_20","source_trace_22","source_trace_45","source_trace_21","source_trace_6","source_trace_33","source_trace_34","source_trace_46","source_trace_23","source_trace_47","source_trace_8","source_trace_24","source_trace_44","source_trace_9","source_trace_38","source_trace_19","source_trace_7","source_trace_0","source_trace_48","source_trace_37","source_trace_5","source_trace_36","source_trace_25","source_trace_35","source_trace_39","source_trace_18"],"failedName":"source_trace_22"}
{"name":"source_trace_22","package":"U_SOC","end":{"x":-15,"y":-5.08},"expanded":40173,"newVias":0,"reusedBootstrapLayer":"top","length":10.406559944152832}
{"name":"source_trace_20","package":"U_SOC","end":{"x":-15,"y":2.120000000000001},"expanded":423240,"newVias":2,"reusedBootstrapLayer":"top","length":18.097930908203125}
{"name":"source_trace_45","package":"U_SOC","end":{"x":-15,"y":-7},"expanded":293165,"newVias":2,"reusedBootstrapLayer":"top","length":12.669647216796875}
{"name":"source_trace_21","package":"U_SOC","end":{"x":-15,"y":5.960000000000001},"expanded":458143,"newVias":2,"reusedBootstrapLayer":"top","length":35.9093017578125}
{"name":"source_trace_6","package":"U_SOC","end":{"x":-15,"y":6.920000000000002},"expanded":304104,"newVias":2,"reusedBootstrapLayer":"top","length":22.840471267700195}
{"name":"source_trace_33","package":"U_SOC","end":{"x":-15,"y":-4.4},"expanded":180577,"newVias":2,"reusedBootstrapLayer":"top","length":16.083026885986328}
{"package":"U_SOC","trial":10,"order":["source_trace_22","source_trace_20","source_trace_45","source_trace_21","source_trace_6","source_trace_33","source_trace_34","source_trace_46","source_trace_23","source_trace_47","source_trace_8","source_trace_24","source_trace_44","source_trace_9","source_trace_38","source_trace_19","source_trace_7","source_trace_0","source_trace_48","source_trace_37","source_trace_5","source_trace_36","source_trace_25","source_trace_35","source_trace_39","source_trace_18"],"failedName":"source_trace_34"}
{"name":"source_trace_34","package":"U_SOC","end":{"x":-15,"y":-4.08},"expanded":75536,"newVias":0,"reusedBootstrapLayer":"top","length":14.220285415649414}
{"package":"U_SOC","trial":11,"order":["source_trace_34","source_trace_22","source_trace_20","source_trace_45","source_trace_21","source_trace_6","source_trace_33","source_trace_46","source_trace_23","source_trace_47","source_trace_8","source_trace_24","source_trace_44","source_trace_9","source_trace_38","source_trace_19","source_trace_7","source_trace_0","source_trace_48","source_trace_37","source_trace_5","source_trace_36","source_trace_25","source_trace_35","source_trace_39","source_trace_18"],"failedName":"source_trace_22"}
{"name":"source_trace_22","package":"U_SOC","end":{"x":-15,"y":-5.08},"expanded":40173,"newVias":0,"reusedBootstrapLayer":"top","length":10.406559944152832}
{"name":"source_trace_34","package":"U_SOC","end":{"x":-15,"y":-4.08},"expanded":432744,"newVias":2,"reusedBootstrapLayer":"top","length":14.794357299804688}
{"package":"U_SOC","trial":12,"order":["source_trace_22","source_trace_34","source_trace_20","source_trace_45","source_trace_21","source_trace_6","source_trace_33","source_trace_46","source_trace_23","source_trace_47","source_trace_8","source_trace_24","source_trace_44","source_trace_9","source_trace_38","source_trace_19","source_trace_7","source_trace_0","source_trace_48","source_trace_37","source_trace_5","source_trace_36","source_trace_25","source_trace_35","source_trace_39","source_trace_18"],"failedName":"source_trace_20"}
{"name":"source_trace_20","package":"U_SOC","end":{"x":-15,"y":2.120000000000001},"expanded":109695,"newVias":0,"reusedBootstrapLayer":"top","length":17.95734214782715}
{"package":"U_SOC","trial":13,"order":["source_trace_20","source_trace_22","source_trace_34","source_trace_45","source_trace_21","source_trace_6","source_trace_33","source_trace_46","source_trace_23","source_trace_47","source_trace_8","source_trace_24","source_trace_44","source_trace_9","source_trace_38","source_trace_19","source_trace_7","source_trace_0","source_trace_48","source_trace_37","source_trace_5","source_trace_36","source_trace_25","source_trace_35","source_trace_39","source_trace_18"],"failedName":"source_trace_22"}
{"name":"source_trace_22","package":"U_SOC","end":{"x":-15,"y":-5.08},"expanded":40173,"newVias":0,"reusedBootstrapLayer":"top","length":10.406559944152832}
{"name":"source_trace_20","package":"U_SOC","end":{"x":-15,"y":2.120000000000001},"expanded":423240,"newVias":2,"reusedBootstrapLayer":"top","length":18.097930908203125}
{"name":"source_trace_34","package":"U_SOC","end":{"x":-15,"y":-4.08},"expanded":481456,"newVias":2,"reusedBootstrapLayer":"top","length":15.803230285644531}
{"name":"source_trace_45","package":"U_SOC","end":{"x":-15,"y":-7},"expanded":278573,"newVias":2,"reusedBootstrapLayer":"top","length":12.669647216796875}
{"name":"source_trace_21","package":"U_SOC","end":{"x":-15,"y":5.960000000000001},"expanded":454804,"newVias":2,"reusedBootstrapLayer":"top","length":36.97842025756836}
{"name":"source_trace_6","package":"U_SOC","end":{"x":-15,"y":6.920000000000002},"expanded":309697,"newVias":2,"reusedBootstrapLayer":"top","length":22.840471267700195}
{"name":"source_trace_33","package":"U_SOC","end":{"x":-15,"y":-4.4},"expanded":185231,"newVias":2,"reusedBootstrapLayer":"top","length":16.8042049407959}
{"name":"source_trace_46","package":"U_SOC","end":{"x":-15,"y":7.879999999999999},"expanded":312212,"newVias":0,"reusedBootstrapLayer":"top","length":23.26390266418457}
{"name":"source_trace_23","package":"U_SOC","end":{"x":-15,"y":7.400000000000002},"expanded":319165,"newVias":2,"reusedBootstrapLayer":"top","length":21.15415382385254}
{"name":"source_trace_47","package":"U_SOC","end":{"x":-15,"y":4.039999999999999},"expanded":459360,"newVias":4,"reusedBootstrapLayer":"top","length":20.299880981445312}
{"package":"U_SOC","trial":14,"order":["source_trace_22","source_trace_20","source_trace_34","source_trace_45","source_trace_21","source_trace_6","source_trace_33","source_trace_46","source_trace_23","source_trace_47","source_trace_8","source_trace_24","source_trace_44","source_trace_9","source_trace_38","source_trace_19","source_trace_7","source_trace_0","source_trace_48","source_trace_37","source_trace_5","source_trace_36","source_trace_25","source_trace_35","source_trace_39","source_trace_18"],"failedName":"source_trace_8"}
{"name":"source_trace_8","package":"U_SOC","end":{"x":-15,"y":-6.039999999999999},"expanded":28016,"newVias":0,"reusedBootstrapLayer":"top","length":11.085382461547852}
{"package":"U_SOC","trial":15,"order":["source_trace_8","source_trace_22","source_trace_20","source_trace_34","source_trace_45","source_trace_21","source_trace_6","source_trace_33","source_trace_46","source_trace_23","source_trace_47","source_trace_24","source_trace_44","source_trace_9","source_trace_38","source_trace_19","source_trace_7","source_trace_0","source_trace_48","source_trace_37","source_trace_5","source_trace_36","source_trace_25","source_trace_35","source_trace_39","source_trace_18"],"failedName":"source_trace_22"}
{"name":"source_trace_22","package":"U_SOC","end":{"x":-15,"y":-5.08},"expanded":40173,"newVias":0,"reusedBootstrapLayer":"top","length":10.406559944152832}
{"name":"source_trace_8","package":"U_SOC","end":{"x":-15,"y":-6.039999999999999},"expanded":241552,"newVias":2,"reusedBootstrapLayer":"top","length":11.214255332946777}
{"name":"source_trace_20","package":"U_SOC","end":{"x":-15,"y":2.120000000000001},"expanded":304560,"newVias":2,"reusedBootstrapLayer":"top","length":18.526214599609375}
{"name":"source_trace_34","package":"U_SOC","end":{"x":-15,"y":-4.08},"expanded":2288200,"newVias":2,"reusedBootstrapLayer":"top","length":31.898761749267578}
{"name":"source_trace_45","package":"U_SOC","end":{"x":-15,"y":-7},"expanded":132972,"newVias":2,"reusedBootstrapLayer":"top","length":13.015087127685547}
{"package":"U_SOC","trial":16,"order":["source_trace_22","source_trace_8","source_trace_20","source_trace_34","source_trace_45","source_trace_21","source_trace_6","source_trace_33","source_trace_46","source_trace_23","source_trace_47","source_trace_24","source_trace_44","source_trace_9","source_trace_38","source_trace_19","source_trace_7","source_trace_0","source_trace_48","source_trace_37","source_trace_5","source_trace_36","source_trace_25","source_trace_35","source_trace_39","source_trace_18"],"failedName":"source_trace_21"}
{"name":"source_trace_21","package":"U_SOC","end":{"x":-15,"y":5.960000000000001},"expanded":193084,"newVias":0,"reusedBootstrapLayer":"top","length":21.926559448242188}
{"package":"U_SOC","trial":17,"order":["source_trace_21","source_trace_22","source_trace_8","source_trace_20","source_trace_34","source_trace_45","source_trace_6","source_trace_33","source_trace_46","source_trace_23","source_trace_47","source_trace_24","source_trace_44","source_trace_9","source_trace_38","source_trace_19","source_trace_7","source_trace_0","source_trace_48","source_trace_37","source_trace_5","source_trace_36","source_trace_25","source_trace_35","source_trace_39","source_trace_18"],"failedName":"source_trace_22"}
{"name":"source_trace_22","package":"U_SOC","end":{"x":-15,"y":-5.08},"expanded":40173,"newVias":0,"reusedBootstrapLayer":"top","length":10.406559944152832}
{"name":"source_trace_21","package":"U_SOC","end":{"x":-15,"y":5.960000000000001},"expanded":592133,"newVias":2,"reusedBootstrapLayer":"top","length":21.996854782104492}
{"name":"source_trace_8","package":"U_SOC","end":{"x":-15,"y":-6.039999999999999},"expanded":226013,"newVias":2,"reusedBootstrapLayer":"top","length":11.326214790344238}
{"name":"source_trace_20","package":"U_SOC","end":{"x":-15,"y":2.120000000000001},"expanded":277381,"newVias":2,"reusedBootstrapLayer":"top","length":19.947635650634766}
{"name":"source_trace_34","package":"U_SOC","end":{"x":-15,"y":-4.08},"expanded":481349,"newVias":2,"reusedBootstrapLayer":"top","length":16.187149047851562}
{"name":"source_trace_45","package":"U_SOC","end":{"x":-15,"y":-7},"expanded":321619,"newVias":2,"reusedBootstrapLayer":"top","length":13.499452590942383}
{"name":"source_trace_6","package":"U_SOC","end":{"x":-15,"y":6.920000000000002},"expanded":286544,"newVias":2,"reusedBootstrapLayer":"top","length":22.840471267700195}
{"name":"source_trace_33","package":"U_SOC","end":{"x":-15,"y":-4.4},"expanded":636531,"newVias":4,"reusedBootstrapLayer":"top","length":25.764694213867188}
{"name":"source_trace_46","package":"U_SOC","end":{"x":-15,"y":7.879999999999999},"expanded":332032,"newVias":0,"reusedBootstrapLayer":"top","length":23.26390266418457}
{"name":"source_trace_23","package":"U_SOC","end":{"x":-15,"y":7.400000000000002},"expanded":300297,"newVias":2,"reusedBootstrapLayer":"top","length":21.15415382385254}
{"name":"source_trace_47","package":"U_SOC","end":{"x":-15,"y":4.039999999999999},"expanded":518446,"newVias":4,"reusedBootstrapLayer":"top","length":20.768510818481445}
{"package":"U_SOC","trial":18,"order":["source_trace_22","source_trace_21","source_trace_8","source_trace_20","source_trace_34","source_trace_45","source_trace_6","source_trace_33","source_trace_46","source_trace_23","source_trace_47","source_trace_24","source_trace_44","source_trace_9","source_trace_38","source_trace_19","source_trace_7","source_trace_0","source_trace_48","source_trace_37","source_trace_5","source_trace_36","source_trace_25","source_trace_35","source_trace_39","source_trace_18"],"failedName":"source_trace_24"}
{"name":"source_trace_24","package":"U_SOC","end":{"x":-15,"y":-8.44},"expanded":32707,"newVias":0,"reusedBootstrapLayer":"top","length":11.261808395385742}
{"package":"U_SOC","trial":19,"order":["source_trace_24","source_trace_22","source_trace_21","source_trace_8","source_trace_20","source_trace_34","source_trace_45","source_trace_6","source_trace_33","source_trace_46","source_trace_23","source_trace_47","source_trace_44","source_trace_9","source_trace_38","source_trace_19","source_trace_7","source_trace_0","source_trace_48","source_trace_37","source_trace_5","source_trace_36","source_trace_25","source_trace_35","source_trace_39","source_trace_18"],"failedName":"source_trace_22"}
{"name":"source_trace_22","package":"U_SOC","end":{"x":-15,"y":-5.08},"expanded":40173,"newVias":0,"reusedBootstrapLayer":"top","length":10.406559944152832}
{"name":"source_trace_24","package":"U_SOC","end":{"x":-15,"y":-8.44},"expanded":32077,"newVias":0,"reusedBootstrapLayer":"top","length":11.444062232971191}
{"name":"source_trace_21","package":"U_SOC","end":{"x":-15,"y":5.960000000000001},"expanded":530984,"newVias":2,"reusedBootstrapLayer":"top","length":34.30292510986328}
{"name":"source_trace_8","package":"U_SOC","end":{"x":-15,"y":-6.039999999999999},"expanded":126919,"newVias":2,"reusedBootstrapLayer":"top","length":11.573078155517578}
{"package":"U_SOC","trial":20,"order":["source_trace_22","source_trace_24","source_trace_21","source_trace_8","source_trace_20","source_trace_34","source_trace_45","source_trace_6","source_trace_33","source_trace_46","source_trace_23","source_trace_47","source_trace_44","source_trace_9","source_trace_38","source_trace_19","source_trace_7","source_trace_0","source_trace_48","source_trace_37","source_trace_5","source_trace_36","source_trace_25","source_trace_35","source_trace_39","source_trace_18"],"failedName":"source_trace_20"}
{"name":"source_trace_20","package":"U_SOC","end":{"x":-15,"y":2.120000000000001},"expanded":109695,"newVias":0,"reusedBootstrapLayer":"top","length":17.95734214782715}
{"package":"U_SOC","trial":21,"order":["source_trace_20","source_trace_22","source_trace_24","source_trace_21","source_trace_8","source_trace_34","source_trace_45","source_trace_6","source_trace_33","source_trace_46","source_trace_23","source_trace_47","source_trace_44","source_trace_9","source_trace_38","source_trace_19","source_trace_7","source_trace_0","source_trace_48","source_trace_37","source_trace_5","source_trace_36","source_trace_25","source_trace_35","source_trace_39","source_trace_18"],"failedName":"source_trace_22"}
{"name":"source_trace_22","package":"U_SOC","end":{"x":-15,"y":-5.08},"expanded":40173,"newVias":0,"reusedBootstrapLayer":"top","length":10.406559944152832}
{"name":"source_trace_20","package":"U_SOC","end":{"x":-15,"y":2.120000000000001},"expanded":423240,"newVias":2,"reusedBootstrapLayer":"top","length":18.097930908203125}
{"name":"source_trace_24","package":"U_SOC","end":{"x":-15,"y":-8.44},"expanded":34606,"newVias":0,"reusedBootstrapLayer":"top","length":11.593178749084473}
{"name":"source_trace_21","package":"U_SOC","end":{"x":-15,"y":5.960000000000001},"expanded":461439,"newVias":2,"reusedBootstrapLayer":"top","length":35.9093017578125}
{"name":"source_trace_8","package":"U_SOC","end":{"x":-15,"y":-6.039999999999999},"expanded":136300,"newVias":2,"reusedBootstrapLayer":"top","length":12.25592041015625}
{"package":"U_SOC","trial":22,"order":["source_trace_22","source_trace_20","source_trace_24","source_trace_21","source_trace_8","source_trace_34","source_trace_45","source_trace_6","source_trace_33","source_trace_46","source_trace_23","source_trace_47","source_trace_44","source_trace_9","source_trace_38","source_trace_19","source_trace_7","source_trace_0","source_trace_48","source_trace_37","source_trace_5","source_trace_36","source_trace_25","source_trace_35","source_trace_39","source_trace_18"],"failedName":"source_trace_34"}
{"name":"source_trace_34","package":"U_SOC","end":{"x":-15,"y":-4.08},"expanded":75536,"newVias":0,"reusedBootstrapLayer":"top","length":14.220285415649414}
{"package":"U_SOC","trial":23,"order":["source_trace_34","source_trace_22","source_trace_20","source_trace_24","source_trace_21","source_trace_8","source_trace_45","source_trace_6","source_trace_33","source_trace_46","source_trace_23","source_trace_47","source_trace_44","source_trace_9","source_trace_38","source_trace_19","source_trace_7","source_trace_0","source_trace_48","source_trace_37","source_trace_5","source_trace_36","source_trace_25","source_trace_35","source_trace_39","source_trace_18"],"failedName":"source_trace_22"}
{"name":"source_trace_22","package":"U_SOC","end":{"x":-15,"y":-5.08},"expanded":40173,"newVias":0,"reusedBootstrapLayer":"top","length":10.406559944152832}
{"name":"source_trace_34","package":"U_SOC","end":{"x":-15,"y":-4.08},"expanded":432744,"newVias":2,"reusedBootstrapLayer":"top","length":14.794357299804688}
{"package":"U_SOC","trial":24,"order":["source_trace_22","source_trace_34","source_trace_20","source_trace_24","source_trace_21","source_trace_8","source_trace_45","source_trace_6","source_trace_33","source_trace_46","source_trace_23","source_trace_47","source_trace_44","source_trace_9","source_trace_38","source_trace_19","source_trace_7","source_trace_0","source_trace_48","source_trace_37","source_trace_5","source_trace_36","source_trace_25","source_trace_35","source_trace_39","source_trace_18"],"failedName":"source_trace_20"}
{"name":"source_trace_20","package":"U_SOC","end":{"x":-15,"y":2.120000000000001},"expanded":109695,"newVias":0,"reusedBootstrapLayer":"top","length":17.95734214782715}
{"package":"U_SOC","trial":25,"order":["source_trace_20","source_trace_22","source_trace_34","source_trace_24","source_trace_21","source_trace_8","source_trace_45","source_trace_6","source_trace_33","source_trace_46","source_trace_23","source_trace_47","source_trace_44","source_trace_9","source_trace_38","source_trace_19","source_trace_7","source_trace_0","source_trace_48","source_trace_37","source_trace_5","source_trace_36","source_trace_25","source_trace_35","source_trace_39","source_trace_18"],"failedName":"source_trace_22"}
{"name":"source_trace_22","package":"U_SOC","end":{"x":-15,"y":-5.08},"expanded":40173,"newVias":0,"reusedBootstrapLayer":"top","length":10.406559944152832}
{"name":"source_trace_20","package":"U_SOC","end":{"x":-15,"y":2.120000000000001},"expanded":423240,"newVias":2,"reusedBootstrapLayer":"top","length":18.097930908203125}
{"name":"source_trace_34","package":"U_SOC","end":{"x":-15,"y":-4.08},"expanded":481456,"newVias":2,"reusedBootstrapLayer":"top","length":15.803230285644531}
{"name":"source_trace_24","package":"U_SOC","end":{"x":-15,"y":-8.44},"expanded":31961,"newVias":0,"reusedBootstrapLayer":"top","length":11.593178749084473}
{"name":"source_trace_21","package":"U_SOC","end":{"x":-15,"y":5.960000000000001},"expanded":452327,"newVias":2,"reusedBootstrapLayer":"top","length":36.97842025756836}
{"package":"U_SOC","trial":26,"order":["source_trace_22","source_trace_20","source_trace_34","source_trace_24","source_trace_21","source_trace_8","source_trace_45","source_trace_6","source_trace_33","source_trace_46","source_trace_23","source_trace_47","source_trace_44","source_trace_9","source_trace_38","source_trace_19","source_trace_7","source_trace_0","source_trace_48","source_trace_37","source_trace_5","source_trace_36","source_trace_25","source_trace_35","source_trace_39","source_trace_18"],"failedName":"source_trace_8"}
{"name":"source_trace_8","package":"U_SOC","end":{"x":-15,"y":-6.039999999999999},"expanded":28016,"newVias":0,"reusedBootstrapLayer":"top","length":11.085382461547852}
{"package":"U_SOC","trial":27,"order":["source_trace_8","source_trace_22","source_trace_20","source_trace_34","source_trace_24","source_trace_21","source_trace_45","source_trace_6","source_trace_33","source_trace_46","source_trace_23","source_trace_47","source_trace_44","source_trace_9","source_trace_38","source_trace_19","source_trace_7","source_trace_0","source_trace_48","source_trace_37","source_trace_5","source_trace_36","source_trace_25","source_trace_35","source_trace_39","source_trace_18"],"failedName":"source_trace_22"}
{"name":"source_trace_22","package":"U_SOC","end":{"x":-15,"y":-5.08},"expanded":40173,"newVias":0,"reusedBootstrapLayer":"top","length":10.406559944152832}
{"name":"source_trace_8","package":"U_SOC","end":{"x":-15,"y":-6.039999999999999},"expanded":241552,"newVias":2,"reusedBootstrapLayer":"top","length":11.214255332946777}
{"name":"source_trace_20","package":"U_SOC","end":{"x":-15,"y":2.120000000000001},"expanded":304560,"newVias":2,"reusedBootstrapLayer":"top","length":18.526214599609375}
{"name":"source_trace_34","package":"U_SOC","end":{"x":-15,"y":-4.08},"expanded":2288200,"newVias":2,"reusedBootstrapLayer":"top","length":31.898761749267578}
{"name":"source_trace_24","package":"U_SOC","end":{"x":-15,"y":-8.44},"expanded":163200,"newVias":2,"reusedBootstrapLayer":"top","length":17.16704750061035}
{"package":"U_SOC","trial":28,"order":["source_trace_22","source_trace_8","source_trace_20","source_trace_34","source_trace_24","source_trace_21","source_trace_45","source_trace_6","source_trace_33","source_trace_46","source_trace_23","source_trace_47","source_trace_44","source_trace_9","source_trace_38","source_trace_19","source_trace_7","source_trace_0","source_trace_48","source_trace_37","source_trace_5","source_trace_36","source_trace_25","source_trace_35","source_trace_39","source_trace_18"],"failedName":"source_trace_21"}
{"name":"source_trace_21","package":"U_SOC","end":{"x":-15,"y":5.960000000000001},"expanded":193084,"newVias":0,"reusedBootstrapLayer":"top","length":21.926559448242188}
{"package":"U_SOC","trial":29,"order":["source_trace_21","source_trace_22","source_trace_8","source_trace_20","source_trace_34","source_trace_24","source_trace_45","source_trace_6","source_trace_33","source_trace_46","source_trace_23","source_trace_47","source_trace_44","source_trace_9","source_trace_38","source_trace_19","source_trace_7","source_trace_0","source_trace_48","source_trace_37","source_trace_5","source_trace_36","source_trace_25","source_trace_35","source_trace_39","source_trace_18"],"failedName":"source_trace_22"}
{"name":"source_trace_22","package":"U_SOC","end":{"x":-15,"y":-5.08},"expanded":40173,"newVias":0,"reusedBootstrapLayer":"top","length":10.406559944152832}
{"name":"source_trace_21","package":"U_SOC","end":{"x":-15,"y":5.960000000000001},"expanded":592133,"newVias":2,"reusedBootstrapLayer":"top","length":21.996854782104492}
{"name":"source_trace_8","package":"U_SOC","end":{"x":-15,"y":-6.039999999999999},"expanded":226013,"newVias":2,"reusedBootstrapLayer":"top","length":11.326214790344238}
{"name":"source_trace_20","package":"U_SOC","end":{"x":-15,"y":2.120000000000001},"expanded":277381,"newVias":2,"reusedBootstrapLayer":"top","length":19.947635650634766}
{"name":"source_trace_34","package":"U_SOC","end":{"x":-15,"y":-4.08},"expanded":481349,"newVias":2,"reusedBootstrapLayer":"top","length":16.187149047851562}
{"name":"source_trace_24","package":"U_SOC","end":{"x":-15,"y":-8.44},"expanded":27343,"newVias":0,"reusedBootstrapLayer":"top","length":11.80856990814209}
{"name":"source_trace_45","package":"U_SOC","end":{"x":-15,"y":-7},"expanded":307466,"newVias":2,"reusedBootstrapLayer":"top","length":13.499452590942383}
{"name":"source_trace_6","package":"U_SOC","end":{"x":-15,"y":6.920000000000002},"expanded":286544,"newVias":2,"reusedBootstrapLayer":"top","length":22.840471267700195}
{"name":"source_trace_33","package":"U_SOC","end":{"x":-15,"y":-4.4},"expanded":3508225,"newVias":4,"reusedBootstrapLayer":"top","length":38.31380844116211}
{"name":"source_trace_46","package":"U_SOC","end":{"x":-15,"y":7.879999999999999},"expanded":260763,"newVias":0,"reusedBootstrapLayer":"top","length":23.26390266418457}
{"name":"source_trace_23","package":"U_SOC","end":{"x":-15,"y":7.400000000000002},"expanded":321931,"newVias":4,"reusedBootstrapLayer":"top","length":21.15415382385254}
{"package":"U_SOC","trial":30,"order":["source_trace_22","source_trace_21","source_trace_8","source_trace_20","source_trace_34","source_trace_24","source_trace_45","source_trace_6","source_trace_33","source_trace_46","source_trace_23","source_trace_47","source_trace_44","source_trace_9","source_trace_38","source_trace_19","source_trace_7","source_trace_0","source_trace_48","source_trace_37","source_trace_5","source_trace_36","source_trace_25","source_trace_35","source_trace_39","source_trace_18"],"failedName":"source_trace_47"}
{"name":"source_trace_47","package":"U_SOC","end":{"x":-15,"y":4.039999999999999},"expanded":143084,"newVias":0,"reusedBootstrapLayer":"top","length":18.578275680541992}
{"name":"source_trace_22","package":"U_SOC","end":{"x":-15,"y":-5.08},"expanded":41367,"newVias":0,"reusedBootstrapLayer":"top","length":10.776265144348145}
{"name":"source_trace_21","package":"U_SOC","end":{"x":-15,"y":5.960000000000001},"expanded":572130,"newVias":2,"reusedBootstrapLayer":"top","length":21.996854782104492}
{"name":"source_trace_8","package":"U_SOC","end":{"x":-15,"y":-6.039999999999999},"expanded":231252,"newVias":2,"reusedBootstrapLayer":"top","length":11.490235328674316}
{"name":"source_trace_20","package":"U_SOC","end":{"x":-15,"y":2.120000000000001},"expanded":2258910,"newVias":2,"reusedBootstrapLayer":"top","length":37.755271911621094}
{"name":"source_trace_34","package":"U_SOC","end":{"x":-15,"y":-4.08},"expanded":4885819,"newVias":2,"reusedBootstrapLayer":"top","length":42.39311981201172}
{"package":"U_SOC","trial":31,"order":["source_trace_47","source_trace_22","source_trace_21","source_trace_8","source_trace_20","source_trace_34","source_trace_24","source_trace_45","source_trace_6","source_trace_33","source_trace_46","source_trace_23","source_trace_44","source_trace_9","source_trace_38","source_trace_19","source_trace_7","source_trace_0","source_trace_48","source_trace_37","source_trace_5","source_trace_36","source_trace_25","source_trace_35","source_trace_39","source_trace_18"],"failedName":"source_trace_24"}
{"name":"source_trace_24","package":"U_SOC","end":{"x":-15,"y":-8.44},"expanded":32707,"newVias":0,"reusedBootstrapLayer":"top","length":11.261808395385742}
{"name":"source_trace_47","package":"U_SOC","end":{"x":-15,"y":4.039999999999999},"expanded":315955,"newVias":2,"reusedBootstrapLayer":"top","length":20.159292221069336}
{"package":"U_SOC","trial":32,"order":["source_trace_24","source_trace_47","source_trace_22","source_trace_21","source_trace_8","source_trace_20","source_trace_34","source_trace_45","source_trace_6","source_trace_33","source_trace_46","source_trace_23","source_trace_44","source_trace_9","source_trace_38","source_trace_19","source_trace_7","source_trace_0","source_trace_48","source_trace_37","source_trace_5","source_trace_36","source_trace_25","source_trace_35","source_trace_39","source_trace_18"],"failedName":"source_trace_22"}
{"name":"source_trace_22","package":"U_SOC","end":{"x":-15,"y":-5.08},"expanded":40173,"newVias":0,"reusedBootstrapLayer":"top","length":10.406559944152832}
{"name":"source_trace_24","package":"U_SOC","end":{"x":-15,"y":-8.44},"expanded":32077,"newVias":0,"reusedBootstrapLayer":"top","length":11.444062232971191}
{"name":"source_trace_47","package":"U_SOC","end":{"x":-15,"y":4.039999999999999},"expanded":315817,"newVias":2,"reusedBootstrapLayer":"top","length":20.159292221069336}
{"name":"source_trace_21","package":"U_SOC","end":{"x":-15,"y":5.960000000000001},"expanded":520982,"newVias":2,"reusedBootstrapLayer":"top","length":34.30292510986328}
{"name":"source_trace_8","package":"U_SOC","end":{"x":-15,"y":-6.039999999999999},"expanded":126919,"newVias":2,"reusedBootstrapLayer":"top","length":11.573078155517578}
{"package":"U_SOC","trial":33,"order":["source_trace_22","source_trace_24","source_trace_47","source_trace_21","source_trace_8","source_trace_20","source_trace_34","source_trace_45","source_trace_6","source_trace_33","source_trace_46","source_trace_23","source_trace_44","source_trace_9","source_trace_38","source_trace_19","source_trace_7","source_trace_0","source_trace_48","source_trace_37","source_trace_5","source_trace_36","source_trace_25","source_trace_35","source_trace_39","source_trace_18"],"failedName":"source_trace_20"}
{"name":"source_trace_20","package":"U_SOC","end":{"x":-15,"y":2.120000000000001},"expanded":109695,"newVias":0,"reusedBootstrapLayer":"top","length":17.95734214782715}
{"package":"U_SOC","trial":34,"order":["source_trace_20","source_trace_22","source_trace_24","source_trace_47","source_trace_21","source_trace_8","source_trace_34","source_trace_45","source_trace_6","source_trace_33","source_trace_46","source_trace_23","source_trace_44","source_trace_9","source_trace_38","source_trace_19","source_trace_7","source_trace_0","source_trace_48","source_trace_37","source_trace_5","source_trace_36","source_trace_25","source_trace_35","source_trace_39","source_trace_18"],"failedName":"source_trace_22"}
{"name":"source_trace_22","package":"U_SOC","end":{"x":-15,"y":-5.08},"expanded":40173,"newVias":0,"reusedBootstrapLayer":"top","length":10.406559944152832}
{"name":"source_trace_20","package":"U_SOC","end":{"x":-15,"y":2.120000000000001},"expanded":423240,"newVias":2,"reusedBootstrapLayer":"top","length":18.097930908203125}
{"name":"source_trace_24","package":"U_SOC","end":{"x":-15,"y":-8.44},"expanded":34606,"newVias":0,"reusedBootstrapLayer":"top","length":11.593178749084473}
{"name":"source_trace_47","package":"U_SOC","end":{"x":-15,"y":4.039999999999999},"expanded":218448,"newVias":2,"reusedBootstrapLayer":"top","length":20.159292221069336}
{"name":"source_trace_21","package":"U_SOC","end":{"x":-15,"y":5.960000000000001},"expanded":624003,"newVias":2,"reusedBootstrapLayer":"top","length":37.03596115112305}
{"name":"source_trace_8","package":"U_SOC","end":{"x":-15,"y":-6.039999999999999},"expanded":134913,"newVias":2,"reusedBootstrapLayer":"top","length":12.25592041015625}
{"package":"U_SOC","trial":35,"order":["source_trace_22","source_trace_20","source_trace_24","source_trace_47","source_trace_21","source_trace_8","source_trace_34","source_trace_45","source_trace_6","source_trace_33","source_trace_46","source_trace_23","source_trace_44","source_trace_9","source_trace_38","source_trace_19","source_trace_7","source_trace_0","source_trace_48","source_trace_37","source_trace_5","source_trace_36","source_trace_25","source_trace_35","source_trace_39","source_trace_18"],"failedName":"source_trace_34"}
{"name":"source_trace_34","package":"U_SOC","end":{"x":-15,"y":-4.08},"expanded":75536,"newVias":0,"reusedBootstrapLayer":"top","length":14.220285415649414}
{"package":"U_SOC","trial":36,"order":["source_trace_34","source_trace_22","source_trace_20","source_trace_24","source_trace_47","source_trace_21","source_trace_8","source_trace_45","source_trace_6","source_trace_33","source_trace_46","source_trace_23","source_trace_44","source_trace_9","source_trace_38","source_trace_19","source_trace_7","source_trace_0","source_trace_48","source_trace_37","source_trace_5","source_trace_36","source_trace_25","source_trace_35","source_trace_39","source_trace_18"],"failedName":"source_trace_22"}
{"name":"source_trace_22","package":"U_SOC","end":{"x":-15,"y":-5.08},"expanded":40173,"newVias":0,"reusedBootstrapLayer":"top","length":10.406559944152832}
{"name":"source_trace_34","package":"U_SOC","end":{"x":-15,"y":-4.08},"expanded":432744,"newVias":2,"reusedBootstrapLayer":"top","length":14.794357299804688}
{"package":"U_SOC","trial":37,"order":["source_trace_22","source_trace_34","source_trace_20","source_trace_24","source_trace_47","source_trace_21","source_trace_8","source_trace_45","source_trace_6","source_trace_33","source_trace_46","source_trace_23","source_trace_44","source_trace_9","source_trace_38","source_trace_19","source_trace_7","source_trace_0","source_trace_48","source_trace_37","source_trace_5","source_trace_36","source_trace_25","source_trace_35","source_trace_39","source_trace_18"],"failedName":"source_trace_20"}
{"name":"source_trace_20","package":"U_SOC","end":{"x":-15,"y":2.120000000000001},"expanded":109695,"newVias":0,"reusedBootstrapLayer":"top","length":17.95734214782715}
{"package":"U_SOC","trial":38,"order":["source_trace_20","source_trace_22","source_trace_34","source_trace_24","source_trace_47","source_trace_21","source_trace_8","source_trace_45","source_trace_6","source_trace_33","source_trace_46","source_trace_23","source_trace_44","source_trace_9","source_trace_38","source_trace_19","source_trace_7","source_trace_0","source_trace_48","source_trace_37","source_trace_5","source_trace_36","source_trace_25","source_trace_35","source_trace_39","source_trace_18"],"failedName":"source_trace_22"}
{"name":"source_trace_22","package":"U_SOC","end":{"x":-15,"y":-5.08},"expanded":40173,"newVias":0,"reusedBootstrapLayer":"top","length":10.406559944152832}
{"name":"source_trace_20","package":"U_SOC","end":{"x":-15,"y":2.120000000000001},"expanded":423240,"newVias":2,"reusedBootstrapLayer":"top","length":18.097930908203125}
{"name":"source_trace_34","package":"U_SOC","end":{"x":-15,"y":-4.08},"expanded":481456,"newVias":2,"reusedBootstrapLayer":"top","length":15.803230285644531}
{"name":"source_trace_24","package":"U_SOC","end":{"x":-15,"y":-8.44},"expanded":31961,"newVias":0,"reusedBootstrapLayer":"top","length":11.593178749084473}
{"name":"source_trace_47","package":"U_SOC","end":{"x":-15,"y":4.039999999999999},"expanded":217206,"newVias":2,"reusedBootstrapLayer":"top","length":20.159292221069336}
{"name":"source_trace_21","package":"U_SOC","end":{"x":-15,"y":5.960000000000001},"expanded":572988,"newVias":2,"reusedBootstrapLayer":"top","length":37.75714111328125}
{"package":"U_SOC","trial":39,"order":["source_trace_22","source_trace_20","source_trace_34","source_trace_24","source_trace_47","source_trace_21","source_trace_8","source_trace_45","source_trace_6","source_trace_33","source_trace_46","source_trace_23","source_trace_44","source_trace_9","source_trace_38","source_trace_19","source_trace_7","source_trace_0","source_trace_48","source_trace_37","source_trace_5","source_trace_36","source_trace_25","source_trace_35","source_trace_39","source_trace_18"],"failedName":"source_trace_8"}
{"name":"source_trace_8","package":"U_SOC","end":{"x":-15,"y":-6.039999999999999},"expanded":28016,"newVias":0,"reusedBootstrapLayer":"top","length":11.085382461547852}
{"package":"U_SOC","trial":40,"order":["source_trace_8","source_trace_22","source_trace_20","source_trace_34","source_trace_24","source_trace_47","source_trace_21","source_trace_45","source_trace_6","source_trace_33","source_trace_46","source_trace_23","source_trace_44","source_trace_9","source_trace_38","source_trace_19","source_trace_7","source_trace_0","source_trace_48","source_trace_37","source_trace_5","source_trace_36","source_trace_25","source_trace_35","source_trace_39","source_trace_18"],"failedName":"source_trace_22"}
{"name":"source_trace_22","package":"U_SOC","end":{"x":-15,"y":-5.08},"expanded":40173,"newVias":0,"reusedBootstrapLayer":"top","length":10.406559944152832}
{"name":"source_trace_8","package":"U_SOC","end":{"x":-15,"y":-6.039999999999999},"expanded":241552,"newVias":2,"reusedBootstrapLayer":"top","length":11.214255332946777}
{"name":"source_trace_20","package":"U_SOC","end":{"x":-15,"y":2.120000000000001},"expanded":304560,"newVias":2,"reusedBootstrapLayer":"top","length":18.526214599609375}
{"name":"source_trace_34","package":"U_SOC","end":{"x":-15,"y":-4.08},"expanded":2288200,"newVias":2,"reusedBootstrapLayer":"top","length":31.898761749267578}
{"name":"source_trace_24","package":"U_SOC","end":{"x":-15,"y":-8.44},"expanded":163200,"newVias":2,"reusedBootstrapLayer":"top","length":17.16704750061035}
{"package":"U_SOC","trial":41,"order":["source_trace_22","source_trace_8","source_trace_20","source_trace_34","source_trace_24","source_trace_47","source_trace_21","source_trace_45","source_trace_6","source_trace_33","source_trace_46","source_trace_23","source_trace_44","source_trace_9","source_trace_38","source_trace_19","source_trace_7","source_trace_0","source_trace_48","source_trace_37","source_trace_5","source_trace_36","source_trace_25","source_trace_35","source_trace_39","source_trace_18"],"failedName":"source_trace_47"}
{"name":"source_trace_47","package":"U_SOC","end":{"x":-15,"y":4.039999999999999},"expanded":143084,"newVias":0,"reusedBootstrapLayer":"top","length":18.578275680541992}
{"name":"source_trace_22","package":"U_SOC","end":{"x":-15,"y":-5.08},"expanded":41367,"newVias":0,"reusedBootstrapLayer":"top","length":10.776265144348145}
{"name":"source_trace_8","package":"U_SOC","end":{"x":-15,"y":-6.039999999999999},"expanded":235850,"newVias":2,"reusedBootstrapLayer":"top","length":11.214255332946777}
{"name":"source_trace_20","package":"U_SOC","end":{"x":-15,"y":2.120000000000001},"expanded":309355,"newVias":2,"reusedBootstrapLayer":"top","length":18.690235137939453}
{"name":"source_trace_34","package":"U_SOC","end":{"x":-15,"y":-4.08},"expanded":2274526,"newVias":2,"reusedBootstrapLayer":"top","length":31.898761749267578}
{"name":"source_trace_24","package":"U_SOC","end":{"x":-15,"y":-8.44},"expanded":179632,"newVias":2,"reusedBootstrapLayer":"top","length":17.481849670410156}
{"package":"U_SOC","trial":42,"order":["source_trace_47","source_trace_22","source_trace_8","source_trace_20","source_trace_34","source_trace_24","source_trace_21","source_trace_45","source_trace_6","source_trace_33","source_trace_46","source_trace_23","source_trace_44","source_trace_9","source_trace_38","source_trace_19","source_trace_7","source_trace_0","source_trace_48","source_trace_37","source_trace_5","source_trace_36","source_trace_25","source_trace_35","source_trace_39","source_trace_18"],"failedName":"source_trace_21"}
{"name":"source_trace_21","package":"U_SOC","end":{"x":-15,"y":5.960000000000001},"expanded":193084,"newVias":0,"reusedBootstrapLayer":"top","length":21.926559448242188}
{"name":"source_trace_47","package":"U_SOC","end":{"x":-15,"y":4.039999999999999},"expanded":319562,"newVias":2,"reusedBootstrapLayer":"top","length":20.22958755493164}
{"package":"U_SOC","trial":43,"order":["source_trace_21","source_trace_47","source_trace_22","source_trace_8","source_trace_20","source_trace_34","source_trace_24","source_trace_45","source_trace_6","source_trace_33","source_trace_46","source_trace_23","source_trace_44","source_trace_9","source_trace_38","source_trace_19","source_trace_7","source_trace_0","source_trace_48","source_trace_37","source_trace_5","source_trace_36","source_trace_25","source_trace_35","source_trace_39","source_trace_18"],"failedName":"source_trace_22"}
{"name":"source_trace_22","package":"U_SOC","end":{"x":-15,"y":-5.08},"expanded":40173,"newVias":0,"reusedBootstrapLayer":"top","length":10.406559944152832}
{"name":"source_trace_21","package":"U_SOC","end":{"x":-15,"y":5.960000000000001},"expanded":592133,"newVias":2,"reusedBootstrapLayer":"top","length":21.996854782104492}
{"name":"source_trace_47","package":"U_SOC","end":{"x":-15,"y":4.039999999999999},"expanded":206682,"newVias":2,"reusedBootstrapLayer":"top","length":20.41703987121582}
{"name":"source_trace_8","package":"U_SOC","end":{"x":-15,"y":-6.039999999999999},"expanded":226013,"newVias":2,"reusedBootstrapLayer":"top","length":11.326214790344238}
{"name":"source_trace_20","package":"U_SOC","end":{"x":-15,"y":2.120000000000001},"expanded":276723,"newVias":2,"reusedBootstrapLayer":"top","length":19.947635650634766}
{"name":"source_trace_34","package":"U_SOC","end":{"x":-15,"y":-4.08},"expanded":481349,"newVias":2,"reusedBootstrapLayer":"top","length":16.187149047851562}
{"name":"source_trace_24","package":"U_SOC","end":{"x":-15,"y":-8.44},"expanded":27343,"newVias":0,"reusedBootstrapLayer":"top","length":11.80856990814209}
{"name":"source_trace_45","package":"U_SOC","end":{"x":-15,"y":-7},"expanded":307466,"newVias":2,"reusedBootstrapLayer":"top","length":13.499452590942383}
{"name":"source_trace_6","package":"U_SOC","end":{"x":-15,"y":6.920000000000002},"expanded":261083,"newVias":2,"reusedBootstrapLayer":"top","length":22.840471267700195}
{"name":"source_trace_33","package":"U_SOC","end":{"x":-15,"y":-4.4},"expanded":3845103,"newVias":4,"reusedBootstrapLayer":"top","length":40.196651458740234}
{"name":"source_trace_46","package":"U_SOC","end":{"x":-15,"y":7.879999999999999},"expanded":269610,"newVias":0,"reusedBootstrapLayer":"top","length":25.628896713256836}
{"package":"U_SOC","trial":44,"order":["source_trace_22","source_trace_21","source_trace_47","source_trace_8","source_trace_20","source_trace_34","source_trace_24","source_trace_45","source_trace_6","source_trace_33","source_trace_46","source_trace_23","source_trace_44","source_trace_9","source_trace_38","source_trace_19","source_trace_7","source_trace_0","source_trace_48","source_trace_37","source_trace_5","source_trace_36","source_trace_25","source_trace_35","source_trace_39","source_trace_18"],"failedName":"source_trace_23"}
{"name":"source_trace_23","package":"U_SOC","end":{"x":-15,"y":7.400000000000002},"expanded":179465,"newVias":0,"reusedBootstrapLayer":"top","length":21.380285263061523}
{"name":"source_trace_22","package":"U_SOC","end":{"x":-15,"y":-5.08},"expanded":41192,"newVias":0,"reusedBootstrapLayer":"top","length":10.709991455078125}
{"package":"U_SOC","trial":45,"order":["source_trace_23","source_trace_22","source_trace_21","source_trace_47","source_trace_8","source_trace_20","source_trace_34","source_trace_24","source_trace_45","source_trace_6","source_trace_33","source_trace_46","source_trace_44","source_trace_9","source_trace_38","source_trace_19","source_trace_7","source_trace_0","source_trace_48","source_trace_37","source_trace_5","source_trace_36","source_trace_25","source_trace_35","source_trace_39","source_trace_18"],"failedName":"source_trace_21"}
{"name":"source_trace_21","package":"U_SOC","end":{"x":-15,"y":5.960000000000001},"expanded":193084,"newVias":0,"reusedBootstrapLayer":"top","length":21.926559448242188}
{"name":"source_trace_23","package":"U_SOC","end":{"x":-15,"y":7.400000000000002},"expanded":428885,"newVias":2,"reusedBootstrapLayer":"top","length":21.15415382385254}
{"package":"U_SOC","trial":46,"order":["source_trace_21","source_trace_23","source_trace_22","source_trace_47","source_trace_8","source_trace_20","source_trace_34","source_trace_24","source_trace_45","source_trace_6","source_trace_33","source_trace_46","source_trace_44","source_trace_9","source_trace_38","source_trace_19","source_trace_7","source_trace_0","source_trace_48","source_trace_37","source_trace_5","source_trace_36","source_trace_25","source_trace_35","source_trace_39","source_trace_18"],"failedName":"source_trace_22"}
{"name":"source_trace_22","package":"U_SOC","end":{"x":-15,"y":-5.08},"expanded":40173,"newVias":0,"reusedBootstrapLayer":"top","length":10.406559944152832}
{"name":"source_trace_21","package":"U_SOC","end":{"x":-15,"y":5.960000000000001},"expanded":592133,"newVias":2,"reusedBootstrapLayer":"top","length":21.996854782104492}
{"name":"source_trace_23","package":"U_SOC","end":{"x":-15,"y":7.400000000000002},"expanded":347024,"newVias":2,"reusedBootstrapLayer":"top","length":21.15415382385254}
{"name":"source_trace_47","package":"U_SOC","end":{"x":-15,"y":4.039999999999999},"expanded":579337,"newVias":4,"reusedBootstrapLayer":"top","length":20.487333297729492}
{"name":"source_trace_8","package":"U_SOC","end":{"x":-15,"y":-6.039999999999999},"expanded":226013,"newVias":2,"reusedBootstrapLayer":"top","length":11.326214790344238}
{"name":"source_trace_20","package":"U_SOC","end":{"x":-15,"y":2.120000000000001},"expanded":272819,"newVias":2,"reusedBootstrapLayer":"top","length":19.947635650634766}
{"name":"source_trace_34","package":"U_SOC","end":{"x":-15,"y":-4.08},"expanded":481349,"newVias":2,"reusedBootstrapLayer":"top","length":16.187149047851562}
{"name":"source_trace_24","package":"U_SOC","end":{"x":-15,"y":-8.44},"expanded":27343,"newVias":0,"reusedBootstrapLayer":"top","length":11.80856990814209}
{"name":"source_trace_45","package":"U_SOC","end":{"x":-15,"y":-7},"expanded":307466,"newVias":2,"reusedBootstrapLayer":"top","length":13.499452590942383}
{"name":"source_trace_6","package":"U_SOC","end":{"x":-15,"y":6.920000000000002},"expanded":236420,"newVias":2,"reusedBootstrapLayer":"top","length":22.981060028076172}
{"package":"U_SOC","trial":47,"order":["source_trace_22","source_trace_21","source_trace_23","source_trace_47","source_trace_8","source_trace_20","source_trace_34","source_trace_24","source_trace_45","source_trace_6","source_trace_33","source_trace_46","source_trace_44","source_trace_9","source_trace_38","source_trace_19","source_trace_7","source_trace_0","source_trace_48","source_trace_37","source_trace_5","source_trace_36","source_trace_25","source_trace_35","source_trace_39","source_trace_18"],"failedName":"source_trace_33"}
