{"name":"source_trace_41","package":"U_RAM","end":{"x":2,"y":-18},"expanded":27856,"newVias":2,"reusedBootstrapLayer":"top","length":5}
{"name":"source_trace_28","package":"U_RAM","end":{"x":3.5999999999999996,"y":-18},"expanded":192465,"newVias":0,"reusedBootstrapLayer":"top","length":19.90558433532715}
{"name":"source_trace_27","package":"U_RAM","end":{"x":3.92,"y":-18},"expanded":568831,"newVias":0,"reusedBootstrapLayer":"top","length":29.95342254638672}
{"name":"source_trace_1","package":"U_RAM","end":{"x":-2,"y":-18},"expanded":170,"newVias":0,"reusedBootstrapLayer":"top","length":3.4000000953674316}
{"name":"source_trace_2","package":"U_RAM","end":{"x":-3.5999999999999996,"y":-18},"expanded":10024,"newVias":0,"reusedBootstrapLayer":"top","length":6.273624897003174}
{"name":"source_trace_13","package":"U_RAM","end":{"x":-0.40000000000000036,"y":-18},"expanded":10696,"newVias":0,"reusedBootstrapLayer":"top","length":6.131371021270752}
{"name":"source_trace_11","package":"U_RAM","end":{"x":-1.2000000000000002,"y":-18},"expanded":170,"newVias":0,"reusedBootstrapLayer":"top","length":3.4000000953674316}
{"package":"U_RAM","trial":0,"order":["source_trace_41","source_trace_28","source_trace_27","source_trace_1","source_trace_2","source_trace_13","source_trace_11","source_trace_12","source_trace_29","source_trace_26","source_trace_40"],"failedName":"source_trace_12"}
{"name":"source_trace_12","package":"U_RAM","end":{"x":-0.40000000000000036,"y":-18},"expanded":8902,"newVias":0,"reusedBootstrapLayer":"top","length":5.331370830535889}
{"name":"source_trace_41","package":"U_RAM","end":{"x":2,"y":-18},"expanded":27856,"newVias":2,"reusedBootstrapLayer":"top","length":5}
{"name":"source_trace_28","package":"U_RAM","end":{"x":3.5999999999999996,"y":-18},"expanded":119750,"newVias":0,"reusedBootstrapLayer":"top","length":19.90558433532715}
{"name":"source_trace_27","package":"U_RAM","end":{"x":3.92,"y":-18},"expanded":424515,"newVias":0,"reusedBootstrapLayer":"top","length":29.95342254638672}
{"name":"source_trace_1","package":"U_RAM","end":{"x":-2,"y":-18},"expanded":170,"newVias":0,"reusedBootstrapLayer":"top","length":3.4000000953674316}
{"name":"source_trace_2","package":"U_RAM","end":{"x":-3.5999999999999996,"y":-18},"expanded":10024,"newVias":0,"reusedBootstrapLayer":"top","length":6.273624897003174}
{"name":"source_trace_13","package":"U_RAM","end":{"x":0.40000000000000036,"y":-18},"expanded":14597,"newVias":0,"reusedBootstrapLayer":"top","length":6.462741851806641}
{"name":"source_trace_11","package":"U_RAM","end":{"x":-1.2000000000000002,"y":-18},"expanded":170,"newVias":0,"reusedBootstrapLayer":"top","length":3.4000000953674316}
{"name":"source_trace_29","package":"U_RAM","end":{"x":1.200000000000001,"y":-18},"expanded":58439,"newVias":2,"reusedBootstrapLayer":"top","length":8.297056198120117}
{"name":"source_trace_26","package":"U_RAM","end":{"x":5.200000000000001,"y":-18},"expanded":393145,"newVias":2,"reusedBootstrapLayer":"top","length":34.47758483886719}
{"package":"U_RAM","trial":1,"order":["source_trace_12","source_trace_41","source_trace_28","source_trace_27","source_trace_1","source_trace_2","source_trace_13","source_trace_11","source_trace_29","source_trace_26","source_trace_40"],"failedName":"source_trace_40"}
{"name":"source_trace_40","package":"U_RAM","end":{"x":2,"y":-18},"expanded":24239,"newVias":2,"reusedBootstrapLayer":"top","length":4.200000762939453}
{"name":"source_trace_12","package":"U_RAM","end":{"x":-0.40000000000000036,"y":-18},"expanded":8902,"newVias":0,"reusedBootstrapLayer":"top","length":5.331370830535889}
{"name":"source_trace_41","package":"U_RAM","end":{"x":1.200000000000001,"y":-18},"expanded":40496,"newVias":2,"reusedBootstrapLayer":"top","length":6.648529052734375}
{"name":"source_trace_28","package":"U_RAM","end":{"x":3.5999999999999996,"y":-18},"expanded":103349,"newVias":0,"reusedBootstrapLayer":"top","length":19.90558433532715}
{"name":"source_trace_27","package":"U_RAM","end":{"x":3.92,"y":-18},"expanded":374444,"newVias":2,"reusedBootstrapLayer":"top","length":35.6339111328125}
{"name":"source_trace_1","package":"U_RAM","end":{"x":-2,"y":-18},"expanded":170,"newVias":0,"reusedBootstrapLayer":"top","length":3.4000000953674316}
{"name":"source_trace_2","package":"U_RAM","end":{"x":-3.5999999999999996,"y":-18},"expanded":10024,"newVias":0,"reusedBootstrapLayer":"top","length":6.273624897003174}
{"name":"source_trace_13","package":"U_RAM","end":{"x":0.40000000000000036,"y":-18},"expanded":13684,"newVias":0,"reusedBootstrapLayer":"top","length":6.462741851806641}
{"name":"source_trace_11","package":"U_RAM","end":{"x":-1.2000000000000002,"y":-18},"expanded":170,"newVias":0,"reusedBootstrapLayer":"top","length":3.4000000953674316}
{"name":"source_trace_29","package":"U_RAM","end":{"x":-2.8,"y":-18},"expanded":387042,"newVias":2,"reusedBootstrapLayer":"top","length":17.050132751464844}
{"name":"source_trace_26","package":"U_RAM","end":{"x":5.200000000000001,"y":-18},"expanded":329266,"newVias":2,"reusedBootstrapLayer":"top","length":37.16042709350586}
{"name":"source_trace_28","package":"U_SOC","end":{"x":3.5999999999999996,"y":-10.5},"expanded":8588,"newVias":0,"reusedBootstrapLayer":"top","length":4.128427028656006}
{"package":"U_SOC","trial":0,"order":["source_trace_28","source_trace_27","source_trace_1","source_trace_2","source_trace_41","source_trace_13","source_trace_11","source_trace_12","source_trace_29","source_trace_26","source_trace_40"],"failedName":"source_trace_27"}
{"name":"source_trace_27","package":"U_SOC","end":{"x":3.92,"y":-10.5},"expanded":26334,"newVias":2,"reusedBootstrapLayer":"top","length":5.872692108154297}
{"package":"U_SOC","trial":1,"order":["source_trace_27","source_trace_28","source_trace_1","source_trace_2","source_trace_41","source_trace_13","source_trace_11","source_trace_12","source_trace_29","source_trace_26","source_trace_40"],"failedName":"source_trace_28"}
