{"name":"source_trace_13","package":"U_RAM","end":{"x":-3.1999999999999993,"y":-18},"expanded":237133,"newVias":1,"reusedBootstrapLayer":"bottom","length":14.822540283203125}
{"name":"source_trace_1","package":"U_RAM","end":{"x":-3.5199999999999996,"y":-18},"expanded":175237,"newVias":1,"reusedBootstrapLayer":"bottom","length":14.429605484008789}
{"name":"source_trace_2","package":"U_RAM","end":{"x":-3.84,"y":-18},"expanded":218485,"newVias":1,"reusedBootstrapLayer":"bottom","length":16.51695442199707}
{"name":"source_trace_28","package":"U_RAM","end":{"x":-6.720000000000001,"y":-18},"expanded":147324,"newVias":1,"reusedBootstrapLayer":"bottom","length":17.542539596557617}
{"name":"source_trace_41","package":"U_RAM","end":{"x":-4.16,"y":-18},"expanded":122737,"newVias":1,"reusedBootstrapLayer":"bottom","length":15.560976028442383}
{"name":"source_trace_11","package":"U_RAM","end":{"x":-4.48,"y":-18},"expanded":875191,"newVias":1,"reusedBootstrapLayer":"bottom","length":21.98704719543457}
{"name":"source_trace_27","package":"U_RAM","end":{"x":-6.4,"y":-18},"expanded":933056,"newVias":3,"reusedBootstrapLayer":"bottom","length":20.328813552856445}
{"name":"source_trace_12","package":"U_RAM","end":{"x":-7.039999999999999,"y":-18},"expanded":971213,"newVias":1,"reusedBootstrapLayer":"bottom","length":23.597930908203125}
{"name":"source_trace_29","package":"U_RAM","end":{"x":-7.359999999999999,"y":-18},"expanded":1373781,"newVias":1,"reusedBootstrapLayer":"bottom","length":25.556407928466797}
{"package":"U_RAM","trial":0,"order":["source_trace_13","source_trace_1","source_trace_2","source_trace_28","source_trace_41","source_trace_11","source_trace_27","source_trace_12","source_trace_29","source_trace_26","source_trace_40"],"failedName":"source_trace_26"}
{"name":"source_trace_26","package":"U_RAM","end":{"x":-3.1999999999999993,"y":-18},"expanded":191828,"newVias":1,"reusedBootstrapLayer":"bottom","length":13.8284273147583}
{"name":"source_trace_13","package":"U_RAM","end":{"x":-3.84,"y":-18},"expanded":175132,"newVias":1,"reusedBootstrapLayer":"bottom","length":15.087636947631836}
{"name":"source_trace_1","package":"U_RAM","end":{"x":-4.16,"y":-18},"expanded":164585,"newVias":1,"reusedBootstrapLayer":"bottom","length":14.6947021484375}
{"name":"source_trace_2","package":"U_RAM","end":{"x":-4.48,"y":-18},"expanded":233855,"newVias":1,"reusedBootstrapLayer":"bottom","length":16.94607162475586}
{"name":"source_trace_28","package":"U_RAM","end":{"x":-6.720000000000001,"y":-18},"expanded":143609,"newVias":1,"reusedBootstrapLayer":"bottom","length":17.542539596557617}
{"name":"source_trace_41","package":"U_RAM","end":{"x":-5.4399999999999995,"y":-18},"expanded":150599,"newVias":1,"reusedBootstrapLayer":"bottom","length":16.25920867919922}
{"name":"source_trace_11","package":"U_RAM","end":{"x":-7.039999999999999,"y":-18},"expanded":1163466,"newVias":1,"reusedBootstrapLayer":"bottom","length":23.516063690185547}
{"name":"source_trace_27","package":"U_RAM","end":{"x":-6.4,"y":-18},"expanded":942543,"newVias":3,"reusedBootstrapLayer":"bottom","length":20.6099910736084}
{"name":"source_trace_12","package":"U_RAM","end":{"x":-7.359999999999999,"y":-18},"expanded":987444,"newVias":1,"reusedBootstrapLayer":"bottom","length":23.730478286743164}
{"name":"source_trace_29","package":"U_RAM","end":{"x":-7.68,"y":-18},"expanded":1376199,"newVias":1,"reusedBootstrapLayer":"bottom","length":25.68895721435547}
{"name":"source_trace_40","package":"U_RAM","end":{"x":-8,"y":-18},"expanded":791285,"newVias":1,"reusedBootstrapLayer":"bottom","length":24.209646224975586}
{"name":"source_trace_1","package":"U_SOC","end":{"x":-4.16,"y":-10.5},"expanded":52070,"newVias":0,"reusedBootstrapLayer":"top","length":6.229848384857178}
{"name":"source_trace_2","package":"U_SOC","end":{"x":-4.4799999999999995,"y":-10.5},"expanded":126684,"newVias":1,"reusedBootstrapLayer":"bottom","length":6.8069047927856445}
{"name":"source_trace_28","package":"U_SOC","end":{"x":-6.72,"y":-10.5},"expanded":234202,"newVias":1,"reusedBootstrapLayer":"bottom","length":10.721219062805176}
{"name":"source_trace_41","package":"U_SOC","end":{"x":-5.4399999999999995,"y":-10.5},"expanded":267674,"newVias":1,"reusedBootstrapLayer":"bottom","length":11.431168556213379}
{"name":"source_trace_13","package":"U_SOC","end":{"x":-3.84,"y":-10.5},"expanded":298673,"newVias":2,"reusedBootstrapLayer":"top","length":13.747148513793945}
{"package":"U_SOC","trial":0,"order":["source_trace_1","source_trace_2","source_trace_28","source_trace_41","source_trace_13","source_trace_11","source_trace_27","source_trace_12","source_trace_29","source_trace_26","source_trace_40"],"failedName":"source_trace_11"}
{"name":"source_trace_11","package":"U_SOC","end":{"x":-7.04,"y":-10.5},"expanded":151456,"newVias":1,"reusedBootstrapLayer":"bottom","length":10.241219520568848}
{"name":"source_trace_1","package":"U_SOC","end":{"x":-4.16,"y":-10.5},"expanded":50467,"newVias":0,"reusedBootstrapLayer":"top","length":6.229848384857178}
{"name":"source_trace_2","package":"U_SOC","end":{"x":-4.4799999999999995,"y":-10.5},"expanded":114239,"newVias":1,"reusedBootstrapLayer":"bottom","length":6.8069047927856445}
{"package":"U_SOC","trial":1,"order":["source_trace_11","source_trace_1","source_trace_2","source_trace_28","source_trace_41","source_trace_13","source_trace_27","source_trace_12","source_trace_29","source_trace_26","source_trace_40"],"failedName":"source_trace_28"}
{"name":"source_trace_28","package":"U_SOC","end":{"x":-6.72,"y":-10.5},"expanded":116527,"newVias":0,"reusedBootstrapLayer":"top","length":10.389848709106445}
{"name":"source_trace_11","package":"U_SOC","end":{"x":-7.04,"y":-10.5},"expanded":143279,"newVias":1,"reusedBootstrapLayer":"bottom","length":10.241219520568848}
{"package":"U_SOC","trial":2,"order":["source_trace_28","source_trace_11","source_trace_1","source_trace_2","source_trace_41","source_trace_13","source_trace_27","source_trace_12","source_trace_29","source_trace_26","source_trace_40"],"failedName":"source_trace_1"}
{"name":"source_trace_1","package":"U_SOC","end":{"x":-4.16,"y":-10.5},"expanded":52070,"newVias":0,"reusedBootstrapLayer":"top","length":6.229848384857178}
{"name":"source_trace_28","package":"U_SOC","end":{"x":-6.72,"y":-10.5},"expanded":243342,"newVias":1,"reusedBootstrapLayer":"bottom","length":10.389848709106445}
{"name":"source_trace_11","package":"U_SOC","end":{"x":-7.04,"y":-10.5},"expanded":118186,"newVias":1,"reusedBootstrapLayer":"bottom","length":10.241219520568848}
{"name":"source_trace_2","package":"U_SOC","end":{"x":-4.4799999999999995,"y":-10.5},"expanded":136670,"newVias":2,"reusedBootstrapLayer":"top","length":6.8069047927856445}
{"name":"source_trace_41","package":"U_SOC","end":{"x":-5.4399999999999995,"y":-10.5},"expanded":135831,"newVias":1,"reusedBootstrapLayer":"bottom","length":9.206904411315918}
{"package":"U_SOC","trial":3,"order":["source_trace_1","source_trace_28","source_trace_11","source_trace_2","source_trace_41","source_trace_13","source_trace_27","source_trace_12","source_trace_29","source_trace_26","source_trace_40"],"failedName":"source_trace_13"}
{"name":"source_trace_13","package":"U_SOC","end":{"x":-3.84,"y":-10.5},"expanded":53443,"newVias":1,"reusedBootstrapLayer":"bottom","length":5.866315841674805}
{"name":"source_trace_1","package":"U_SOC","end":{"x":-4.16,"y":-10.5},"expanded":36661,"newVias":0,"reusedBootstrapLayer":"top","length":6.229848384857178}
{"name":"source_trace_28","package":"U_SOC","end":{"x":-6.72,"y":-10.5},"expanded":298716,"newVias":1,"reusedBootstrapLayer":"bottom","length":11.758864402770996}
{"name":"source_trace_11","package":"U_SOC","end":{"x":-7.04,"y":-10.5},"expanded":147431,"newVias":1,"reusedBootstrapLayer":"bottom","length":11.657097816467285}
{"name":"source_trace_2","package":"U_SOC","end":{"x":-4.4799999999999995,"y":-10.5},"expanded":572617,"newVias":1,"reusedBootstrapLayer":"bottom","length":15.083717346191406}
{"name":"source_trace_41","package":"U_SOC","end":{"x":-5.4399999999999995,"y":-10.5},"expanded":567847,"newVias":1,"reusedBootstrapLayer":"bottom","length":14.954011917114258}
{"package":"U_SOC","trial":4,"order":["source_trace_13","source_trace_1","source_trace_28","source_trace_11","source_trace_2","source_trace_41","source_trace_27","source_trace_12","source_trace_29","source_trace_26","source_trace_40"],"failedName":"source_trace_27"}
{"name":"source_trace_27","package":"U_SOC","end":{"x":-6.4,"y":-10.5},"expanded":107897,"newVias":1,"reusedBootstrapLayer":"bottom","length":9.698275566101074}
{"name":"source_trace_13","package":"U_SOC","end":{"x":-3.84,"y":-10.5},"expanded":38603,"newVias":1,"reusedBootstrapLayer":"bottom","length":8.114701271057129}
{"name":"source_trace_1","package":"U_SOC","end":{"x":-4.16,"y":-10.5},"expanded":235073,"newVias":1,"reusedBootstrapLayer":"bottom","length":8.229503631591797}
{"name":"source_trace_28","package":"U_SOC","end":{"x":-6.72,"y":-10.5},"expanded":485980,"newVias":1,"reusedBootstrapLayer":"bottom","length":13.73709774017334}
{"name":"source_trace_11","package":"U_SOC","end":{"x":-7.04,"y":-10.5},"expanded":80427,"newVias":0,"reusedBootstrapLayer":"top","length":16.424304962158203}
{"name":"source_trace_2","package":"U_SOC","end":{"x":-4.4799999999999995,"y":-10.5},"expanded":117443,"newVias":1,"reusedBootstrapLayer":"bottom","length":6.886904716491699}
{"name":"source_trace_41","package":"U_SOC","end":{"x":-5.4399999999999995,"y":-10.5},"expanded":671234,"newVias":1,"reusedBootstrapLayer":"bottom","length":15.103128433227539}
{"package":"U_SOC","trial":5,"order":["source_trace_27","source_trace_13","source_trace_1","source_trace_28","source_trace_11","source_trace_2","source_trace_41","source_trace_12","source_trace_29","source_trace_26","source_trace_40"],"failedName":"source_trace_12"}
{"name":"source_trace_12","package":"U_SOC","end":{"x":-7.359999999999999,"y":-10.5},"expanded":220337,"newVias":1,"reusedBootstrapLayer":"bottom","length":11.080041885375977}
{"name":"source_trace_27","package":"U_SOC","end":{"x":-6.4,"y":-10.5},"expanded":103942,"newVias":1,"reusedBootstrapLayer":"bottom","length":9.885726928710938}
{"name":"source_trace_13","package":"U_SOC","end":{"x":-3.84,"y":-10.5},"expanded":15376,"newVias":1,"reusedBootstrapLayer":"bottom","length":6.381808280944824}
{"name":"source_trace_1","package":"U_SOC","end":{"x":-4.16,"y":-10.5},"expanded":147545,"newVias":2,"reusedBootstrapLayer":"top","length":9.134600639343262}
{"package":"U_SOC","trial":6,"order":["source_trace_12","source_trace_27","source_trace_13","source_trace_1","source_trace_28","source_trace_11","source_trace_2","source_trace_41","source_trace_29","source_trace_26","source_trace_40"],"failedName":"source_trace_28"}
{"name":"source_trace_28","package":"U_SOC","end":{"x":-6.72,"y":-10.5},"expanded":116527,"newVias":0,"reusedBootstrapLayer":"top","length":10.389848709106445}
{"name":"source_trace_12","package":"U_SOC","end":{"x":-7.359999999999999,"y":-10.5},"expanded":212628,"newVias":1,"reusedBootstrapLayer":"bottom","length":11.080041885375977}
{"name":"source_trace_27","package":"U_SOC","end":{"x":-6.4,"y":-10.5},"expanded":96109,"newVias":1,"reusedBootstrapLayer":"bottom","length":9.885726928710938}
{"name":"source_trace_13","package":"U_SOC","end":{"x":-3.84,"y":-10.5},"expanded":213868,"newVias":2,"reusedBootstrapLayer":"top","length":11.821118354797363}
{"package":"U_SOC","trial":7,"order":["source_trace_28","source_trace_12","source_trace_27","source_trace_13","source_trace_1","source_trace_11","source_trace_2","source_trace_41","source_trace_29","source_trace_26","source_trace_40"],"failedName":"source_trace_1"}
{"name":"source_trace_1","package":"U_SOC","end":{"x":-4.16,"y":-10.5},"expanded":52070,"newVias":0,"reusedBootstrapLayer":"top","length":6.229848384857178}
{"name":"source_trace_28","package":"U_SOC","end":{"x":-6.72,"y":-10.5},"expanded":243342,"newVias":1,"reusedBootstrapLayer":"bottom","length":10.389848709106445}
{"name":"source_trace_12","package":"U_SOC","end":{"x":-7.359999999999999,"y":-10.5},"expanded":165436,"newVias":1,"reusedBootstrapLayer":"bottom","length":11.080041885375977}
{"name":"source_trace_27","package":"U_SOC","end":{"x":-6.4,"y":-10.5},"expanded":105928,"newVias":1,"reusedBootstrapLayer":"bottom","length":10.826315879821777}
{"name":"source_trace_13","package":"U_SOC","end":{"x":-3.84,"y":-10.5},"expanded":202955,"newVias":1,"reusedBootstrapLayer":"bottom","length":12.363371849060059}
{"package":"U_SOC","trial":8,"order":["source_trace_1","source_trace_28","source_trace_12","source_trace_27","source_trace_13","source_trace_11","source_trace_2","source_trace_41","source_trace_29","source_trace_26","source_trace_40"],"failedName":"source_trace_11"}
{"name":"source_trace_11","package":"U_SOC","end":{"x":-7.04,"y":-10.5},"expanded":151456,"newVias":1,"reusedBootstrapLayer":"bottom","length":10.241219520568848}
{"name":"source_trace_1","package":"U_SOC","end":{"x":-4.16,"y":-10.5},"expanded":50467,"newVias":0,"reusedBootstrapLayer":"top","length":6.229848384857178}
{"package":"U_SOC","trial":9,"order":["source_trace_11","source_trace_1","source_trace_28","source_trace_12","source_trace_27","source_trace_13","source_trace_2","source_trace_41","source_trace_29","source_trace_26","source_trace_40"],"failedName":"source_trace_28"}
{"name":"source_trace_28","package":"U_SOC","end":{"x":-6.72,"y":-10.5},"expanded":116527,"newVias":0,"reusedBootstrapLayer":"top","length":10.389848709106445}
{"name":"source_trace_11","package":"U_SOC","end":{"x":-7.04,"y":-10.5},"expanded":143279,"newVias":1,"reusedBootstrapLayer":"bottom","length":10.241219520568848}
{"package":"U_SOC","trial":10,"order":["source_trace_28","source_trace_11","source_trace_1","source_trace_12","source_trace_27","source_trace_13","source_trace_2","source_trace_41","source_trace_29","source_trace_26","source_trace_40"],"failedName":"source_trace_1"}
{"name":"source_trace_1","package":"U_SOC","end":{"x":-4.16,"y":-10.5},"expanded":52070,"newVias":0,"reusedBootstrapLayer":"top","length":6.229848384857178}
{"name":"source_trace_28","package":"U_SOC","end":{"x":-6.72,"y":-10.5},"expanded":243342,"newVias":1,"reusedBootstrapLayer":"bottom","length":10.389848709106445}
{"name":"source_trace_11","package":"U_SOC","end":{"x":-7.04,"y":-10.5},"expanded":118186,"newVias":1,"reusedBootstrapLayer":"bottom","length":10.241219520568848}
{"name":"source_trace_12","package":"U_SOC","end":{"x":-7.359999999999999,"y":-10.5},"expanded":135132,"newVias":1,"reusedBootstrapLayer":"bottom","length":11.080041885375977}
{"name":"source_trace_27","package":"U_SOC","end":{"x":-6.4,"y":-10.5},"expanded":101090,"newVias":1,"reusedBootstrapLayer":"bottom","length":10.826315879821777}
{"name":"source_trace_13","package":"U_SOC","end":{"x":-3.84,"y":-10.5},"expanded":259705,"newVias":2,"reusedBootstrapLayer":"top","length":13.13994026184082}
{"name":"source_trace_2","package":"U_SOC","end":{"x":-4.4799999999999995,"y":-10.5},"expanded":69953,"newVias":2,"reusedBootstrapLayer":"top","length":6.8069047927856445}
{"name":"source_trace_41","package":"U_SOC","end":{"x":-5.4399999999999995,"y":-10.5},"expanded":430405,"newVias":2,"reusedBootstrapLayer":"top","length":16.9327335357666}
{"package":"U_SOC","trial":11,"order":["source_trace_1","source_trace_28","source_trace_11","source_trace_12","source_trace_27","source_trace_13","source_trace_2","source_trace_41","source_trace_29","source_trace_26","source_trace_40"],"failedName":"source_trace_29"}
{"name":"source_trace_29","package":"U_SOC","end":{"x":-7.68,"y":-10.5},"expanded":182718,"newVias":1,"reusedBootstrapLayer":"bottom","length":12.200041770935059}
{"name":"source_trace_1","package":"U_SOC","end":{"x":-4.16,"y":-10.5},"expanded":50484,"newVias":0,"reusedBootstrapLayer":"top","length":6.229848384857178}
{"package":"U_SOC","trial":12,"order":["source_trace_29","source_trace_1","source_trace_28","source_trace_11","source_trace_12","source_trace_27","source_trace_13","source_trace_2","source_trace_41","source_trace_26","source_trace_40"],"failedName":"source_trace_28"}
{"name":"source_trace_28","package":"U_SOC","end":{"x":-6.72,"y":-10.5},"expanded":116527,"newVias":0,"reusedBootstrapLayer":"top","length":10.389848709106445}
{"name":"source_trace_29","package":"U_SOC","end":{"x":-7.68,"y":-10.5},"expanded":174633,"newVias":1,"reusedBootstrapLayer":"bottom","length":12.200041770935059}
{"package":"U_SOC","trial":13,"order":["source_trace_28","source_trace_29","source_trace_1","source_trace_11","source_trace_12","source_trace_27","source_trace_13","source_trace_2","source_trace_41","source_trace_26","source_trace_40"],"failedName":"source_trace_1"}
{"name":"source_trace_1","package":"U_SOC","end":{"x":-4.16,"y":-10.5},"expanded":52070,"newVias":0,"reusedBootstrapLayer":"top","length":6.229848384857178}
{"name":"source_trace_28","package":"U_SOC","end":{"x":-6.72,"y":-10.5},"expanded":243342,"newVias":1,"reusedBootstrapLayer":"bottom","length":10.389848709106445}
{"name":"source_trace_29","package":"U_SOC","end":{"x":-7.68,"y":-10.5},"expanded":152460,"newVias":1,"reusedBootstrapLayer":"bottom","length":12.200041770935059}
{"package":"U_SOC","trial":14,"order":["source_trace_1","source_trace_28","source_trace_29","source_trace_11","source_trace_12","source_trace_27","source_trace_13","source_trace_2","source_trace_41","source_trace_26","source_trace_40"],"failedName":"source_trace_11"}
{"name":"source_trace_11","package":"U_SOC","end":{"x":-7.04,"y":-10.5},"expanded":151456,"newVias":1,"reusedBootstrapLayer":"bottom","length":10.241219520568848}
{"name":"source_trace_1","package":"U_SOC","end":{"x":-4.16,"y":-10.5},"expanded":50467,"newVias":0,"reusedBootstrapLayer":"top","length":6.229848384857178}
{"package":"U_SOC","trial":15,"order":["source_trace_11","source_trace_1","source_trace_28","source_trace_29","source_trace_12","source_trace_27","source_trace_13","source_trace_2","source_trace_41","source_trace_26","source_trace_40"],"failedName":"source_trace_28"}
{"name":"source_trace_28","package":"U_SOC","end":{"x":-6.72,"y":-10.5},"expanded":116527,"newVias":0,"reusedBootstrapLayer":"top","length":10.389848709106445}
{"name":"source_trace_11","package":"U_SOC","end":{"x":-7.04,"y":-10.5},"expanded":143279,"newVias":1,"reusedBootstrapLayer":"bottom","length":10.241219520568848}
{"package":"U_SOC","trial":16,"order":["source_trace_28","source_trace_11","source_trace_1","source_trace_29","source_trace_12","source_trace_27","source_trace_13","source_trace_2","source_trace_41","source_trace_26","source_trace_40"],"failedName":"source_trace_1"}
{"name":"source_trace_1","package":"U_SOC","end":{"x":-4.16,"y":-10.5},"expanded":52070,"newVias":0,"reusedBootstrapLayer":"top","length":6.229848384857178}
{"name":"source_trace_28","package":"U_SOC","end":{"x":-6.72,"y":-10.5},"expanded":243342,"newVias":1,"reusedBootstrapLayer":"bottom","length":10.389848709106445}
{"name":"source_trace_11","package":"U_SOC","end":{"x":-7.04,"y":-10.5},"expanded":118186,"newVias":1,"reusedBootstrapLayer":"bottom","length":10.241219520568848}
{"name":"source_trace_29","package":"U_SOC","end":{"x":-7.68,"y":-10.5},"expanded":130643,"newVias":1,"reusedBootstrapLayer":"bottom","length":12.200041770935059}
{"package":"U_SOC","trial":17,"order":["source_trace_1","source_trace_28","source_trace_11","source_trace_29","source_trace_12","source_trace_27","source_trace_13","source_trace_2","source_trace_41","source_trace_26","source_trace_40"],"failedName":"source_trace_12"}
{"name":"source_trace_12","package":"U_SOC","end":{"x":-7.359999999999999,"y":-10.5},"expanded":220337,"newVias":1,"reusedBootstrapLayer":"bottom","length":11.080041885375977}
{"name":"source_trace_1","package":"U_SOC","end":{"x":-4.16,"y":-10.5},"expanded":50902,"newVias":0,"reusedBootstrapLayer":"top","length":6.229848384857178}
{"package":"U_SOC","trial":18,"order":["source_trace_12","source_trace_1","source_trace_28","source_trace_11","source_trace_29","source_trace_27","source_trace_13","source_trace_2","source_trace_41","source_trace_26","source_trace_40"],"failedName":"source_trace_28"}
{"name":"source_trace_28","package":"U_SOC","end":{"x":-6.72,"y":-10.5},"expanded":116527,"newVias":0,"reusedBootstrapLayer":"top","length":10.389848709106445}
{"name":"source_trace_12","package":"U_SOC","end":{"x":-7.359999999999999,"y":-10.5},"expanded":212628,"newVias":1,"reusedBootstrapLayer":"bottom","length":11.080041885375977}
{"package":"U_SOC","trial":19,"order":["source_trace_28","source_trace_12","source_trace_1","source_trace_11","source_trace_29","source_trace_27","source_trace_13","source_trace_2","source_trace_41","source_trace_26","source_trace_40"],"failedName":"source_trace_1"}
{"name":"source_trace_1","package":"U_SOC","end":{"x":-4.16,"y":-10.5},"expanded":52070,"newVias":0,"reusedBootstrapLayer":"top","length":6.229848384857178}
{"name":"source_trace_28","package":"U_SOC","end":{"x":-6.72,"y":-10.5},"expanded":243342,"newVias":1,"reusedBootstrapLayer":"bottom","length":10.389848709106445}
{"name":"source_trace_12","package":"U_SOC","end":{"x":-7.359999999999999,"y":-10.5},"expanded":165436,"newVias":1,"reusedBootstrapLayer":"bottom","length":11.080041885375977}
{"package":"U_SOC","trial":20,"order":["source_trace_1","source_trace_28","source_trace_12","source_trace_11","source_trace_29","source_trace_27","source_trace_13","source_trace_2","source_trace_41","source_trace_26","source_trace_40"],"failedName":"source_trace_11"}
{"name":"source_trace_11","package":"U_SOC","end":{"x":-7.04,"y":-10.5},"expanded":151456,"newVias":1,"reusedBootstrapLayer":"bottom","length":10.241219520568848}
{"name":"source_trace_1","package":"U_SOC","end":{"x":-4.16,"y":-10.5},"expanded":50467,"newVias":0,"reusedBootstrapLayer":"top","length":6.229848384857178}
{"package":"U_SOC","trial":21,"order":["source_trace_11","source_trace_1","source_trace_28","source_trace_12","source_trace_29","source_trace_27","source_trace_13","source_trace_2","source_trace_41","source_trace_26","source_trace_40"],"failedName":"source_trace_28"}
{"name":"source_trace_28","package":"U_SOC","end":{"x":-6.72,"y":-10.5},"expanded":116527,"newVias":0,"reusedBootstrapLayer":"top","length":10.389848709106445}
{"name":"source_trace_11","package":"U_SOC","end":{"x":-7.04,"y":-10.5},"expanded":143279,"newVias":1,"reusedBootstrapLayer":"bottom","length":10.241219520568848}
{"package":"U_SOC","trial":22,"order":["source_trace_28","source_trace_11","source_trace_1","source_trace_12","source_trace_29","source_trace_27","source_trace_13","source_trace_2","source_trace_41","source_trace_26","source_trace_40"],"failedName":"source_trace_1"}
{"name":"source_trace_1","package":"U_SOC","end":{"x":-4.16,"y":-10.5},"expanded":52070,"newVias":0,"reusedBootstrapLayer":"top","length":6.229848384857178}
{"name":"source_trace_28","package":"U_SOC","end":{"x":-6.72,"y":-10.5},"expanded":243342,"newVias":1,"reusedBootstrapLayer":"bottom","length":10.389848709106445}
{"name":"source_trace_11","package":"U_SOC","end":{"x":-7.04,"y":-10.5},"expanded":118186,"newVias":1,"reusedBootstrapLayer":"bottom","length":10.241219520568848}
{"name":"source_trace_12","package":"U_SOC","end":{"x":-7.359999999999999,"y":-10.5},"expanded":135132,"newVias":1,"reusedBootstrapLayer":"bottom","length":11.080041885375977}
{"name":"source_trace_29","package":"U_SOC","end":{"x":-7.68,"y":-10.5},"expanded":152261,"newVias":1,"reusedBootstrapLayer":"bottom","length":12.718864440917969}
{"name":"source_trace_27","package":"U_SOC","end":{"x":-6.4,"y":-10.5},"expanded":82443,"newVias":1,"reusedBootstrapLayer":"bottom","length":10.826315879821777}
{"name":"source_trace_13","package":"U_SOC","end":{"x":-3.84,"y":-10.5},"expanded":295981,"newVias":2,"reusedBootstrapLayer":"top","length":14.739940643310547}
{"name":"source_trace_2","package":"U_SOC","end":{"x":-4.4799999999999995,"y":-10.5},"expanded":70191,"newVias":2,"reusedBootstrapLayer":"top","length":6.8069047927856445}
{"name":"source_trace_41","package":"U_SOC","end":{"x":-5.4399999999999995,"y":-10.5},"expanded":597803,"newVias":2,"reusedBootstrapLayer":"top","length":19.19498634338379}
{"name":"source_trace_26","package":"U_SOC","end":{"x":-3.2,"y":-10.5},"expanded":187104,"newVias":0,"reusedBootstrapLayer":"top","length":16.86513900756836}
{"package":"U_SOC","trial":23,"order":["source_trace_1","source_trace_28","source_trace_11","source_trace_12","source_trace_29","source_trace_27","source_trace_13","source_trace_2","source_trace_41","source_trace_26","source_trace_40"],"failedName":"source_trace_40"}
