{"name":"source_trace_3","package":"U_SOC","end":{"x":3.12,"y":-10.5},"expanded":2413,"newVias":0,"reusedBootstrapLayer":"bottom","length":3.333137035369873}
{"name":"source_trace_15","package":"U_SOC","end":{"x":4.08,"y":-10.5},"expanded":2413,"newVias":0,"reusedBootstrapLayer":"bottom","length":3.333137035369873}
{"name":"source_trace_30","package":"U_SOC","end":{"x":2.8000000000000003,"y":-10.5},"expanded":1072,"newVias":0,"reusedBootstrapLayer":"bottom","length":4.265685558319092}
{"name":"source_trace_42","package":"U_SOC","end":{"x":3.76,"y":-10.5},"expanded":3536,"newVias":0,"reusedBootstrapLayer":"bottom","length":4.3319597244262695}
{"name":"source_trace_16","package":"U_SOC","end":{"x":4.4,"y":-10.5},"expanded":1129,"newVias":0,"reusedBootstrapLayer":"bottom","length":4.265685558319092}
{"name":"source_trace_14","package":"U_SOC","end":{"x":4.72,"y":-10.5},"expanded":17280,"newVias":0,"reusedBootstrapLayer":"bottom","length":6.657645225524902}
{"name":"source_trace_17","package":"U_SOC","end":{"x":5.04,"y":-10.5},"expanded":6778,"newVias":0,"reusedBootstrapLayer":"bottom","length":6.790193557739258}
{"name":"source_trace_4","package":"U_SOC","end":{"x":5.36,"y":-10.5},"expanded":107276,"newVias":1,"reusedBootstrapLayer":"top","length":5.801076889038086}
{"name":"source_trace_31","package":"U_SOC","end":{"x":5.68,"y":-10.5},"expanded":44604,"newVias":0,"reusedBootstrapLayer":"bottom","length":8.754701614379883}
{"name":"source_trace_43","package":"U_SOC","end":{"x":6,"y":-10.5},"expanded":106912,"newVias":0,"reusedBootstrapLayer":"bottom","length":11.292935371398926}
{"name":"source_trace_32","package":"U_SOC","end":{"x":6.32,"y":-10.5},"expanded":107355,"newVias":1,"reusedBootstrapLayer":"top","length":7.106173515319824}
{"name":"source_trace_3","package":"U_RAM","end":{"x":3.120000000000001,"y":-18},"expanded":32423,"newVias":0,"reusedBootstrapLayer":"bottom","length":9.70822525024414}
{"name":"source_trace_15","package":"U_RAM","end":{"x":4.08,"y":-18},"expanded":48935,"newVias":0,"reusedBootstrapLayer":"bottom","length":9.77449893951416}
{"name":"source_trace_30","package":"U_RAM","end":{"x":2.8000000000000007,"y":-18},"expanded":260215,"newVias":0,"reusedBootstrapLayer":"bottom","length":15.085281372070312}
{"name":"source_trace_42","package":"U_RAM","end":{"x":3.76,"y":-18},"expanded":567232,"newVias":2,"reusedBootstrapLayer":"bottom","length":7.89137077331543}
{"name":"source_trace_16","package":"U_RAM","end":{"x":4.4,"y":-18},"expanded":95777,"newVias":0,"reusedBootstrapLayer":"bottom","length":12.909605026245117}
{"name":"source_trace_14","package":"U_RAM","end":{"x":4.720000000000001,"y":-18},"expanded":410510,"newVias":1,"reusedBootstrapLayer":"top","length":15.161117553710938}
{"name":"source_trace_17","package":"U_RAM","end":{"x":5.040000000000001,"y":-18},"expanded":177378,"newVias":0,"reusedBootstrapLayer":"bottom","length":17.25200080871582}
{"name":"source_trace_4","package":"U_RAM","end":{"x":5.359999999999999,"y":-18},"expanded":228932,"newVias":0,"reusedBootstrapLayer":"bottom","length":20.876264572143555}
{"name":"source_trace_31","package":"U_RAM","end":{"x":5.68,"y":-18},"expanded":792781,"newVias":1,"reusedBootstrapLayer":"top","length":32.19988250732422}
{"package":"U_RAM","trial":0,"order":["source_trace_3","source_trace_15","source_trace_30","source_trace_42","source_trace_16","source_trace_14","source_trace_17","source_trace_4","source_trace_31","source_trace_43","source_trace_32"],"failedName":"source_trace_43"}
{"name":"source_trace_43","package":"U_RAM","end":{"x":6,"y":-18},"expanded":31170,"newVias":0,"reusedBootstrapLayer":"bottom","length":10.512934684753418}
{"name":"source_trace_3","package":"U_RAM","end":{"x":3.120000000000001,"y":-18},"expanded":32423,"newVias":0,"reusedBootstrapLayer":"bottom","length":9.70822525024414}
{"name":"source_trace_15","package":"U_RAM","end":{"x":4.08,"y":-18},"expanded":48935,"newVias":0,"reusedBootstrapLayer":"bottom","length":9.77449893951416}
{"name":"source_trace_30","package":"U_RAM","end":{"x":2.8000000000000007,"y":-18},"expanded":204098,"newVias":0,"reusedBootstrapLayer":"bottom","length":15.085281372070312}
{"name":"source_trace_42","package":"U_RAM","end":{"x":3.76,"y":-18},"expanded":554904,"newVias":2,"reusedBootstrapLayer":"bottom","length":8.410192489624023}
{"name":"source_trace_16","package":"U_RAM","end":{"x":4.4,"y":-18},"expanded":1079115,"newVias":1,"reusedBootstrapLayer":"top","length":17.852001190185547}
{"name":"source_trace_14","package":"U_RAM","end":{"x":4.720000000000001,"y":-18},"expanded":1159028,"newVias":1,"reusedBootstrapLayer":"top","length":40.522926330566406}
{"package":"U_RAM","trial":1,"order":["source_trace_43","source_trace_3","source_trace_15","source_trace_30","source_trace_42","source_trace_16","source_trace_14","source_trace_17","source_trace_4","source_trace_31","source_trace_32"],"failedName":"source_trace_17"}
{"name":"source_trace_17","package":"U_RAM","end":{"x":5.040000000000001,"y":-18},"expanded":111045,"newVias":0,"reusedBootstrapLayer":"bottom","length":12.478418350219727}
{"name":"source_trace_43","package":"U_RAM","end":{"x":6,"y":-18},"expanded":26422,"newVias":0,"reusedBootstrapLayer":"bottom","length":10.512934684753418}
{"name":"source_trace_3","package":"U_RAM","end":{"x":3.120000000000001,"y":-18},"expanded":31142,"newVias":0,"reusedBootstrapLayer":"bottom","length":9.70822525024414}
{"name":"source_trace_15","package":"U_RAM","end":{"x":4.08,"y":-18},"expanded":41567,"newVias":0,"reusedBootstrapLayer":"bottom","length":9.77449893951416}
{"name":"source_trace_30","package":"U_RAM","end":{"x":2.8000000000000007,"y":-18},"expanded":197438,"newVias":1,"reusedBootstrapLayer":"top","length":7.577544212341309}
{"name":"source_trace_42","package":"U_RAM","end":{"x":3.76,"y":-18},"expanded":590664,"newVias":2,"reusedBootstrapLayer":"bottom","length":9.094701766967773}
{"package":"U_RAM","trial":2,"order":["source_trace_17","source_trace_43","source_trace_3","source_trace_15","source_trace_30","source_trace_42","source_trace_16","source_trace_14","source_trace_4","source_trace_31","source_trace_32"],"failedName":"source_trace_16"}
{"name":"source_trace_16","package":"U_RAM","end":{"x":4.4,"y":-18},"expanded":69957,"newVias":0,"reusedBootstrapLayer":"bottom","length":10.707047462463379}
{"name":"source_trace_17","package":"U_RAM","end":{"x":5.040000000000001,"y":-18},"expanded":116850,"newVias":0,"reusedBootstrapLayer":"bottom","length":12.660529136657715}
{"name":"source_trace_43","package":"U_RAM","end":{"x":6,"y":-18},"expanded":25316,"newVias":0,"reusedBootstrapLayer":"bottom","length":10.512934684753418}
{"name":"source_trace_3","package":"U_RAM","end":{"x":3.120000000000001,"y":-18},"expanded":32090,"newVias":0,"reusedBootstrapLayer":"bottom","length":9.70822525024414}
{"name":"source_trace_15","package":"U_RAM","end":{"x":4.08,"y":-18},"expanded":393563,"newVias":1,"reusedBootstrapLayer":"top","length":10.301706314086914}
{"name":"source_trace_30","package":"U_RAM","end":{"x":2.8000000000000007,"y":-18},"expanded":141607,"newVias":0,"reusedBootstrapLayer":"bottom","length":17.758073806762695}
{"name":"source_trace_42","package":"U_RAM","end":{"x":3.76,"y":-18},"expanded":752531,"newVias":2,"reusedBootstrapLayer":"bottom","length":13.094701766967773}
{"package":"U_RAM","trial":3,"order":["source_trace_16","source_trace_17","source_trace_43","source_trace_3","source_trace_15","source_trace_30","source_trace_42","source_trace_14","source_trace_4","source_trace_31","source_trace_32"],"failedName":"source_trace_14"}
{"name":"source_trace_14","package":"U_RAM","end":{"x":4.720000000000001,"y":-18},"expanded":65017,"newVias":0,"reusedBootstrapLayer":"bottom","length":9.544204711914062}
{"package":"U_RAM","trial":4,"order":["source_trace_14","source_trace_16","source_trace_17","source_trace_43","source_trace_3","source_trace_15","source_trace_30","source_trace_42","source_trace_4","source_trace_31","source_trace_32"],"failedName":"source_trace_16"}
{"name":"source_trace_16","package":"U_RAM","end":{"x":4.4,"y":-18},"expanded":69957,"newVias":0,"reusedBootstrapLayer":"bottom","length":10.707047462463379}
{"name":"source_trace_14","package":"U_RAM","end":{"x":4.720000000000001,"y":-18},"expanded":275672,"newVias":0,"reusedBootstrapLayer":"bottom","length":15.885625839233398}
{"name":"source_trace_17","package":"U_RAM","end":{"x":5.040000000000001,"y":-18},"expanded":355155,"newVias":1,"reusedBootstrapLayer":"top","length":12.849990844726562}
{"name":"source_trace_43","package":"U_RAM","end":{"x":6,"y":-18},"expanded":22643,"newVias":0,"reusedBootstrapLayer":"bottom","length":10.512934684753418}
{"name":"source_trace_3","package":"U_RAM","end":{"x":3.120000000000001,"y":-18},"expanded":27393,"newVias":0,"reusedBootstrapLayer":"bottom","length":9.70822525024414}
{"name":"source_trace_15","package":"U_RAM","end":{"x":4.08,"y":-18},"expanded":195047,"newVias":1,"reusedBootstrapLayer":"top","length":10.301706314086914}
{"package":"U_RAM","trial":5,"order":["source_trace_16","source_trace_14","source_trace_17","source_trace_43","source_trace_3","source_trace_15","source_trace_30","source_trace_42","source_trace_4","source_trace_31","source_trace_32"],"failedName":"source_trace_30"}
{"name":"source_trace_30","package":"U_RAM","end":{"x":2.8000000000000007,"y":-18},"expanded":7378,"newVias":0,"reusedBootstrapLayer":"bottom","length":6.931370735168457}
{"name":"source_trace_16","package":"U_RAM","end":{"x":4.4,"y":-18},"expanded":133717,"newVias":0,"reusedBootstrapLayer":"bottom","length":11.972346305847168}
{"name":"source_trace_14","package":"U_RAM","end":{"x":4.720000000000001,"y":-18},"expanded":298952,"newVias":0,"reusedBootstrapLayer":"bottom","length":16.56513786315918}
{"name":"source_trace_17","package":"U_RAM","end":{"x":5.040000000000001,"y":-18},"expanded":359453,"newVias":1,"reusedBootstrapLayer":"top","length":13.072589874267578}
{"name":"source_trace_43","package":"U_RAM","end":{"x":6,"y":-18},"expanded":16911,"newVias":0,"reusedBootstrapLayer":"bottom","length":10.512934684753418}
{"name":"source_trace_3","package":"U_RAM","end":{"x":3.120000000000001,"y":-18},"expanded":676947,"newVias":2,"reusedBootstrapLayer":"bottom","length":9.774499893188477}
{"name":"source_trace_15","package":"U_RAM","end":{"x":4.08,"y":-18},"expanded":1112229,"newVias":1,"reusedBootstrapLayer":"top","length":35.50053024291992}
{"name":"source_trace_42","package":"U_RAM","end":{"x":3.76,"y":-18},"expanded":849508,"newVias":2,"reusedBootstrapLayer":"bottom","length":14.980875015258789}
{"package":"U_RAM","trial":6,"order":["source_trace_30","source_trace_16","source_trace_14","source_trace_17","source_trace_43","source_trace_3","source_trace_15","source_trace_42","source_trace_4","source_trace_31","source_trace_32"],"failedName":"source_trace_4"}
{"name":"source_trace_4","package":"U_RAM","end":{"x":5.359999999999999,"y":-18},"expanded":48136,"newVias":0,"reusedBootstrapLayer":"bottom","length":12.021849632263184}
{"name":"source_trace_30","package":"U_RAM","end":{"x":2.8000000000000007,"y":-18},"expanded":264011,"newVias":1,"reusedBootstrapLayer":"top","length":7.577544212341309}
{"name":"source_trace_16","package":"U_RAM","end":{"x":4.4,"y":-18},"expanded":160905,"newVias":0,"reusedBootstrapLayer":"bottom","length":13.4618501663208}
{"name":"source_trace_14","package":"U_RAM","end":{"x":4.720000000000001,"y":-18},"expanded":28869,"newVias":0,"reusedBootstrapLayer":"bottom","length":9.544204711914062}
{"package":"U_RAM","trial":7,"order":["source_trace_4","source_trace_30","source_trace_16","source_trace_14","source_trace_17","source_trace_43","source_trace_3","source_trace_15","source_trace_42","source_trace_31","source_trace_32"],"failedName":"source_trace_17"}
{"name":"source_trace_17","package":"U_RAM","end":{"x":5.040000000000001,"y":-18},"expanded":111045,"newVias":0,"reusedBootstrapLayer":"bottom","length":12.478418350219727}
{"name":"source_trace_4","package":"U_RAM","end":{"x":5.359999999999999,"y":-18},"expanded":114458,"newVias":0,"reusedBootstrapLayer":"bottom","length":14.738174438476562}
{"name":"source_trace_30","package":"U_RAM","end":{"x":2.8000000000000007,"y":-18},"expanded":251290,"newVias":1,"reusedBootstrapLayer":"top","length":7.577544212341309}
{"name":"source_trace_16","package":"U_RAM","end":{"x":4.4,"y":-18},"expanded":233299,"newVias":1,"reusedBootstrapLayer":"top","length":10.707048416137695}
{"package":"U_RAM","trial":8,"order":["source_trace_17","source_trace_4","source_trace_30","source_trace_16","source_trace_14","source_trace_43","source_trace_3","source_trace_15","source_trace_42","source_trace_31","source_trace_32"],"failedName":"source_trace_14"}
{"name":"source_trace_14","package":"U_RAM","end":{"x":4.720000000000001,"y":-18},"expanded":65017,"newVias":0,"reusedBootstrapLayer":"bottom","length":9.544204711914062}
{"name":"source_trace_17","package":"U_RAM","end":{"x":5.040000000000001,"y":-18},"expanded":101206,"newVias":0,"reusedBootstrapLayer":"bottom","length":12.478418350219727}
{"name":"source_trace_4","package":"U_RAM","end":{"x":5.359999999999999,"y":-18},"expanded":107298,"newVias":0,"reusedBootstrapLayer":"bottom","length":14.738174438476562}
{"name":"source_trace_30","package":"U_RAM","end":{"x":2.8000000000000007,"y":-18},"expanded":248968,"newVias":1,"reusedBootstrapLayer":"top","length":7.577544212341309}
{"package":"U_RAM","trial":9,"order":["source_trace_14","source_trace_17","source_trace_4","source_trace_30","source_trace_16","source_trace_43","source_trace_3","source_trace_15","source_trace_42","source_trace_31","source_trace_32"],"failedName":"source_trace_16"}
{"name":"source_trace_16","package":"U_RAM","end":{"x":4.4,"y":-18},"expanded":69957,"newVias":0,"reusedBootstrapLayer":"bottom","length":10.707047462463379}
{"name":"source_trace_14","package":"U_RAM","end":{"x":4.720000000000001,"y":-18},"expanded":275672,"newVias":0,"reusedBootstrapLayer":"bottom","length":15.885625839233398}
{"name":"source_trace_17","package":"U_RAM","end":{"x":5.040000000000001,"y":-18},"expanded":355155,"newVias":1,"reusedBootstrapLayer":"top","length":12.849990844726562}
{"name":"source_trace_4","package":"U_RAM","end":{"x":5.359999999999999,"y":-18},"expanded":127897,"newVias":0,"reusedBootstrapLayer":"bottom","length":16.21249008178711}
{"name":"source_trace_30","package":"U_RAM","end":{"x":2.8000000000000007,"y":-18},"expanded":138457,"newVias":1,"reusedBootstrapLayer":"top","length":7.577544212341309}
{"name":"source_trace_43","package":"U_RAM","end":{"x":6,"y":-18},"expanded":16771,"newVias":0,"reusedBootstrapLayer":"bottom","length":10.512934684753418}
{"name":"source_trace_3","package":"U_RAM","end":{"x":3.120000000000001,"y":-18},"expanded":24844,"newVias":0,"reusedBootstrapLayer":"bottom","length":9.70822525024414}
{"name":"source_trace_15","package":"U_RAM","end":{"x":4.08,"y":-18},"expanded":190353,"newVias":1,"reusedBootstrapLayer":"top","length":10.664894104003906}
{"name":"source_trace_42","package":"U_RAM","end":{"x":3.76,"y":-18},"expanded":714656,"newVias":2,"reusedBootstrapLayer":"bottom","length":13.094701766967773}
{"package":"U_RAM","trial":10,"order":["source_trace_16","source_trace_14","source_trace_17","source_trace_4","source_trace_30","source_trace_43","source_trace_3","source_trace_15","source_trace_42","source_trace_31","source_trace_32"],"failedName":"source_trace_31"}
{"name":"source_trace_31","package":"U_RAM","end":{"x":5.68,"y":-18},"expanded":30740,"newVias":0,"reusedBootstrapLayer":"bottom","length":9.299209594726562}
{"name":"source_trace_16","package":"U_RAM","end":{"x":4.4,"y":-18},"expanded":69957,"newVias":0,"reusedBootstrapLayer":"bottom","length":10.707047462463379}
{"name":"source_trace_14","package":"U_RAM","end":{"x":4.720000000000001,"y":-18},"expanded":273391,"newVias":0,"reusedBootstrapLayer":"bottom","length":15.885625839233398}
{"name":"source_trace_17","package":"U_RAM","end":{"x":5.040000000000001,"y":-18},"expanded":360951,"newVias":1,"reusedBootstrapLayer":"top","length":13.072589874267578}
{"package":"U_RAM","trial":11,"order":["source_trace_31","source_trace_16","source_trace_14","source_trace_17","source_trace_4","source_trace_30","source_trace_43","source_trace_3","source_trace_15","source_trace_42","source_trace_32"],"failedName":"source_trace_4"}
