{"name":"source_trace_15","package":"U_RAM","end":{"x":5.040000000000001,"y":-18},"expanded":37471,"newVias":0,"reusedBootstrapLayer":"bottom","length":10.101849555969238}
{"name":"source_trace_16","package":"U_RAM","end":{"x":5.359999999999999,"y":-18},"expanded":61321,"newVias":0,"reusedBootstrapLayer":"bottom","length":11.503026962280273}
{"name":"source_trace_3","package":"U_RAM","end":{"x":2.8000000000000007,"y":-18},"expanded":28124,"newVias":0,"reusedBootstrapLayer":"bottom","length":9.575676918029785}
{"name":"source_trace_30","package":"U_RAM","end":{"x":5.68,"y":-18},"expanded":47611,"newVias":0,"reusedBootstrapLayer":"bottom","length":8.4992094039917}
{"name":"source_trace_42","package":"U_RAM","end":{"x":6,"y":-18},"expanded":17835,"newVias":0,"reusedBootstrapLayer":"bottom","length":8.912935256958008}
{"name":"source_trace_14","package":"U_RAM","end":{"x":3.120000000000001,"y":-18},"expanded":188294,"newVias":1,"reusedBootstrapLayer":"top","length":8.389402389526367}
{"name":"source_trace_17","package":"U_RAM","end":{"x":6.32,"y":-18},"expanded":135392,"newVias":0,"reusedBootstrapLayer":"bottom","length":14.151412963867188}
{"name":"source_trace_4","package":"U_RAM","end":{"x":6.640000000000001,"y":-18},"expanded":160452,"newVias":0,"reusedBootstrapLayer":"bottom","length":17.263717651367188}
{"name":"source_trace_31","package":"U_RAM","end":{"x":6.960000000000001,"y":-18},"expanded":408093,"newVias":1,"reusedBootstrapLayer":"top","length":17.117788314819336}
{"package":"U_RAM","trial":0,"order":["source_trace_15","source_trace_16","source_trace_3","source_trace_30","source_trace_42","source_trace_14","source_trace_17","source_trace_4","source_trace_31","source_trace_43","source_trace_32"],"failedName":"source_trace_43"}
{"name":"source_trace_43","package":"U_RAM","end":{"x":3.120000000000001,"y":-18},"expanded":4573,"newVias":0,"reusedBootstrapLayer":"bottom","length":9.198822975158691}
{"name":"source_trace_15","package":"U_RAM","end":{"x":5.040000000000001,"y":-18},"expanded":274881,"newVias":0,"reusedBootstrapLayer":"bottom","length":15.519453048706055}
{"name":"source_trace_16","package":"U_RAM","end":{"x":5.359999999999999,"y":-18},"expanded":285168,"newVias":0,"reusedBootstrapLayer":"bottom","length":16.614011764526367}
{"name":"source_trace_3","package":"U_RAM","end":{"x":2.8000000000000007,"y":-18},"expanded":34947,"newVias":0,"reusedBootstrapLayer":"bottom","length":9.575676918029785}
{"name":"source_trace_30","package":"U_RAM","end":{"x":3.76,"y":-18},"expanded":203755,"newVias":1,"reusedBootstrapLayer":"top","length":7.975189208984375}
{"name":"source_trace_42","package":"U_RAM","end":{"x":4.08,"y":-18},"expanded":191661,"newVias":2,"reusedBootstrapLayer":"bottom","length":8.261564254760742}
{"name":"source_trace_14","package":"U_RAM","end":{"x":4.4,"y":-18},"expanded":233942,"newVias":1,"reusedBootstrapLayer":"top","length":10.047636032104492}
{"name":"source_trace_17","package":"U_RAM","end":{"x":6.640000000000001,"y":-18},"expanded":397480,"newVias":0,"reusedBootstrapLayer":"bottom","length":19.1566104888916}
{"name":"source_trace_4","package":"U_RAM","end":{"x":6.960000000000001,"y":-18},"expanded":298900,"newVias":0,"reusedBootstrapLayer":"bottom","length":20.859697341918945}
{"name":"source_trace_31","package":"U_RAM","end":{"x":5.68,"y":-18},"expanded":534833,"newVias":1,"reusedBootstrapLayer":"top","length":18.766315460205078}
{"name":"source_trace_32","package":"U_RAM","end":{"x":7.280000000000001,"y":-18},"expanded":640355,"newVias":2,"reusedBootstrapLayer":"bottom","length":21.852832794189453}
{"name":"source_trace_15","package":"U_SOC","end":{"x":5.04,"y":-10.5},"expanded":14295,"newVias":0,"reusedBootstrapLayer":"bottom","length":3.7307820320129395}
{"name":"source_trace_16","package":"U_SOC","end":{"x":5.36,"y":-10.5},"expanded":7083,"newVias":0,"reusedBootstrapLayer":"bottom","length":4.663330554962158}
{"name":"source_trace_3","package":"U_SOC","end":{"x":2.8000000000000003,"y":-10.5},"expanded":7400,"newVias":0,"reusedBootstrapLayer":"bottom","length":3.4656853675842285}
{"name":"source_trace_30","package":"U_SOC","end":{"x":3.76,"y":-10.5},"expanded":8910,"newVias":0,"reusedBootstrapLayer":"bottom","length":4.991370677947998}
{"package":"U_SOC","trial":0,"order":["source_trace_15","source_trace_16","source_trace_3","source_trace_30","source_trace_42","source_trace_14","source_trace_17","source_trace_4","source_trace_31","source_trace_43","source_trace_32"],"failedName":"source_trace_42"}
{"name":"source_trace_42","package":"U_SOC","end":{"x":4.08,"y":-10.5},"expanded":4663,"newVias":0,"reusedBootstrapLayer":"bottom","length":4.464508056640625}
{"name":"source_trace_15","package":"U_SOC","end":{"x":5.04,"y":-10.5},"expanded":13939,"newVias":0,"reusedBootstrapLayer":"bottom","length":3.7307820320129395}
{"name":"source_trace_16","package":"U_SOC","end":{"x":5.36,"y":-10.5},"expanded":7028,"newVias":0,"reusedBootstrapLayer":"bottom","length":4.663330554962158}
{"name":"source_trace_3","package":"U_SOC","end":{"x":2.8000000000000003,"y":-10.5},"expanded":7337,"newVias":0,"reusedBootstrapLayer":"bottom","length":3.4656853675842285}
{"package":"U_SOC","trial":1,"order":["source_trace_42","source_trace_15","source_trace_16","source_trace_3","source_trace_30","source_trace_14","source_trace_17","source_trace_4","source_trace_31","source_trace_43","source_trace_32"],"failedName":"source_trace_30"}
{"name":"source_trace_30","package":"U_SOC","end":{"x":3.76,"y":-10.5},"expanded":7172,"newVias":0,"reusedBootstrapLayer":"bottom","length":4.663330554962158}
{"name":"source_trace_42","package":"U_SOC","end":{"x":4.08,"y":-10.5},"expanded":4514,"newVias":0,"reusedBootstrapLayer":"bottom","length":4.464508056640625}
{"name":"source_trace_15","package":"U_SOC","end":{"x":5.04,"y":-10.5},"expanded":13939,"newVias":0,"reusedBootstrapLayer":"bottom","length":3.7307820320129395}
{"name":"source_trace_16","package":"U_SOC","end":{"x":5.36,"y":-10.5},"expanded":7028,"newVias":0,"reusedBootstrapLayer":"bottom","length":4.663330554962158}
{"name":"source_trace_3","package":"U_SOC","end":{"x":2.8000000000000003,"y":-10.5},"expanded":52055,"newVias":0,"reusedBootstrapLayer":"bottom","length":6.715878963470459}
{"package":"U_SOC","trial":2,"order":["source_trace_30","source_trace_42","source_trace_15","source_trace_16","source_trace_3","source_trace_14","source_trace_17","source_trace_4","source_trace_31","source_trace_43","source_trace_32"],"failedName":"source_trace_14"}
{"name":"source_trace_14","package":"U_SOC","end":{"x":4.4,"y":-10.5},"expanded":8441,"newVias":0,"reusedBootstrapLayer":"bottom","length":5.728426933288574}
{"name":"source_trace_30","package":"U_SOC","end":{"x":3.76,"y":-10.5},"expanded":8156,"newVias":0,"reusedBootstrapLayer":"bottom","length":4.994701385498047}
{"package":"U_SOC","trial":3,"order":["source_trace_14","source_trace_30","source_trace_42","source_trace_15","source_trace_16","source_trace_3","source_trace_17","source_trace_4","source_trace_31","source_trace_43","source_trace_32"],"failedName":"source_trace_42"}
{"name":"source_trace_42","package":"U_SOC","end":{"x":4.08,"y":-10.5},"expanded":4663,"newVias":0,"reusedBootstrapLayer":"bottom","length":4.464508056640625}
{"name":"source_trace_14","package":"U_SOC","end":{"x":4.4,"y":-10.5},"expanded":11271,"newVias":0,"reusedBootstrapLayer":"bottom","length":6.243919372558594}
{"name":"source_trace_30","package":"U_SOC","end":{"x":3.76,"y":-10.5},"expanded":6174,"newVias":0,"reusedBootstrapLayer":"bottom","length":4.663330554962158}
{"name":"source_trace_15","package":"U_SOC","end":{"x":5.04,"y":-10.5},"expanded":103481,"newVias":1,"reusedBootstrapLayer":"top","length":3.7307825088500977}
{"name":"source_trace_16","package":"U_SOC","end":{"x":5.36,"y":-10.5},"expanded":5536,"newVias":0,"reusedBootstrapLayer":"bottom","length":4.710193157196045}
{"name":"source_trace_3","package":"U_SOC","end":{"x":2.8000000000000003,"y":-10.5},"expanded":66702,"newVias":1,"reusedBootstrapLayer":"top","length":3.6313705444335938}
{"name":"source_trace_17","package":"U_SOC","end":{"x":6.640000000000001,"y":-10.5},"expanded":12939,"newVias":0,"reusedBootstrapLayer":"bottom","length":6.652935028076172}
{"name":"source_trace_4","package":"U_SOC","end":{"x":6.96,"y":-10.5},"expanded":9389,"newVias":0,"reusedBootstrapLayer":"bottom","length":6.1729350090026855}
{"name":"source_trace_31","package":"U_SOC","end":{"x":5.68,"y":-10.5},"expanded":231407,"newVias":1,"reusedBootstrapLayer":"top","length":9.719898223876953}
{"name":"source_trace_43","package":"U_SOC","end":{"x":3.12,"y":-10.5},"expanded":10095,"newVias":0,"reusedBootstrapLayer":"bottom","length":6.989016056060791}
{"name":"source_trace_32","package":"U_SOC","end":{"x":7.279999999999999,"y":-10.5},"expanded":12165,"newVias":0,"reusedBootstrapLayer":"bottom","length":7.058620452880859}
{"phase":"native_bus_lanes_channel","iterations":6041,"elapsedSeconds":10.01806625}
{"phase":"native_bus_lanes_channel","iterations":14485,"elapsedSeconds":20.018709832999996}
{"phase":"native_bus_lanes_channel","iterations":22525,"elapsedSeconds":30.023432582999998}
{"phase":"native_bus_lanes_channel","iterations":33216,"elapsedSeconds":40.024067083}
{"status":"GUIDED_NATIVE_CHANNEL_FAILED_OR_TIMEOUT","bus":"DDR_BYTE0","source":{"path":"dist/experiments/am3352-powered-host/circuit.json","sha256":"867405f43fa5aa8840b1225b23740601d32778b0dc16ec24420d1166c983aabc","components":204},"nativeBootstrap":{"path":"dist/am3352-four-layer-ram-bypass-reserved-attempt-38/signal-escapes.native.json","sha256":"b2f2847a1d332d0364b7d5609616ab43471f3ebd658cf83dfb6529d05e6611be","dogbones":44},"solver":"@tscircuit/core SOLVERS.BusLanesPipelineSolver","localModificationGridMm":0.02,"fourCopperLayers":true,"signalLayers":["top","bottom"],"sourceTracesRetained":69,"actualPadObstacles":882,"localEscapes":[{"name":"source_trace_43","package":"U_RAM","end":{"x":3.120000000000001,"y":-18},"expanded":4573,"newVias":0,"reusedBootstrapLayer":"bottom","length":9.198822975158691},{"name":"source_trace_15","package":"U_RAM","end":{"x":5.040000000000001,"y":-18},"expanded":274881,"newVias":0,"reusedBootstrapLayer":"bottom","length":15.519453048706055},{"name":"source_trace_16","package":"U_RAM","end":{"x":5.359999999999999,"y":-18},"expanded":285168,"newVias":0,"reusedBootstrapLayer":"bottom","length":16.614011764526367},{"name":"source_trace_3","package":"U_RAM","end":{"x":2.8000000000000007,"y":-18},"expanded":34947,"newVias":0,"reusedBootstrapLayer":"bottom","length":9.575676918029785},{"name":"source_trace_30","package":"U_RAM","end":{"x":3.76,"y":-18},"expanded":203755,"newVias":1,"reusedBootstrapLayer":"top","length":7.975189208984375},{"name":"source_trace_42","package":"U_RAM","end":{"x":4.08,"y":-18},"expanded":191661,"newVias":2,"reusedBootstrapLayer":"bottom","length":8.261564254760742},{"name":"source_trace_14","package":"U_RAM","end":{"x":4.4,"y":-18},"expanded":233942,"newVias":1,"reusedBootstrapLayer":"top","length":10.047636032104492},{"name":"source_trace_17","package":"U_RAM","end":{"x":6.640000000000001,"y":-18},"expanded":397480,"newVias":0,"reusedBootstrapLayer":"bottom","length":19.1566104888916},{"name":"source_trace_4","package":"U_RAM","end":{"x":6.960000000000001,"y":-18},"expanded":298900,"newVias":0,"reusedBootstrapLayer":"bottom","length":20.859697341918945},{"name":"source_trace_31","package":"U_RAM","end":{"x":5.68,"y":-18},"expanded":534833,"newVias":1,"reusedBootstrapLayer":"top","length":18.766315460205078},{"name":"source_trace_32","package":"U_RAM","end":{"x":7.280000000000001,"y":-18},"expanded":640355,"newVias":2,"reusedBootstrapLayer":"bottom","length":21.852832794189453},{"name":"source_trace_42","package":"U_SOC","end":{"x":4.08,"y":-10.5},"expanded":4663,"newVias":0,"reusedBootstrapLayer":"bottom","length":4.464508056640625},{"name":"source_trace_14","package":"U_SOC","end":{"x":4.4,"y":-10.5},"expanded":11271,"newVias":0,"reusedBootstrapLayer":"bottom","length":6.243919372558594},{"name":"source_trace_30","package":"U_SOC","end":{"x":3.76,"y":-10.5},"expanded":6174,"newVias":0,"reusedBootstrapLayer":"bottom","length":4.663330554962158},{"name":"source_trace_15","package":"U_SOC","end":{"x":5.04,"y":-10.5},"expanded":103481,"newVias":1,"reusedBootstrapLayer":"top","length":3.7307825088500977},{"name":"source_trace_16","package":"U_SOC","end":{"x":5.36,"y":-10.5},"expanded":5536,"newVias":0,"reusedBootstrapLayer":"bottom","length":4.710193157196045},{"name":"source_trace_3","package":"U_SOC","end":{"x":2.8000000000000003,"y":-10.5},"expanded":66702,"newVias":1,"reusedBootstrapLayer":"top","length":3.6313705444335938},{"name":"source_trace_17","package":"U_SOC","end":{"x":6.640000000000001,"y":-10.5},"expanded":12939,"newVias":0,"reusedBootstrapLayer":"bottom","length":6.652935028076172},{"name":"source_trace_4","package":"U_SOC","end":{"x":6.96,"y":-10.5},"expanded":9389,"newVias":0,"reusedBootstrapLayer":"bottom","length":6.1729350090026855},{"name":"source_trace_31","package":"U_SOC","end":{"x":5.68,"y":-10.5},"expanded":231407,"newVias":1,"reusedBootstrapLayer":"top","length":9.719898223876953},{"name":"source_trace_43","package":"U_SOC","end":{"x":3.12,"y":-10.5},"expanded":10095,"newVias":0,"reusedBootstrapLayer":"bottom","length":6.989016056060791},{"name":"source_trace_32","package":"U_SOC","end":{"x":7.279999999999999,"y":-10.5},"expanded":12165,"newVias":0,"reusedBootstrapLayer":"bottom","length":7.058620452880859}],"completedSignals":0,"requiredSignals":49,"fabricationReady":false,"timingQualified":false,"returnPlaneChangesQualified":false,"sourceSnapshot":{"path":"dist/diagnostics/am3352-ram-bypass/circuit.json","sha256":"867405f43fa5aa8840b1225b23740601d32778b0dc16ec24420d1166c983aabc","components":204,"originalBuildPath":"dist/experiments/am3352-powered-host/circuit.json"},"localReplans":[{"package":"U_RAM","trial":0,"order":["source_trace_15","source_trace_16","source_trace_3","source_trace_30","source_trace_42","source_trace_14","source_trace_17","source_trace_4","source_trace_31","source_trace_43","source_trace_32"],"failedName":"source_trace_43"},{"package":"U_SOC","trial":0,"order":["source_trace_15","source_trace_16","source_trace_3","source_trace_30","source_trace_42","source_trace_14","source_trace_17","source_trace_4","source_trace_31","source_trace_43","source_trace_32"],"failedName":"source_trace_42"},{"package":"U_SOC","trial":1,"order":["source_trace_42","source_trace_15","source_trace_16","source_trace_3","source_trace_30","source_trace_14","source_trace_17","source_trace_4","source_trace_31","source_trace_43","source_trace_32"],"failedName":"source_trace_30"},{"package":"U_SOC","trial":2,"order":["source_trace_30","source_trace_42","source_trace_15","source_trace_16","source_trace_3","source_trace_14","source_trace_17","source_trace_4","source_trace_31","source_trace_43","source_trace_32"],"failedName":"source_trace_14"},{"package":"U_SOC","trial":3,"order":["source_trace_14","source_trace_30","source_trace_42","source_trace_15","source_trace_16","source_trace_3","source_trace_17","source_trace_4","source_trace_31","source_trace_43","source_trace_32"],"failedName":"source_trace_42"}],"channel":{"solved":false,"failed":false,"error":null,"iterations":37482,"elapsedSeconds":45.089182791,"input":{"path":"dist/am3352-guided-byte0-paired-attempt-50/channel.input.simple-route.json","sha256":"e3c2c1b112762715d7c6ed1371c9a6c71a7022cd8f5626d47fcce358cdae766e"}}}
