{"name":"source_trace_15","package":"U_RAM","end":{"x":12.400000000000002,"y":-18},"expanded":118955,"newVias":0,"reusedBootstrapLayer":"bottom","length":16.665180206298828}
{"name":"source_trace_16","package":"U_RAM","end":{"x":12.719999999999999,"y":-18},"expanded":105771,"newVias":0,"reusedBootstrapLayer":"bottom","length":18.019495010375977}
{"name":"source_trace_3","package":"U_RAM","end":{"x":2.8000000000000007,"y":-18},"expanded":30320,"newVias":0,"reusedBootstrapLayer":"bottom","length":9.575676918029785}
{"name":"source_trace_30","package":"U_RAM","end":{"x":13.2,"y":-18},"expanded":246403,"newVias":0,"reusedBootstrapLayer":"bottom","length":15.122926712036133}
{"name":"source_trace_42","package":"U_RAM","end":{"x":14,"y":-18},"expanded":75966,"newVias":0,"reusedBootstrapLayer":"bottom","length":14.924592018127441}
{"name":"source_trace_14","package":"U_RAM","end":{"x":3.5999999999999996,"y":-18},"expanded":32205,"newVias":0,"reusedBootstrapLayer":"bottom","length":8.635087966918945}
{"name":"source_trace_17","package":"U_RAM","end":{"x":4.4,"y":-18},"expanded":524647,"newVias":1,"reusedBootstrapLayer":"top","length":11.518762588500977}
{"name":"source_trace_4","package":"U_RAM","end":{"x":14.8,"y":-18},"expanded":479915,"newVias":0,"reusedBootstrapLayer":"bottom","length":23.411252975463867}
{"name":"source_trace_31","package":"U_RAM","end":{"x":5.200000000000001,"y":-18},"expanded":583882,"newVias":1,"reusedBootstrapLayer":"top","length":18.468082427978516}
{"name":"source_trace_43","package":"U_RAM","end":{"x":6,"y":-18},"expanded":1422217,"newVias":2,"reusedBootstrapLayer":"bottom","length":28.683616638183594}
{"package":"U_RAM","trial":0,"order":["source_trace_15","source_trace_16","source_trace_3","source_trace_30","source_trace_42","source_trace_14","source_trace_17","source_trace_4","source_trace_31","source_trace_43","source_trace_32"],"failedName":"source_trace_32"}
{"name":"source_trace_32","package":"U_RAM","end":{"x":2.8000000000000007,"y":-18},"expanded":9808,"newVias":0,"reusedBootstrapLayer":"bottom","length":9.331371307373047}
{"name":"source_trace_15","package":"U_RAM","end":{"x":12.400000000000002,"y":-18},"expanded":263873,"newVias":0,"reusedBootstrapLayer":"bottom","length":19.306156158447266}
{"name":"source_trace_16","package":"U_RAM","end":{"x":12.719999999999999,"y":-18},"expanded":255772,"newVias":0,"reusedBootstrapLayer":"bottom","length":19.955373764038086}
{"name":"source_trace_3","package":"U_RAM","end":{"x":13.2,"y":-18},"expanded":583461,"newVias":0,"reusedBootstrapLayer":"bottom","length":23.548511505126953}
{"name":"source_trace_30","package":"U_RAM","end":{"x":3.5999999999999996,"y":-18},"expanded":279484,"newVias":1,"reusedBootstrapLayer":"top","length":7.908914566040039}
{"name":"source_trace_42","package":"U_RAM","end":{"x":4.4,"y":-18},"expanded":11233,"newVias":0,"reusedBootstrapLayer":"bottom","length":8.06274127960205}
{"name":"source_trace_14","package":"U_RAM","end":{"x":14,"y":-18},"expanded":1158234,"newVias":0,"reusedBootstrapLayer":"bottom","length":26.790664672851562}
{"name":"source_trace_17","package":"U_RAM","end":{"x":5.200000000000001,"y":-18},"expanded":778945,"newVias":1,"reusedBootstrapLayer":"top","length":17.68798065185547}
{"package":"U_RAM","trial":1,"order":["source_trace_32","source_trace_15","source_trace_16","source_trace_3","source_trace_30","source_trace_42","source_trace_14","source_trace_17","source_trace_4","source_trace_31","source_trace_43"],"failedName":"source_trace_4"}
{"name":"source_trace_4","package":"U_RAM","end":{"x":2.8000000000000007,"y":-18},"expanded":41517,"newVias":0,"reusedBootstrapLayer":"bottom","length":10.375677108764648}
{"name":"source_trace_32","package":"U_RAM","end":{"x":3.5999999999999996,"y":-18},"expanded":16562,"newVias":0,"reusedBootstrapLayer":"bottom","length":9.662741661071777}
{"name":"source_trace_15","package":"U_RAM","end":{"x":12.400000000000002,"y":-18},"expanded":223513,"newVias":0,"reusedBootstrapLayer":"bottom","length":19.306156158447266}
{"name":"source_trace_16","package":"U_RAM","end":{"x":12.719999999999999,"y":-18},"expanded":214727,"newVias":0,"reusedBootstrapLayer":"bottom","length":19.955373764038086}
{"name":"source_trace_3","package":"U_RAM","end":{"x":13.2,"y":-18},"expanded":557686,"newVias":0,"reusedBootstrapLayer":"bottom","length":24.067333221435547}
{"name":"source_trace_30","package":"U_RAM","end":{"x":4.4,"y":-18},"expanded":211424,"newVias":1,"reusedBootstrapLayer":"top","length":8.439453125}
{"name":"source_trace_42","package":"U_RAM","end":{"x":5.200000000000001,"y":-18},"expanded":16452,"newVias":0,"reusedBootstrapLayer":"bottom","length":8.394112586975098}
{"name":"source_trace_14","package":"U_RAM","end":{"x":14,"y":-18},"expanded":1174652,"newVias":0,"reusedBootstrapLayer":"bottom","length":27.640857696533203}
{"name":"source_trace_17","package":"U_RAM","end":{"x":6,"y":-18},"expanded":775697,"newVias":1,"reusedBootstrapLayer":"top","length":18.019351959228516}
{"name":"source_trace_31","package":"U_RAM","end":{"x":14.8,"y":-18},"expanded":492544,"newVias":1,"reusedBootstrapLayer":"top","length":23.806400299072266}
{"package":"U_RAM","trial":2,"order":["source_trace_4","source_trace_32","source_trace_15","source_trace_16","source_trace_3","source_trace_30","source_trace_42","source_trace_14","source_trace_17","source_trace_31","source_trace_43"],"failedName":"source_trace_43"}
{"name":"source_trace_43","package":"U_RAM","end":{"x":3.5999999999999996,"y":-18},"expanded":16135,"newVias":0,"reusedBootstrapLayer":"bottom","length":9.331371307373047}
{"name":"source_trace_4","package":"U_RAM","end":{"x":2.8000000000000007,"y":-18},"expanded":41517,"newVias":0,"reusedBootstrapLayer":"bottom","length":10.375677108764648}
{"name":"source_trace_32","package":"U_RAM","end":{"x":4.4,"y":-18},"expanded":73550,"newVias":0,"reusedBootstrapLayer":"bottom","length":11.30960464477539}
{"name":"source_trace_15","package":"U_RAM","end":{"x":12.400000000000002,"y":-18},"expanded":273762,"newVias":0,"reusedBootstrapLayer":"bottom","length":20.35551643371582}
{"name":"source_trace_16","package":"U_RAM","end":{"x":12.719999999999999,"y":-18},"expanded":476935,"newVias":0,"reusedBootstrapLayer":"bottom","length":22.317039489746094}
{"name":"source_trace_3","package":"U_RAM","end":{"x":13.2,"y":-18},"expanded":548397,"newVias":0,"reusedBootstrapLayer":"bottom","length":24.900959014892578}
{"name":"source_trace_30","package":"U_RAM","end":{"x":5.200000000000001,"y":-18},"expanded":239454,"newVias":1,"reusedBootstrapLayer":"top","length":9.239452362060547}
{"name":"source_trace_42","package":"U_RAM","end":{"x":6,"y":-18},"expanded":223547,"newVias":2,"reusedBootstrapLayer":"bottom","length":9.4083251953125}
{"name":"source_trace_14","package":"U_RAM","end":{"x":14,"y":-18},"expanded":1170704,"newVias":0,"reusedBootstrapLayer":"bottom","length":28.19281578063965}
{"name":"source_trace_17","package":"U_RAM","end":{"x":6.800000000000001,"y":-18},"expanded":768077,"newVias":1,"reusedBootstrapLayer":"top","length":18.350723266601562}
{"name":"source_trace_31","package":"U_RAM","end":{"x":14.8,"y":-18},"expanded":761611,"newVias":1,"reusedBootstrapLayer":"top","length":34.041831970214844}
{"name":"source_trace_15","package":"U_SOC","end":{"x":12.4,"y":-10.5},"expanded":100358,"newVias":0,"reusedBootstrapLayer":"bottom","length":9.766904830932617}
{"name":"source_trace_16","package":"U_SOC","end":{"x":12.72,"y":-10.5},"expanded":136198,"newVias":0,"reusedBootstrapLayer":"bottom","length":11.121219635009766}
{"name":"source_trace_3","package":"U_SOC","end":{"x":13.200000000000001,"y":-10.5},"expanded":206988,"newVias":0,"reusedBootstrapLayer":"bottom","length":13.2982759475708}
{"name":"source_trace_30","package":"U_SOC","end":{"x":5.2,"y":-10.5},"expanded":6869,"newVias":0,"reusedBootstrapLayer":"bottom","length":5.259798049926758}
{"name":"source_trace_42","package":"U_SOC","end":{"x":6,"y":-10.5},"expanded":328976,"newVias":2,"reusedBootstrapLayer":"bottom","length":7.8857269287109375}
{"name":"source_trace_14","package":"U_SOC","end":{"x":14,"y":-10.5},"expanded":61191,"newVias":0,"reusedBootstrapLayer":"bottom","length":14.382783889770508}
{"package":"U_SOC","trial":0,"order":["source_trace_15","source_trace_16","source_trace_3","source_trace_30","source_trace_42","source_trace_14","source_trace_17","source_trace_4","source_trace_31","source_trace_43","source_trace_32"],"failedName":"source_trace_17"}
{"name":"source_trace_17","package":"U_SOC","end":{"x":6.8,"y":-10.5},"expanded":16959,"newVias":0,"reusedBootstrapLayer":"bottom","length":6.578620433807373}
{"name":"source_trace_15","package":"U_SOC","end":{"x":12.4,"y":-10.5},"expanded":240157,"newVias":0,"reusedBootstrapLayer":"bottom","length":14.479840278625488}
{"name":"source_trace_16","package":"U_SOC","end":{"x":12.72,"y":-10.5},"expanded":282852,"newVias":1,"reusedBootstrapLayer":"top","length":10.589990615844727}
{"name":"source_trace_3","package":"U_SOC","end":{"x":13.200000000000001,"y":-10.5},"expanded":188217,"newVias":0,"reusedBootstrapLayer":"bottom","length":17.53925132751465}
{"package":"U_SOC","trial":1,"order":["source_trace_17","source_trace_15","source_trace_16","source_trace_3","source_trace_30","source_trace_42","source_trace_14","source_trace_4","source_trace_31","source_trace_43","source_trace_32"],"failedName":"source_trace_30"}
{"name":"source_trace_30","package":"U_SOC","end":{"x":5.2,"y":-10.5},"expanded":6876,"newVias":0,"reusedBootstrapLayer":"bottom","length":5.259798049926758}
{"name":"source_trace_17","package":"U_SOC","end":{"x":6.8,"y":-10.5},"expanded":16930,"newVias":0,"reusedBootstrapLayer":"bottom","length":6.578620433807373}
{"name":"source_trace_15","package":"U_SOC","end":{"x":12.4,"y":-10.5},"expanded":264096,"newVias":1,"reusedBootstrapLayer":"top","length":9.766904830932617}
{"name":"source_trace_16","package":"U_SOC","end":{"x":12.72,"y":-10.5},"expanded":115298,"newVias":0,"reusedBootstrapLayer":"bottom","length":11.121219635009766}
{"name":"source_trace_3","package":"U_SOC","end":{"x":13.200000000000001,"y":-10.5},"expanded":288852,"newVias":1,"reusedBootstrapLayer":"top","length":17.373565673828125}
{"name":"source_trace_42","package":"U_SOC","end":{"x":6,"y":-10.5},"expanded":5647,"newVias":0,"reusedBootstrapLayer":"bottom","length":5.259798049926758}
{"name":"source_trace_14","package":"U_SOC","end":{"x":14,"y":-10.5},"expanded":68277,"newVias":0,"reusedBootstrapLayer":"bottom","length":15.373565673828125}
{"name":"source_trace_4","package":"U_SOC","end":{"x":2.8000000000000003,"y":-10.5},"expanded":176686,"newVias":1,"reusedBootstrapLayer":"top","length":12.162052154541016}
{"package":"U_SOC","trial":2,"order":["source_trace_30","source_trace_17","source_trace_15","source_trace_16","source_trace_3","source_trace_42","source_trace_14","source_trace_4","source_trace_31","source_trace_43","source_trace_32"],"failedName":"source_trace_31"}
{"name":"source_trace_31","package":"U_SOC","end":{"x":14.8,"y":-10.5},"expanded":128834,"newVias":0,"reusedBootstrapLayer":"bottom","length":15.182783126831055}
{"name":"source_trace_30","package":"U_SOC","end":{"x":5.2,"y":-10.5},"expanded":6876,"newVias":0,"reusedBootstrapLayer":"bottom","length":5.259798049926758}
{"name":"source_trace_17","package":"U_SOC","end":{"x":6.8,"y":-10.5},"expanded":16810,"newVias":0,"reusedBootstrapLayer":"bottom","length":6.578620433807373}
{"name":"source_trace_15","package":"U_SOC","end":{"x":12.4,"y":-10.5},"expanded":258576,"newVias":1,"reusedBootstrapLayer":"top","length":9.766904830932617}
{"name":"source_trace_16","package":"U_SOC","end":{"x":12.72,"y":-10.5},"expanded":245282,"newVias":1,"reusedBootstrapLayer":"top","length":10.589990615844727}
{"name":"source_trace_3","package":"U_SOC","end":{"x":13.200000000000001,"y":-10.5},"expanded":449743,"newVias":1,"reusedBootstrapLayer":"top","length":23.95797348022461}
{"name":"source_trace_42","package":"U_SOC","end":{"x":6,"y":-10.5},"expanded":5647,"newVias":0,"reusedBootstrapLayer":"bottom","length":5.259798049926758}
{"name":"source_trace_14","package":"U_SOC","end":{"x":14,"y":-10.5},"expanded":479807,"newVias":2,"reusedBootstrapLayer":"bottom","length":15.81037712097168}
{"name":"source_trace_4","package":"U_SOC","end":{"x":2.8000000000000003,"y":-10.5},"expanded":164678,"newVias":1,"reusedBootstrapLayer":"top","length":13.442052841186523}
{"package":"U_SOC","trial":3,"order":["source_trace_31","source_trace_30","source_trace_17","source_trace_15","source_trace_16","source_trace_3","source_trace_42","source_trace_14","source_trace_4","source_trace_43","source_trace_32"],"failedName":"source_trace_43"}
{"name":"source_trace_43","package":"U_SOC","end":{"x":3.6000000000000005,"y":-10.5},"expanded":1188,"newVias":0,"reusedBootstrapLayer":"bottom","length":5.86568546295166}
{"name":"source_trace_31","package":"U_SOC","end":{"x":14.8,"y":-10.5},"expanded":151204,"newVias":0,"reusedBootstrapLayer":"bottom","length":15.514154434204102}
{"name":"source_trace_30","package":"U_SOC","end":{"x":5.2,"y":-10.5},"expanded":225344,"newVias":2,"reusedBootstrapLayer":"bottom","length":5.259798049926758}
{"name":"source_trace_17","package":"U_SOC","end":{"x":6.8,"y":-10.5},"expanded":281521,"newVias":2,"reusedBootstrapLayer":"bottom","length":8.709157943725586}
{"name":"source_trace_15","package":"U_SOC","end":{"x":12.4,"y":-10.5},"expanded":93389,"newVias":0,"reusedBootstrapLayer":"bottom","length":9.766904830932617}
{"name":"source_trace_16","package":"U_SOC","end":{"x":12.72,"y":-10.5},"expanded":241308,"newVias":1,"reusedBootstrapLayer":"top","length":10.589990615844727}
{"name":"source_trace_3","package":"U_SOC","end":{"x":13.200000000000001,"y":-10.5},"expanded":417268,"newVias":1,"reusedBootstrapLayer":"top","length":23.95797348022461}
{"package":"U_SOC","trial":4,"order":["source_trace_43","source_trace_31","source_trace_30","source_trace_17","source_trace_15","source_trace_16","source_trace_3","source_trace_42","source_trace_14","source_trace_4","source_trace_32"],"failedName":"source_trace_42"}
{"name":"source_trace_42","package":"U_SOC","end":{"x":6,"y":-10.5},"expanded":6876,"newVias":0,"reusedBootstrapLayer":"bottom","length":5.259798049926758}
{"name":"source_trace_43","package":"U_SOC","end":{"x":3.6000000000000005,"y":-10.5},"expanded":8773,"newVias":0,"reusedBootstrapLayer":"bottom","length":6.197056293487549}
{"name":"source_trace_31","package":"U_SOC","end":{"x":14.8,"y":-10.5},"expanded":149903,"newVias":0,"reusedBootstrapLayer":"bottom","length":15.514154434204102}
{"name":"source_trace_30","package":"U_SOC","end":{"x":5.2,"y":-10.5},"expanded":217064,"newVias":2,"reusedBootstrapLayer":"bottom","length":5.649747848510742}
{"name":"source_trace_17","package":"U_SOC","end":{"x":6.8,"y":-10.5},"expanded":14844,"newVias":0,"reusedBootstrapLayer":"bottom","length":6.71920919418335}
{"name":"source_trace_15","package":"U_SOC","end":{"x":12.4,"y":-10.5},"expanded":221743,"newVias":1,"reusedBootstrapLayer":"top","length":9.766904830932617}
{"name":"source_trace_16","package":"U_SOC","end":{"x":12.72,"y":-10.5},"expanded":211379,"newVias":1,"reusedBootstrapLayer":"top","length":10.589990615844727}
{"name":"source_trace_3","package":"U_SOC","end":{"x":13.200000000000001,"y":-10.5},"expanded":492845,"newVias":2,"reusedBootstrapLayer":"bottom","length":28.717769622802734}
{"name":"source_trace_14","package":"U_SOC","end":{"x":14,"y":-10.5},"expanded":377560,"newVias":2,"reusedBootstrapLayer":"bottom","length":15.992631912231445}
{"name":"source_trace_4","package":"U_SOC","end":{"x":2.8000000000000003,"y":-10.5},"expanded":162256,"newVias":1,"reusedBootstrapLayer":"top","length":13.624305725097656}
{"name":"source_trace_32","package":"U_SOC","end":{"x":4.4,"y":-10.5},"expanded":79775,"newVias":2,"reusedBootstrapLayer":"bottom","length":7.356853485107422}
{"phase":"native_bus_lanes_channel","iterations":55,"elapsedSeconds":10.144189875000011}
{"status":"GUIDED_NATIVE_CHANNEL_FAILED_OR_TIMEOUT","bus":"DDR_BYTE0","source":{"path":"dist/experiments/am3352-powered-host/circuit.json","sha256":"867405f43fa5aa8840b1225b23740601d32778b0dc16ec24420d1166c983aabc","components":204},"nativeBootstrap":{"path":"dist/am3352-four-layer-ram-bypass-reserved-attempt-38/signal-escapes.native.json","sha256":"b2f2847a1d332d0364b7d5609616ab43471f3ebd658cf83dfb6529d05e6611be","dogbones":44},"solver":"@tscircuit/core SOLVERS.BusLanesPipelineSolver","localModificationGridMm":0.02,"lanePitchMm":0.8,"localMaximumXMm":17.4,"fourCopperLayers":true,"signalLayers":["top","bottom"],"sourceTracesRetained":69,"actualPadObstacles":882,"localEscapes":[{"name":"source_trace_43","package":"U_RAM","end":{"x":3.5999999999999996,"y":-18},"expanded":16135,"newVias":0,"reusedBootstrapLayer":"bottom","length":9.331371307373047},{"name":"source_trace_4","package":"U_RAM","end":{"x":2.8000000000000007,"y":-18},"expanded":41517,"newVias":0,"reusedBootstrapLayer":"bottom","length":10.375677108764648},{"name":"source_trace_32","package":"U_RAM","end":{"x":4.4,"y":-18},"expanded":73550,"newVias":0,"reusedBootstrapLayer":"bottom","length":11.30960464477539},{"name":"source_trace_15","package":"U_RAM","end":{"x":12.400000000000002,"y":-18},"expanded":273762,"newVias":0,"reusedBootstrapLayer":"bottom","length":20.35551643371582},{"name":"source_trace_16","package":"U_RAM","end":{"x":12.719999999999999,"y":-18},"expanded":476935,"newVias":0,"reusedBootstrapLayer":"bottom","length":22.317039489746094},{"name":"source_trace_3","package":"U_RAM","end":{"x":13.2,"y":-18},"expanded":548397,"newVias":0,"reusedBootstrapLayer":"bottom","length":24.900959014892578},{"name":"source_trace_30","package":"U_RAM","end":{"x":5.200000000000001,"y":-18},"expanded":239454,"newVias":1,"reusedBootstrapLayer":"top","length":9.239452362060547},{"name":"source_trace_42","package":"U_RAM","end":{"x":6,"y":-18},"expanded":223547,"newVias":2,"reusedBootstrapLayer":"bottom","length":9.4083251953125},{"name":"source_trace_14","package":"U_RAM","end":{"x":14,"y":-18},"expanded":1170704,"newVias":0,"reusedBootstrapLayer":"bottom","length":28.19281578063965},{"name":"source_trace_17","package":"U_RAM","end":{"x":6.800000000000001,"y":-18},"expanded":768077,"newVias":1,"reusedBootstrapLayer":"top","length":18.350723266601562},{"name":"source_trace_31","package":"U_RAM","end":{"x":14.8,"y":-18},"expanded":761611,"newVias":1,"reusedBootstrapLayer":"top","length":34.041831970214844},{"name":"source_trace_42","package":"U_SOC","end":{"x":6,"y":-10.5},"expanded":6876,"newVias":0,"reusedBootstrapLayer":"bottom","length":5.259798049926758},{"name":"source_trace_43","package":"U_SOC","end":{"x":3.6000000000000005,"y":-10.5},"expanded":8773,"newVias":0,"reusedBootstrapLayer":"bottom","length":6.197056293487549},{"name":"source_trace_31","package":"U_SOC","end":{"x":14.8,"y":-10.5},"expanded":149903,"newVias":0,"reusedBootstrapLayer":"bottom","length":15.514154434204102},{"name":"source_trace_30","package":"U_SOC","end":{"x":5.2,"y":-10.5},"expanded":217064,"newVias":2,"reusedBootstrapLayer":"bottom","length":5.649747848510742},{"name":"source_trace_17","package":"U_SOC","end":{"x":6.8,"y":-10.5},"expanded":14844,"newVias":0,"reusedBootstrapLayer":"bottom","length":6.71920919418335},{"name":"source_trace_15","package":"U_SOC","end":{"x":12.4,"y":-10.5},"expanded":221743,"newVias":1,"reusedBootstrapLayer":"top","length":9.766904830932617},{"name":"source_trace_16","package":"U_SOC","end":{"x":12.72,"y":-10.5},"expanded":211379,"newVias":1,"reusedBootstrapLayer":"top","length":10.589990615844727},{"name":"source_trace_3","package":"U_SOC","end":{"x":13.200000000000001,"y":-10.5},"expanded":492845,"newVias":2,"reusedBootstrapLayer":"bottom","length":28.717769622802734},{"name":"source_trace_14","package":"U_SOC","end":{"x":14,"y":-10.5},"expanded":377560,"newVias":2,"reusedBootstrapLayer":"bottom","length":15.992631912231445},{"name":"source_trace_4","package":"U_SOC","end":{"x":2.8000000000000003,"y":-10.5},"expanded":162256,"newVias":1,"reusedBootstrapLayer":"top","length":13.624305725097656},{"name":"source_trace_32","package":"U_SOC","end":{"x":4.4,"y":-10.5},"expanded":79775,"newVias":2,"reusedBootstrapLayer":"bottom","length":7.356853485107422}],"completedSignals":0,"requiredSignals":49,"fabricationReady":false,"timingQualified":false,"returnPlaneChangesQualified":false,"sourceSnapshot":{"path":"dist/diagnostics/am3352-ram-bypass/circuit.json","sha256":"867405f43fa5aa8840b1225b23740601d32778b0dc16ec24420d1166c983aabc","components":204,"originalBuildPath":"dist/experiments/am3352-powered-host/circuit.json"},"localReplans":[{"package":"U_RAM","trial":0,"order":["source_trace_15","source_trace_16","source_trace_3","source_trace_30","source_trace_42","source_trace_14","source_trace_17","source_trace_4","source_trace_31","source_trace_43","source_trace_32"],"failedName":"source_trace_32"},{"package":"U_RAM","trial":1,"order":["source_trace_32","source_trace_15","source_trace_16","source_trace_3","source_trace_30","source_trace_42","source_trace_14","source_trace_17","source_trace_4","source_trace_31","source_trace_43"],"failedName":"source_trace_4"},{"package":"U_RAM","trial":2,"order":["source_trace_4","source_trace_32","source_trace_15","source_trace_16","source_trace_3","source_trace_30","source_trace_42","source_trace_14","source_trace_17","source_trace_31","source_trace_43"],"failedName":"source_trace_43"},{"package":"U_SOC","trial":0,"order":["source_trace_15","source_trace_16","source_trace_3","source_trace_30","source_trace_42","source_trace_14","source_trace_17","source_trace_4","source_trace_31","source_trace_43","source_trace_32"],"failedName":"source_trace_17"},{"package":"U_SOC","trial":1,"order":["source_trace_17","source_trace_15","source_trace_16","source_trace_3","source_trace_30","source_trace_42","source_trace_14","source_trace_4","source_trace_31","source_trace_43","source_trace_32"],"failedName":"source_trace_30"},{"package":"U_SOC","trial":2,"order":["source_trace_30","source_trace_17","source_trace_15","source_trace_16","source_trace_3","source_trace_42","source_trace_14","source_trace_4","source_trace_31","source_trace_43","source_trace_32"],"failedName":"source_trace_31"},{"package":"U_SOC","trial":3,"order":["source_trace_31","source_trace_30","source_trace_17","source_trace_15","source_trace_16","source_trace_3","source_trace_42","source_trace_14","source_trace_4","source_trace_43","source_trace_32"],"failedName":"source_trace_43"},{"package":"U_SOC","trial":4,"order":["source_trace_43","source_trace_31","source_trace_30","source_trace_17","source_trace_15","source_trace_16","source_trace_3","source_trace_42","source_trace_14","source_trace_4","source_trace_32"],"failedName":"source_trace_42"}],"channel":{"solved":false,"failed":false,"error":null,"iterations":55,"elapsedSeconds":10.145609417,"input":{"path":"dist/am3352-guided-byte0-edge-pair-local-attempt-61/channel.input.simple-route.json","sha256":"7885a7de65fead79bf17114513dbb469ce19fa4bce7446ddc2a404202d5d42b3"}}}
