{"name":"DDR_A1","found":true,"planned":2,"expanded":5851328,"error":null,"qualifiedNewDdrSignals":0}
{"name":"DDR_ODT","found":false,"planned":2,"expanded":21465,"error":"no clearance-preserving bridge","qualifiedNewDdrSignals":0}
{"name":"DDR_CASn","found":false,"planned":2,"expanded":6989,"error":"no clearance-preserving bridge","qualifiedNewDdrSignals":0}
{"name":"DDR_CSn0","found":false,"planned":2,"expanded":6910,"error":"no clearance-preserving bridge","qualifiedNewDdrSignals":0}
{"name":"DDR_BA1","found":true,"planned":3,"expanded":760684,"error":null,"qualifiedNewDdrSignals":0}
{"name":"DDR_BA2","found":true,"planned":4,"expanded":81585,"error":null,"qualifiedNewDdrSignals":0}
{"name":"DDR_A7","found":false,"planned":4,"expanded":7100000,"error":"manual bridge timeout","qualifiedNewDdrSignals":0}
{"name":"DDR_A11","found":false,"planned":4,"expanded":5950000,"error":"manual bridge timeout","qualifiedNewDdrSignals":0}
{"name":"DDR_A3","found":true,"planned":5,"expanded":27667,"error":null,"qualifiedNewDdrSignals":0}
{"name":"DDR_A5","found":false,"planned":5,"expanded":5100000,"error":"manual bridge timeout","qualifiedNewDdrSignals":0}
{"name":"DDR_A4","found":false,"planned":5,"expanded":4950000,"error":"manual bridge timeout","qualifiedNewDdrSignals":0}
{"name":"DDR_A6","found":false,"planned":5,"expanded":4550000,"error":"manual bridge timeout","qualifiedNewDdrSignals":0}
{"name":"DDR_BA0","found":true,"planned":6,"expanded":782444,"error":null,"qualifiedNewDdrSignals":0}
{"name":"DDR_A0","found":false,"planned":6,"expanded":5750000,"error":"manual bridge timeout","qualifiedNewDdrSignals":0}
{"name":"DDR_A2","found":false,"planned":6,"expanded":4800000,"error":"manual bridge timeout","qualifiedNewDdrSignals":0}
{"name":"DDR_A9","found":true,"planned":7,"expanded":480146,"error":null,"qualifiedNewDdrSignals":0}
{"name":"DDR_A13","found":true,"planned":8,"expanded":528845,"error":null,"qualifiedNewDdrSignals":0}
{"name":"DDR_A10","found":false,"planned":8,"expanded":3550000,"error":"manual bridge timeout","qualifiedNewDdrSignals":0}
{"name":"DDR_A12","found":false,"planned":8,"expanded":16753,"error":"no clearance-preserving bridge","qualifiedNewDdrSignals":0}
{"name":"DDR_A8","found":false,"planned":8,"expanded":16699,"error":"no clearance-preserving bridge","qualifiedNewDdrSignals":0}
{"name":"DDR_WEn","found":true,"planned":9,"expanded":981722,"error":null,"qualifiedNewDdrSignals":0}
{"name":"DDR_RASn","found":false,"planned":9,"expanded":1300000,"error":"manual bridge timeout","qualifiedNewDdrSignals":0}
{"name":"DDR_CKE","found":false,"planned":9,"expanded":12514,"error":"no clearance-preserving bridge","qualifiedNewDdrSignals":0}
{"name":"DDR_CK","found":false,"planned":9,"expanded":8638,"error":"no clearance-preserving bridge","qualifiedNewDdrSignals":0}
{"name":"DDR_CKn","found":false,"planned":9,"expanded":3450000,"error":"manual bridge timeout","qualifiedNewDdrSignals":0}
