{"name":"DDR_A1","found":true,"planned":4,"opened":[],"expanded":360120,"error":null,"qualifiedNewDdrSignals":0}
{"name":"DDR_ODT","found":true,"planned":5,"opened":[],"expanded":485321,"error":null,"qualifiedNewDdrSignals":0}
{"name":"DDR_CASn","found":false,"planned":5,"expanded":6950000,"error":"manual bridge timeout","qualifiedNewDdrSignals":0}
{"name":"DDR_CSn0","found":true,"planned":5,"opened":["DDR_A1"],"expanded":1521249,"error":null,"qualifiedNewDdrSignals":0}
{"name":"DDR_BA1","found":true,"planned":6,"opened":[],"expanded":272879,"error":null,"qualifiedNewDdrSignals":0}
{"name":"DDR_BA2","found":false,"planned":6,"expanded":3600000,"error":"manual bridge timeout","qualifiedNewDdrSignals":0}
{"name":"DDR_A7","found":true,"planned":7,"opened":[],"expanded":2882172,"error":null,"qualifiedNewDdrSignals":0}
{"name":"DDR_A3","found":true,"planned":7,"opened":["DDR_A7"],"expanded":279026,"error":null,"qualifiedNewDdrSignals":0}
{"name":"DDR_A5","found":false,"planned":7,"expanded":4000000,"error":"manual bridge timeout","qualifiedNewDdrSignals":0}
{"name":"DDR_A4","found":true,"planned":8,"opened":[],"expanded":3394684,"error":null,"qualifiedNewDdrSignals":0}
{"name":"DDR_A6","found":true,"planned":9,"opened":[],"expanded":450766,"error":null,"qualifiedNewDdrSignals":0}
{"name":"DDR_BA0","found":false,"planned":9,"expanded":5200000,"error":"manual bridge timeout","qualifiedNewDdrSignals":0}
{"name":"DDR_A0","found":false,"planned":9,"expanded":4950000,"error":"manual bridge timeout","qualifiedNewDdrSignals":0}
{"name":"DDR_A2","found":true,"planned":10,"opened":[],"expanded":1727712,"error":null,"qualifiedNewDdrSignals":0}
{"name":"DDR_A9","found":true,"planned":10,"opened":["DDR_BA1"],"expanded":2648370,"error":null,"qualifiedNewDdrSignals":0}
{"name":"DDR_A13","found":true,"planned":11,"opened":[],"expanded":325209,"error":null,"qualifiedNewDdrSignals":0}
{"name":"DDR_A10","found":false,"planned":11,"expanded":2400000,"error":"manual bridge timeout","qualifiedNewDdrSignals":0}
{"name":"DDR_A12","found":false,"planned":11,"expanded":3150000,"error":"manual bridge timeout","qualifiedNewDdrSignals":0}
{"name":"DDR_A14","found":true,"planned":11,"opened":["DDR_A11"],"expanded":278398,"error":null,"qualifiedNewDdrSignals":0}
{"name":"DDR_A8","found":false,"planned":11,"expanded":2700000,"error":"manual bridge timeout","qualifiedNewDdrSignals":0}
{"name":"DDR_WEn","found":false,"planned":11,"expanded":3750000,"error":"manual bridge timeout","qualifiedNewDdrSignals":0}
{"name":"DDR_RASn","found":false,"planned":11,"expanded":1800000,"error":"manual bridge timeout","qualifiedNewDdrSignals":0}
{"name":"DDR_CKE","found":false,"planned":11,"expanded":3050000,"error":"manual bridge timeout","qualifiedNewDdrSignals":0}
{"name":"DDR_CASn","found":true,"planned":12,"opened":[],"expanded":33451,"error":null,"qualifiedNewDdrSignals":0}
{"name":"DDR_A1","found":true,"planned":13,"opened":[],"expanded":444712,"error":null,"qualifiedNewDdrSignals":0}
{"name":"DDR_BA2","found":false,"planned":13,"expanded":3800000,"error":"manual bridge timeout","qualifiedNewDdrSignals":0}
{"name":"DDR_A7","found":false,"planned":13,"expanded":2750000,"error":"manual bridge timeout","qualifiedNewDdrSignals":0}
{"name":"DDR_A5","found":false,"planned":13,"expanded":1650000,"error":"manual bridge timeout","qualifiedNewDdrSignals":0}
{"name":"DDR_BA0","found":false,"planned":13,"expanded":2650000,"error":"manual bridge timeout","qualifiedNewDdrSignals":0}
{"name":"DDR_A0","found":false,"planned":13,"expanded":2350000,"error":"manual bridge timeout","qualifiedNewDdrSignals":0}
{"name":"DDR_BA1","found":true,"planned":14,"opened":[],"expanded":363669,"error":null,"qualifiedNewDdrSignals":0}
{"name":"DDR_A10","found":false,"planned":14,"expanded":1700000,"error":"manual bridge timeout","qualifiedNewDdrSignals":0}
{"name":"DDR_A12","found":false,"planned":14,"expanded":1750000,"error":"manual bridge timeout","qualifiedNewDdrSignals":0}
{"name":"DDR_A11","found":false,"planned":14,"expanded":1950000,"error":"manual bridge timeout","qualifiedNewDdrSignals":0}
{"name":"DDR_A8","found":false,"planned":14,"expanded":1950000,"error":"manual bridge timeout","qualifiedNewDdrSignals":0}
{"name":"DDR_WEn","found":false,"planned":14,"expanded":3000000,"error":"manual bridge timeout","qualifiedNewDdrSignals":0}
{"name":"DDR_RASn","found":false,"planned":14,"expanded":3400000,"error":"manual bridge timeout","qualifiedNewDdrSignals":0}
{"name":"DDR_CKE","found":false,"planned":14,"expanded":3050000,"error":"manual bridge timeout","qualifiedNewDdrSignals":0}
{"name":"DDR_BA2","found":false,"planned":14,"expanded":3200000,"error":"manual bridge timeout","qualifiedNewDdrSignals":0}
{"name":"DDR_A7","found":false,"planned":14,"expanded":3100000,"error":"manual bridge timeout","qualifiedNewDdrSignals":0}
{"name":"DDR_A5","found":false,"planned":14,"expanded":1350000,"error":"manual bridge timeout","qualifiedNewDdrSignals":0}
{"name":"DDR_BA0","found":false,"planned":14,"expanded":850000,"error":"manual bridge timeout","qualifiedNewDdrSignals":0}
{"name":"DDR_A0","found":false,"planned":14,"expanded":2200000,"error":"manual bridge timeout","qualifiedNewDdrSignals":0}
