PASS scripts/summarize-am3352-casn-neighbor-replan-trials.mjs
PASS scripts/lib/am3352-open-data-wires.mjs
PASS scripts/lib/am3352-open-command-prefixes.mjs
PASS scripts/prepare-am3352-command-wire-replan.mjs
PASS scripts/diagnose-am3352-command-corridor.mjs
PASS scripts/diagnose-am3352-command-corridor-wire-replan.mjs
PASS scripts/lib/am3352-outer-corridor-topology.mjs
PASS scripts/lib/am3352-guarded-outer-bridge.mjs
PASS scripts/route-am3352-command-wire-replan.mjs
PASS scripts/route-am3352-staged-data-wire-restore.mjs
PASS scripts/repair-am3352-staged-command-prefix.mjs
PASS scripts/route-am3352-staged-prefix-native-leg.mjs
PASS scripts/lib/am3352-staged-casn-csn0.mjs
PASS scripts/repair-am3352-staged-data-pad-path.mjs
PASS scripts/diagnose-am3352-staged-data-corridor.mjs
PASS scripts/prepare-am3352-casn-retained-ram-guided.mjs
PASS scripts/route-am3352-casn-retained-ram-carrier.mjs
PASS scripts/repair-am3352-retained-ram-command-prefix.mjs
PASS scripts/route-am3352-retained-ram-prefix-native-leg.mjs
PASS scripts/lib/am3352-staged-casn-retained-ram.mjs
PASS scripts/repair-am3352-retained-ram-data-path.mjs
PASS scripts/route-am3352-retained-ram-data-restore.mjs
PASS scripts/diagnose-am3352-retained-ram-data-corridor.mjs
PASS scripts/validate-am3352-staged-wire-guards.mjs
PASS scripts/save-am3352-registered-command.mjs
