{"name":"source_trace_41","package":"U_RAM","end":{"x":-4,"y":-18},"expanded":75977,"newVias":0,"reusedBootstrapLayer":"bottom","length":17.353078842163086}
{"name":"source_trace_28","package":"U_RAM","end":{"x":-11.2,"y":-18},"expanded":390626,"newVias":1,"reusedBootstrapLayer":"top","length":14.87106704711914}
{"name":"source_trace_27","package":"U_RAM","end":{"x":-10.879999999999999,"y":-18},"expanded":149348,"newVias":1,"reusedBootstrapLayer":"top","length":13.819696426391602}
{"name":"source_trace_1","package":"U_RAM","end":{"x":-4.799999999999999,"y":-18},"expanded":71110,"newVias":2,"reusedBootstrapLayer":"bottom","length":5.0284271240234375}
{"name":"source_trace_2","package":"U_RAM","end":{"x":-5.6,"y":-18},"expanded":150105,"newVias":1,"reusedBootstrapLayer":"top","length":6.6049957275390625}
{"name":"source_trace_13","package":"U_RAM","end":{"x":-12,"y":-18},"expanded":622771,"newVias":1,"reusedBootstrapLayer":"top","length":20.139636993408203}
{"name":"source_trace_11","package":"U_RAM","end":{"x":-12.8,"y":-18},"expanded":762568,"newVias":1,"reusedBootstrapLayer":"top","length":23.993850708007812}
{"package":"U_RAM","trial":0,"order":["source_trace_41","source_trace_28","source_trace_27","source_trace_1","source_trace_2","source_trace_13","source_trace_11","source_trace_12","source_trace_29","source_trace_26","source_trace_40"],"failedName":"source_trace_12"}
{"name":"source_trace_12","package":"U_RAM","end":{"x":-4,"y":-18},"expanded":171026,"newVias":1,"reusedBootstrapLayer":"top","length":6.491168975830078}
{"name":"source_trace_41","package":"U_RAM","end":{"x":-4.799999999999999,"y":-18},"expanded":56568,"newVias":0,"reusedBootstrapLayer":"bottom","length":17.518762588500977}
{"name":"source_trace_28","package":"U_RAM","end":{"x":-11.2,"y":-18},"expanded":619237,"newVias":1,"reusedBootstrapLayer":"top","length":21.08355712890625}
{"name":"source_trace_27","package":"U_RAM","end":{"x":-10.879999999999999,"y":-18},"expanded":1034939,"newVias":1,"reusedBootstrapLayer":"top","length":33.81159591674805}
{"name":"source_trace_1","package":"U_RAM","end":{"x":-5.6,"y":-18},"expanded":105205,"newVias":1,"reusedBootstrapLayer":"top","length":5.008326530456543}
{"name":"source_trace_2","package":"U_RAM","end":{"x":-6.4,"y":-18},"expanded":133095,"newVias":1,"reusedBootstrapLayer":"top","length":6.936366081237793}
{"name":"source_trace_13","package":"U_RAM","end":{"x":-12,"y":-18},"expanded":669713,"newVias":1,"reusedBootstrapLayer":"top","length":37.29104995727539}
{"name":"source_trace_11","package":"U_RAM","end":{"x":-12.8,"y":-18},"expanded":867509,"newVias":2,"reusedBootstrapLayer":"bottom","length":39.258949279785156}
{"package":"U_RAM","trial":1,"order":["source_trace_12","source_trace_41","source_trace_28","source_trace_27","source_trace_1","source_trace_2","source_trace_13","source_trace_11","source_trace_29","source_trace_26","source_trace_40"],"failedName":"source_trace_29"}
{"name":"source_trace_29","package":"U_RAM","end":{"x":-4,"y":-18},"expanded":226670,"newVias":0,"reusedBootstrapLayer":"bottom","length":16.553077697753906}
{"name":"source_trace_12","package":"U_RAM","end":{"x":-4.799999999999999,"y":-18},"expanded":189033,"newVias":1,"reusedBootstrapLayer":"top","length":7.26773738861084}
{"name":"source_trace_41","package":"U_RAM","end":{"x":-5.6,"y":-18},"expanded":548488,"newVias":2,"reusedBootstrapLayer":"bottom","length":18.076065063476562}
{"name":"source_trace_28","package":"U_RAM","end":{"x":-11.2,"y":-18},"expanded":663678,"newVias":1,"reusedBootstrapLayer":"top","length":22.03586196899414}
{"name":"source_trace_27","package":"U_RAM","end":{"x":-10.879999999999999,"y":-18},"expanded":999098,"newVias":1,"reusedBootstrapLayer":"top","length":33.81159591674805}
{"name":"source_trace_1","package":"U_RAM","end":{"x":-6.4,"y":-18},"expanded":115764,"newVias":1,"reusedBootstrapLayer":"top","length":5.80832576751709}
{"name":"source_trace_2","package":"U_RAM","end":{"x":-7.199999999999999,"y":-18},"expanded":132311,"newVias":1,"reusedBootstrapLayer":"top","length":7.26773738861084}
{"name":"source_trace_13","package":"U_RAM","end":{"x":-12,"y":-18},"expanded":708961,"newVias":1,"reusedBootstrapLayer":"top","length":38.00904083251953}
{"name":"source_trace_11","package":"U_RAM","end":{"x":-12.8,"y":-18},"expanded":838388,"newVias":2,"reusedBootstrapLayer":"bottom","length":39.275516510009766}
{"package":"U_RAM","trial":2,"order":["source_trace_29","source_trace_12","source_trace_41","source_trace_28","source_trace_27","source_trace_1","source_trace_2","source_trace_13","source_trace_11","source_trace_26","source_trace_40"],"failedName":"source_trace_26"}
{"name":"source_trace_26","package":"U_RAM","end":{"x":-4,"y":-18},"expanded":220545,"newVias":1,"reusedBootstrapLayer":"top","length":7.408326148986816}
{"name":"source_trace_29","package":"U_RAM","end":{"x":-4.799999999999999,"y":-18},"expanded":189994,"newVias":0,"reusedBootstrapLayer":"bottom","length":16.71876335144043}
{"name":"source_trace_12","package":"U_RAM","end":{"x":-5.6,"y":-18},"expanded":172429,"newVias":1,"reusedBootstrapLayer":"top","length":8.067737579345703}
{"name":"source_trace_41","package":"U_RAM","end":{"x":-6.4,"y":-18},"expanded":557124,"newVias":2,"reusedBootstrapLayer":"bottom","length":18.407432556152344}
{"name":"source_trace_28","package":"U_RAM","end":{"x":-11.2,"y":-18},"expanded":587301,"newVias":1,"reusedBootstrapLayer":"top","length":22.03586196899414}
{"name":"source_trace_27","package":"U_RAM","end":{"x":-10.879999999999999,"y":-18},"expanded":1081338,"newVias":2,"reusedBootstrapLayer":"bottom","length":33.5118408203125}
{"name":"source_trace_1","package":"U_RAM","end":{"x":-7.199999999999999,"y":-18},"expanded":120902,"newVias":1,"reusedBootstrapLayer":"top","length":6.608325958251953}
{"name":"source_trace_2","package":"U_RAM","end":{"x":-8,"y":-18},"expanded":124875,"newVias":1,"reusedBootstrapLayer":"top","length":7.59910774230957}
{"package":"U_RAM","trial":3,"order":["source_trace_26","source_trace_29","source_trace_12","source_trace_41","source_trace_28","source_trace_27","source_trace_1","source_trace_2","source_trace_13","source_trace_11","source_trace_40"],"failedName":"source_trace_13"}
{"name":"source_trace_13","package":"U_RAM","end":{"x":-4,"y":-18},"expanded":177143,"newVias":1,"reusedBootstrapLayer":"top","length":7.291169166564941}
{"name":"source_trace_26","package":"U_RAM","end":{"x":-4.799999999999999,"y":-18},"expanded":216042,"newVias":0,"reusedBootstrapLayer":"bottom","length":19.118762969970703}
{"name":"source_trace_29","package":"U_RAM","end":{"x":-5.6,"y":-18},"expanded":132287,"newVias":0,"reusedBootstrapLayer":"bottom","length":17.818174362182617}
{"package":"U_RAM","trial":4,"order":["source_trace_13","source_trace_26","source_trace_29","source_trace_12","source_trace_41","source_trace_28","source_trace_27","source_trace_1","source_trace_2","source_trace_11","source_trace_40"],"failedName":"source_trace_12"}
{"name":"source_trace_12","package":"U_RAM","end":{"x":-4,"y":-18},"expanded":171026,"newVias":1,"reusedBootstrapLayer":"top","length":6.491168975830078}
{"name":"source_trace_13","package":"U_RAM","end":{"x":-4.799999999999999,"y":-18},"expanded":460522,"newVias":1,"reusedBootstrapLayer":"top","length":15.691169738769531}
{"name":"source_trace_26","package":"U_RAM","end":{"x":-5.6,"y":-18},"expanded":221128,"newVias":0,"reusedBootstrapLayer":"bottom","length":20.169788360595703}
{"name":"source_trace_29","package":"U_RAM","end":{"x":-7.199999999999999,"y":-18},"expanded":185045,"newVias":0,"reusedBootstrapLayer":"bottom","length":19.97381019592285}
{"name":"source_trace_41","package":"U_RAM","end":{"x":-6.4,"y":-18},"expanded":713074,"newVias":2,"reusedBootstrapLayer":"bottom","length":22.059494018554688}
{"name":"source_trace_28","package":"U_RAM","end":{"x":-11.2,"y":-18},"expanded":470301,"newVias":1,"reusedBootstrapLayer":"top","length":23.753019332885742}
{"name":"source_trace_27","package":"U_RAM","end":{"x":-10.879999999999999,"y":-18},"expanded":1509376,"newVias":1,"reusedBootstrapLayer":"top","length":40.46075439453125}
{"name":"source_trace_1","package":"U_RAM","end":{"x":-12,"y":-18},"expanded":758479,"newVias":2,"reusedBootstrapLayer":"bottom","length":40.13777160644531}
{"package":"U_RAM","trial":5,"order":["source_trace_12","source_trace_13","source_trace_26","source_trace_29","source_trace_41","source_trace_28","source_trace_27","source_trace_1","source_trace_2","source_trace_11","source_trace_40"],"failedName":"source_trace_2"}
{"name":"source_trace_2","package":"U_RAM","end":{"x":-4,"y":-18},"expanded":213475,"newVias":1,"reusedBootstrapLayer":"top","length":6.107939720153809}
{"name":"source_trace_12","package":"U_RAM","end":{"x":-4.799999999999999,"y":-18},"expanded":95007,"newVias":1,"reusedBootstrapLayer":"top","length":7.26773738861084}
{"name":"source_trace_13","package":"U_RAM","end":{"x":-5.6,"y":-18},"expanded":458690,"newVias":1,"reusedBootstrapLayer":"top","length":16.022539138793945}
{"name":"source_trace_26","package":"U_RAM","end":{"x":-6.4,"y":-18},"expanded":223367,"newVias":0,"reusedBootstrapLayer":"bottom","length":20.50115966796875}
{"name":"source_trace_29","package":"U_RAM","end":{"x":-7.199999999999999,"y":-18},"expanded":163383,"newVias":0,"reusedBootstrapLayer":"bottom","length":19.97381019592285}
{"name":"source_trace_41","package":"U_RAM","end":{"x":-8,"y":-18},"expanded":718354,"newVias":2,"reusedBootstrapLayer":"bottom","length":22.64175033569336}
{"name":"source_trace_28","package":"U_RAM","end":{"x":-11.2,"y":-18},"expanded":737178,"newVias":1,"reusedBootstrapLayer":"top","length":23.962379455566406}
{"name":"source_trace_27","package":"U_RAM","end":{"x":-10.879999999999999,"y":-18},"expanded":790984,"newVias":1,"reusedBootstrapLayer":"top","length":34.32341384887695}
{"name":"source_trace_1","package":"U_RAM","end":{"x":-12,"y":-18},"expanded":1137366,"newVias":2,"reusedBootstrapLayer":"bottom","length":41.75801467895508}
{"name":"source_trace_11","package":"U_RAM","end":{"x":-12.8,"y":-18},"expanded":1073348,"newVias":2,"reusedBootstrapLayer":"bottom","length":43.387962341308594}
{"package":"U_RAM","trial":6,"order":["source_trace_2","source_trace_12","source_trace_13","source_trace_26","source_trace_29","source_trace_41","source_trace_28","source_trace_27","source_trace_1","source_trace_11","source_trace_40"],"failedName":"source_trace_40"}
{"name":"source_trace_40","package":"U_RAM","end":{"x":-4,"y":-18},"expanded":111066,"newVias":0,"reusedBootstrapLayer":"bottom","length":18.153078079223633}
{"name":"source_trace_2","package":"U_RAM","end":{"x":-4.799999999999999,"y":-18},"expanded":211563,"newVias":1,"reusedBootstrapLayer":"top","length":6.273624420166016}
{"name":"source_trace_12","package":"U_RAM","end":{"x":-5.6,"y":-18},"expanded":494250,"newVias":1,"reusedBootstrapLayer":"top","length":17.081951141357422}
{"package":"U_RAM","trial":7,"order":["source_trace_40","source_trace_2","source_trace_12","source_trace_13","source_trace_26","source_trace_29","source_trace_41","source_trace_28","source_trace_27","source_trace_1","source_trace_11"],"failedName":"source_trace_13"}
{"name":"source_trace_13","package":"U_RAM","end":{"x":-4,"y":-18},"expanded":177143,"newVias":1,"reusedBootstrapLayer":"top","length":7.291169166564941}
{"name":"source_trace_40","package":"U_RAM","end":{"x":-4.799999999999999,"y":-18},"expanded":92407,"newVias":0,"reusedBootstrapLayer":"bottom","length":18.318763732910156}
{"name":"source_trace_2","package":"U_RAM","end":{"x":-5.6,"y":-18},"expanded":192049,"newVias":1,"reusedBootstrapLayer":"top","length":6.6049957275390625}
{"package":"U_RAM","trial":8,"order":["source_trace_13","source_trace_40","source_trace_2","source_trace_12","source_trace_26","source_trace_29","source_trace_41","source_trace_28","source_trace_27","source_trace_1","source_trace_11"],"failedName":"source_trace_12"}
{"name":"source_trace_12","package":"U_RAM","end":{"x":-4,"y":-18},"expanded":171026,"newVias":1,"reusedBootstrapLayer":"top","length":6.491168975830078}
{"name":"source_trace_13","package":"U_RAM","end":{"x":-4.799999999999999,"y":-18},"expanded":460522,"newVias":1,"reusedBootstrapLayer":"top","length":15.691169738769531}
{"name":"source_trace_40","package":"U_RAM","end":{"x":-5.6,"y":-18},"expanded":99517,"newVias":0,"reusedBootstrapLayer":"bottom","length":19.369789123535156}
{"name":"source_trace_2","package":"U_RAM","end":{"x":-6.4,"y":-18},"expanded":198367,"newVias":1,"reusedBootstrapLayer":"top","length":6.936366081237793}
{"name":"source_trace_26","package":"U_RAM","end":{"x":-7.199999999999999,"y":-18},"expanded":667366,"newVias":1,"reusedBootstrapLayer":"top","length":22.59640884399414}
{"name":"source_trace_29","package":"U_RAM","end":{"x":-8,"y":-18},"expanded":183488,"newVias":0,"reusedBootstrapLayer":"bottom","length":22.052631378173828}
{"package":"U_RAM","trial":9,"order":["source_trace_12","source_trace_13","source_trace_40","source_trace_2","source_trace_26","source_trace_29","source_trace_41","source_trace_28","source_trace_27","source_trace_1","source_trace_11"],"failedName":"source_trace_41"}
{"name":"source_trace_41","package":"U_RAM","end":{"x":-4,"y":-18},"expanded":75977,"newVias":0,"reusedBootstrapLayer":"bottom","length":17.353078842163086}
{"name":"source_trace_12","package":"U_RAM","end":{"x":-4.799999999999999,"y":-18},"expanded":189033,"newVias":1,"reusedBootstrapLayer":"top","length":7.26773738861084}
{"name":"source_trace_13","package":"U_RAM","end":{"x":-5.6,"y":-18},"expanded":468558,"newVias":1,"reusedBootstrapLayer":"top","length":16.281949996948242}
{"name":"source_trace_40","package":"U_RAM","end":{"x":-6.4,"y":-18},"expanded":696650,"newVias":2,"reusedBootstrapLayer":"bottom","length":21.5220947265625}
{"name":"source_trace_2","package":"U_RAM","end":{"x":-7.199999999999999,"y":-18},"expanded":202577,"newVias":1,"reusedBootstrapLayer":"top","length":7.26773738861084}
{"name":"source_trace_26","package":"U_RAM","end":{"x":-8,"y":-18},"expanded":762491,"newVias":1,"reusedBootstrapLayer":"top","length":24.594886779785156}
{"name":"source_trace_29","package":"U_RAM","end":{"x":-8.8,"y":-18},"expanded":238760,"newVias":0,"reusedBootstrapLayer":"bottom","length":23.093463897705078}
{"name":"source_trace_28","package":"U_RAM","end":{"x":-11.2,"y":-18},"expanded":522123,"newVias":1,"reusedBootstrapLayer":"top","length":23.744632720947266}
{"name":"source_trace_27","package":"U_RAM","end":{"x":-10.879999999999999,"y":-18},"expanded":893458,"newVias":2,"reusedBootstrapLayer":"bottom","length":34.920570373535156}
{"name":"source_trace_1","package":"U_RAM","end":{"x":-12,"y":-18},"expanded":1153037,"newVias":2,"reusedBootstrapLayer":"bottom","length":41.79100799560547}
{"name":"source_trace_11","package":"U_RAM","end":{"x":-12.8,"y":-18},"expanded":1384245,"newVias":2,"reusedBootstrapLayer":"bottom","length":45.116004943847656}
{"name":"source_trace_28","package":"U_SOC","end":{"x":-11.2,"y":-10.5},"expanded":333741,"newVias":1,"reusedBootstrapLayer":"top","length":15.366905212402344}
{"name":"source_trace_27","package":"U_SOC","end":{"x":-10.879999999999999,"y":-10.5},"expanded":141477,"newVias":2,"reusedBootstrapLayer":"bottom","length":14.506315231323242}
{"name":"source_trace_1","package":"U_SOC","end":{"x":-4,"y":-10.5},"expanded":119234,"newVias":1,"reusedBootstrapLayer":"top","length":7.300000190734863}
{"package":"U_SOC","trial":0,"order":["source_trace_28","source_trace_27","source_trace_1","source_trace_2","source_trace_41","source_trace_13","source_trace_11","source_trace_12","source_trace_29","source_trace_26","source_trace_40"],"failedName":"source_trace_2"}
{"name":"source_trace_2","package":"U_SOC","end":{"x":-4,"y":-10.5},"expanded":162644,"newVias":1,"reusedBootstrapLayer":"top","length":6.225482940673828}
{"package":"U_SOC","trial":1,"order":["source_trace_2","source_trace_28","source_trace_27","source_trace_1","source_trace_41","source_trace_13","source_trace_11","source_trace_12","source_trace_29","source_trace_26","source_trace_40"],"failedName":"source_trace_28"}
{"name":"source_trace_28","package":"U_SOC","end":{"x":-11.2,"y":-10.5},"expanded":333741,"newVias":1,"reusedBootstrapLayer":"top","length":15.366905212402344}
{"name":"source_trace_2","package":"U_SOC","end":{"x":-4,"y":-10.5},"expanded":101627,"newVias":2,"reusedBootstrapLayer":"bottom","length":6.459798812866211}
{"name":"source_trace_27","package":"U_SOC","end":{"x":-10.879999999999999,"y":-10.5},"expanded":131821,"newVias":2,"reusedBootstrapLayer":"bottom","length":14.646903991699219}
{"name":"source_trace_1","package":"U_SOC","end":{"x":-4.799999999999999,"y":-10.5},"expanded":118016,"newVias":1,"reusedBootstrapLayer":"top","length":7.631370544433594}
{"name":"source_trace_41","package":"U_SOC","end":{"x":-6.4,"y":-10.5},"expanded":91317,"newVias":1,"reusedBootstrapLayer":"top","length":10.16690444946289}
{"name":"source_trace_13","package":"U_SOC","end":{"x":-5.6,"y":-10.5},"expanded":437619,"newVias":2,"reusedBootstrapLayer":"bottom","length":7.966072082519531}
{"name":"source_trace_11","package":"U_SOC","end":{"x":-12.8,"y":-10.5},"expanded":251923,"newVias":1,"reusedBootstrapLayer":"top","length":15.944448471069336}
{"package":"U_SOC","trial":2,"order":["source_trace_28","source_trace_2","source_trace_27","source_trace_1","source_trace_41","source_trace_13","source_trace_11","source_trace_12","source_trace_29","source_trace_26","source_trace_40"],"failedName":"source_trace_12"}
{"name":"source_trace_12","package":"U_SOC","end":{"x":-4,"y":-10.5},"expanded":49728,"newVias":0,"reusedBootstrapLayer":"bottom","length":8.200387001037598}
{"name":"source_trace_28","package":"U_SOC","end":{"x":-11.2,"y":-10.5},"expanded":326119,"newVias":1,"reusedBootstrapLayer":"top","length":15.366905212402344}
{"name":"source_trace_2","package":"U_SOC","end":{"x":-4.799999999999999,"y":-10.5},"expanded":102570,"newVias":2,"reusedBootstrapLayer":"bottom","length":7.20121955871582}
{"package":"U_SOC","trial":3,"order":["source_trace_12","source_trace_28","source_trace_2","source_trace_27","source_trace_1","source_trace_41","source_trace_13","source_trace_11","source_trace_29","source_trace_26","source_trace_40"],"failedName":"source_trace_27"}
{"name":"source_trace_27","package":"U_SOC","end":{"x":-10.879999999999999,"y":-10.5},"expanded":272327,"newVias":2,"reusedBootstrapLayer":"bottom","length":14.506315231323242}
{"name":"source_trace_12","package":"U_SOC","end":{"x":-4,"y":-10.5},"expanded":29296,"newVias":0,"reusedBootstrapLayer":"bottom","length":8.200387001037598}
{"name":"source_trace_28","package":"U_SOC","end":{"x":-11.2,"y":-10.5},"expanded":256884,"newVias":1,"reusedBootstrapLayer":"top","length":15.460630416870117}
{"package":"U_SOC","trial":4,"order":["source_trace_27","source_trace_12","source_trace_28","source_trace_2","source_trace_1","source_trace_41","source_trace_13","source_trace_11","source_trace_29","source_trace_26","source_trace_40"],"failedName":"source_trace_2"}
{"name":"source_trace_2","package":"U_SOC","end":{"x":-4,"y":-10.5},"expanded":162644,"newVias":1,"reusedBootstrapLayer":"top","length":6.225482940673828}
{"package":"U_SOC","trial":5,"order":["source_trace_2","source_trace_27","source_trace_12","source_trace_28","source_trace_1","source_trace_41","source_trace_13","source_trace_11","source_trace_29","source_trace_26","source_trace_40"],"failedName":"source_trace_27"}
{"name":"source_trace_27","package":"U_SOC","end":{"x":-10.879999999999999,"y":-10.5},"expanded":272327,"newVias":2,"reusedBootstrapLayer":"bottom","length":14.506315231323242}
{"name":"source_trace_2","package":"U_SOC","end":{"x":-4,"y":-10.5},"expanded":106558,"newVias":1,"reusedBootstrapLayer":"top","length":6.953523635864258}
{"name":"source_trace_12","package":"U_SOC","end":{"x":-4.799999999999999,"y":-10.5},"expanded":30859,"newVias":0,"reusedBootstrapLayer":"bottom","length":8.531757354736328}
{"package":"U_SOC","trial":6,"order":["source_trace_27","source_trace_2","source_trace_12","source_trace_28","source_trace_1","source_trace_41","source_trace_13","source_trace_11","source_trace_29","source_trace_26","source_trace_40"],"failedName":"source_trace_28"}
{"name":"source_trace_28","package":"U_SOC","end":{"x":-11.2,"y":-10.5},"expanded":333741,"newVias":1,"reusedBootstrapLayer":"top","length":15.366905212402344}
{"name":"source_trace_27","package":"U_SOC","end":{"x":-10.879999999999999,"y":-10.5},"expanded":141477,"newVias":2,"reusedBootstrapLayer":"bottom","length":14.506315231323242}
{"package":"U_SOC","trial":7,"order":["source_trace_28","source_trace_27","source_trace_2","source_trace_12","source_trace_1","source_trace_41","source_trace_13","source_trace_11","source_trace_29","source_trace_26","source_trace_40"],"failedName":"source_trace_2"}
{"name":"source_trace_2","package":"U_SOC","end":{"x":-4,"y":-10.5},"expanded":162644,"newVias":1,"reusedBootstrapLayer":"top","length":6.225482940673828}
{"package":"U_SOC","trial":8,"order":["source_trace_2","source_trace_28","source_trace_27","source_trace_12","source_trace_1","source_trace_41","source_trace_13","source_trace_11","source_trace_29","source_trace_26","source_trace_40"],"failedName":"source_trace_28"}
{"name":"source_trace_28","package":"U_SOC","end":{"x":-11.2,"y":-10.5},"expanded":333741,"newVias":1,"reusedBootstrapLayer":"top","length":15.366905212402344}
{"name":"source_trace_2","package":"U_SOC","end":{"x":-4,"y":-10.5},"expanded":101627,"newVias":2,"reusedBootstrapLayer":"bottom","length":6.459798812866211}
{"name":"source_trace_27","package":"U_SOC","end":{"x":-10.879999999999999,"y":-10.5},"expanded":131821,"newVias":2,"reusedBootstrapLayer":"bottom","length":14.646903991699219}
{"name":"source_trace_12","package":"U_SOC","end":{"x":-4.799999999999999,"y":-10.5},"expanded":29495,"newVias":0,"reusedBootstrapLayer":"bottom","length":8.531757354736328}
{"name":"source_trace_1","package":"U_SOC","end":{"x":-6.4,"y":-10.5},"expanded":134213,"newVias":1,"reusedBootstrapLayer":"top","length":8.633869171142578}
{"name":"source_trace_41","package":"U_SOC","end":{"x":-7.199999999999999,"y":-10.5},"expanded":91161,"newVias":1,"reusedBootstrapLayer":"top","length":10.96690559387207}
{"package":"U_SOC","trial":9,"order":["source_trace_28","source_trace_2","source_trace_27","source_trace_12","source_trace_1","source_trace_41","source_trace_13","source_trace_11","source_trace_29","source_trace_26","source_trace_40"],"failedName":"source_trace_13"}
{"name":"source_trace_13","package":"U_SOC","end":{"x":-5.6,"y":-10.5},"expanded":42600,"newVias":0,"reusedBootstrapLayer":"bottom","length":7.731757640838623}
{"name":"source_trace_28","package":"U_SOC","end":{"x":-11.2,"y":-10.5},"expanded":327740,"newVias":1,"reusedBootstrapLayer":"top","length":15.366905212402344}
{"name":"source_trace_2","package":"U_SOC","end":{"x":-4,"y":-10.5},"expanded":101627,"newVias":2,"reusedBootstrapLayer":"bottom","length":6.459798812866211}
{"name":"source_trace_27","package":"U_SOC","end":{"x":-10.879999999999999,"y":-10.5},"expanded":127271,"newVias":2,"reusedBootstrapLayer":"bottom","length":14.646903991699219}
{"name":"source_trace_12","package":"U_SOC","end":{"x":-12.8,"y":-10.5},"expanded":165284,"newVias":0,"reusedBootstrapLayer":"bottom","length":15.629646301269531}
{"name":"source_trace_1","package":"U_SOC","end":{"x":-4.799999999999999,"y":-10.5},"expanded":274374,"newVias":2,"reusedBootstrapLayer":"bottom","length":6.166904449462891}
{"name":"source_trace_41","package":"U_SOC","end":{"x":-6.4,"y":-10.5},"expanded":86299,"newVias":1,"reusedBootstrapLayer":"top","length":10.16690444946289}
{"package":"U_SOC","trial":10,"order":["source_trace_13","source_trace_28","source_trace_2","source_trace_27","source_trace_12","source_trace_1","source_trace_41","source_trace_11","source_trace_29","source_trace_26","source_trace_40"],"failedName":"source_trace_11"}
{"name":"source_trace_11","package":"U_SOC","end":{"x":-4,"y":-10.5},"expanded":169907,"newVias":1,"reusedBootstrapLayer":"top","length":7.976265907287598}
{"name":"source_trace_13","package":"U_SOC","end":{"x":-5.6,"y":-10.5},"expanded":16213,"newVias":0,"reusedBootstrapLayer":"bottom","length":7.731757640838623}
{"package":"U_SOC","trial":11,"order":["source_trace_11","source_trace_13","source_trace_28","source_trace_2","source_trace_27","source_trace_12","source_trace_1","source_trace_41","source_trace_29","source_trace_26","source_trace_40"],"failedName":"source_trace_28"}
