{"name":"source_trace_33","package":"U_RAM","end":{"x":-9,"y":-30.4},"expanded":236832,"newVias":1,"reusedBootstrapLayer":"bottom","length":12.07695484161377}
{"name":"source_trace_34","package":"U_RAM","end":{"x":-9,"y":-30.08},"expanded":149063,"newVias":1,"reusedBootstrapLayer":"bottom","length":11.613036155700684}
{"name":"source_trace_8","package":"U_RAM","end":{"x":-9,"y":-32.04},"expanded":97356,"newVias":1,"reusedBootstrapLayer":"bottom","length":7.231959342956543}
{"name":"source_trace_24","package":"U_RAM","end":{"x":-9,"y":-33.96},"expanded":98229,"newVias":0,"reusedBootstrapLayer":"top","length":9.491371154785156}
{"name":"source_trace_44","package":"U_RAM","end":{"x":-9,"y":-31.56},"expanded":179628,"newVias":1,"reusedBootstrapLayer":"bottom","length":12.031959533691406}
{"name":"source_trace_37","package":"U_RAM","end":{"x":-9,"y":-34.44},"expanded":78834,"newVias":0,"reusedBootstrapLayer":"top","length":12.093523979187012}
{"name":"source_trace_20","package":"U_RAM","end":{"x":-9,"y":-31.08},"expanded":48198,"newVias":1,"reusedBootstrapLayer":"bottom","length":8.495879173278809}
{"name":"source_trace_45","package":"U_RAM","end":{"x":-9,"y":-33.48},"expanded":158151,"newVias":1,"reusedBootstrapLayer":"bottom","length":12.495879173278809}
{"name":"source_trace_9","package":"U_RAM","end":{"x":-9,"y":-33},"expanded":87935,"newVias":2,"reusedBootstrapLayer":"top","length":8.297056198120117}
{"name":"source_trace_38","package":"U_RAM","end":{"x":-9,"y":-34.92},"expanded":52176,"newVias":0,"reusedBootstrapLayer":"top","length":11.960975646972656}
{"name":"source_trace_19","package":"U_RAM","end":{"x":-9,"y":-26.759999999999998},"expanded":162058,"newVias":2,"reusedBootstrapLayer":"top","length":9.830781936645508}
{"name":"source_trace_0","package":"U_RAM","end":{"x":-9,"y":-29.64},"expanded":11756,"newVias":0,"reusedBootstrapLayer":"top","length":6.713624954223633}
{"package":"U_RAM","trial":0,"order":["source_trace_33","source_trace_34","source_trace_8","source_trace_24","source_trace_44","source_trace_37","source_trace_20","source_trace_45","source_trace_9","source_trace_38","source_trace_19","source_trace_0","source_trace_5","source_trace_21","source_trace_7","source_trace_36","source_trace_22","source_trace_48","source_trace_25","source_trace_6","source_trace_47","source_trace_23","source_trace_35","source_trace_18","source_trace_39","source_trace_46"],"failedName":"source_trace_5"}
{"name":"source_trace_5","package":"U_RAM","end":{"x":-9,"y":-29.64},"expanded":12235,"newVias":0,"reusedBootstrapLayer":"top","length":7.099411487579346}
{"name":"source_trace_33","package":"U_RAM","end":{"x":-9,"y":-30.4},"expanded":231353,"newVias":1,"reusedBootstrapLayer":"bottom","length":12.07695484161377}
{"name":"source_trace_34","package":"U_RAM","end":{"x":-9,"y":-30.08},"expanded":201230,"newVias":1,"reusedBootstrapLayer":"bottom","length":12.110092163085938}
{"name":"source_trace_8","package":"U_RAM","end":{"x":-9,"y":-32.04},"expanded":90586,"newVias":1,"reusedBootstrapLayer":"bottom","length":7.231959342956543}
{"name":"source_trace_24","package":"U_RAM","end":{"x":-9,"y":-33.96},"expanded":94864,"newVias":0,"reusedBootstrapLayer":"top","length":9.491371154785156}
{"name":"source_trace_44","package":"U_RAM","end":{"x":-9,"y":-31.56},"expanded":172860,"newVias":1,"reusedBootstrapLayer":"bottom","length":12.031959533691406}
{"name":"source_trace_37","package":"U_RAM","end":{"x":-9,"y":-34.44},"expanded":78204,"newVias":0,"reusedBootstrapLayer":"top","length":12.093523979187012}
{"name":"source_trace_20","package":"U_RAM","end":{"x":-9,"y":-31.08},"expanded":31170,"newVias":1,"reusedBootstrapLayer":"bottom","length":8.495879173278809}
{"name":"source_trace_45","package":"U_RAM","end":{"x":-9,"y":-33.48},"expanded":157219,"newVias":1,"reusedBootstrapLayer":"bottom","length":12.495879173278809}
{"name":"source_trace_9","package":"U_RAM","end":{"x":-9,"y":-33},"expanded":87935,"newVias":2,"reusedBootstrapLayer":"top","length":8.297056198120117}
{"name":"source_trace_38","package":"U_RAM","end":{"x":-9,"y":-34.92},"expanded":52176,"newVias":0,"reusedBootstrapLayer":"top","length":11.960975646972656}
{"name":"source_trace_19","package":"U_RAM","end":{"x":-9,"y":-26.759999999999998},"expanded":152196,"newVias":2,"reusedBootstrapLayer":"top","length":9.830781936645508}
{"name":"source_trace_0","package":"U_RAM","end":{"x":-9,"y":-23.88},"expanded":22594,"newVias":0,"reusedBootstrapLayer":"top","length":8.155088424682617}
{"name":"source_trace_21","package":"U_RAM","end":{"x":-9,"y":-20.52},"expanded":381431,"newVias":0,"reusedBootstrapLayer":"top","length":17.955289840698242}
{"name":"source_trace_7","package":"U_RAM","end":{"x":-9,"y":-23.4},"expanded":511424,"newVias":1,"reusedBootstrapLayer":"bottom","length":19.768123626708984}
{"name":"source_trace_36","package":"U_RAM","end":{"x":-9,"y":-35.4},"expanded":416313,"newVias":1,"reusedBootstrapLayer":"bottom","length":16.397443771362305}
{"name":"source_trace_22","package":"U_RAM","end":{"x":-9,"y":-20.04},"expanded":257057,"newVias":0,"reusedBootstrapLayer":"top","length":19.32381820678711}
{"name":"source_trace_48","package":"U_RAM","end":{"x":-9,"y":-22.919999999999998},"expanded":285441,"newVias":1,"reusedBootstrapLayer":"bottom","length":15.468225479125977}
{"package":"U_RAM","trial":1,"order":["source_trace_5","source_trace_33","source_trace_34","source_trace_8","source_trace_24","source_trace_44","source_trace_37","source_trace_20","source_trace_45","source_trace_9","source_trace_38","source_trace_19","source_trace_0","source_trace_21","source_trace_7","source_trace_36","source_trace_22","source_trace_48","source_trace_25","source_trace_6","source_trace_47","source_trace_23","source_trace_35","source_trace_18","source_trace_39","source_trace_46"],"failedName":"source_trace_25"}
{"name":"source_trace_25","package":"U_RAM","end":{"x":-9,"y":-33.96},"expanded":15129,"newVias":0,"reusedBootstrapLayer":"top","length":8.031959533691406}
{"name":"source_trace_5","package":"U_RAM","end":{"x":-9,"y":-29.64},"expanded":12235,"newVias":0,"reusedBootstrapLayer":"top","length":7.099411487579346}
{"name":"source_trace_33","package":"U_RAM","end":{"x":-9,"y":-30.4},"expanded":231353,"newVias":1,"reusedBootstrapLayer":"bottom","length":12.07695484161377}
{"name":"source_trace_34","package":"U_RAM","end":{"x":-9,"y":-30.08},"expanded":201230,"newVias":1,"reusedBootstrapLayer":"bottom","length":12.110092163085938}
{"name":"source_trace_8","package":"U_RAM","end":{"x":-9,"y":-32.04},"expanded":90577,"newVias":1,"reusedBootstrapLayer":"bottom","length":7.231959342956543}
{"name":"source_trace_24","package":"U_RAM","end":{"x":-9,"y":-34.44},"expanded":105551,"newVias":0,"reusedBootstrapLayer":"top","length":9.690193176269531}
{"name":"source_trace_44","package":"U_RAM","end":{"x":-9,"y":-31.56},"expanded":172823,"newVias":1,"reusedBootstrapLayer":"bottom","length":12.031959533691406}
{"name":"source_trace_37","package":"U_RAM","end":{"x":-9,"y":-34.92},"expanded":97488,"newVias":0,"reusedBootstrapLayer":"top","length":12.292346000671387}
{"name":"source_trace_20","package":"U_RAM","end":{"x":-9,"y":-31.08},"expanded":31170,"newVias":1,"reusedBootstrapLayer":"bottom","length":8.495879173278809}
{"name":"source_trace_45","package":"U_RAM","end":{"x":-9,"y":-33.48},"expanded":157059,"newVias":1,"reusedBootstrapLayer":"bottom","length":12.495879173278809}
{"name":"source_trace_9","package":"U_RAM","end":{"x":-9,"y":-20.52},"expanded":222545,"newVias":1,"reusedBootstrapLayer":"bottom","length":20.82391929626465}
{"name":"source_trace_38","package":"U_RAM","end":{"x":-9,"y":-35.4},"expanded":87989,"newVias":0,"reusedBootstrapLayer":"top","length":12.159797668457031}
{"name":"source_trace_19","package":"U_RAM","end":{"x":-9,"y":-26.759999999999998},"expanded":301446,"newVias":1,"reusedBootstrapLayer":"bottom","length":15.949604034423828}
{"name":"source_trace_0","package":"U_RAM","end":{"x":-9,"y":-23.88},"expanded":22594,"newVias":0,"reusedBootstrapLayer":"top","length":8.155088424682617}
{"name":"source_trace_21","package":"U_RAM","end":{"x":-9,"y":-33},"expanded":522967,"newVias":1,"reusedBootstrapLayer":"bottom","length":19.266071319580078}
{"name":"source_trace_7","package":"U_RAM","end":{"x":-9,"y":-20.04},"expanded":249719,"newVias":1,"reusedBootstrapLayer":"bottom","length":20.458721160888672}
{"name":"source_trace_36","package":"U_RAM","end":{"x":-9,"y":-23.4},"expanded":317052,"newVias":2,"reusedBootstrapLayer":"top","length":15.90538215637207}
{"package":"U_RAM","trial":2,"order":["source_trace_25","source_trace_5","source_trace_33","source_trace_34","source_trace_8","source_trace_24","source_trace_44","source_trace_37","source_trace_20","source_trace_45","source_trace_9","source_trace_38","source_trace_19","source_trace_0","source_trace_21","source_trace_7","source_trace_36","source_trace_22","source_trace_48","source_trace_6","source_trace_47","source_trace_23","source_trace_35","source_trace_18","source_trace_39","source_trace_46"],"failedName":"source_trace_22"}
{"name":"source_trace_22","package":"U_RAM","end":{"x":-9,"y":-31.56},"expanded":125300,"newVias":1,"reusedBootstrapLayer":"bottom","length":8.031959533691406}
{"name":"source_trace_25","package":"U_RAM","end":{"x":-9,"y":-33.96},"expanded":15129,"newVias":0,"reusedBootstrapLayer":"top","length":8.031959533691406}
{"name":"source_trace_5","package":"U_RAM","end":{"x":-9,"y":-29.64},"expanded":12235,"newVias":0,"reusedBootstrapLayer":"top","length":7.099411487579346}
{"name":"source_trace_33","package":"U_RAM","end":{"x":-9,"y":-30.4},"expanded":219380,"newVias":1,"reusedBootstrapLayer":"bottom","length":12.07695484161377}
{"name":"source_trace_34","package":"U_RAM","end":{"x":-9,"y":-30.08},"expanded":188778,"newVias":1,"reusedBootstrapLayer":"bottom","length":12.110092163085938}
{"name":"source_trace_8","package":"U_RAM","end":{"x":-9,"y":-32.04},"expanded":65227,"newVias":1,"reusedBootstrapLayer":"bottom","length":7.231959342956543}
{"name":"source_trace_24","package":"U_RAM","end":{"x":-9,"y":-34.44},"expanded":86124,"newVias":0,"reusedBootstrapLayer":"top","length":9.690193176269531}
{"name":"source_trace_44","package":"U_RAM","end":{"x":-9,"y":-31.08},"expanded":180751,"newVias":1,"reusedBootstrapLayer":"bottom","length":12.247350692749023}
{"name":"source_trace_37","package":"U_RAM","end":{"x":-9,"y":-34.92},"expanded":101485,"newVias":0,"reusedBootstrapLayer":"top","length":12.292346000671387}
{"name":"source_trace_20","package":"U_RAM","end":{"x":-9,"y":-26.759999999999998},"expanded":250576,"newVias":2,"reusedBootstrapLayer":"top","length":10.630782127380371}
{"name":"source_trace_45","package":"U_RAM","end":{"x":-9,"y":-33.48},"expanded":154256,"newVias":1,"reusedBootstrapLayer":"bottom","length":12.495879173278809}
{"name":"source_trace_9","package":"U_RAM","end":{"x":-9,"y":-33},"expanded":297618,"newVias":1,"reusedBootstrapLayer":"bottom","length":19.597442626953125}
{"name":"source_trace_38","package":"U_RAM","end":{"x":-9,"y":-35.4},"expanded":29015,"newVias":0,"reusedBootstrapLayer":"top","length":12.159797668457031}
{"name":"source_trace_19","package":"U_RAM","end":{"x":-9,"y":-20.52},"expanded":268008,"newVias":1,"reusedBootstrapLayer":"bottom","length":16.5896053314209}
{"name":"source_trace_0","package":"U_RAM","end":{"x":-9,"y":-23.88},"expanded":22594,"newVias":0,"reusedBootstrapLayer":"top","length":8.155088424682617}
{"name":"source_trace_21","package":"U_RAM","end":{"x":-9,"y":-23.4},"expanded":363209,"newVias":2,"reusedBootstrapLayer":"top","length":14.621707916259766}
{"package":"U_RAM","trial":3,"order":["source_trace_22","source_trace_25","source_trace_5","source_trace_33","source_trace_34","source_trace_8","source_trace_24","source_trace_44","source_trace_37","source_trace_20","source_trace_45","source_trace_9","source_trace_38","source_trace_19","source_trace_0","source_trace_21","source_trace_7","source_trace_36","source_trace_48","source_trace_6","source_trace_47","source_trace_23","source_trace_35","source_trace_18","source_trace_39","source_trace_46"],"failedName":"source_trace_7"}
{"name":"source_trace_7","package":"U_RAM","end":{"x":-9,"y":-31.56},"expanded":106465,"newVias":1,"reusedBootstrapLayer":"bottom","length":7.231959342956543}
{"name":"source_trace_22","package":"U_RAM","end":{"x":-9,"y":-31.08},"expanded":134498,"newVias":1,"reusedBootstrapLayer":"bottom","length":8.247350692749023}
{"name":"source_trace_25","package":"U_RAM","end":{"x":-9,"y":-33.96},"expanded":15129,"newVias":0,"reusedBootstrapLayer":"top","length":8.031959533691406}
{"name":"source_trace_5","package":"U_RAM","end":{"x":-9,"y":-29.64},"expanded":12235,"newVias":0,"reusedBootstrapLayer":"top","length":7.099411487579346}
{"name":"source_trace_33","package":"U_RAM","end":{"x":-9,"y":-30.4},"expanded":215617,"newVias":1,"reusedBootstrapLayer":"bottom","length":12.07695484161377}
{"name":"source_trace_34","package":"U_RAM","end":{"x":-9,"y":-30.08},"expanded":178543,"newVias":1,"reusedBootstrapLayer":"bottom","length":12.110092163085938}
{"name":"source_trace_8","package":"U_RAM","end":{"x":-9,"y":-32.04},"expanded":65663,"newVias":1,"reusedBootstrapLayer":"bottom","length":7.231959342956543}
{"name":"source_trace_24","package":"U_RAM","end":{"x":-9,"y":-34.44},"expanded":86165,"newVias":0,"reusedBootstrapLayer":"top","length":9.690193176269531}
{"name":"source_trace_44","package":"U_RAM","end":{"x":-9,"y":-33.48},"expanded":233524,"newVias":1,"reusedBootstrapLayer":"bottom","length":12.827249526977539}
{"name":"source_trace_37","package":"U_RAM","end":{"x":-9,"y":-34.92},"expanded":83949,"newVias":0,"reusedBootstrapLayer":"top","length":12.292346000671387}
{"name":"source_trace_20","package":"U_RAM","end":{"x":-9,"y":-26.759999999999998},"expanded":209809,"newVias":2,"reusedBootstrapLayer":"top","length":10.630782127380371}
{"name":"source_trace_45","package":"U_RAM","end":{"x":-9,"y":-33},"expanded":163984,"newVias":1,"reusedBootstrapLayer":"bottom","length":12.959797859191895}
{"name":"source_trace_9","package":"U_RAM","end":{"x":-9,"y":-23.88},"expanded":437838,"newVias":1,"reusedBootstrapLayer":"bottom","length":20.33748435974121}
{"name":"source_trace_38","package":"U_RAM","end":{"x":-9,"y":-35.4},"expanded":64829,"newVias":0,"reusedBootstrapLayer":"top","length":12.159797668457031}
{"name":"source_trace_19","package":"U_RAM","end":{"x":-9,"y":-20.52},"expanded":139655,"newVias":1,"reusedBootstrapLayer":"bottom","length":16.5896053314209}
{"name":"source_trace_0","package":"U_RAM","end":{"x":-9,"y":-23.4},"expanded":31906,"newVias":0,"reusedBootstrapLayer":"top","length":8.59994125366211}
{"name":"source_trace_21","package":"U_RAM","end":{"x":-9,"y":-20.04},"expanded":280392,"newVias":0,"reusedBootstrapLayer":"top","length":18.672935485839844}
{"name":"source_trace_36","package":"U_RAM","end":{"x":-9,"y":-19.56},"expanded":769048,"newVias":0,"reusedBootstrapLayer":"top","length":20.190580368041992}
{"name":"source_trace_48","package":"U_RAM","end":{"x":-9,"y":-22.919999999999998},"expanded":275367,"newVias":1,"reusedBootstrapLayer":"bottom","length":15.468225479125977}
{"name":"source_trace_6","package":"U_RAM","end":{"x":-9,"y":-19.08},"expanded":197542,"newVias":1,"reusedBootstrapLayer":"bottom","length":22.10655975341797}
{"name":"source_trace_47","package":"U_RAM","end":{"x":-9,"y":-22.439999999999998},"expanded":1472692,"newVias":1,"reusedBootstrapLayer":"bottom","length":21.598419189453125}
{"name":"source_trace_23","package":"U_RAM","end":{"x":-9,"y":-18.599999999999998},"expanded":352974,"newVias":2,"reusedBootstrapLayer":"top","length":28.072734832763672}
{"name":"source_trace_35","package":"U_RAM","end":{"x":-9,"y":-21.959999999999997},"expanded":168414,"newVias":2,"reusedBootstrapLayer":"top","length":15.815677642822266}
{"package":"U_RAM","trial":4,"order":["source_trace_7","source_trace_22","source_trace_25","source_trace_5","source_trace_33","source_trace_34","source_trace_8","source_trace_24","source_trace_44","source_trace_37","source_trace_20","source_trace_45","source_trace_9","source_trace_38","source_trace_19","source_trace_0","source_trace_21","source_trace_36","source_trace_48","source_trace_6","source_trace_47","source_trace_23","source_trace_35","source_trace_18","source_trace_39","source_trace_46"],"failedName":"source_trace_18"}
{"name":"source_trace_18","package":"U_RAM","end":{"x":-9,"y":-26.759999999999998},"expanded":132275,"newVias":1,"reusedBootstrapLayer":"bottom","length":8.230782508850098}
{"name":"source_trace_7","package":"U_RAM","end":{"x":-9,"y":-31.56},"expanded":95930,"newVias":1,"reusedBootstrapLayer":"bottom","length":7.231959342956543}
{"name":"source_trace_22","package":"U_RAM","end":{"x":-9,"y":-31.08},"expanded":119117,"newVias":1,"reusedBootstrapLayer":"bottom","length":8.247350692749023}
{"name":"source_trace_25","package":"U_RAM","end":{"x":-9,"y":-33.96},"expanded":15129,"newVias":0,"reusedBootstrapLayer":"top","length":8.031959533691406}
{"name":"source_trace_5","package":"U_RAM","end":{"x":-9,"y":-29.64},"expanded":12235,"newVias":0,"reusedBootstrapLayer":"top","length":7.099411487579346}
{"name":"source_trace_33","package":"U_RAM","end":{"x":-9,"y":-30.4},"expanded":198364,"newVias":1,"reusedBootstrapLayer":"bottom","length":12.07695484161377}
{"name":"source_trace_34","package":"U_RAM","end":{"x":-9,"y":-30.08},"expanded":159420,"newVias":1,"reusedBootstrapLayer":"bottom","length":12.110092163085938}
{"name":"source_trace_8","package":"U_RAM","end":{"x":-9,"y":-32.04},"expanded":65663,"newVias":1,"reusedBootstrapLayer":"bottom","length":7.231959342956543}
{"name":"source_trace_24","package":"U_RAM","end":{"x":-9,"y":-34.44},"expanded":86165,"newVias":0,"reusedBootstrapLayer":"top","length":9.690193176269531}
{"name":"source_trace_44","package":"U_RAM","end":{"x":-9,"y":-33.48},"expanded":225955,"newVias":1,"reusedBootstrapLayer":"bottom","length":12.827249526977539}
{"name":"source_trace_37","package":"U_RAM","end":{"x":-9,"y":-34.92},"expanded":83949,"newVias":0,"reusedBootstrapLayer":"top","length":12.292346000671387}
{"name":"source_trace_20","package":"U_RAM","end":{"x":-9,"y":-23.88},"expanded":278084,"newVias":2,"reusedBootstrapLayer":"top","length":12.01116943359375}
{"name":"source_trace_45","package":"U_RAM","end":{"x":-9,"y":-33},"expanded":163984,"newVias":1,"reusedBootstrapLayer":"bottom","length":12.959797859191895}
{"name":"source_trace_9","package":"U_RAM","end":{"x":-9,"y":-23.4},"expanded":417155,"newVias":1,"reusedBootstrapLayer":"bottom","length":20.53630828857422}
{"name":"source_trace_38","package":"U_RAM","end":{"x":-9,"y":-35.4},"expanded":64829,"newVias":0,"reusedBootstrapLayer":"top","length":12.159797668457031}
{"name":"source_trace_19","package":"U_RAM","end":{"x":-9,"y":-20.52},"expanded":122557,"newVias":1,"reusedBootstrapLayer":"bottom","length":16.5896053314209}
{"name":"source_trace_0","package":"U_RAM","end":{"x":-9,"y":-22.919999999999998},"expanded":29678,"newVias":0,"reusedBootstrapLayer":"top","length":8.798763275146484}
{"name":"source_trace_21","package":"U_RAM","end":{"x":-9,"y":-20.04},"expanded":252974,"newVias":0,"reusedBootstrapLayer":"top","length":18.672935485839844}
{"name":"source_trace_36","package":"U_RAM","end":{"x":-9,"y":-19.56},"expanded":699652,"newVias":0,"reusedBootstrapLayer":"top","length":20.190580368041992}
{"name":"source_trace_48","package":"U_RAM","end":{"x":-9,"y":-22.439999999999998},"expanded":269992,"newVias":1,"reusedBootstrapLayer":"bottom","length":15.667047500610352}
{"name":"source_trace_6","package":"U_RAM","end":{"x":-9,"y":-19.08},"expanded":178918,"newVias":1,"reusedBootstrapLayer":"bottom","length":22.10655975341797}
{"name":"source_trace_47","package":"U_RAM","end":{"x":-9,"y":-21.959999999999997},"expanded":1489942,"newVias":1,"reusedBootstrapLayer":"bottom","length":21.7972412109375}
{"name":"source_trace_23","package":"U_RAM","end":{"x":-9,"y":-18.599999999999998},"expanded":352278,"newVias":2,"reusedBootstrapLayer":"top","length":28.072734832763672}
{"name":"source_trace_35","package":"U_RAM","end":{"x":-9,"y":-21.479999999999997},"expanded":178532,"newVias":2,"reusedBootstrapLayer":"top","length":16.553422927856445}
{"name":"source_trace_39","package":"U_RAM","end":{"x":-9,"y":-20.999999999999996},"expanded":1615108,"newVias":1,"reusedBootstrapLayer":"bottom","length":24.867534637451172}
{"name":"source_trace_46","package":"U_RAM","end":{"x":-9,"y":-18.119999999999997},"expanded":1011716,"newVias":1,"reusedBootstrapLayer":"bottom","length":30.978458404541016}
{"name":"source_trace_34","package":"U_SOC","end":{"x":-15,"y":-4.08},"expanded":126942,"newVias":0,"reusedBootstrapLayer":"top","length":12.128326416015625}
{"name":"source_trace_33","package":"U_SOC","end":{"x":-15,"y":-4.3999999999999995},"expanded":137533,"newVias":1,"reusedBootstrapLayer":"bottom","length":11.028427124023438}
{"name":"source_trace_8","package":"U_SOC","end":{"x":-15,"y":-6.04},"expanded":116914,"newVias":1,"reusedBootstrapLayer":"bottom","length":9.080488204956055}
{"name":"source_trace_24","package":"U_SOC","end":{"x":-15,"y":-8.44},"expanded":96268,"newVias":1,"reusedBootstrapLayer":"bottom","length":9.91362476348877}
{"name":"source_trace_44","package":"U_SOC","end":{"x":-15,"y":-7.48},"expanded":196448,"newVias":1,"reusedBootstrapLayer":"bottom","length":11.44735050201416}
{"name":"source_trace_37","package":"U_SOC","end":{"x":-15,"y":-8.92},"expanded":75806,"newVias":0,"reusedBootstrapLayer":"top","length":14.912446975708008}
{"name":"source_trace_20","package":"U_SOC","end":{"x":-15,"y":2.120000000000001},"expanded":38647,"newVias":0,"reusedBootstrapLayer":"top","length":12.937484741210938}
{"package":"U_SOC","trial":0,"order":["source_trace_34","source_trace_33","source_trace_8","source_trace_24","source_trace_44","source_trace_37","source_trace_20","source_trace_45","source_trace_9","source_trace_38","source_trace_19","source_trace_0","source_trace_5","source_trace_21","source_trace_7","source_trace_36","source_trace_22","source_trace_48","source_trace_25","source_trace_6","source_trace_47","source_trace_23","source_trace_35","source_trace_18","source_trace_39","source_trace_46"],"failedName":"source_trace_45"}
{"name":"source_trace_45","package":"U_SOC","end":{"x":-15,"y":-7},"expanded":98409,"newVias":1,"reusedBootstrapLayer":"bottom","length":9.648528099060059}
{"name":"source_trace_34","package":"U_SOC","end":{"x":-15,"y":-4.08},"expanded":114746,"newVias":0,"reusedBootstrapLayer":"top","length":12.128326416015625}
{"name":"source_trace_33","package":"U_SOC","end":{"x":-15,"y":-4.3999999999999995},"expanded":127013,"newVias":1,"reusedBootstrapLayer":"bottom","length":11.028427124023438}
{"name":"source_trace_8","package":"U_SOC","end":{"x":-15,"y":-6.04},"expanded":91189,"newVias":1,"reusedBootstrapLayer":"bottom","length":9.080488204956055}
{"name":"source_trace_24","package":"U_SOC","end":{"x":-15,"y":-8.44},"expanded":82285,"newVias":1,"reusedBootstrapLayer":"bottom","length":9.91362476348877}
{"name":"source_trace_44","package":"U_SOC","end":{"x":-15,"y":-7.48},"expanded":255074,"newVias":1,"reusedBootstrapLayer":"bottom","length":12.060386657714844}
{"name":"source_trace_37","package":"U_SOC","end":{"x":-15,"y":-8.92},"expanded":68490,"newVias":0,"reusedBootstrapLayer":"top","length":14.912446975708008}
{"name":"source_trace_20","package":"U_SOC","end":{"x":-15,"y":2.120000000000001},"expanded":38493,"newVias":0,"reusedBootstrapLayer":"top","length":12.937484741210938}
{"name":"source_trace_9","package":"U_SOC","end":{"x":-15,"y":2.5999999999999996},"expanded":239523,"newVias":1,"reusedBootstrapLayer":"bottom","length":14.962236404418945}
{"name":"source_trace_38","package":"U_SOC","end":{"x":-15,"y":-9.4},"expanded":110017,"newVias":1,"reusedBootstrapLayer":"bottom","length":13.370680809020996}
{"name":"source_trace_19","package":"U_SOC","end":{"x":-15,"y":5.48},"expanded":258792,"newVias":1,"reusedBootstrapLayer":"bottom","length":18.223800659179688}
{"name":"source_trace_0","package":"U_SOC","end":{"x":-15,"y":3.08},"expanded":275800,"newVias":1,"reusedBootstrapLayer":"bottom","length":18.369443893432617}
{"name":"source_trace_5","package":"U_SOC","end":{"x":-15,"y":-3.6399999999999997},"expanded":821335,"newVias":1,"reusedBootstrapLayer":"bottom","length":22.85243034362793}
{"name":"source_trace_21","package":"U_SOC","end":{"x":-15,"y":5.960000000000001},"expanded":94652,"newVias":0,"reusedBootstrapLayer":"top","length":16.50802230834961}
{"name":"source_trace_7","package":"U_SOC","end":{"x":-15,"y":-5.56},"expanded":102619,"newVias":1,"reusedBootstrapLayer":"bottom","length":13.944205284118652}
{"name":"source_trace_36","package":"U_SOC","end":{"x":-15,"y":6.440000000000001},"expanded":45931,"newVias":1,"reusedBootstrapLayer":"bottom","length":19.91703987121582}
{"package":"U_SOC","trial":1,"order":["source_trace_45","source_trace_34","source_trace_33","source_trace_8","source_trace_24","source_trace_44","source_trace_37","source_trace_20","source_trace_9","source_trace_38","source_trace_19","source_trace_0","source_trace_5","source_trace_21","source_trace_7","source_trace_36","source_trace_22","source_trace_48","source_trace_25","source_trace_6","source_trace_47","source_trace_23","source_trace_35","source_trace_18","source_trace_39","source_trace_46"],"failedName":"source_trace_22"}
{"name":"source_trace_22","package":"U_SOC","end":{"x":-15,"y":-5.08},"expanded":130269,"newVias":1,"reusedBootstrapLayer":"bottom","length":12.881665229797363}
{"name":"source_trace_45","package":"U_SOC","end":{"x":-15,"y":-7},"expanded":74739,"newVias":1,"reusedBootstrapLayer":"bottom","length":9.648528099060059}
{"name":"source_trace_34","package":"U_SOC","end":{"x":-15,"y":-4.08},"expanded":85297,"newVias":0,"reusedBootstrapLayer":"top","length":12.128326416015625}
{"name":"source_trace_33","package":"U_SOC","end":{"x":-15,"y":-4.3999999999999995},"expanded":221763,"newVias":1,"reusedBootstrapLayer":"bottom","length":13.311269760131836}
{"name":"source_trace_8","package":"U_SOC","end":{"x":-15,"y":-6.04},"expanded":226320,"newVias":2,"reusedBootstrapLayer":"top","length":9.581076622009277}
{"name":"source_trace_24","package":"U_SOC","end":{"x":-15,"y":-8.44},"expanded":77081,"newVias":1,"reusedBootstrapLayer":"bottom","length":9.960487365722656}
{"name":"source_trace_44","package":"U_SOC","end":{"x":-15,"y":-7.48},"expanded":205595,"newVias":1,"reusedBootstrapLayer":"bottom","length":11.994112968444824}
{"name":"source_trace_37","package":"U_SOC","end":{"x":-15,"y":-8.92},"expanded":55286,"newVias":0,"reusedBootstrapLayer":"top","length":14.912446975708008}
{"name":"source_trace_20","package":"U_SOC","end":{"x":-15,"y":2.120000000000001},"expanded":48618,"newVias":0,"reusedBootstrapLayer":"top","length":13.242094039916992}
{"name":"source_trace_9","package":"U_SOC","end":{"x":-15,"y":2.5999999999999996},"expanded":379201,"newVias":1,"reusedBootstrapLayer":"bottom","length":19.102825164794922}
{"name":"source_trace_38","package":"U_SOC","end":{"x":-15,"y":-9.4},"expanded":97424,"newVias":1,"reusedBootstrapLayer":"bottom","length":13.370680809020996}
{"name":"source_trace_19","package":"U_SOC","end":{"x":-15,"y":5.48},"expanded":288092,"newVias":1,"reusedBootstrapLayer":"bottom","length":20.57693862915039}
{"name":"source_trace_0","package":"U_SOC","end":{"x":-15,"y":3.08},"expanded":263060,"newVias":1,"reusedBootstrapLayer":"bottom","length":20.523414611816406}
{"package":"U_SOC","trial":2,"order":["source_trace_22","source_trace_45","source_trace_34","source_trace_33","source_trace_8","source_trace_24","source_trace_44","source_trace_37","source_trace_20","source_trace_9","source_trace_38","source_trace_19","source_trace_0","source_trace_5","source_trace_21","source_trace_7","source_trace_36","source_trace_48","source_trace_25","source_trace_6","source_trace_47","source_trace_23","source_trace_35","source_trace_18","source_trace_39","source_trace_46"],"failedName":"source_trace_5"}
{"name":"source_trace_5","package":"U_SOC","end":{"x":-15,"y":-3.6399999999999997},"expanded":219842,"newVias":1,"reusedBootstrapLayer":"bottom","length":15.343229293823242}
{"name":"source_trace_22","package":"U_SOC","end":{"x":-15,"y":-5.08},"expanded":87681,"newVias":1,"reusedBootstrapLayer":"bottom","length":12.881665229797363}
{"name":"source_trace_45","package":"U_SOC","end":{"x":-15,"y":-7},"expanded":66457,"newVias":1,"reusedBootstrapLayer":"bottom","length":9.648528099060059}
{"name":"source_trace_34","package":"U_SOC","end":{"x":-15,"y":-4.08},"expanded":146383,"newVias":0,"reusedBootstrapLayer":"top","length":13.323330879211426}
{"name":"source_trace_33","package":"U_SOC","end":{"x":-15,"y":-4.3999999999999995},"expanded":652769,"newVias":1,"reusedBootstrapLayer":"bottom","length":21.169504165649414}
{"package":"U_SOC","trial":3,"order":["source_trace_5","source_trace_22","source_trace_45","source_trace_34","source_trace_33","source_trace_8","source_trace_24","source_trace_44","source_trace_37","source_trace_20","source_trace_9","source_trace_38","source_trace_19","source_trace_0","source_trace_21","source_trace_7","source_trace_36","source_trace_48","source_trace_25","source_trace_6","source_trace_47","source_trace_23","source_trace_35","source_trace_18","source_trace_39","source_trace_46"],"failedName":"source_trace_8"}
{"name":"source_trace_8","package":"U_SOC","end":{"x":-15,"y":-6.04},"expanded":38963,"newVias":0,"reusedBootstrapLayer":"top","length":9.080488204956055}
{"name":"source_trace_5","package":"U_SOC","end":{"x":-15,"y":-3.6399999999999997},"expanded":219245,"newVias":1,"reusedBootstrapLayer":"bottom","length":15.343229293823242}
{"name":"source_trace_22","package":"U_SOC","end":{"x":-15,"y":-5.08},"expanded":87682,"newVias":1,"reusedBootstrapLayer":"bottom","length":12.881665229797363}
{"name":"source_trace_45","package":"U_SOC","end":{"x":-15,"y":-7},"expanded":66324,"newVias":1,"reusedBootstrapLayer":"bottom","length":9.648528099060059}
{"package":"U_SOC","trial":4,"order":["source_trace_8","source_trace_5","source_trace_22","source_trace_45","source_trace_34","source_trace_33","source_trace_24","source_trace_44","source_trace_37","source_trace_20","source_trace_9","source_trace_38","source_trace_19","source_trace_0","source_trace_21","source_trace_7","source_trace_36","source_trace_48","source_trace_25","source_trace_6","source_trace_47","source_trace_23","source_trace_35","source_trace_18","source_trace_39","source_trace_46"],"failedName":"source_trace_34"}
{"name":"source_trace_34","package":"U_SOC","end":{"x":-15,"y":-4.08},"expanded":126942,"newVias":0,"reusedBootstrapLayer":"top","length":12.128326416015625}
{"name":"source_trace_8","package":"U_SOC","end":{"x":-15,"y":-6.04},"expanded":147844,"newVias":1,"reusedBootstrapLayer":"bottom","length":9.080488204956055}
{"name":"source_trace_5","package":"U_SOC","end":{"x":-15,"y":-3.6399999999999997},"expanded":209641,"newVias":1,"reusedBootstrapLayer":"bottom","length":15.343229293823242}
{"name":"source_trace_22","package":"U_SOC","end":{"x":-15,"y":-5.08},"expanded":86443,"newVias":1,"reusedBootstrapLayer":"bottom","length":12.881665229797363}
{"name":"source_trace_45","package":"U_SOC","end":{"x":-15,"y":-7},"expanded":57396,"newVias":1,"reusedBootstrapLayer":"bottom","length":9.648528099060059}
{"name":"source_trace_33","package":"U_SOC","end":{"x":-15,"y":-4.3999999999999995},"expanded":444566,"newVias":1,"reusedBootstrapLayer":"bottom","length":21.169504165649414}
{"name":"source_trace_24","package":"U_SOC","end":{"x":-15,"y":-8.44},"expanded":82312,"newVias":1,"reusedBootstrapLayer":"bottom","length":9.91362476348877}
{"name":"source_trace_44","package":"U_SOC","end":{"x":-15,"y":-7.48},"expanded":224314,"newVias":1,"reusedBootstrapLayer":"bottom","length":12.060386657714844}
{"name":"source_trace_37","package":"U_SOC","end":{"x":-15,"y":-8.92},"expanded":65212,"newVias":0,"reusedBootstrapLayer":"top","length":14.912446975708008}
{"name":"source_trace_20","package":"U_SOC","end":{"x":-15,"y":2.120000000000001},"expanded":38493,"newVias":0,"reusedBootstrapLayer":"top","length":12.937484741210938}
{"package":"U_SOC","trial":5,"order":["source_trace_34","source_trace_8","source_trace_5","source_trace_22","source_trace_45","source_trace_33","source_trace_24","source_trace_44","source_trace_37","source_trace_20","source_trace_9","source_trace_38","source_trace_19","source_trace_0","source_trace_21","source_trace_7","source_trace_36","source_trace_48","source_trace_25","source_trace_6","source_trace_47","source_trace_23","source_trace_35","source_trace_18","source_trace_39","source_trace_46"],"failedName":"source_trace_9"}
{"name":"source_trace_9","package":"U_SOC","end":{"x":-15,"y":2.5999999999999996},"expanded":267101,"newVias":1,"reusedBootstrapLayer":"bottom","length":14.962236404418945}
{"name":"source_trace_34","package":"U_SOC","end":{"x":-15,"y":-4.08},"expanded":125482,"newVias":0,"reusedBootstrapLayer":"top","length":12.128326416015625}
{"name":"source_trace_8","package":"U_SOC","end":{"x":-15,"y":-6.04},"expanded":147844,"newVias":1,"reusedBootstrapLayer":"bottom","length":9.080488204956055}
{"name":"source_trace_5","package":"U_SOC","end":{"x":-15,"y":-3.6399999999999997},"expanded":215981,"newVias":1,"reusedBootstrapLayer":"bottom","length":15.563817977905273}
{"name":"source_trace_22","package":"U_SOC","end":{"x":-15,"y":-5.08},"expanded":135053,"newVias":1,"reusedBootstrapLayer":"bottom","length":15.339006423950195}
{"name":"source_trace_45","package":"U_SOC","end":{"x":-15,"y":-7},"expanded":83471,"newVias":1,"reusedBootstrapLayer":"bottom","length":9.648528099060059}
{"package":"U_SOC","trial":6,"order":["source_trace_9","source_trace_34","source_trace_8","source_trace_5","source_trace_22","source_trace_45","source_trace_33","source_trace_24","source_trace_44","source_trace_37","source_trace_20","source_trace_38","source_trace_19","source_trace_0","source_trace_21","source_trace_7","source_trace_36","source_trace_48","source_trace_25","source_trace_6","source_trace_47","source_trace_23","source_trace_35","source_trace_18","source_trace_39","source_trace_46"],"failedName":"source_trace_33"}
{"name":"source_trace_33","package":"U_SOC","end":{"x":-15,"y":-4.3999999999999995},"expanded":141611,"newVias":1,"reusedBootstrapLayer":"bottom","length":11.028427124023438}
{"name":"source_trace_9","package":"U_SOC","end":{"x":-15,"y":2.5999999999999996},"expanded":251848,"newVias":1,"reusedBootstrapLayer":"bottom","length":14.962236404418945}
{"name":"source_trace_34","package":"U_SOC","end":{"x":-15,"y":-4.08},"expanded":92039,"newVias":0,"reusedBootstrapLayer":"top","length":12.175189018249512}
{"name":"source_trace_8","package":"U_SOC","end":{"x":-15,"y":-6.04},"expanded":86026,"newVias":1,"reusedBootstrapLayer":"bottom","length":9.080488204956055}
{"name":"source_trace_5","package":"U_SOC","end":{"x":-15,"y":-3.6399999999999997},"expanded":181512,"newVias":1,"reusedBootstrapLayer":"bottom","length":15.563817977905273}
{"name":"source_trace_22","package":"U_SOC","end":{"x":-15,"y":-5.08},"expanded":131994,"newVias":1,"reusedBootstrapLayer":"bottom","length":15.339006423950195}
{"name":"source_trace_45","package":"U_SOC","end":{"x":-15,"y":-7},"expanded":58114,"newVias":1,"reusedBootstrapLayer":"bottom","length":9.648528099060059}
{"name":"source_trace_24","package":"U_SOC","end":{"x":-15,"y":-8.44},"expanded":85883,"newVias":1,"reusedBootstrapLayer":"bottom","length":9.91362476348877}
{"name":"source_trace_44","package":"U_SOC","end":{"x":-15,"y":-7.48},"expanded":240590,"newVias":1,"reusedBootstrapLayer":"bottom","length":12.060386657714844}
{"name":"source_trace_37","package":"U_SOC","end":{"x":-15,"y":-8.92},"expanded":70039,"newVias":0,"reusedBootstrapLayer":"top","length":14.912446975708008}
{"package":"U_SOC","trial":7,"order":["source_trace_33","source_trace_9","source_trace_34","source_trace_8","source_trace_5","source_trace_22","source_trace_45","source_trace_24","source_trace_44","source_trace_37","source_trace_20","source_trace_38","source_trace_19","source_trace_0","source_trace_21","source_trace_7","source_trace_36","source_trace_48","source_trace_25","source_trace_6","source_trace_47","source_trace_23","source_trace_35","source_trace_18","source_trace_39","source_trace_46"],"failedName":"source_trace_20"}
{"name":"source_trace_20","package":"U_SOC","end":{"x":-15,"y":2.120000000000001},"expanded":88879,"newVias":0,"reusedBootstrapLayer":"top","length":12.937484741210938}
{"name":"source_trace_33","package":"U_SOC","end":{"x":-15,"y":-4.3999999999999995},"expanded":137570,"newVias":1,"reusedBootstrapLayer":"bottom","length":11.028427124023438}
{"name":"source_trace_9","package":"U_SOC","end":{"x":-15,"y":2.5999999999999996},"expanded":251847,"newVias":1,"reusedBootstrapLayer":"bottom","length":14.962236404418945}
{"name":"source_trace_34","package":"U_SOC","end":{"x":-15,"y":-4.08},"expanded":104964,"newVias":0,"reusedBootstrapLayer":"top","length":12.538376808166504}
{"name":"source_trace_8","package":"U_SOC","end":{"x":-15,"y":-6.04},"expanded":103868,"newVias":1,"reusedBootstrapLayer":"bottom","length":9.080488204956055}
{"name":"source_trace_5","package":"U_SOC","end":{"x":-15,"y":-3.6399999999999997},"expanded":218166,"newVias":1,"reusedBootstrapLayer":"bottom","length":15.988914489746094}
{"name":"source_trace_22","package":"U_SOC","end":{"x":-15,"y":-5.08},"expanded":586499,"newVias":1,"reusedBootstrapLayer":"bottom","length":19.17116928100586}
{"package":"U_SOC","trial":8,"order":["source_trace_20","source_trace_33","source_trace_9","source_trace_34","source_trace_8","source_trace_5","source_trace_22","source_trace_45","source_trace_24","source_trace_44","source_trace_37","source_trace_38","source_trace_19","source_trace_0","source_trace_21","source_trace_7","source_trace_36","source_trace_48","source_trace_25","source_trace_6","source_trace_47","source_trace_23","source_trace_35","source_trace_18","source_trace_39","source_trace_46"],"failedName":"source_trace_45"}
{"name":"source_trace_45","package":"U_SOC","end":{"x":-15,"y":-7},"expanded":98409,"newVias":1,"reusedBootstrapLayer":"bottom","length":9.648528099060059}
{"name":"source_trace_20","package":"U_SOC","end":{"x":-15,"y":2.120000000000001},"expanded":87674,"newVias":0,"reusedBootstrapLayer":"top","length":12.937484741210938}
{"name":"source_trace_33","package":"U_SOC","end":{"x":-15,"y":-4.3999999999999995},"expanded":124225,"newVias":1,"reusedBootstrapLayer":"bottom","length":11.028427124023438}
{"name":"source_trace_9","package":"U_SOC","end":{"x":-15,"y":2.5999999999999996},"expanded":245258,"newVias":1,"reusedBootstrapLayer":"bottom","length":14.962236404418945}
{"name":"source_trace_34","package":"U_SOC","end":{"x":-15,"y":-4.08},"expanded":78866,"newVias":0,"reusedBootstrapLayer":"top","length":12.538376808166504}
{"name":"source_trace_8","package":"U_SOC","end":{"x":-15,"y":-6.04},"expanded":71580,"newVias":1,"reusedBootstrapLayer":"bottom","length":9.080488204956055}
{"name":"source_trace_5","package":"U_SOC","end":{"x":-15,"y":-3.6399999999999997},"expanded":272935,"newVias":1,"reusedBootstrapLayer":"bottom","length":16.62704849243164}
{"name":"source_trace_22","package":"U_SOC","end":{"x":-15,"y":-5.08},"expanded":221565,"newVias":1,"reusedBootstrapLayer":"bottom","length":16.55224609375}
{"name":"source_trace_24","package":"U_SOC","end":{"x":-15,"y":-8.44},"expanded":82285,"newVias":1,"reusedBootstrapLayer":"bottom","length":9.91362476348877}
{"name":"source_trace_44","package":"U_SOC","end":{"x":-15,"y":-7.48},"expanded":227177,"newVias":1,"reusedBootstrapLayer":"bottom","length":12.060386657714844}
{"name":"source_trace_37","package":"U_SOC","end":{"x":-15,"y":-8.92},"expanded":68481,"newVias":0,"reusedBootstrapLayer":"top","length":14.912446975708008}
{"name":"source_trace_38","package":"U_SOC","end":{"x":-15,"y":-9.4},"expanded":98038,"newVias":1,"reusedBootstrapLayer":"bottom","length":13.370680809020996}
{"name":"source_trace_19","package":"U_SOC","end":{"x":-15,"y":5.48},"expanded":404404,"newVias":1,"reusedBootstrapLayer":"bottom","length":22.69576072692871}
{"package":"U_SOC","trial":9,"order":["source_trace_45","source_trace_20","source_trace_33","source_trace_9","source_trace_34","source_trace_8","source_trace_5","source_trace_22","source_trace_24","source_trace_44","source_trace_37","source_trace_38","source_trace_19","source_trace_0","source_trace_21","source_trace_7","source_trace_36","source_trace_48","source_trace_25","source_trace_6","source_trace_47","source_trace_23","source_trace_35","source_trace_18","source_trace_39","source_trace_46"],"failedName":"source_trace_0"}
{"name":"source_trace_0","package":"U_SOC","end":{"x":-15,"y":3.08},"expanded":312537,"newVias":1,"reusedBootstrapLayer":"bottom","length":17.326744079589844}
{"name":"source_trace_45","package":"U_SOC","end":{"x":-15,"y":-7},"expanded":97846,"newVias":1,"reusedBootstrapLayer":"bottom","length":9.648528099060059}
{"name":"source_trace_20","package":"U_SOC","end":{"x":-15,"y":2.120000000000001},"expanded":87236,"newVias":0,"reusedBootstrapLayer":"top","length":12.937484741210938}
{"name":"source_trace_33","package":"U_SOC","end":{"x":-15,"y":-4.3999999999999995},"expanded":113238,"newVias":1,"reusedBootstrapLayer":"bottom","length":11.028427124023438}
{"name":"source_trace_9","package":"U_SOC","end":{"x":-15,"y":2.5999999999999996},"expanded":170368,"newVias":1,"reusedBootstrapLayer":"bottom","length":15.196550369262695}
{"name":"source_trace_34","package":"U_SOC","end":{"x":-15,"y":-4.08},"expanded":78866,"newVias":0,"reusedBootstrapLayer":"top","length":12.538376808166504}
{"name":"source_trace_8","package":"U_SOC","end":{"x":-15,"y":-6.04},"expanded":71580,"newVias":1,"reusedBootstrapLayer":"bottom","length":9.080488204956055}
{"package":"U_SOC","trial":10,"order":["source_trace_0","source_trace_45","source_trace_20","source_trace_33","source_trace_9","source_trace_34","source_trace_8","source_trace_5","source_trace_22","source_trace_24","source_trace_44","source_trace_37","source_trace_38","source_trace_19","source_trace_21","source_trace_7","source_trace_36","source_trace_48","source_trace_25","source_trace_6","source_trace_47","source_trace_23","source_trace_35","source_trace_18","source_trace_39","source_trace_46"],"failedName":"source_trace_5"}
{"name":"source_trace_5","package":"U_SOC","end":{"x":-15,"y":-3.6399999999999997},"expanded":219842,"newVias":1,"reusedBootstrapLayer":"bottom","length":15.343229293823242}
{"name":"source_trace_0","package":"U_SOC","end":{"x":-15,"y":3.08},"expanded":259675,"newVias":0,"reusedBootstrapLayer":"top","length":20.4296875}
{"name":"source_trace_45","package":"U_SOC","end":{"x":-15,"y":-7},"expanded":70242,"newVias":1,"reusedBootstrapLayer":"bottom","length":9.648528099060059}
{"name":"source_trace_20","package":"U_SOC","end":{"x":-15,"y":2.120000000000001},"expanded":285157,"newVias":2,"reusedBootstrapLayer":"top","length":12.738317489624023}
{"name":"source_trace_33","package":"U_SOC","end":{"x":-15,"y":-4.3999999999999995},"expanded":162591,"newVias":1,"reusedBootstrapLayer":"bottom","length":13.311269760131836}
{"name":"source_trace_9","package":"U_SOC","end":{"x":-15,"y":2.5999999999999996},"expanded":254668,"newVias":2,"reusedBootstrapLayer":"top","length":15.337139129638672}
{"package":"U_SOC","trial":11,"order":["source_trace_5","source_trace_0","source_trace_45","source_trace_20","source_trace_33","source_trace_9","source_trace_34","source_trace_8","source_trace_22","source_trace_24","source_trace_44","source_trace_37","source_trace_38","source_trace_19","source_trace_21","source_trace_7","source_trace_36","source_trace_48","source_trace_25","source_trace_6","source_trace_47","source_trace_23","source_trace_35","source_trace_18","source_trace_39","source_trace_46"],"failedName":"source_trace_34"}
