{"name":"source_trace_41","package":"U_RAM","end":{"x":2,"y":-18},"expanded":21639,"newVias":1,"reusedBootstrapLayer":"bottom","length":5.331371307373047}
{"name":"source_trace_28","package":"U_RAM","end":{"x":3.5999999999999996,"y":-18},"expanded":303745,"newVias":0,"reusedBootstrapLayer":"top","length":19.90558433532715}
{"name":"source_trace_27","package":"U_RAM","end":{"x":3.92,"y":-18},"expanded":838791,"newVias":1,"reusedBootstrapLayer":"bottom","length":19.418031692504883}
{"name":"source_trace_1","package":"U_RAM","end":{"x":-2,"y":-18},"expanded":313,"newVias":0,"reusedBootstrapLayer":"top","length":3.4000000953674316}
{"name":"source_trace_2","package":"U_RAM","end":{"x":-3.5999999999999996,"y":-18},"expanded":10815,"newVias":0,"reusedBootstrapLayer":"top","length":6.273624897003174}
{"name":"source_trace_13","package":"U_RAM","end":{"x":-0.40000000000000036,"y":-18},"expanded":10186,"newVias":0,"reusedBootstrapLayer":"top","length":6.131371021270752}
{"name":"source_trace_11","package":"U_RAM","end":{"x":-1.2000000000000002,"y":-18},"expanded":341,"newVias":0,"reusedBootstrapLayer":"top","length":3.4000000953674316}
{"package":"U_RAM","trial":0,"order":["source_trace_41","source_trace_28","source_trace_27","source_trace_1","source_trace_2","source_trace_13","source_trace_11","source_trace_12","source_trace_29","source_trace_26","source_trace_40"],"failedName":"source_trace_12"}
{"name":"source_trace_12","package":"U_RAM","end":{"x":-0.40000000000000036,"y":-18},"expanded":9030,"newVias":0,"reusedBootstrapLayer":"top","length":5.331370830535889}
{"name":"source_trace_41","package":"U_RAM","end":{"x":2,"y":-18},"expanded":21639,"newVias":1,"reusedBootstrapLayer":"bottom","length":5.331371307373047}
{"name":"source_trace_28","package":"U_RAM","end":{"x":3.5999999999999996,"y":-18},"expanded":220161,"newVias":0,"reusedBootstrapLayer":"top","length":19.90558433532715}
{"name":"source_trace_27","package":"U_RAM","end":{"x":3.92,"y":-18},"expanded":638662,"newVias":1,"reusedBootstrapLayer":"bottom","length":19.418031692504883}
{"name":"source_trace_1","package":"U_RAM","end":{"x":-2,"y":-18},"expanded":313,"newVias":0,"reusedBootstrapLayer":"top","length":3.4000000953674316}
{"name":"source_trace_2","package":"U_RAM","end":{"x":-3.5999999999999996,"y":-18},"expanded":10815,"newVias":0,"reusedBootstrapLayer":"top","length":6.273624897003174}
{"name":"source_trace_13","package":"U_RAM","end":{"x":0.40000000000000036,"y":-18},"expanded":14710,"newVias":0,"reusedBootstrapLayer":"top","length":6.462741851806641}
{"name":"source_trace_11","package":"U_RAM","end":{"x":-1.2000000000000002,"y":-18},"expanded":341,"newVias":0,"reusedBootstrapLayer":"top","length":3.4000000953674316}
{"package":"U_RAM","trial":1,"order":["source_trace_12","source_trace_41","source_trace_28","source_trace_27","source_trace_1","source_trace_2","source_trace_13","source_trace_11","source_trace_29","source_trace_26","source_trace_40"],"failedName":"source_trace_29"}
{"name":"source_trace_29","package":"U_RAM","end":{"x":0.40000000000000036,"y":-18},"expanded":15036,"newVias":0,"reusedBootstrapLayer":"top","length":6.7907819747924805}
{"name":"source_trace_12","package":"U_RAM","end":{"x":-0.40000000000000036,"y":-18},"expanded":9030,"newVias":0,"reusedBootstrapLayer":"top","length":5.331370830535889}
{"name":"source_trace_41","package":"U_RAM","end":{"x":2,"y":-18},"expanded":21637,"newVias":1,"reusedBootstrapLayer":"bottom","length":5.331371307373047}
{"name":"source_trace_28","package":"U_RAM","end":{"x":3.5999999999999996,"y":-18},"expanded":337539,"newVias":1,"reusedBootstrapLayer":"bottom","length":17.687837600708008}
{"name":"source_trace_27","package":"U_RAM","end":{"x":3.92,"y":-18},"expanded":468192,"newVias":1,"reusedBootstrapLayer":"bottom","length":20.66655921936035}
{"name":"source_trace_1","package":"U_RAM","end":{"x":-2,"y":-18},"expanded":313,"newVias":0,"reusedBootstrapLayer":"top","length":3.4000000953674316}
{"name":"source_trace_2","package":"U_RAM","end":{"x":-3.5999999999999996,"y":-18},"expanded":10815,"newVias":0,"reusedBootstrapLayer":"top","length":6.273624897003174}
{"name":"source_trace_13","package":"U_RAM","end":{"x":5.200000000000001,"y":-18},"expanded":145342,"newVias":0,"reusedBootstrapLayer":"top","length":20.810823440551758}
{"name":"source_trace_11","package":"U_RAM","end":{"x":-1.2000000000000002,"y":-18},"expanded":341,"newVias":0,"reusedBootstrapLayer":"top","length":3.4000000953674316}
{"name":"source_trace_26","package":"U_RAM","end":{"x":1.200000000000001,"y":-18},"expanded":4615,"newVias":0,"reusedBootstrapLayer":"top","length":3.7313709259033203}
{"package":"U_RAM","trial":2,"order":["source_trace_29","source_trace_12","source_trace_41","source_trace_28","source_trace_27","source_trace_1","source_trace_2","source_trace_13","source_trace_11","source_trace_26","source_trace_40"],"failedName":"source_trace_40"}
{"name":"source_trace_40","package":"U_RAM","end":{"x":2,"y":-18},"expanded":18473,"newVias":1,"reusedBootstrapLayer":"bottom","length":4.531371116638184}
{"name":"source_trace_29","package":"U_RAM","end":{"x":0.40000000000000036,"y":-18},"expanded":13640,"newVias":0,"reusedBootstrapLayer":"top","length":6.7907819747924805}
{"name":"source_trace_12","package":"U_RAM","end":{"x":-0.40000000000000036,"y":-18},"expanded":9030,"newVias":0,"reusedBootstrapLayer":"top","length":5.331370830535889}
{"name":"source_trace_41","package":"U_RAM","end":{"x":-3.5999999999999996,"y":-18},"expanded":431882,"newVias":1,"reusedBootstrapLayer":"bottom","length":17.518762588500977}
{"name":"source_trace_28","package":"U_RAM","end":{"x":3.5999999999999996,"y":-18},"expanded":109136,"newVias":1,"reusedBootstrapLayer":"bottom","length":19.90558433532715}
{"name":"source_trace_27","package":"U_RAM","end":{"x":3.92,"y":-18},"expanded":437489,"newVias":1,"reusedBootstrapLayer":"bottom","length":30.1025390625}
{"name":"source_trace_1","package":"U_RAM","end":{"x":-2,"y":-18},"expanded":313,"newVias":0,"reusedBootstrapLayer":"top","length":3.4000000953674316}
{"name":"source_trace_2","package":"U_RAM","end":{"x":-2.8,"y":-18},"expanded":13832,"newVias":0,"reusedBootstrapLayer":"top","length":6.6049957275390625}
{"name":"source_trace_13","package":"U_RAM","end":{"x":1.200000000000001,"y":-18},"expanded":177524,"newVias":2,"reusedBootstrapLayer":"top","length":6.7941131591796875}
{"name":"source_trace_11","package":"U_RAM","end":{"x":-1.2000000000000002,"y":-18},"expanded":341,"newVias":0,"reusedBootstrapLayer":"top","length":3.4000000953674316}
{"name":"source_trace_26","package":"U_RAM","end":{"x":5.200000000000001,"y":-18},"expanded":332796,"newVias":2,"reusedBootstrapLayer":"top","length":35.629058837890625}
{"name":"source_trace_28","package":"U_SOC","end":{"x":3.5999999999999996,"y":-10.5},"expanded":8773,"newVias":0,"reusedBootstrapLayer":"top","length":4.128427028656006}
{"package":"U_SOC","trial":0,"order":["source_trace_28","source_trace_27","source_trace_1","source_trace_2","source_trace_41","source_trace_13","source_trace_11","source_trace_12","source_trace_29","source_trace_26","source_trace_40"],"failedName":"source_trace_27"}
{"name":"source_trace_27","package":"U_SOC","end":{"x":3.92,"y":-10.5},"expanded":24903,"newVias":1,"reusedBootstrapLayer":"bottom","length":6.389848709106445}
{"package":"U_SOC","trial":1,"order":["source_trace_27","source_trace_28","source_trace_1","source_trace_2","source_trace_41","source_trace_13","source_trace_11","source_trace_12","source_trace_29","source_trace_26","source_trace_40"],"failedName":"source_trace_28"}
