{"name":"source_trace_35","pass":0,"penalty":25.6,"expanded":5530611,"newVias":2,"lengthMm":23.20723230364972,"overlapCost":204.80000305175702,"elapsedSeconds":21.405303291000003,"gridMm":0.04}
{"name":"source_trace_6","pass":0,"penalty":25.6,"expanded":228779,"newVias":0,"lengthMm":12.066559876977145,"overlapCost":204.80000305175744,"elapsedSeconds":0.6963185000000012,"gridMm":0.04}
{"name":"source_trace_7","pass":0,"penalty":25.6,"expanded":1138587,"newVias":4,"lengthMm":59.22290906308114,"overlapCost":0,"elapsedSeconds":2.989230790999998,"gridMm":0.04}
{"name":"source_trace_48","pass":0,"penalty":25.6,"expanded":1506855,"newVias":2,"lengthMm":65.40191626734006,"overlapCost":0,"elapsedSeconds":3.855225499999997,"gridMm":0.04}
{"name":"source_trace_8","coarseGridFailure":{"error":"no clearance-preserving bridge","expanded":0,"startBlocked":[true,true],"goalBlocked":[false,false]}}
{"name":"source_trace_8","pass":0,"penalty":25.6,"expanded":197747,"newVias":2,"lengthMm":23.56881384442132,"overlapCost":0,"elapsedSeconds":0.489565416999998,"gridMm":0.02}
{"name":"source_trace_25","pass":0,"penalty":25.6,"expanded":730230,"newVias":2,"lengthMm":44.1324299962461,"overlapCost":0,"elapsedSeconds":1.7595900420000035,"gridMm":0.04}
{"name":"source_trace_38","pass":0,"penalty":25.6,"expanded":235003,"newVias":2,"lengthMm":40.787821048680144,"overlapCost":0,"elapsedSeconds":0.4928307920000007,"gridMm":0.04}
{"name":"source_trace_37","pass":0,"penalty":25.6,"expanded":412705,"newVias":4,"lengthMm":43.2434141264695,"overlapCost":0,"elapsedSeconds":0.9926939999999959,"gridMm":0.04}
{"name":"source_trace_24","pass":0,"penalty":25.6,"expanded":606421,"newVias":4,"lengthMm":50.669974003446654,"overlapCost":0,"elapsedSeconds":2.7849745419999965,"gridMm":0.04}
{"name":"source_trace_44","pass":0,"penalty":25.6,"expanded":1635055,"newVias":2,"lengthMm":30.465466068558335,"overlapCost":76.80000114440924,"elapsedSeconds":3.5384349999999976,"gridMm":0.04}
{"name":"source_trace_45","pass":0,"penalty":25.6,"expanded":130521,"newVias":3,"lengthMm":28.160571413994887,"overlapCost":0,"elapsedSeconds":0.46626983299999847,"gridMm":0.04}
{"name":"source_trace_22","coarseGridFailure":{"error":"no clearance-preserving bridge","expanded":0,"startBlocked":[true,true],"goalBlocked":[false,false]}}
{"name":"source_trace_22","pass":0,"penalty":25.6,"expanded":423049,"newVias":2,"lengthMm":25.025870119269012,"overlapCost":0,"elapsedSeconds":2.4083960829999995,"gridMm":0.02}
{"name":"source_trace_5","coarseGridFailure":{"error":"no clearance-preserving bridge","expanded":3461969,"startBlocked":[false,false],"goalBlocked":[false,false]}}
{"name":"source_trace_5","pass":0,"penalty":25.6,"expanded":2940506,"newVias":2,"lengthMm":48.06345596729059,"overlapCost":1.9539925233402755e-12,"elapsedSeconds":8.786317542000004,"gridMm":0.02}
{"name":"source_trace_18","pass":0,"penalty":25.6,"expanded":1649580,"newVias":2,"lengthMm":51.58948627109385,"overlapCost":0,"elapsedSeconds":5.5896012090000005,"gridMm":0.04}
{"name":"source_trace_20","pass":0,"penalty":25.6,"expanded":2530730,"newVias":2,"lengthMm":19.186559876977128,"overlapCost":460.80000686646,"elapsedSeconds":6.945795458000008,"gridMm":0.04}
{"name":"source_trace_9","pass":0,"penalty":25.6,"expanded":262313,"newVias":4,"lengthMm":21.39135351886291,"overlapCost":76.8000011444109,"elapsedSeconds":0.6637832909999998,"gridMm":0.04}
{"name":"source_trace_0","pass":0,"penalty":25.6,"expanded":1063839,"newVias":4,"lengthMm":59.54526404320295,"overlapCost":0,"elapsedSeconds":2.31701225,"gridMm":0.04}
{"name":"source_trace_47","pass":0,"penalty":25.6,"expanded":2528889,"newVias":0,"lengthMm":13.484793641885778,"overlapCost":102.40000152587889,"elapsedSeconds":6.81349325,"gridMm":0.04}
{"name":"source_trace_39","pass":0,"penalty":25.6,"expanded":34016,"newVias":1,"lengthMm":16.98899853874109,"overlapCost":0,"elapsedSeconds":0.11194374999999127,"gridMm":0.04}
{"name":"source_trace_19","pass":0,"penalty":25.6,"expanded":57216,"newVias":4,"lengthMm":13.49782971419796,"overlapCost":0,"elapsedSeconds":0.12929587499999615,"gridMm":0.04}
{"name":"source_trace_21","pass":0,"penalty":25.6,"expanded":3080499,"newVias":6,"lengthMm":79.72386719675143,"overlapCost":742.4000110626325,"elapsedSeconds":6.564487958999991,"gridMm":0.04}
{"name":"source_trace_36","pass":0,"penalty":25.6,"expanded":25916,"newVias":2,"lengthMm":13.641059146347708,"overlapCost":0,"elapsedSeconds":0.05186995900000329,"gridMm":0.04}
{"name":"source_trace_23","pass":0,"penalty":25.6,"expanded":239940,"newVias":4,"lengthMm":16.600773439350245,"overlapCost":0,"elapsedSeconds":0.4642801249999902,"gridMm":0.04}
{"name":"source_trace_46","pass":0,"penalty":25.6,"expanded":2576964,"newVias":4,"lengthMm":8.759797974644664,"overlapCost":281.6000041961683,"elapsedSeconds":4.9192525000000025,"gridMm":0.04}
{"negotiationPass":0,"conflictingChannels":8,"conflictNames":["source_trace_22","source_trace_24","source_trace_20","source_trace_47","source_trace_35","source_trace_21","source_trace_6","source_trace_46"]}
{"name":"source_trace_35","pass":1,"penalty":51.2,"expanded":5802838,"newVias":2,"lengthMm":23.20723230364972,"overlapCost":819.2000122070295,"elapsedSeconds":12.508499375,"gridMm":0.04}
{"name":"source_trace_6","pass":1,"penalty":51.2,"expanded":71729,"newVias":0,"lengthMm":12.066559876977145,"overlapCost":409.600006103516,"elapsedSeconds":0.11746129199999268,"gridMm":0.04}
{"name":"source_trace_24","pass":1,"penalty":51.2,"expanded":547593,"newVias":4,"lengthMm":51.59781238316238,"overlapCost":0,"elapsedSeconds":0.9417965419999964,"gridMm":0.04}
{"name":"source_trace_22","coarseGridFailure":{"error":"no clearance-preserving bridge","expanded":0,"startBlocked":[true,true],"goalBlocked":[false,false]}}
{"name":"source_trace_22","pass":1,"penalty":51.2,"expanded":544176,"newVias":2,"lengthMm":25.025870119269015,"overlapCost":768.0000114440834,"elapsedSeconds":1.171203416000004,"gridMm":0.02}
{"name":"source_trace_20","pass":1,"penalty":51.2,"expanded":2232962,"newVias":2,"lengthMm":17.665870119269016,"overlapCost":409.6000061035161,"elapsedSeconds":4.727643209000002,"gridMm":0.04}
{"name":"source_trace_47","pass":1,"penalty":51.2,"expanded":2756506,"newVias":0,"lengthMm":13.484793641885778,"overlapCost":614.4000091552737,"elapsedSeconds":3.627442249999993,"gridMm":0.04}
{"name":"source_trace_21","pass":1,"penalty":51.2,"expanded":2703996,"newVias":2,"lengthMm":15.929301576774101,"overlapCost":1280.0000190734888,"elapsedSeconds":4.710506374999997,"gridMm":0.04}
{"name":"source_trace_46","pass":1,"penalty":51.2,"expanded":101411,"newVias":4,"lengthMm":8.560975464705583,"overlapCost":0,"elapsedSeconds":0.12956445800000801,"gridMm":0.04}
{"name":"source_trace_7","pass":1,"penalty":51.2,"expanded":1108958,"newVias":4,"lengthMm":57.728005742999926,"overlapCost":0,"elapsedSeconds":1.4539354159999929,"gridMm":0.04}
{"name":"source_trace_48","pass":1,"penalty":51.2,"expanded":1504769,"newVias":2,"lengthMm":65.40191626734004,"overlapCost":0,"elapsedSeconds":1.8667686670000256,"gridMm":0.04}
{"name":"source_trace_8","coarseGridFailure":{"error":"no clearance-preserving bridge","expanded":0,"startBlocked":[true,true],"goalBlocked":[false,false]}}
{"name":"source_trace_8","pass":1,"penalty":51.2,"expanded":206310,"newVias":2,"lengthMm":23.568813844421317,"overlapCost":0,"elapsedSeconds":0.23684158300000127,"gridMm":0.02}
{"name":"source_trace_25","pass":1,"penalty":51.2,"expanded":580609,"newVias":2,"lengthMm":41.73713995648977,"overlapCost":0,"elapsedSeconds":0.7705401249999996,"gridMm":0.04}
{"name":"source_trace_38","pass":1,"penalty":51.2,"expanded":255438,"newVias":2,"lengthMm":40.787821048680144,"overlapCost":0,"elapsedSeconds":0.29257112500001675,"gridMm":0.04}
{"name":"source_trace_37","pass":1,"penalty":51.2,"expanded":420834,"newVias":4,"lengthMm":43.2434141264695,"overlapCost":0,"elapsedSeconds":0.5164202499999956,"gridMm":0.04}
{"name":"source_trace_44","pass":1,"penalty":51.2,"expanded":1768127,"newVias":2,"lengthMm":30.465466068558335,"overlapCost":153.60000228881742,"elapsedSeconds":2.197714624999993,"gridMm":0.04}
{"name":"source_trace_45","pass":1,"penalty":51.2,"expanded":1832093,"newVias":3,"lengthMm":72.03387586226931,"overlapCost":409.6000061035169,"elapsedSeconds":2.311547082999983,"gridMm":0.04}
{"name":"source_trace_5","coarseGridFailure":{"error":"no clearance-preserving bridge","expanded":3461969,"startBlocked":[false,false],"goalBlocked":[false,false]}}
{"name":"source_trace_5","pass":1,"penalty":51.2,"expanded":3012192,"newVias":2,"lengthMm":48.06345596729059,"overlapCost":1.9539925233402755e-12,"elapsedSeconds":4.076818917000026,"gridMm":0.02}
{"name":"source_trace_18","pass":1,"penalty":51.2,"expanded":1595622,"newVias":2,"lengthMm":51.58948627109385,"overlapCost":0,"elapsedSeconds":2.1768887500000127,"gridMm":0.04}
{"name":"source_trace_9","pass":1,"penalty":51.2,"expanded":981410,"newVias":4,"lengthMm":17.286256838944144,"overlapCost":153.60000228881677,"elapsedSeconds":1.226176124999998,"gridMm":0.04}
{"name":"source_trace_0","pass":1,"penalty":51.2,"expanded":1278600,"newVias":4,"lengthMm":68.92967096541385,"overlapCost":3.126388037344441e-13,"elapsedSeconds":1.5958907079999918,"gridMm":0.04}
{"name":"source_trace_39","pass":1,"penalty":51.2,"expanded":25111,"newVias":1,"lengthMm":16.98899853874109,"overlapCost":0,"elapsedSeconds":0.03206812500001979,"gridMm":0.04}
{"name":"source_trace_19","pass":1,"penalty":51.2,"expanded":49320,"newVias":4,"lengthMm":13.49782971419796,"overlapCost":0,"elapsedSeconds":0.060947666000021855,"gridMm":0.04}
{"name":"source_trace_36","pass":1,"penalty":51.2,"expanded":30732,"newVias":2,"lengthMm":13.641059146347708,"overlapCost":0,"elapsedSeconds":0.03818695800000569,"gridMm":0.04}
{"name":"source_trace_23","pass":1,"penalty":51.2,"expanded":250561,"newVias":4,"lengthMm":16.567636354360392,"overlapCost":0,"elapsedSeconds":0.2978525420000078,"gridMm":0.04}
{"negotiationPass":1,"conflictingChannels":6,"conflictNames":["source_trace_22","source_trace_20","source_trace_47","source_trace_35","source_trace_21","source_trace_6"]}
{"name":"source_trace_35","pass":2,"penalty":102.4,"expanded":5954340,"newVias":2,"lengthMm":22.690075016124343,"overlapCost":1638.4000244140607,"elapsedSeconds":7.924709125000023,"gridMm":0.04}
{"name":"source_trace_6","pass":2,"penalty":102.4,"expanded":27260,"newVias":3,"lengthMm":11.205971131946692,"overlapCost":0,"elapsedSeconds":0.030966084000014233,"gridMm":0.04}
{"name":"source_trace_22","coarseGridFailure":{"error":"no clearance-preserving bridge","expanded":0,"startBlocked":[true,true],"goalBlocked":[false,false]}}
{"name":"source_trace_22","pass":2,"penalty":102.4,"expanded":190132,"newVias":2,"lengthMm":24.247148622007597,"overlapCost":0,"elapsedSeconds":0.21397233300001245,"gridMm":0.02}
{"name":"source_trace_20","pass":2,"penalty":102.4,"expanded":65360,"newVias":2,"lengthMm":18.068225099390837,"overlapCost":921.6000137328998,"elapsedSeconds":0.07467129200001364,"gridMm":0.04}
{"name":"source_trace_47","pass":2,"penalty":102.4,"expanded":2452498,"newVias":0,"lengthMm":13.120285706997457,"overlapCost":819.20001220703,"elapsedSeconds":3.0551551249999904,"gridMm":0.04}
{"name":"source_trace_21","pass":2,"penalty":102.4,"expanded":2593189,"newVias":2,"lengthMm":13.383027406794406,"overlapCost":1638.4000244140623,"elapsedSeconds":3.17633470799998,"gridMm":0.04}
{"name":"source_trace_7","pass":2,"penalty":102.4,"expanded":616669,"newVias":4,"lengthMm":50.54311108843647,"overlapCost":0,"elapsedSeconds":0.7672703749999927,"gridMm":0.04}
{"name":"source_trace_48","pass":2,"penalty":102.4,"expanded":1459314,"newVias":2,"lengthMm":65.40191626734006,"overlapCost":0,"elapsedSeconds":1.736834166000015,"gridMm":0.04}
{"name":"source_trace_8","coarseGridFailure":{"error":"no clearance-preserving bridge","expanded":0,"startBlocked":[true,true],"goalBlocked":[false,false]}}
{"name":"source_trace_8","pass":2,"penalty":102.4,"expanded":201436,"newVias":2,"lengthMm":23.568813844421317,"overlapCost":0,"elapsedSeconds":0.2422855419999978,"gridMm":0.02}
{"name":"source_trace_25","pass":2,"penalty":102.4,"expanded":594635,"newVias":2,"lengthMm":41.73713995648977,"overlapCost":0,"elapsedSeconds":0.7529725829999953,"gridMm":0.04}
{"name":"source_trace_24","pass":2,"penalty":102.4,"expanded":327331,"newVias":4,"lengthMm":51.40703027829436,"overlapCost":0,"elapsedSeconds":0.3808871670000081,"gridMm":0.04}
{"name":"source_trace_46","pass":2,"penalty":102.4,"expanded":98749,"newVias":4,"lengthMm":8.295878784786803,"overlapCost":0,"elapsedSeconds":0.11760654100001557,"gridMm":0.04}
{"name":"source_trace_38","pass":2,"penalty":102.4,"expanded":209664,"newVias":2,"lengthMm":40.787821048680144,"overlapCost":0,"elapsedSeconds":0.24744741600000997,"gridMm":0.04}
{"name":"source_trace_37","pass":2,"penalty":102.4,"expanded":294359,"newVias":4,"lengthMm":43.2434141264695,"overlapCost":0,"elapsedSeconds":0.36506224999998815,"gridMm":0.04}
{"name":"source_trace_44","pass":2,"penalty":102.4,"expanded":1712650,"newVias":2,"lengthMm":30.254582951012644,"overlapCost":307.20000457763615,"elapsedSeconds":2.001120916999993,"gridMm":0.04}
{"name":"source_trace_45","pass":2,"penalty":102.4,"expanded":1074281,"newVias":3,"lengthMm":63.022017280017685,"overlapCost":0,"elapsedSeconds":1.3662551669999956,"gridMm":0.04}
{"name":"source_trace_5","coarseGridFailure":{"error":"no clearance-preserving bridge","expanded":3461969,"startBlocked":[false,false],"goalBlocked":[false,false]}}
{"name":"source_trace_5","pass":2,"penalty":102.4,"expanded":2628361,"newVias":2,"lengthMm":48.06345596729058,"overlapCost":1.9610979506978765e-12,"elapsedSeconds":3.546277084000001,"gridMm":0.02}
{"name":"source_trace_18","pass":2,"penalty":102.4,"expanded":1423307,"newVias":2,"lengthMm":51.58948627109385,"overlapCost":0,"elapsedSeconds":1.830889292000007,"gridMm":0.04}
{"name":"source_trace_9","pass":2,"penalty":102.4,"expanded":568348,"newVias":6,"lengthMm":26.101647891378146,"overlapCost":819.2000122070206,"elapsedSeconds":0.690298959000007,"gridMm":0.04}
{"name":"source_trace_0","pass":2,"penalty":102.4,"expanded":1227055,"newVias":4,"lengthMm":67.05320343559653,"overlapCost":9.947598300641403e-14,"elapsedSeconds":1.4840900409999886,"gridMm":0.04}
{"name":"source_trace_39","pass":2,"penalty":102.4,"expanded":27253,"newVias":1,"lengthMm":16.98899853874109,"overlapCost":0,"elapsedSeconds":0.03429737499999465,"gridMm":0.04}
{"name":"source_trace_19","pass":2,"penalty":102.4,"expanded":38536,"newVias":4,"lengthMm":13.49782971419796,"overlapCost":0,"elapsedSeconds":0.04892995900000096,"gridMm":0.04}
{"name":"source_trace_36","pass":2,"penalty":102.4,"expanded":31632,"newVias":2,"lengthMm":13.641059146347708,"overlapCost":0,"elapsedSeconds":0.03992183300000034,"gridMm":0.04}
{"name":"source_trace_23","pass":2,"penalty":102.4,"expanded":255345,"newVias":4,"lengthMm":16.236265504461915,"overlapCost":0,"elapsedSeconds":0.3051350000000093,"gridMm":0.04}
{"negotiationPass":2,"conflictingChannels":4,"conflictNames":["source_trace_9","source_trace_47","source_trace_35","source_trace_21"]}
{"name":"source_trace_35","pass":3,"penalty":204.8,"expanded":5463856,"newVias":2,"lengthMm":22.290075016124344,"overlapCost":1638.400024414061,"elapsedSeconds":7.271353499999997,"gridMm":0.04}
{"name":"source_trace_47","pass":3,"penalty":204.8,"expanded":26681,"newVias":2,"lengthMm":13.996265504461926,"overlapCost":0,"elapsedSeconds":0.03142500000001746,"gridMm":0.04}
{"name":"source_trace_21","pass":3,"penalty":204.8,"expanded":2332357,"newVias":2,"lengthMm":12.704204896855321,"overlapCost":1638.4000244140623,"elapsedSeconds":2.8839928750000254,"gridMm":0.04}
{"name":"source_trace_9","pass":3,"penalty":204.8,"expanded":372731,"newVias":6,"lengthMm":25.625668093913678,"overlapCost":0,"elapsedSeconds":0.44959820900001796,"gridMm":0.04}
{"name":"source_trace_6","pass":3,"penalty":204.8,"expanded":23941,"newVias":3,"lengthMm":10.675777772109132,"overlapCost":0,"elapsedSeconds":0.026007207999995445,"gridMm":0.04}
{"name":"source_trace_7","pass":3,"penalty":204.8,"expanded":378240,"newVias":4,"lengthMm":50.425953800911095,"overlapCost":0,"elapsedSeconds":0.45718479199998546,"gridMm":0.04}
{"name":"source_trace_48","pass":3,"penalty":204.8,"expanded":1458786,"newVias":2,"lengthMm":65.19103314979431,"overlapCost":0,"elapsedSeconds":1.8426545840000035,"gridMm":0.04}
{"name":"source_trace_8","coarseGridFailure":{"error":"no clearance-preserving bridge","expanded":0,"startBlocked":[true,true],"goalBlocked":[false,false]}}
{"name":"source_trace_8","pass":3,"penalty":204.8,"expanded":200113,"newVias":2,"lengthMm":23.568813844421317,"overlapCost":0,"elapsedSeconds":0.23922141600001487,"gridMm":0.02}
{"name":"source_trace_25","pass":3,"penalty":204.8,"expanded":592532,"newVias":2,"lengthMm":41.57145453154054,"overlapCost":0,"elapsedSeconds":0.8144427079999877,"gridMm":0.04}
{"name":"source_trace_22","coarseGridFailure":{"error":"no clearance-preserving bridge","expanded":0,"startBlocked":[true,true],"goalBlocked":[false,false]}}
{"name":"source_trace_22","pass":3,"penalty":204.8,"expanded":155883,"newVias":2,"lengthMm":24.197442994522827,"overlapCost":0,"elapsedSeconds":0.1966045419999864,"gridMm":0.02}
{"name":"source_trace_20","pass":3,"penalty":204.8,"expanded":21233,"newVias":2,"lengthMm":16.952245301926375,"overlapCost":0,"elapsedSeconds":0.026268125000002328,"gridMm":0.04}
{"name":"source_trace_24","pass":3,"penalty":204.8,"expanded":324666,"newVias":4,"lengthMm":51.40703027829436,"overlapCost":0,"elapsedSeconds":0.39233629099998507,"gridMm":0.04}
{"name":"source_trace_46","pass":3,"penalty":204.8,"expanded":93550,"newVias":4,"lengthMm":8.295878784786803,"overlapCost":0,"elapsedSeconds":0.11442654200000106,"gridMm":0.04}
{"name":"source_trace_38","pass":3,"penalty":204.8,"expanded":210453,"newVias":2,"lengthMm":40.787821048680144,"overlapCost":0,"elapsedSeconds":0.2410747080000001,"gridMm":0.04}
{"name":"source_trace_37","pass":3,"penalty":204.8,"expanded":386212,"newVias":4,"lengthMm":43.2434141264695,"overlapCost":0,"elapsedSeconds":0.47379254200001014,"gridMm":0.04}
{"name":"source_trace_44","pass":3,"penalty":204.8,"expanded":1709847,"newVias":2,"lengthMm":30.254582951012644,"overlapCost":614.4000091552722,"elapsedSeconds":2.1397913749999717,"gridMm":0.04}
{"name":"source_trace_45","pass":3,"penalty":204.8,"expanded":1083128,"newVias":3,"lengthMm":63.02201728001768,"overlapCost":0,"elapsedSeconds":1.520002749999985,"gridMm":0.04}
{"name":"source_trace_5","coarseGridFailure":{"error":"no clearance-preserving bridge","expanded":3461969,"startBlocked":[false,false],"goalBlocked":[false,false]}}
{"name":"source_trace_5","pass":3,"penalty":204.8,"expanded":3024013,"newVias":2,"lengthMm":48.06345596729058,"overlapCost":1.9610979506978765e-12,"elapsedSeconds":5.6773635830000275,"gridMm":0.02}
{"name":"source_trace_18","pass":3,"penalty":204.8,"expanded":1566075,"newVias":2,"lengthMm":51.58948627109385,"overlapCost":0,"elapsedSeconds":3.7188311669999967,"gridMm":0.04}
{"name":"source_trace_0","pass":3,"penalty":204.8,"expanded":1227477,"newVias":4,"lengthMm":66.70173157302038,"overlapCost":2.842170943040401e-14,"elapsedSeconds":1.4856893750000162,"gridMm":0.04}
{"name":"source_trace_39","pass":3,"penalty":204.8,"expanded":27452,"newVias":1,"lengthMm":16.98899853874109,"overlapCost":0,"elapsedSeconds":0.03601433299999917,"gridMm":0.04}
{"name":"source_trace_19","pass":3,"penalty":204.8,"expanded":38536,"newVias":4,"lengthMm":13.49782971419796,"overlapCost":0,"elapsedSeconds":0.04677829200000269,"gridMm":0.04}
{"name":"source_trace_36","pass":3,"penalty":204.8,"expanded":31632,"newVias":2,"lengthMm":13.641059146347708,"overlapCost":0,"elapsedSeconds":0.041489500000025145,"gridMm":0.04}
{"name":"source_trace_23","pass":3,"penalty":204.8,"expanded":250972,"newVias":4,"lengthMm":16.236265504461915,"overlapCost":0,"elapsedSeconds":0.3037648329999647,"gridMm":0.04}
{"negotiationPass":3,"conflictingChannels":2,"conflictNames":["source_trace_35","source_trace_21"]}
{"name":"source_trace_35","pass":4,"penalty":409.6,"expanded":5458032,"newVias":2,"lengthMm":22.290075016124344,"overlapCost":3276.8000488281236,"elapsedSeconds":7.498607707999996,"gridMm":0.04}
{"name":"source_trace_21","pass":4,"penalty":409.6,"expanded":2351397,"newVias":2,"lengthMm":12.704204896855321,"overlapCost":3276.800048828125,"elapsedSeconds":2.945122792000009,"gridMm":0.04}
{"name":"source_trace_6","pass":4,"penalty":409.6,"expanded":23903,"newVias":3,"lengthMm":10.675777772109132,"overlapCost":0,"elapsedSeconds":0.026770625000004655,"gridMm":0.04}
{"name":"source_trace_7","pass":4,"penalty":409.6,"expanded":380289,"newVias":4,"lengthMm":50.425953800911095,"overlapCost":0,"elapsedSeconds":0.46134554199996636,"gridMm":0.04}
{"name":"source_trace_48","pass":4,"penalty":409.6,"expanded":1460374,"newVias":2,"lengthMm":65.19103314979431,"overlapCost":0,"elapsedSeconds":2.3399386670000384,"gridMm":0.04}
{"name":"source_trace_8","coarseGridFailure":{"error":"no clearance-preserving bridge","expanded":0,"startBlocked":[true,true],"goalBlocked":[false,false]}}
{"name":"source_trace_8","pass":4,"penalty":409.6,"expanded":200266,"newVias":2,"lengthMm":23.568813844421317,"overlapCost":0,"elapsedSeconds":0.23052383299998475,"gridMm":0.02}
{"name":"source_trace_25","pass":4,"penalty":409.6,"expanded":592794,"newVias":2,"lengthMm":41.57145453154054,"overlapCost":0,"elapsedSeconds":0.8260315419999533,"gridMm":0.04}
{"name":"source_trace_47","pass":4,"penalty":409.6,"expanded":26607,"newVias":2,"lengthMm":13.652834046956848,"overlapCost":0,"elapsedSeconds":0.030640417000046,"gridMm":0.04}
{"name":"source_trace_9","pass":4,"penalty":409.6,"expanded":435708,"newVias":6,"lengthMm":25.17713995648982,"overlapCost":0,"elapsedSeconds":0.5450458330000402,"gridMm":0.04}
{"name":"source_trace_22","coarseGridFailure":{"error":"no clearance-preserving bridge","expanded":0,"startBlocked":[true,true],"goalBlocked":[false,false]}}
{"name":"source_trace_22","pass":4,"penalty":409.6,"expanded":138787,"newVias":2,"lengthMm":24.197442994522827,"overlapCost":0,"elapsedSeconds":0.16635566599998855,"gridMm":0.02}
{"name":"source_trace_20","pass":4,"penalty":409.6,"expanded":19110,"newVias":2,"lengthMm":16.952245301926375,"overlapCost":0,"elapsedSeconds":0.021171415999997407,"gridMm":0.04}
{"name":"source_trace_24","pass":4,"penalty":409.6,"expanded":321202,"newVias":4,"lengthMm":51.40703027829436,"overlapCost":0,"elapsedSeconds":0.3826713749999763,"gridMm":0.04}
{"name":"source_trace_46","pass":4,"penalty":409.6,"expanded":96434,"newVias":4,"lengthMm":8.295878784786803,"overlapCost":0,"elapsedSeconds":0.11741579200001434,"gridMm":0.04}
{"name":"source_trace_38","pass":4,"penalty":409.6,"expanded":210594,"newVias":2,"lengthMm":40.787821048680144,"overlapCost":0,"elapsedSeconds":0.24350487499998416,"gridMm":0.04}
{"name":"source_trace_37","pass":4,"penalty":409.6,"expanded":388896,"newVias":4,"lengthMm":43.2434141264695,"overlapCost":0,"elapsedSeconds":0.5010475840000436,"gridMm":0.04}
{"name":"source_trace_44","pass":4,"penalty":409.6,"expanded":1715251,"newVias":2,"lengthMm":30.090562748477126,"overlapCost":1228.8000183105455,"elapsedSeconds":2.088668874999974,"gridMm":0.04}
{"name":"source_trace_45","pass":4,"penalty":409.6,"expanded":1082718,"newVias":3,"lengthMm":63.022017280017685,"overlapCost":0,"elapsedSeconds":1.356024000000034,"gridMm":0.04}
{"name":"source_trace_5","coarseGridFailure":{"error":"no clearance-preserving bridge","expanded":3461969,"startBlocked":[false,false],"goalBlocked":[false,false]}}
{"name":"source_trace_5","pass":4,"penalty":409.6,"expanded":3031191,"newVias":2,"lengthMm":48.06345596729058,"overlapCost":1.9610979506978765e-12,"elapsedSeconds":4.270722374999954,"gridMm":0.02}
{"name":"source_trace_18","pass":4,"penalty":409.6,"expanded":1566170,"newVias":2,"lengthMm":51.58948627109385,"overlapCost":0,"elapsedSeconds":2.1090502080000006,"gridMm":0.04}
{"name":"source_trace_0","pass":4,"penalty":409.6,"expanded":1226829,"newVias":4,"lengthMm":66.66859448803054,"overlapCost":2.842170943040401e-14,"elapsedSeconds":2.428561541999981,"gridMm":0.04}
{"name":"source_trace_39","pass":4,"penalty":409.6,"expanded":27452,"newVias":1,"lengthMm":16.98899853874109,"overlapCost":0,"elapsedSeconds":0.0379816250000149,"gridMm":0.04}
{"name":"source_trace_19","pass":4,"penalty":409.6,"expanded":38536,"newVias":4,"lengthMm":13.49782971419796,"overlapCost":0,"elapsedSeconds":0.04815983299998334,"gridMm":0.04}
{"name":"source_trace_36","pass":4,"penalty":409.6,"expanded":31632,"newVias":2,"lengthMm":13.641059146347708,"overlapCost":0,"elapsedSeconds":0.04206562500004657,"gridMm":0.04}
{"name":"source_trace_23","pass":4,"penalty":409.6,"expanded":258545,"newVias":4,"lengthMm":16.236265504461915,"overlapCost":0,"elapsedSeconds":0.3961514159999788,"gridMm":0.04}
{"negotiationPass":4,"conflictingChannels":2,"conflictNames":["source_trace_35","source_trace_21"]}
{"name":"source_trace_35","pass":5,"penalty":819.2,"expanded":5471360,"newVias":2,"lengthMm":22.290075016124344,"overlapCost":6553.600097656256,"elapsedSeconds":11.232230749999989,"gridMm":0.04}
{"name":"source_trace_21","pass":5,"penalty":819.2,"expanded":2350331,"newVias":2,"lengthMm":12.704204896855321,"overlapCost":6553.600097656258,"elapsedSeconds":7.134046291999985,"gridMm":0.04}
{"name":"source_trace_6","pass":5,"penalty":819.2,"expanded":23325,"newVias":3,"lengthMm":10.675777772109132,"overlapCost":0,"elapsedSeconds":0.06313550000003307,"gridMm":0.04}
{"name":"source_trace_7","pass":5,"penalty":819.2,"expanded":380289,"newVias":4,"lengthMm":50.425953800911095,"overlapCost":0,"elapsedSeconds":1.6258386249999748,"gridMm":0.04}
{"name":"source_trace_48","pass":5,"penalty":819.2,"expanded":1458271,"newVias":2,"lengthMm":65.1207387772791,"overlapCost":0,"elapsedSeconds":5.091229875000019,"gridMm":0.04}
{"name":"source_trace_8","coarseGridFailure":{"error":"no clearance-preserving bridge","expanded":0,"startBlocked":[true,true],"goalBlocked":[false,false]}}
{"name":"source_trace_8","pass":5,"penalty":819.2,"expanded":200245,"newVias":2,"lengthMm":23.568813844421317,"overlapCost":0,"elapsedSeconds":0.6193887919999542,"gridMm":0.02}
{"name":"source_trace_25","pass":5,"penalty":819.2,"expanded":592794,"newVias":2,"lengthMm":41.57145453154054,"overlapCost":0,"elapsedSeconds":3.122743208000029,"gridMm":0.04}
{"name":"source_trace_47","pass":5,"penalty":819.2,"expanded":27146,"newVias":2,"lengthMm":13.65283404695685,"overlapCost":0,"elapsedSeconds":0.0790612919999985,"gridMm":0.04}
{"name":"source_trace_9","pass":5,"penalty":819.2,"expanded":436397,"newVias":6,"lengthMm":25.17713995648982,"overlapCost":0,"elapsedSeconds":1.409629208999977,"gridMm":0.04}
{"name":"source_trace_22","coarseGridFailure":{"error":"no clearance-preserving bridge","expanded":0,"startBlocked":[true,true],"goalBlocked":[false,false]}}
{"name":"source_trace_22","pass":5,"penalty":819.2,"expanded":138787,"newVias":2,"lengthMm":24.197442994522827,"overlapCost":0,"elapsedSeconds":0.3177443750000093,"gridMm":0.02}
{"name":"source_trace_20","pass":5,"penalty":819.2,"expanded":19110,"newVias":2,"lengthMm":16.952245301926375,"overlapCost":0,"elapsedSeconds":0.03902379100001417,"gridMm":0.04}
{"name":"source_trace_24","pass":5,"penalty":819.2,"expanded":321202,"newVias":4,"lengthMm":51.40703027829436,"overlapCost":0,"elapsedSeconds":0.780031416999991,"gridMm":0.04}
{"name":"source_trace_46","pass":5,"penalty":819.2,"expanded":96998,"newVias":4,"lengthMm":8.295878784786803,"overlapCost":0,"elapsedSeconds":0.21124487499997485,"gridMm":0.04}
{"name":"source_trace_38","pass":5,"penalty":819.2,"expanded":210594,"newVias":2,"lengthMm":40.787821048680144,"overlapCost":0,"elapsedSeconds":0.4234174579999526,"gridMm":0.04}
{"name":"source_trace_37","pass":5,"penalty":819.2,"expanded":388896,"newVias":4,"lengthMm":43.2434141264695,"overlapCost":0,"elapsedSeconds":0.9368848330000182,"gridMm":0.04}
{"name":"source_trace_44","pass":5,"penalty":819.2,"expanded":1715964,"newVias":2,"lengthMm":30.090562748477126,"overlapCost":2457.6000366210924,"elapsedSeconds":3.7570617499999934,"gridMm":0.04}
{"name":"source_trace_45","pass":5,"penalty":819.2,"expanded":1082714,"newVias":3,"lengthMm":63.02201728001769,"overlapCost":0,"elapsedSeconds":2.4512049170000245,"gridMm":0.04}
{"name":"source_trace_5","coarseGridFailure":{"error":"no clearance-preserving bridge","expanded":3461969,"startBlocked":[false,false],"goalBlocked":[false,false]}}
{"name":"source_trace_5","pass":5,"penalty":819.2,"expanded":3031206,"newVias":2,"lengthMm":48.06345596729059,"overlapCost":1.9539925233402755e-12,"elapsedSeconds":6.621415666999994,"gridMm":0.02}
{"name":"source_trace_18","pass":5,"penalty":819.2,"expanded":1566171,"newVias":2,"lengthMm":51.58948627109385,"overlapCost":0,"elapsedSeconds":3.2916091250000172,"gridMm":0.04}
{"name":"source_trace_0","pass":5,"penalty":819.2,"expanded":1226829,"newVias":4,"lengthMm":66.66859448803054,"overlapCost":2.842170943040401e-14,"elapsedSeconds":2.542124165999994,"gridMm":0.04}
{"name":"source_trace_39","pass":5,"penalty":819.2,"expanded":27452,"newVias":1,"lengthMm":16.98899853874109,"overlapCost":0,"elapsedSeconds":0.12995295899995835,"gridMm":0.04}
{"name":"source_trace_19","pass":5,"penalty":819.2,"expanded":38536,"newVias":4,"lengthMm":13.49782971419796,"overlapCost":0,"elapsedSeconds":0.11044316700001945,"gridMm":0.04}
{"name":"source_trace_36","pass":5,"penalty":819.2,"expanded":31632,"newVias":2,"lengthMm":13.641059146347708,"overlapCost":0,"elapsedSeconds":0.07897850000002654,"gridMm":0.04}
{"name":"source_trace_23","pass":5,"penalty":819.2,"expanded":259545,"newVias":4,"lengthMm":16.236265504461915,"overlapCost":0,"elapsedSeconds":0.46906375000003026,"gridMm":0.04}
{"negotiationPass":5,"conflictingChannels":2,"conflictNames":["source_trace_35","source_trace_21"]}
{"name":"source_trace_35","pass":6,"penalty":1638.4,"expanded":5473073,"newVias":2,"lengthMm":22.290075016124344,"overlapCost":13107.20019531254,"elapsedSeconds":14.39937729199999,"gridMm":0.04}
{"name":"source_trace_21","pass":6,"penalty":1638.4,"expanded":46350,"newVias":2,"lengthMm":12.704204896855321,"overlapCost":13107.20019531251,"elapsedSeconds":0.06791391699999803,"gridMm":0.04}
{"name":"source_trace_6","pass":6,"penalty":1638.4,"expanded":23325,"newVias":3,"lengthMm":10.675777772109132,"overlapCost":0,"elapsedSeconds":0.03443216700002085,"gridMm":0.04}
{"name":"source_trace_7","pass":6,"penalty":1638.4,"expanded":380289,"newVias":4,"lengthMm":50.425953800911095,"overlapCost":0,"elapsedSeconds":0.6534527499999967,"gridMm":0.04}
{"name":"source_trace_48","pass":6,"penalty":1638.4,"expanded":1458271,"newVias":2,"lengthMm":65.1207387772791,"overlapCost":0,"elapsedSeconds":2.3993109169999953,"gridMm":0.04}
{"name":"source_trace_8","coarseGridFailure":{"error":"no clearance-preserving bridge","expanded":0,"startBlocked":[true,true],"goalBlocked":[false,false]}}
{"name":"source_trace_8","pass":6,"penalty":1638.4,"expanded":200228,"newVias":2,"lengthMm":23.568813844421317,"overlapCost":0,"elapsedSeconds":0.3503185419999645,"gridMm":0.02}
{"name":"source_trace_25","pass":6,"penalty":1638.4,"expanded":592794,"newVias":2,"lengthMm":41.57145453154054,"overlapCost":0,"elapsedSeconds":1.2590230420000152,"gridMm":0.04}
{"name":"source_trace_47","pass":6,"penalty":1638.4,"expanded":27146,"newVias":2,"lengthMm":13.65283404695685,"overlapCost":0,"elapsedSeconds":0.05631699999998091,"gridMm":0.04}
{"name":"source_trace_9","pass":6,"penalty":1638.4,"expanded":436397,"newVias":6,"lengthMm":25.17713995648982,"overlapCost":0,"elapsedSeconds":0.984364916999999,"gridMm":0.04}
{"name":"source_trace_22","coarseGridFailure":{"error":"no clearance-preserving bridge","expanded":0,"startBlocked":[true,true],"goalBlocked":[false,false]}}
{"name":"source_trace_22","pass":6,"penalty":1638.4,"expanded":138787,"newVias":2,"lengthMm":24.197442994522827,"overlapCost":0,"elapsedSeconds":0.28315937499998833,"gridMm":0.02}
{"name":"source_trace_20","pass":6,"penalty":1638.4,"expanded":19110,"newVias":2,"lengthMm":16.952245301926375,"overlapCost":0,"elapsedSeconds":0.03242304199998034,"gridMm":0.04}
{"name":"source_trace_24","pass":6,"penalty":1638.4,"expanded":321202,"newVias":4,"lengthMm":51.40703027829436,"overlapCost":0,"elapsedSeconds":0.6728102080000099,"gridMm":0.04}
{"name":"source_trace_46","pass":6,"penalty":1638.4,"expanded":96998,"newVias":4,"lengthMm":8.295878784786803,"overlapCost":0,"elapsedSeconds":0.20548341699998127,"gridMm":0.04}
{"name":"source_trace_38","pass":6,"penalty":1638.4,"expanded":210594,"newVias":2,"lengthMm":40.787821048680144,"overlapCost":0,"elapsedSeconds":0.4575944579999777,"gridMm":0.04}
{"name":"source_trace_37","pass":6,"penalty":1638.4,"expanded":388896,"newVias":4,"lengthMm":43.2434141264695,"overlapCost":0,"elapsedSeconds":0.9313157079999801,"gridMm":0.04}
{"name":"source_trace_44","pass":6,"penalty":1638.4,"expanded":1715979,"newVias":2,"lengthMm":30.090562748477126,"overlapCost":4915.200073242211,"elapsedSeconds":3.496924333000032,"gridMm":0.04}
{"name":"source_trace_45","pass":6,"penalty":1638.4,"expanded":1698478,"newVias":3,"lengthMm":63.02201728001769,"overlapCost":3276.8000488281236,"elapsedSeconds":3.6334956249999815,"gridMm":0.04}
{"name":"source_trace_5","coarseGridFailure":{"error":"no clearance-preserving bridge","expanded":3461969,"startBlocked":[false,false],"goalBlocked":[false,false]}}
{"name":"source_trace_5","pass":6,"penalty":1638.4,"expanded":3031217,"newVias":2,"lengthMm":48.06345596729059,"overlapCost":1.9539925233402755e-12,"elapsedSeconds":11.997977000000013,"gridMm":0.02}
{"name":"source_trace_18","pass":6,"penalty":1638.4,"expanded":1566171,"newVias":2,"lengthMm":51.58948627109385,"overlapCost":0,"elapsedSeconds":6.218452874999959,"gridMm":0.04}
{"name":"source_trace_0","pass":6,"penalty":1638.4,"expanded":1226829,"newVias":4,"lengthMm":66.66859448803054,"overlapCost":2.842170943040401e-14,"elapsedSeconds":5.796239000000002,"gridMm":0.04}
{"name":"source_trace_39","pass":6,"penalty":1638.4,"expanded":27452,"newVias":1,"lengthMm":16.98899853874109,"overlapCost":0,"elapsedSeconds":0.14004870799998753,"gridMm":0.04}
{"name":"source_trace_19","pass":6,"penalty":1638.4,"expanded":38536,"newVias":4,"lengthMm":13.49782971419796,"overlapCost":0,"elapsedSeconds":0.16710325000004378,"gridMm":0.04}
{"name":"source_trace_36","pass":6,"penalty":1638.4,"expanded":31632,"newVias":2,"lengthMm":13.641059146347708,"overlapCost":0,"elapsedSeconds":0.1655623749999795,"gridMm":0.04}
{"name":"source_trace_23","pass":6,"penalty":1638.4,"expanded":259545,"newVias":4,"lengthMm":16.236265504461915,"overlapCost":0,"elapsedSeconds":1.1735400000000373,"gridMm":0.04}
