PASS scripts/summarize-am3352-casn-d3-coupled-trials.mjs
PASS scripts/check-am3352-casn-d3-coupled-source.mjs
PASS scripts/summarize-am3352-casn-d3-coupled-checks.mjs
PASS scripts/lib/am3352-open-d3-signal.mjs
PASS scripts/lib/am3352-staged-casn-d3-open.mjs
PASS scripts/lib/am3352-staged-casn-d3-restored.mjs
PASS scripts/lib/am3352-staged-casn-d3-csn0.mjs
PASS scripts/save-am3352-casn-d3-coupled-replay.mjs
PASS scripts/tune-am3352-replayed-path.mjs
PASS scripts/repair-am3352-d3-retained-meander.mjs
PASS dist/am3352-ddr32-casn-data-joint-native-both-attempt-663/native-helper.executed.mjs
PASS dist/am3352-ddr32-casn-data-joint-native-top-attempt-664/native-helper.executed.mjs
PASS dist/am3352-ddr32-casn-d8-hole-topology-attempt-665/diagnostic-helper.executed.mjs
PASS dist/am3352-ddr32-casn-d0-hole-topology-attempt-666/diagnostic-helper.executed.mjs
PASS dist/am3352-ddr32-casn-d3-hole-topology-attempt-667/diagnostic-helper.executed.mjs
PASS dist/am3352-ddr32-casn-dqm1-d8-hole-topology-attempt-668/diagnostic-helper.executed.mjs
PASS dist/am3352-ddr32-casn-dqm1-d2-hole-topology-attempt-669/diagnostic-helper.executed.mjs
PASS dist/am3352-ddr32-casn-d3-open-manual-plan-attempt-671/manual-helper.executed.mjs
PASS scripts/lib/am3352-guarded-outer-bridge.mjs
PASS dist/am3352-ddr32-casn-d3-joint-native-both-attempt-672/native-helper.executed.mjs
PASS dist/am3352-ddr32-casn-d3-open-native-bottom-leg-attempt-673/native-helper.executed.mjs
PASS dist/am3352-ddr32-d3-after-casn-native-bottom-attempt-674/native-helper.executed.mjs
PASS dist/am3352-ddr32-d3-after-casn-manual-plan-attempt-675/manual-helper.executed.mjs
PASS dist/am3352-ddr32-d3-guarded-native-bottom-carrier-attempt-676/native-helper.executed.mjs
PASS dist/am3352-ddr32-csn0-after-d3-manual-prefix-attempt-677/manual-helper.executed.mjs
PASS dist/am3352-ddr32-csn0-after-d3-prefix32-attempt-678/manual-helper.executed.mjs
PASS dist/am3352-ddr32-csn0-after-d3-prefix32-cpu-attempt-679/manual-helper.executed.mjs
PASS dist/am3352-ddr32-csn0-after-d3-reset-prefix10-attempt-680/manual-helper.executed.mjs
PASS dist/am3352-ddr32-csn0-after-reset-open-native-top-attempt-681/native-helper.executed.mjs
PASS dist/am3352-ddr32-reset-after-csn0-manual-prefix-attempt-682/manual-helper.executed.mjs
PASS dist/am3352-ddr32-reset-guarded-native-bottom-leg-attempt-683/native-helper.executed.mjs
PASS dist/am3352-ddr33-d3-byte-length-tuning-attempt-684/tuning-helper.executed.mjs
PASS dist/am3352-ddr33-d3-retained-meander-head70-attempt-685/manual-helper.executed.mjs
PASS dist/am3352-ddr33-casn-nominal-tuning-attempt-686/tuning-helper.executed.mjs
PASS dist/am3352-ddr33-d3-byte-exact-tuning-attempt-687/tuning-helper.executed.mjs
PASS dist/am3352-ddr33-casn-matched-source-exact-tuning-attempt-688/tuning-helper.executed.mjs
PASS scripts/route-am3352-casn-data-joint.mjs
PASS scripts/diagnose-am3352-command-hole-replan.mjs
PASS scripts/prepare-am3352-open-d3-signal.mjs
PASS scripts/repair-am3352-casn-with-d3-open.mjs
PASS scripts/route-am3352-casn-d3-joint.mjs
PASS scripts/route-am3352-casn-d3-open-native-leg.mjs
PASS scripts/route-am3352-d3-after-casn.mjs
PASS scripts/repair-am3352-d3-after-casn.mjs
PASS scripts/route-am3352-d3-guarded-native-carrier.mjs
PASS scripts/repair-am3352-csn0-after-d3-restored.mjs
PASS scripts/route-am3352-csn0-after-reset-open.mjs
PASS scripts/repair-am3352-reset-after-csn0.mjs
PASS scripts/route-am3352-reset-guarded-native-leg.mjs
PASS scripts/lib/am3352-checked-command-sources.mjs
