{"name":"source_trace_15","package":"U_RAM","end":{"x":5.040000000000001,"y":-18},"expanded":37471,"newVias":0,"reusedBootstrapLayer":"bottom","length":10.101849555969238}
{"name":"source_trace_16","package":"U_RAM","end":{"x":5.359999999999999,"y":-18},"expanded":61321,"newVias":0,"reusedBootstrapLayer":"bottom","length":11.503026962280273}
{"name":"source_trace_3","package":"U_RAM","end":{"x":2.8000000000000007,"y":-18},"expanded":28124,"newVias":0,"reusedBootstrapLayer":"bottom","length":9.575676918029785}
{"name":"source_trace_30","package":"U_RAM","end":{"x":6,"y":-18},"expanded":47678,"newVias":0,"reusedBootstrapLayer":"bottom","length":8.631757736206055}
{"name":"source_trace_42","package":"U_RAM","end":{"x":6.800000000000001,"y":-18},"expanded":23799,"newVias":0,"reusedBootstrapLayer":"bottom","length":9.244305610656738}
{"name":"source_trace_14","package":"U_RAM","end":{"x":3.5999999999999996,"y":-18},"expanded":200406,"newVias":1,"reusedBootstrapLayer":"top","length":8.588224411010742}
{"name":"source_trace_17","package":"U_RAM","end":{"x":7.600000000000001,"y":-18},"expanded":176588,"newVias":0,"reusedBootstrapLayer":"bottom","length":15.665727615356445}
{"name":"source_trace_4","package":"U_RAM","end":{"x":8.400000000000002,"y":-18},"expanded":189733,"newVias":0,"reusedBootstrapLayer":"bottom","length":18.457687377929688}
{"name":"source_trace_31","package":"U_RAM","end":{"x":4.4,"y":-18},"expanded":520302,"newVias":2,"reusedBootstrapLayer":"bottom","length":9.051858901977539}
{"name":"source_trace_43","package":"U_RAM","end":{"x":9.2,"y":-18},"expanded":70279,"newVias":0,"reusedBootstrapLayer":"bottom","length":15.632245063781738}
{"name":"source_trace_32","package":"U_RAM","end":{"x":10,"y":-18},"expanded":126106,"newVias":0,"reusedBootstrapLayer":"bottom","length":17.13332176208496}
{"name":"source_trace_15","package":"U_SOC","end":{"x":5.04,"y":-10.5},"expanded":14564,"newVias":0,"reusedBootstrapLayer":"bottom","length":3.7307820320129395}
{"name":"source_trace_16","package":"U_SOC","end":{"x":5.36,"y":-10.5},"expanded":7083,"newVias":0,"reusedBootstrapLayer":"bottom","length":4.663330554962158}
{"name":"source_trace_3","package":"U_SOC","end":{"x":2.8000000000000003,"y":-10.5},"expanded":8493,"newVias":0,"reusedBootstrapLayer":"bottom","length":3.4656853675842285}
{"name":"source_trace_30","package":"U_SOC","end":{"x":6,"y":-10.5},"expanded":23119,"newVias":0,"reusedBootstrapLayer":"bottom","length":7.187838554382324}
{"name":"source_trace_42","package":"U_SOC","end":{"x":6.8,"y":-10.5},"expanded":42790,"newVias":0,"reusedBootstrapLayer":"bottom","length":10.956853866577148}
{"name":"source_trace_14","package":"U_SOC","end":{"x":3.6000000000000005,"y":-10.5},"expanded":277690,"newVias":2,"reusedBootstrapLayer":"bottom","length":6.719209671020508}
{"package":"U_SOC","trial":0,"order":["source_trace_15","source_trace_16","source_trace_3","source_trace_30","source_trace_42","source_trace_14","source_trace_17","source_trace_4","source_trace_31","source_trace_43","source_trace_32"],"failedName":"source_trace_17"}
{"name":"source_trace_17","package":"U_SOC","end":{"x":7.6,"y":-10.5},"expanded":16767,"newVias":0,"reusedBootstrapLayer":"bottom","length":7.050580024719238}
{"name":"source_trace_15","package":"U_SOC","end":{"x":5.04,"y":-10.5},"expanded":14564,"newVias":0,"reusedBootstrapLayer":"bottom","length":3.7307820320129395}
{"name":"source_trace_16","package":"U_SOC","end":{"x":5.36,"y":-10.5},"expanded":6825,"newVias":0,"reusedBootstrapLayer":"bottom","length":4.663330554962158}
{"name":"source_trace_3","package":"U_SOC","end":{"x":2.8000000000000003,"y":-10.5},"expanded":8493,"newVias":0,"reusedBootstrapLayer":"bottom","length":3.4656853675842285}
{"name":"source_trace_30","package":"U_SOC","end":{"x":6,"y":-10.5},"expanded":308264,"newVias":2,"reusedBootstrapLayer":"bottom","length":5.884061813354492}
{"name":"source_trace_42","package":"U_SOC","end":{"x":6.8,"y":-10.5},"expanded":313446,"newVias":2,"reusedBootstrapLayer":"bottom","length":5.884061813354492}
{"name":"source_trace_14","package":"U_SOC","end":{"x":3.6000000000000005,"y":-10.5},"expanded":262473,"newVias":2,"reusedBootstrapLayer":"bottom","length":5.728427886962891}
{"name":"source_trace_4","package":"U_SOC","end":{"x":8.4,"y":-10.5},"expanded":7589,"newVias":0,"reusedBootstrapLayer":"bottom","length":6.851412773132324}
{"package":"U_SOC","trial":1,"order":["source_trace_17","source_trace_15","source_trace_16","source_trace_3","source_trace_30","source_trace_42","source_trace_14","source_trace_4","source_trace_31","source_trace_43","source_trace_32"],"failedName":"source_trace_31"}
{"name":"source_trace_31","package":"U_SOC","end":{"x":4.4,"y":-10.5},"expanded":10846,"newVias":0,"reusedBootstrapLayer":"bottom","length":6.5284271240234375}
{"name":"source_trace_17","package":"U_SOC","end":{"x":7.6,"y":-10.5},"expanded":16607,"newVias":0,"reusedBootstrapLayer":"bottom","length":7.050580024719238}
{"name":"source_trace_15","package":"U_SOC","end":{"x":5.04,"y":-10.5},"expanded":14349,"newVias":0,"reusedBootstrapLayer":"bottom","length":3.7307820320129395}
{"name":"source_trace_16","package":"U_SOC","end":{"x":5.36,"y":-10.5},"expanded":6825,"newVias":0,"reusedBootstrapLayer":"bottom","length":4.663330554962158}
{"name":"source_trace_3","package":"U_SOC","end":{"x":2.8000000000000003,"y":-10.5},"expanded":86662,"newVias":1,"reusedBootstrapLayer":"top","length":3.4656858444213867}
{"name":"source_trace_30","package":"U_SOC","end":{"x":6,"y":-10.5},"expanded":299027,"newVias":2,"reusedBootstrapLayer":"bottom","length":7.363574981689453}
{"package":"U_SOC","trial":2,"order":["source_trace_31","source_trace_17","source_trace_15","source_trace_16","source_trace_3","source_trace_30","source_trace_42","source_trace_14","source_trace_4","source_trace_43","source_trace_32"],"failedName":"source_trace_42"}
{"name":"source_trace_42","package":"U_SOC","end":{"x":6.8,"y":-10.5},"expanded":14111,"newVias":0,"reusedBootstrapLayer":"bottom","length":5.919209003448486}
{"name":"source_trace_31","package":"U_SOC","end":{"x":4.4,"y":-10.5},"expanded":10249,"newVias":0,"reusedBootstrapLayer":"bottom","length":6.5284271240234375}
{"name":"source_trace_17","package":"U_SOC","end":{"x":7.6,"y":-10.5},"expanded":10407,"newVias":0,"reusedBootstrapLayer":"bottom","length":7.050580024719238}
{"name":"source_trace_15","package":"U_SOC","end":{"x":5.04,"y":-10.5},"expanded":14274,"newVias":0,"reusedBootstrapLayer":"bottom","length":3.7307820320129395}
{"name":"source_trace_16","package":"U_SOC","end":{"x":5.36,"y":-10.5},"expanded":121663,"newVias":1,"reusedBootstrapLayer":"top","length":4.967939376831055}
{"name":"source_trace_3","package":"U_SOC","end":{"x":2.8000000000000003,"y":-10.5},"expanded":75922,"newVias":1,"reusedBootstrapLayer":"top","length":3.4656858444213867}
{"name":"source_trace_30","package":"U_SOC","end":{"x":6,"y":-10.5},"expanded":296207,"newVias":2,"reusedBootstrapLayer":"bottom","length":7.363574981689453}
{"name":"source_trace_14","package":"U_SOC","end":{"x":3.6000000000000005,"y":-10.5},"expanded":251256,"newVias":2,"reusedBootstrapLayer":"bottom","length":6.801219940185547}
{"name":"source_trace_4","package":"U_SOC","end":{"x":8.4,"y":-10.5},"expanded":7589,"newVias":0,"reusedBootstrapLayer":"bottom","length":6.851412773132324}
{"name":"source_trace_43","package":"U_SOC","end":{"x":9.200000000000001,"y":-10.5},"expanded":13663,"newVias":0,"reusedBootstrapLayer":"bottom","length":8.782783508300781}
{"name":"source_trace_32","package":"U_SOC","end":{"x":10,"y":-10.5},"expanded":20181,"newVias":0,"reusedBootstrapLayer":"bottom","length":8.782783508300781}
{"phase":"native_bus_lanes_channel","iterations":7096,"elapsedSeconds":10.000520791000003}
{"status":"GUIDED_NATIVE_CHANNEL_FAILED_OR_TIMEOUT","bus":"DDR_BYTE0","source":{"path":"dist/experiments/am3352-powered-host/circuit.json","sha256":"867405f43fa5aa8840b1225b23740601d32778b0dc16ec24420d1166c983aabc","components":204},"nativeBootstrap":{"path":"dist/am3352-four-layer-ram-bypass-reserved-attempt-38/signal-escapes.native.json","sha256":"b2f2847a1d332d0364b7d5609616ab43471f3ebd658cf83dfb6529d05e6611be","dogbones":44},"solver":"@tscircuit/core SOLVERS.BusLanesPipelineSolver","localModificationGridMm":0.02,"lanePitchMm":0.8,"localMaximumXMm":17.4,"fourCopperLayers":true,"signalLayers":["top","bottom"],"sourceTracesRetained":69,"actualPadObstacles":882,"localEscapes":[{"name":"source_trace_15","package":"U_RAM","end":{"x":5.040000000000001,"y":-18},"expanded":37471,"newVias":0,"reusedBootstrapLayer":"bottom","length":10.101849555969238},{"name":"source_trace_16","package":"U_RAM","end":{"x":5.359999999999999,"y":-18},"expanded":61321,"newVias":0,"reusedBootstrapLayer":"bottom","length":11.503026962280273},{"name":"source_trace_3","package":"U_RAM","end":{"x":2.8000000000000007,"y":-18},"expanded":28124,"newVias":0,"reusedBootstrapLayer":"bottom","length":9.575676918029785},{"name":"source_trace_30","package":"U_RAM","end":{"x":6,"y":-18},"expanded":47678,"newVias":0,"reusedBootstrapLayer":"bottom","length":8.631757736206055},{"name":"source_trace_42","package":"U_RAM","end":{"x":6.800000000000001,"y":-18},"expanded":23799,"newVias":0,"reusedBootstrapLayer":"bottom","length":9.244305610656738},{"name":"source_trace_14","package":"U_RAM","end":{"x":3.5999999999999996,"y":-18},"expanded":200406,"newVias":1,"reusedBootstrapLayer":"top","length":8.588224411010742},{"name":"source_trace_17","package":"U_RAM","end":{"x":7.600000000000001,"y":-18},"expanded":176588,"newVias":0,"reusedBootstrapLayer":"bottom","length":15.665727615356445},{"name":"source_trace_4","package":"U_RAM","end":{"x":8.400000000000002,"y":-18},"expanded":189733,"newVias":0,"reusedBootstrapLayer":"bottom","length":18.457687377929688},{"name":"source_trace_31","package":"U_RAM","end":{"x":4.4,"y":-18},"expanded":520302,"newVias":2,"reusedBootstrapLayer":"bottom","length":9.051858901977539},{"name":"source_trace_43","package":"U_RAM","end":{"x":9.2,"y":-18},"expanded":70279,"newVias":0,"reusedBootstrapLayer":"bottom","length":15.632245063781738},{"name":"source_trace_32","package":"U_RAM","end":{"x":10,"y":-18},"expanded":126106,"newVias":0,"reusedBootstrapLayer":"bottom","length":17.13332176208496},{"name":"source_trace_42","package":"U_SOC","end":{"x":6.8,"y":-10.5},"expanded":14111,"newVias":0,"reusedBootstrapLayer":"bottom","length":5.919209003448486},{"name":"source_trace_31","package":"U_SOC","end":{"x":4.4,"y":-10.5},"expanded":10249,"newVias":0,"reusedBootstrapLayer":"bottom","length":6.5284271240234375},{"name":"source_trace_17","package":"U_SOC","end":{"x":7.6,"y":-10.5},"expanded":10407,"newVias":0,"reusedBootstrapLayer":"bottom","length":7.050580024719238},{"name":"source_trace_15","package":"U_SOC","end":{"x":5.04,"y":-10.5},"expanded":14274,"newVias":0,"reusedBootstrapLayer":"bottom","length":3.7307820320129395},{"name":"source_trace_16","package":"U_SOC","end":{"x":5.36,"y":-10.5},"expanded":121663,"newVias":1,"reusedBootstrapLayer":"top","length":4.967939376831055},{"name":"source_trace_3","package":"U_SOC","end":{"x":2.8000000000000003,"y":-10.5},"expanded":75922,"newVias":1,"reusedBootstrapLayer":"top","length":3.4656858444213867},{"name":"source_trace_30","package":"U_SOC","end":{"x":6,"y":-10.5},"expanded":296207,"newVias":2,"reusedBootstrapLayer":"bottom","length":7.363574981689453},{"name":"source_trace_14","package":"U_SOC","end":{"x":3.6000000000000005,"y":-10.5},"expanded":251256,"newVias":2,"reusedBootstrapLayer":"bottom","length":6.801219940185547},{"name":"source_trace_4","package":"U_SOC","end":{"x":8.4,"y":-10.5},"expanded":7589,"newVias":0,"reusedBootstrapLayer":"bottom","length":6.851412773132324},{"name":"source_trace_43","package":"U_SOC","end":{"x":9.200000000000001,"y":-10.5},"expanded":13663,"newVias":0,"reusedBootstrapLayer":"bottom","length":8.782783508300781},{"name":"source_trace_32","package":"U_SOC","end":{"x":10,"y":-10.5},"expanded":20181,"newVias":0,"reusedBootstrapLayer":"bottom","length":8.782783508300781}],"completedSignals":0,"requiredSignals":49,"fabricationReady":false,"timingQualified":false,"returnPlaneChangesQualified":false,"sourceSnapshot":{"path":"dist/diagnostics/am3352-ram-bypass/circuit.json","sha256":"867405f43fa5aa8840b1225b23740601d32778b0dc16ec24420d1166c983aabc","components":204,"originalBuildPath":"dist/experiments/am3352-powered-host/circuit.json"},"localReplans":[{"package":"U_SOC","trial":0,"order":["source_trace_15","source_trace_16","source_trace_3","source_trace_30","source_trace_42","source_trace_14","source_trace_17","source_trace_4","source_trace_31","source_trace_43","source_trace_32"],"failedName":"source_trace_17"},{"package":"U_SOC","trial":1,"order":["source_trace_17","source_trace_15","source_trace_16","source_trace_3","source_trace_30","source_trace_42","source_trace_14","source_trace_4","source_trace_31","source_trace_43","source_trace_32"],"failedName":"source_trace_31"},{"package":"U_SOC","trial":2,"order":["source_trace_31","source_trace_17","source_trace_15","source_trace_16","source_trace_3","source_trace_30","source_trace_42","source_trace_14","source_trace_4","source_trace_43","source_trace_32"],"failedName":"source_trace_42"}],"channel":{"solved":false,"failed":false,"error":null,"iterations":7096,"elapsedSeconds":10.001975832999996,"input":{"path":"dist/am3352-guided-byte0-wide-local-attempt-59/channel.input.simple-route.json","sha256":"1425aed66a17276dd9a39a656db591d79daec8ffc685297234f2f79f93001d91"}}}
