Building 1 file(s)...
Building index.circuit.tsx...
Generating circuit JSON...
trace: `key` is not a prop. Trying to access it will result in `undefined` being returned. If you need to access the same value within the child component, you should pass it as a different prop. (https://react.dev/link/special-props)
Circuit JSON written to dist/index/circuit.json
The "J" prefix is being used with a <chip />, try using it with a <connector /> or <jumper />
TP_BAT_INPUT has no courtyard
TP_BAT_NTC has no courtyard
TP_BAT_GND has no courtyard
TP_USB_INPUT has no courtyard
TP_JTAG_TMS has no courtyard
TP_JTAG_TDI has no courtyard
TP_JTAG_TDO has no courtyard
TP_JTAG_TCK has no courtyard
TP_JTAG_TRSTn has no courtyard
TP_JTAG_EMU0 has no courtyard
TP_JTAG_EMU1 has no courtyard
TP_WARM_RESETn has no courtyard
TP_GND has no courtyard
TP_IO_3V3 has no courtyard
TP_UART_GND has no courtyard
TP_UART_UART0_RX has no courtyard
TP_UART_UART0_TX has no courtyard
TP_UART_IO_3V3 has no courtyard

Build complete
  Circuits  1 passed
  Output    dist

✓ Done
Build exiting with code 0: build finished successfully
