{"name":"source_trace_15","package":"U_RAM","end":{"x":2.4000000000000004,"y":-18},"expanded":67744,"newVias":0,"reusedBootstrapLayer":"bottom","length":8.891168594360352}
{"name":"source_trace_16","package":"U_RAM","end":{"x":2.7200000000000006,"y":-18},"expanded":57872,"newVias":0,"reusedBootstrapLayer":"bottom","length":9.82371711730957}
{"name":"source_trace_3","package":"U_RAM","end":{"x":-2.8,"y":-18},"expanded":16476,"newVias":0,"reusedBootstrapLayer":"bottom","length":7.73137092590332}
{"name":"source_trace_30","package":"U_RAM","end":{"x":3.5999999999999996,"y":-18},"expanded":34509,"newVias":0,"reusedBootstrapLayer":"bottom","length":7.262741565704346}
{"name":"source_trace_42","package":"U_RAM","end":{"x":4.4,"y":-18},"expanded":12922,"newVias":0,"reusedBootstrapLayer":"bottom","length":8.06274127960205}
{"name":"source_trace_14","package":"U_RAM","end":{"x":-0.40000000000000036,"y":-18},"expanded":27480,"newVias":0,"reusedBootstrapLayer":"bottom","length":6.931370735168457}
{"name":"source_trace_17","package":"U_RAM","end":{"x":-2,"y":-18},"expanded":19254,"newVias":0,"reusedBootstrapLayer":"bottom","length":9.331371307373047}
{"name":"source_trace_4","package":"U_RAM","end":{"x":-3.5999999999999996,"y":-18},"expanded":11078,"newVias":0,"reusedBootstrapLayer":"bottom","length":9.050193786621094}
{"name":"source_trace_31","package":"U_RAM","end":{"x":5.200000000000001,"y":-18},"expanded":109177,"newVias":0,"reusedBootstrapLayer":"bottom","length":10.040975570678711}
{"name":"source_trace_43","package":"U_RAM","end":{"x":6,"y":-18},"expanded":35046,"newVias":0,"reusedBootstrapLayer":"bottom","length":10.653523445129395}
{"name":"source_trace_32","package":"U_RAM","end":{"x":6.800000000000001,"y":-18},"expanded":242541,"newVias":0,"reusedBootstrapLayer":"bottom","length":15.426417350769043}
{"name":"source_trace_15","package":"U_SOC","end":{"x":2.4000000000000004,"y":-10.5},"expanded":15979,"newVias":0,"reusedBootstrapLayer":"bottom","length":3.9627416133880615}
{"name":"source_trace_16","package":"U_SOC","end":{"x":2.7200000000000006,"y":-10.5},"expanded":11313,"newVias":0,"reusedBootstrapLayer":"bottom","length":4.961564064025879}
{"name":"source_trace_3","package":"U_SOC","end":{"x":-0.39999999999999947,"y":-10.5},"expanded":39745,"newVias":0,"reusedBootstrapLayer":"bottom","length":4.966904640197754}
{"name":"source_trace_30","package":"U_SOC","end":{"x":3.5999999999999996,"y":-10.5},"expanded":23528,"newVias":0,"reusedBootstrapLayer":"bottom","length":7.038721561431885}
{"name":"source_trace_42","package":"U_SOC","end":{"x":-1.9999999999999996,"y":-10.5},"expanded":17175,"newVias":0,"reusedBootstrapLayer":"bottom","length":7.085727214813232}
{"name":"source_trace_14","package":"U_SOC","end":{"x":-2.8,"y":-10.5},"expanded":13008,"newVias":0,"reusedBootstrapLayer":"bottom","length":7.604549884796143}
{"name":"source_trace_17","package":"U_SOC","end":{"x":5.200000000000001,"y":-10.5},"expanded":9515,"newVias":0,"reusedBootstrapLayer":"bottom","length":6.8564677238464355}
{"name":"source_trace_4","package":"U_SOC","end":{"x":4.4,"y":-10.5},"expanded":133576,"newVias":1,"reusedBootstrapLayer":"top","length":5.685096740722656}
{"name":"source_trace_31","package":"U_SOC","end":{"x":6,"y":-10.5},"expanded":25319,"newVias":0,"reusedBootstrapLayer":"bottom","length":8.787837982177734}
{"name":"source_trace_43","package":"U_SOC","end":{"x":-3.5999999999999996,"y":-10.5},"expanded":30932,"newVias":0,"reusedBootstrapLayer":"bottom","length":9.688224792480469}
{"name":"source_trace_32","package":"U_SOC","end":{"x":6.800000000000001,"y":-10.5},"expanded":79584,"newVias":1,"reusedBootstrapLayer":"top","length":7.304995536804199}
