{"name":"source_trace_7","package":"U_RAM","end":{"x":5.040000000000001,"y":-18},"expanded":9681,"newVias":0,"reusedBootstrapLayer":"bottom","length":6.259209156036377}
{"name":"source_trace_3","package":"U_RAM","end":{"x":5.359999999999999,"y":-18},"expanded":103531,"newVias":0,"reusedBootstrapLayer":"bottom","length":9.049503326416016}
{"package":"U_RAM","trial":0,"order":["source_trace_7","source_trace_3","source_trace_8","source_trace_9","source_trace_5","source_trace_10","source_trace_2","source_trace_4","source_trace_6","source_trace_0","source_trace_1"],"failedName":"source_trace_8"}
{"name":"source_trace_8","package":"U_RAM","end":{"x":3.120000000000001,"y":-18},"expanded":2932,"newVias":0,"reusedBootstrapLayer":"bottom","length":5.198822498321533}
{"name":"source_trace_7","package":"U_RAM","end":{"x":5.040000000000001,"y":-18},"expanded":45641,"newVias":0,"reusedBootstrapLayer":"bottom","length":7.574701309204102}
{"name":"source_trace_3","package":"U_RAM","end":{"x":5.359999999999999,"y":-18},"expanded":136698,"newVias":0,"reusedBootstrapLayer":"bottom","length":10.485483169555664}
{"name":"source_trace_9","package":"U_RAM","end":{"x":2.8000000000000007,"y":-18},"expanded":42620,"newVias":0,"reusedBootstrapLayer":"bottom","length":7.456854343414307}
{"name":"source_trace_5","package":"U_RAM","end":{"x":5.68,"y":-18},"expanded":128091,"newVias":0,"reusedBootstrapLayer":"bottom","length":14.430580139160156}
{"name":"source_trace_10","package":"U_RAM","end":{"x":3.76,"y":-18},"expanded":183475,"newVias":1,"reusedBootstrapLayer":"top","length":7.175189018249512}
{"name":"source_trace_2","package":"U_RAM","end":{"x":4.08,"y":-18},"expanded":111435,"newVias":1,"reusedBootstrapLayer":"top","length":4.261564254760742}
{"name":"source_trace_4","package":"U_RAM","end":{"x":4.4,"y":-18},"expanded":152742,"newVias":2,"reusedBootstrapLayer":"bottom","length":5.194112777709961}
{"name":"source_trace_6","package":"U_RAM","end":{"x":6.32,"y":-18},"expanded":362267,"newVias":1,"reusedBootstrapLayer":"top","length":9.801950454711914}
{"name":"source_trace_0","package":"U_RAM","end":{"x":6.960000000000001,"y":-18},"expanded":379338,"newVias":0,"reusedBootstrapLayer":"bottom","length":19.66371726989746}
{"name":"source_trace_1","package":"U_RAM","end":{"x":7.280000000000001,"y":-18},"expanded":480183,"newVias":0,"reusedBootstrapLayer":"bottom","length":24.209646224975586}
{"name":"source_trace_7","package":"U_SOC","end":{"x":5.04,"y":-10.5},"expanded":14295,"newVias":0,"reusedBootstrapLayer":"bottom","length":3.7307820320129395}
{"name":"source_trace_3","package":"U_SOC","end":{"x":5.36,"y":-10.5},"expanded":7083,"newVias":0,"reusedBootstrapLayer":"bottom","length":4.663330554962158}
{"name":"source_trace_8","package":"U_SOC","end":{"x":3.12,"y":-10.5},"expanded":2413,"newVias":0,"reusedBootstrapLayer":"bottom","length":3.333137035369873}
{"name":"source_trace_9","package":"U_SOC","end":{"x":2.8000000000000003,"y":-10.5},"expanded":1072,"newVias":0,"reusedBootstrapLayer":"bottom","length":4.265685558319092}
{"name":"source_trace_5","package":"U_SOC","end":{"x":5.68,"y":-10.5},"expanded":12395,"newVias":0,"reusedBootstrapLayer":"bottom","length":6.2552900314331055}
{"name":"source_trace_10","package":"U_SOC","end":{"x":3.76,"y":-10.5},"expanded":6248,"newVias":0,"reusedBootstrapLayer":"bottom","length":5.650782108306885}
{"package":"U_SOC","trial":0,"order":["source_trace_7","source_trace_3","source_trace_8","source_trace_9","source_trace_5","source_trace_10","source_trace_2","source_trace_4","source_trace_6","source_trace_0","source_trace_1"],"failedName":"source_trace_2"}
{"name":"source_trace_2","package":"U_SOC","end":{"x":4.08,"y":-10.5},"expanded":5121,"newVias":0,"reusedBootstrapLayer":"bottom","length":5.26450777053833}
{"name":"source_trace_7","package":"U_SOC","end":{"x":5.04,"y":-10.5},"expanded":13939,"newVias":0,"reusedBootstrapLayer":"bottom","length":3.7307820320129395}
{"name":"source_trace_3","package":"U_SOC","end":{"x":5.36,"y":-10.5},"expanded":6870,"newVias":0,"reusedBootstrapLayer":"bottom","length":4.663330554962158}
{"name":"source_trace_8","package":"U_SOC","end":{"x":3.12,"y":-10.5},"expanded":2413,"newVias":0,"reusedBootstrapLayer":"bottom","length":3.333137035369873}
{"name":"source_trace_9","package":"U_SOC","end":{"x":2.8000000000000003,"y":-10.5},"expanded":1072,"newVias":0,"reusedBootstrapLayer":"bottom","length":4.265685558319092}
{"name":"source_trace_5","package":"U_SOC","end":{"x":5.68,"y":-10.5},"expanded":15116,"newVias":0,"reusedBootstrapLayer":"bottom","length":8.23352336883545}
{"package":"U_SOC","trial":1,"order":["source_trace_2","source_trace_7","source_trace_3","source_trace_8","source_trace_9","source_trace_5","source_trace_10","source_trace_4","source_trace_6","source_trace_0","source_trace_1"],"failedName":"source_trace_10"}
{"name":"source_trace_10","package":"U_SOC","end":{"x":3.76,"y":-10.5},"expanded":7817,"newVias":0,"reusedBootstrapLayer":"bottom","length":5.463330268859863}
{"name":"source_trace_2","package":"U_SOC","end":{"x":4.08,"y":-10.5},"expanded":4919,"newVias":0,"reusedBootstrapLayer":"bottom","length":5.26450777053833}
{"name":"source_trace_7","package":"U_SOC","end":{"x":5.04,"y":-10.5},"expanded":13939,"newVias":0,"reusedBootstrapLayer":"bottom","length":3.7307820320129395}
{"name":"source_trace_3","package":"U_SOC","end":{"x":5.36,"y":-10.5},"expanded":6870,"newVias":0,"reusedBootstrapLayer":"bottom","length":4.663330554962158}
{"name":"source_trace_8","package":"U_SOC","end":{"x":3.12,"y":-10.5},"expanded":85444,"newVias":1,"reusedBootstrapLayer":"top","length":3.3331375122070312}
{"name":"source_trace_9","package":"U_SOC","end":{"x":2.8000000000000003,"y":-10.5},"expanded":7112,"newVias":0,"reusedBootstrapLayer":"bottom","length":4.5970563888549805}
{"name":"source_trace_5","package":"U_SOC","end":{"x":5.68,"y":-10.5},"expanded":9883,"newVias":0,"reusedBootstrapLayer":"bottom","length":8.23352336883545}
{"package":"U_SOC","trial":2,"order":["source_trace_10","source_trace_2","source_trace_7","source_trace_3","source_trace_8","source_trace_9","source_trace_5","source_trace_4","source_trace_6","source_trace_0","source_trace_1"],"failedName":"source_trace_4"}
{"name":"source_trace_4","package":"U_SOC","end":{"x":4.4,"y":-10.5},"expanded":1121,"newVias":0,"reusedBootstrapLayer":"bottom","length":5.065685272216797}
{"name":"source_trace_10","package":"U_SOC","end":{"x":3.76,"y":-10.5},"expanded":7817,"newVias":0,"reusedBootstrapLayer":"bottom","length":5.463330268859863}
{"name":"source_trace_2","package":"U_SOC","end":{"x":4.08,"y":-10.5},"expanded":4919,"newVias":0,"reusedBootstrapLayer":"bottom","length":5.26450777053833}
{"name":"source_trace_7","package":"U_SOC","end":{"x":5.04,"y":-10.5},"expanded":103724,"newVias":1,"reusedBootstrapLayer":"top","length":3.7307825088500977}
{"name":"source_trace_3","package":"U_SOC","end":{"x":5.36,"y":-10.5},"expanded":39616,"newVias":0,"reusedBootstrapLayer":"bottom","length":7.582152843475342}
{"name":"source_trace_8","package":"U_SOC","end":{"x":3.12,"y":-10.5},"expanded":64943,"newVias":1,"reusedBootstrapLayer":"top","length":3.3331375122070312}
{"name":"source_trace_9","package":"U_SOC","end":{"x":2.8000000000000003,"y":-10.5},"expanded":7112,"newVias":0,"reusedBootstrapLayer":"bottom","length":4.5970563888549805}
{"name":"source_trace_5","package":"U_SOC","end":{"x":5.68,"y":-10.5},"expanded":16063,"newVias":0,"reusedBootstrapLayer":"bottom","length":9.833523750305176}
{"name":"source_trace_6","package":"U_SOC","end":{"x":6.32,"y":-10.5},"expanded":25895,"newVias":0,"reusedBootstrapLayer":"bottom","length":9.290092468261719}
{"name":"source_trace_0","package":"U_SOC","end":{"x":6.96,"y":-10.5},"expanded":96502,"newVias":0,"reusedBootstrapLayer":"bottom","length":12.043717384338379}
{"name":"source_trace_1","package":"U_SOC","end":{"x":7.279999999999999,"y":-10.5},"expanded":78135,"newVias":1,"reusedBootstrapLayer":"top","length":7.433524131774902}
{"phase":"native_bus_lanes_channel","iterations":5295,"elapsedSeconds":10.094898458999996}
{"status":"GUIDED_NATIVE_CHANNEL_FAILED_OR_TIMEOUT","bus":"DDR_BYTE0","source":{"path":"dist/experiments/am3352-guided-byte-swapped-host/circuit.json","sha256":"801248b41f01c91e2c92159fb5bf181e5592dc6115e1b57452ef2b4b5e453b8a","components":204},"nativeBootstrap":{"path":"dist/am3352-guided-byte-swapped-bootstrap-attempt-55/signal-escapes.native.json","sha256":"6ef0cfce06b814dc35ae4f786b5c68aa26160df6fb697e2c2deadd354be75680","dogbones":44},"solver":"@tscircuit/core SOLVERS.BusLanesPipelineSolver","localModificationGridMm":0.02,"fourCopperLayers":true,"signalLayers":["top","bottom"],"sourceTracesRetained":69,"actualPadObstacles":882,"localEscapes":[{"name":"source_trace_8","package":"U_RAM","end":{"x":3.120000000000001,"y":-18},"expanded":2932,"newVias":0,"reusedBootstrapLayer":"bottom","length":5.198822498321533},{"name":"source_trace_7","package":"U_RAM","end":{"x":5.040000000000001,"y":-18},"expanded":45641,"newVias":0,"reusedBootstrapLayer":"bottom","length":7.574701309204102},{"name":"source_trace_3","package":"U_RAM","end":{"x":5.359999999999999,"y":-18},"expanded":136698,"newVias":0,"reusedBootstrapLayer":"bottom","length":10.485483169555664},{"name":"source_trace_9","package":"U_RAM","end":{"x":2.8000000000000007,"y":-18},"expanded":42620,"newVias":0,"reusedBootstrapLayer":"bottom","length":7.456854343414307},{"name":"source_trace_5","package":"U_RAM","end":{"x":5.68,"y":-18},"expanded":128091,"newVias":0,"reusedBootstrapLayer":"bottom","length":14.430580139160156},{"name":"source_trace_10","package":"U_RAM","end":{"x":3.76,"y":-18},"expanded":183475,"newVias":1,"reusedBootstrapLayer":"top","length":7.175189018249512},{"name":"source_trace_2","package":"U_RAM","end":{"x":4.08,"y":-18},"expanded":111435,"newVias":1,"reusedBootstrapLayer":"top","length":4.261564254760742},{"name":"source_trace_4","package":"U_RAM","end":{"x":4.4,"y":-18},"expanded":152742,"newVias":2,"reusedBootstrapLayer":"bottom","length":5.194112777709961},{"name":"source_trace_6","package":"U_RAM","end":{"x":6.32,"y":-18},"expanded":362267,"newVias":1,"reusedBootstrapLayer":"top","length":9.801950454711914},{"name":"source_trace_0","package":"U_RAM","end":{"x":6.960000000000001,"y":-18},"expanded":379338,"newVias":0,"reusedBootstrapLayer":"bottom","length":19.66371726989746},{"name":"source_trace_1","package":"U_RAM","end":{"x":7.280000000000001,"y":-18},"expanded":480183,"newVias":0,"reusedBootstrapLayer":"bottom","length":24.209646224975586},{"name":"source_trace_4","package":"U_SOC","end":{"x":4.4,"y":-10.5},"expanded":1121,"newVias":0,"reusedBootstrapLayer":"bottom","length":5.065685272216797},{"name":"source_trace_10","package":"U_SOC","end":{"x":3.76,"y":-10.5},"expanded":7817,"newVias":0,"reusedBootstrapLayer":"bottom","length":5.463330268859863},{"name":"source_trace_2","package":"U_SOC","end":{"x":4.08,"y":-10.5},"expanded":4919,"newVias":0,"reusedBootstrapLayer":"bottom","length":5.26450777053833},{"name":"source_trace_7","package":"U_SOC","end":{"x":5.04,"y":-10.5},"expanded":103724,"newVias":1,"reusedBootstrapLayer":"top","length":3.7307825088500977},{"name":"source_trace_3","package":"U_SOC","end":{"x":5.36,"y":-10.5},"expanded":39616,"newVias":0,"reusedBootstrapLayer":"bottom","length":7.582152843475342},{"name":"source_trace_8","package":"U_SOC","end":{"x":3.12,"y":-10.5},"expanded":64943,"newVias":1,"reusedBootstrapLayer":"top","length":3.3331375122070312},{"name":"source_trace_9","package":"U_SOC","end":{"x":2.8000000000000003,"y":-10.5},"expanded":7112,"newVias":0,"reusedBootstrapLayer":"bottom","length":4.5970563888549805},{"name":"source_trace_5","package":"U_SOC","end":{"x":5.68,"y":-10.5},"expanded":16063,"newVias":0,"reusedBootstrapLayer":"bottom","length":9.833523750305176},{"name":"source_trace_6","package":"U_SOC","end":{"x":6.32,"y":-10.5},"expanded":25895,"newVias":0,"reusedBootstrapLayer":"bottom","length":9.290092468261719},{"name":"source_trace_0","package":"U_SOC","end":{"x":6.96,"y":-10.5},"expanded":96502,"newVias":0,"reusedBootstrapLayer":"bottom","length":12.043717384338379},{"name":"source_trace_1","package":"U_SOC","end":{"x":7.279999999999999,"y":-10.5},"expanded":78135,"newVias":1,"reusedBootstrapLayer":"top","length":7.433524131774902}],"completedSignals":0,"requiredSignals":49,"fabricationReady":false,"timingQualified":false,"returnPlaneChangesQualified":false,"sourceSnapshot":{"path":"dist/experiments/am3352-guided-byte-swapped-host/circuit.json","sha256":"801248b41f01c91e2c92159fb5bf181e5592dc6115e1b57452ef2b4b5e453b8a","components":204,"originalBuildPath":"dist/experiments/am3352-guided-byte-swapped-host/circuit.json"},"localReplans":[{"package":"U_RAM","trial":0,"order":["source_trace_7","source_trace_3","source_trace_8","source_trace_9","source_trace_5","source_trace_10","source_trace_2","source_trace_4","source_trace_6","source_trace_0","source_trace_1"],"failedName":"source_trace_8"},{"package":"U_SOC","trial":0,"order":["source_trace_7","source_trace_3","source_trace_8","source_trace_9","source_trace_5","source_trace_10","source_trace_2","source_trace_4","source_trace_6","source_trace_0","source_trace_1"],"failedName":"source_trace_2"},{"package":"U_SOC","trial":1,"order":["source_trace_2","source_trace_7","source_trace_3","source_trace_8","source_trace_9","source_trace_5","source_trace_10","source_trace_4","source_trace_6","source_trace_0","source_trace_1"],"failedName":"source_trace_10"},{"package":"U_SOC","trial":2,"order":["source_trace_10","source_trace_2","source_trace_7","source_trace_3","source_trace_8","source_trace_9","source_trace_5","source_trace_4","source_trace_6","source_trace_0","source_trace_1"],"failedName":"source_trace_4"}],"channel":{"solved":false,"failed":false,"error":null,"iterations":5295,"elapsedSeconds":10.095107209000002,"input":{"path":"dist/am3352-guided-byte-swapped-local-attempt-56/channel.input.simple-route.json","sha256":"d9da1ff561c9685a224775932216c8fff8ff4a22871d0c4260a781bcd72ab079"}}}
