{"name":"source_trace_34","package":"U_SOC","end":{"x":-15,"y":-4.08},"expanded":126942,"newVias":0,"reusedBootstrapLayer":"top","length":12.128326416015625}
{"name":"source_trace_33","package":"U_SOC","end":{"x":-15,"y":-4.3999999999999995},"expanded":137533,"newVias":1,"reusedBootstrapLayer":"bottom","length":11.028427124023438}
{"name":"source_trace_8","package":"U_SOC","end":{"x":-15,"y":-6.04},"expanded":116914,"newVias":1,"reusedBootstrapLayer":"bottom","length":9.080488204956055}
{"name":"source_trace_24","package":"U_SOC","end":{"x":-15,"y":-8.44},"expanded":96268,"newVias":1,"reusedBootstrapLayer":"bottom","length":9.91362476348877}
{"name":"source_trace_44","package":"U_SOC","end":{"x":-15,"y":-7.48},"expanded":196448,"newVias":1,"reusedBootstrapLayer":"bottom","length":11.44735050201416}
{"name":"source_trace_37","package":"U_SOC","end":{"x":-15,"y":-8.92},"expanded":75806,"newVias":0,"reusedBootstrapLayer":"top","length":14.912446975708008}
{"name":"source_trace_20","package":"U_SOC","end":{"x":-15,"y":2.120000000000001},"expanded":38647,"newVias":0,"reusedBootstrapLayer":"top","length":12.937484741210938}
{"package":"U_SOC","trial":0,"order":["source_trace_34","source_trace_33","source_trace_8","source_trace_24","source_trace_44","source_trace_37","source_trace_20","source_trace_45","source_trace_9","source_trace_38","source_trace_19","source_trace_0","source_trace_5","source_trace_21","source_trace_7","source_trace_36","source_trace_22","source_trace_48","source_trace_25","source_trace_6","source_trace_47","source_trace_23","source_trace_35","source_trace_18","source_trace_39","source_trace_46"],"failedName":"source_trace_45"}
{"name":"source_trace_34","package":"U_SOC","end":{"x":-15,"y":-4.08},"expanded":126942,"newVias":0,"reusedBootstrapLayer":"top","length":12.128326416015625}
{"name":"source_trace_33","package":"U_SOC","end":{"x":-15,"y":-4.3999999999999995},"expanded":137533,"newVias":1,"reusedBootstrapLayer":"bottom","length":11.028427124023438}
{"name":"source_trace_45","package":"U_SOC","end":{"x":-15,"y":-7},"expanded":64591,"newVias":1,"reusedBootstrapLayer":"bottom","length":9.648528099060059}
{"name":"source_trace_8","package":"U_SOC","end":{"x":-15,"y":-6.04},"expanded":91189,"newVias":1,"reusedBootstrapLayer":"bottom","length":9.080488204956055}
{"name":"source_trace_24","package":"U_SOC","end":{"x":-15,"y":-8.44},"expanded":82285,"newVias":1,"reusedBootstrapLayer":"bottom","length":9.91362476348877}
{"name":"source_trace_44","package":"U_SOC","end":{"x":-15,"y":-7.48},"expanded":255074,"newVias":1,"reusedBootstrapLayer":"bottom","length":12.060386657714844}
{"name":"source_trace_37","package":"U_SOC","end":{"x":-15,"y":-8.92},"expanded":68490,"newVias":0,"reusedBootstrapLayer":"top","length":14.912446975708008}
{"name":"source_trace_20","package":"U_SOC","end":{"x":-15,"y":2.120000000000001},"expanded":38493,"newVias":0,"reusedBootstrapLayer":"top","length":12.937484741210938}
{"name":"source_trace_9","package":"U_SOC","end":{"x":-15,"y":2.5999999999999996},"expanded":239523,"newVias":1,"reusedBootstrapLayer":"bottom","length":14.962236404418945}
{"name":"source_trace_38","package":"U_SOC","end":{"x":-15,"y":-9.4},"expanded":110017,"newVias":1,"reusedBootstrapLayer":"bottom","length":13.370680809020996}
{"name":"source_trace_19","package":"U_SOC","end":{"x":-15,"y":5.48},"expanded":258792,"newVias":1,"reusedBootstrapLayer":"bottom","length":18.223800659179688}
{"name":"source_trace_0","package":"U_SOC","end":{"x":-15,"y":3.08},"expanded":275800,"newVias":1,"reusedBootstrapLayer":"bottom","length":18.369443893432617}
{"name":"source_trace_5","package":"U_SOC","end":{"x":-15,"y":-3.6399999999999997},"expanded":621011,"newVias":3,"reusedBootstrapLayer":"bottom","length":16.819210052490234}
{"name":"source_trace_21","package":"U_SOC","end":{"x":-15,"y":5.960000000000001},"expanded":258405,"newVias":1,"reusedBootstrapLayer":"bottom","length":16.53145408630371}
{"name":"source_trace_7","package":"U_SOC","end":{"x":-15,"y":-5.56},"expanded":99429,"newVias":2,"reusedBootstrapLayer":"top","length":12.287837982177734}
{"package":"U_SOC","trial":1,"order":["source_trace_34","source_trace_33","source_trace_45","source_trace_8","source_trace_24","source_trace_44","source_trace_37","source_trace_20","source_trace_9","source_trace_38","source_trace_19","source_trace_0","source_trace_5","source_trace_21","source_trace_7","source_trace_36","source_trace_22","source_trace_48","source_trace_25","source_trace_6","source_trace_47","source_trace_23","source_trace_35","source_trace_18","source_trace_39","source_trace_46"],"failedName":"source_trace_36"}
{"name":"source_trace_34","package":"U_SOC","end":{"x":-15,"y":-4.08},"expanded":126942,"newVias":0,"reusedBootstrapLayer":"top","length":12.128326416015625}
{"name":"source_trace_33","package":"U_SOC","end":{"x":-15,"y":-4.3999999999999995},"expanded":137533,"newVias":1,"reusedBootstrapLayer":"bottom","length":11.028427124023438}
{"name":"source_trace_36","package":"U_SOC","end":{"x":-15,"y":6.440000000000001},"expanded":432628,"newVias":1,"reusedBootstrapLayer":"bottom","length":18.00556755065918}
{"name":"source_trace_45","package":"U_SOC","end":{"x":-15,"y":-7},"expanded":64591,"newVias":1,"reusedBootstrapLayer":"bottom","length":9.648528099060059}
{"name":"source_trace_8","package":"U_SOC","end":{"x":-15,"y":-6.04},"expanded":91189,"newVias":1,"reusedBootstrapLayer":"bottom","length":9.080488204956055}
{"name":"source_trace_24","package":"U_SOC","end":{"x":-15,"y":-8.44},"expanded":82285,"newVias":1,"reusedBootstrapLayer":"bottom","length":9.91362476348877}
{"name":"source_trace_44","package":"U_SOC","end":{"x":-15,"y":-7.48},"expanded":254696,"newVias":1,"reusedBootstrapLayer":"bottom","length":12.060386657714844}
{"name":"source_trace_37","package":"U_SOC","end":{"x":-15,"y":-8.92},"expanded":68490,"newVias":0,"reusedBootstrapLayer":"top","length":14.912446975708008}
{"name":"source_trace_20","package":"U_SOC","end":{"x":-15,"y":2.120000000000001},"expanded":38493,"newVias":0,"reusedBootstrapLayer":"top","length":12.937484741210938}
{"name":"source_trace_9","package":"U_SOC","end":{"x":-15,"y":2.5999999999999996},"expanded":222630,"newVias":1,"reusedBootstrapLayer":"bottom","length":14.962236404418945}
{"name":"source_trace_38","package":"U_SOC","end":{"x":-15,"y":-9.4},"expanded":107637,"newVias":1,"reusedBootstrapLayer":"bottom","length":13.370680809020996}
{"name":"source_trace_19","package":"U_SOC","end":{"x":-15,"y":5.48},"expanded":250619,"newVias":1,"reusedBootstrapLayer":"bottom","length":18.223800659179688}
{"name":"source_trace_0","package":"U_SOC","end":{"x":-15,"y":3.08},"expanded":262087,"newVias":1,"reusedBootstrapLayer":"bottom","length":18.428022384643555}
{"name":"source_trace_5","package":"U_SOC","end":{"x":-15,"y":-3.6399999999999997},"expanded":598717,"newVias":3,"reusedBootstrapLayer":"bottom","length":16.819210052490234}
{"package":"U_SOC","trial":2,"order":["source_trace_34","source_trace_33","source_trace_36","source_trace_45","source_trace_8","source_trace_24","source_trace_44","source_trace_37","source_trace_20","source_trace_9","source_trace_38","source_trace_19","source_trace_0","source_trace_5","source_trace_21","source_trace_7","source_trace_22","source_trace_48","source_trace_25","source_trace_6","source_trace_47","source_trace_23","source_trace_35","source_trace_18","source_trace_39","source_trace_46"],"failedName":"source_trace_21"}
{"name":"source_trace_34","package":"U_SOC","end":{"x":-15,"y":-4.08},"expanded":126942,"newVias":0,"reusedBootstrapLayer":"top","length":12.128326416015625}
{"name":"source_trace_33","package":"U_SOC","end":{"x":-15,"y":-4.3999999999999995},"expanded":137533,"newVias":1,"reusedBootstrapLayer":"bottom","length":11.028427124023438}
{"name":"source_trace_21","package":"U_SOC","end":{"x":-15,"y":5.960000000000001},"expanded":212478,"newVias":0,"reusedBootstrapLayer":"top","length":16.203414916992188}
{"name":"source_trace_36","package":"U_SOC","end":{"x":-15,"y":6.440000000000001},"expanded":414269,"newVias":1,"reusedBootstrapLayer":"bottom","length":18.00556755065918}
{"name":"source_trace_45","package":"U_SOC","end":{"x":-15,"y":-7},"expanded":64591,"newVias":1,"reusedBootstrapLayer":"bottom","length":9.648528099060059}
{"name":"source_trace_8","package":"U_SOC","end":{"x":-15,"y":-6.04},"expanded":91189,"newVias":1,"reusedBootstrapLayer":"bottom","length":9.080488204956055}
{"name":"source_trace_24","package":"U_SOC","end":{"x":-15,"y":-8.44},"expanded":82285,"newVias":1,"reusedBootstrapLayer":"bottom","length":9.91362476348877}
{"name":"source_trace_44","package":"U_SOC","end":{"x":-15,"y":-7.48},"expanded":254696,"newVias":1,"reusedBootstrapLayer":"bottom","length":12.060386657714844}
{"name":"source_trace_37","package":"U_SOC","end":{"x":-15,"y":-8.92},"expanded":68490,"newVias":0,"reusedBootstrapLayer":"top","length":14.912446975708008}
{"name":"source_trace_20","package":"U_SOC","end":{"x":-15,"y":2.120000000000001},"expanded":36326,"newVias":0,"reusedBootstrapLayer":"top","length":12.937484741210938}
{"name":"source_trace_9","package":"U_SOC","end":{"x":-15,"y":2.5999999999999996},"expanded":255017,"newVias":1,"reusedBootstrapLayer":"bottom","length":15.196550369262695}
{"name":"source_trace_38","package":"U_SOC","end":{"x":-15,"y":-9.4},"expanded":107694,"newVias":1,"reusedBootstrapLayer":"bottom","length":13.370680809020996}
{"package":"U_SOC","trial":3,"order":["source_trace_34","source_trace_33","source_trace_21","source_trace_36","source_trace_45","source_trace_8","source_trace_24","source_trace_44","source_trace_37","source_trace_20","source_trace_9","source_trace_38","source_trace_19","source_trace_0","source_trace_5","source_trace_7","source_trace_22","source_trace_48","source_trace_25","source_trace_6","source_trace_47","source_trace_23","source_trace_35","source_trace_18","source_trace_39","source_trace_46"],"failedName":"source_trace_19"}
{"name":"source_trace_34","package":"U_SOC","end":{"x":-15,"y":-4.08},"expanded":126942,"newVias":0,"reusedBootstrapLayer":"top","length":12.128326416015625}
{"name":"source_trace_33","package":"U_SOC","end":{"x":-15,"y":-4.3999999999999995},"expanded":137533,"newVias":1,"reusedBootstrapLayer":"bottom","length":11.028427124023438}
{"name":"source_trace_19","package":"U_SOC","end":{"x":-15,"y":5.48},"expanded":319380,"newVias":1,"reusedBootstrapLayer":"bottom","length":18.223800659179688}
{"name":"source_trace_21","package":"U_SOC","end":{"x":-15,"y":5.960000000000001},"expanded":186949,"newVias":0,"reusedBootstrapLayer":"top","length":16.203414916992188}
{"name":"source_trace_36","package":"U_SOC","end":{"x":-15,"y":6.440000000000001},"expanded":222452,"newVias":1,"reusedBootstrapLayer":"bottom","length":18.00556755065918}
{"name":"source_trace_45","package":"U_SOC","end":{"x":-15,"y":-7},"expanded":64591,"newVias":1,"reusedBootstrapLayer":"bottom","length":9.648528099060059}
{"name":"source_trace_8","package":"U_SOC","end":{"x":-15,"y":-6.04},"expanded":91189,"newVias":1,"reusedBootstrapLayer":"bottom","length":9.080488204956055}
{"name":"source_trace_24","package":"U_SOC","end":{"x":-15,"y":-8.44},"expanded":82285,"newVias":1,"reusedBootstrapLayer":"bottom","length":9.91362476348877}
{"name":"source_trace_44","package":"U_SOC","end":{"x":-15,"y":-7.48},"expanded":253070,"newVias":1,"reusedBootstrapLayer":"bottom","length":12.060386657714844}
{"name":"source_trace_37","package":"U_SOC","end":{"x":-15,"y":-8.92},"expanded":68490,"newVias":0,"reusedBootstrapLayer":"top","length":14.912446975708008}
{"name":"source_trace_20","package":"U_SOC","end":{"x":-15,"y":2.120000000000001},"expanded":37353,"newVias":0,"reusedBootstrapLayer":"top","length":12.937484741210938}
{"name":"source_trace_9","package":"U_SOC","end":{"x":-15,"y":2.5999999999999996},"expanded":192224,"newVias":1,"reusedBootstrapLayer":"bottom","length":15.173120498657227}
{"name":"source_trace_38","package":"U_SOC","end":{"x":-15,"y":-9.4},"expanded":102737,"newVias":1,"reusedBootstrapLayer":"bottom","length":13.370680809020996}
{"name":"source_trace_0","package":"U_SOC","end":{"x":-15,"y":3.08},"expanded":254125,"newVias":1,"reusedBootstrapLayer":"bottom","length":18.428022384643555}
{"name":"source_trace_5","package":"U_SOC","end":{"x":-15,"y":-3.6399999999999997},"expanded":626440,"newVias":3,"reusedBootstrapLayer":"bottom","length":17.142539978027344}
{"package":"U_SOC","trial":4,"order":["source_trace_34","source_trace_33","source_trace_19","source_trace_21","source_trace_36","source_trace_45","source_trace_8","source_trace_24","source_trace_44","source_trace_37","source_trace_20","source_trace_9","source_trace_38","source_trace_0","source_trace_5","source_trace_7","source_trace_22","source_trace_48","source_trace_25","source_trace_6","source_trace_47","source_trace_23","source_trace_35","source_trace_18","source_trace_39","source_trace_46"],"failedName":"source_trace_7"}
{"name":"source_trace_34","package":"U_SOC","end":{"x":-15,"y":-4.08},"expanded":126942,"newVias":0,"reusedBootstrapLayer":"top","length":12.128326416015625}
{"name":"source_trace_33","package":"U_SOC","end":{"x":-15,"y":-4.3999999999999995},"expanded":137533,"newVias":1,"reusedBootstrapLayer":"bottom","length":11.028427124023438}
{"name":"source_trace_7","package":"U_SOC","end":{"x":-15,"y":-5.56},"expanded":297222,"newVias":1,"reusedBootstrapLayer":"bottom","length":12.171858787536621}
{"name":"source_trace_19","package":"U_SOC","end":{"x":-15,"y":5.48},"expanded":311181,"newVias":1,"reusedBootstrapLayer":"bottom","length":18.223800659179688}
{"name":"source_trace_21","package":"U_SOC","end":{"x":-15,"y":5.960000000000001},"expanded":86085,"newVias":0,"reusedBootstrapLayer":"top","length":16.203414916992188}
{"name":"source_trace_36","package":"U_SOC","end":{"x":-15,"y":6.440000000000001},"expanded":222452,"newVias":1,"reusedBootstrapLayer":"bottom","length":18.00556755065918}
{"name":"source_trace_45","package":"U_SOC","end":{"x":-15,"y":-7},"expanded":63704,"newVias":1,"reusedBootstrapLayer":"bottom","length":9.648528099060059}
{"name":"source_trace_8","package":"U_SOC","end":{"x":-15,"y":-6.04},"expanded":91188,"newVias":1,"reusedBootstrapLayer":"bottom","length":9.080488204956055}
{"name":"source_trace_24","package":"U_SOC","end":{"x":-15,"y":-8.44},"expanded":82285,"newVias":1,"reusedBootstrapLayer":"bottom","length":9.91362476348877}
{"name":"source_trace_44","package":"U_SOC","end":{"x":-15,"y":-7.48},"expanded":237050,"newVias":1,"reusedBootstrapLayer":"bottom","length":12.060386657714844}
{"name":"source_trace_37","package":"U_SOC","end":{"x":-15,"y":-8.92},"expanded":68490,"newVias":0,"reusedBootstrapLayer":"top","length":14.912446975708008}
{"name":"source_trace_20","package":"U_SOC","end":{"x":-15,"y":2.120000000000001},"expanded":37354,"newVias":0,"reusedBootstrapLayer":"top","length":12.937484741210938}
{"name":"source_trace_9","package":"U_SOC","end":{"x":-15,"y":2.5999999999999996},"expanded":175187,"newVias":1,"reusedBootstrapLayer":"bottom","length":15.196550369262695}
{"name":"source_trace_38","package":"U_SOC","end":{"x":-15,"y":-9.4},"expanded":98556,"newVias":1,"reusedBootstrapLayer":"bottom","length":13.370680809020996}
{"name":"source_trace_0","package":"U_SOC","end":{"x":-15,"y":3.08},"expanded":222012,"newVias":1,"reusedBootstrapLayer":"bottom","length":18.428022384643555}
{"name":"source_trace_5","package":"U_SOC","end":{"x":-15,"y":-3.6399999999999997},"expanded":1484836,"newVias":3,"reusedBootstrapLayer":"bottom","length":23.37291717529297}
{"package":"U_SOC","trial":5,"order":["source_trace_34","source_trace_33","source_trace_7","source_trace_19","source_trace_21","source_trace_36","source_trace_45","source_trace_8","source_trace_24","source_trace_44","source_trace_37","source_trace_20","source_trace_9","source_trace_38","source_trace_0","source_trace_5","source_trace_22","source_trace_48","source_trace_25","source_trace_6","source_trace_47","source_trace_23","source_trace_35","source_trace_18","source_trace_39","source_trace_46"],"failedName":"source_trace_22"}
{"name":"source_trace_34","package":"U_SOC","end":{"x":-15,"y":-4.08},"expanded":126942,"newVias":0,"reusedBootstrapLayer":"top","length":12.128326416015625}
{"name":"source_trace_33","package":"U_SOC","end":{"x":-15,"y":-4.3999999999999995},"expanded":137533,"newVias":1,"reusedBootstrapLayer":"bottom","length":11.028427124023438}
{"name":"source_trace_22","package":"U_SOC","end":{"x":-15,"y":-5.08},"expanded":202326,"newVias":1,"reusedBootstrapLayer":"bottom","length":13.918132781982422}
{"name":"source_trace_7","package":"U_SOC","end":{"x":-15,"y":-5.56},"expanded":200827,"newVias":1,"reusedBootstrapLayer":"bottom","length":12.33872127532959}
{"name":"source_trace_19","package":"U_SOC","end":{"x":-15,"y":5.48},"expanded":362085,"newVias":1,"reusedBootstrapLayer":"bottom","length":19.16438865661621}
{"name":"source_trace_21","package":"U_SOC","end":{"x":-15,"y":5.960000000000001},"expanded":422859,"newVias":0,"reusedBootstrapLayer":"top","length":19.03537368774414}
{"name":"source_trace_36","package":"U_SOC","end":{"x":-15,"y":6.440000000000001},"expanded":486002,"newVias":1,"reusedBootstrapLayer":"bottom","length":22.952816009521484}
{"package":"U_SOC","trial":6,"order":["source_trace_34","source_trace_33","source_trace_22","source_trace_7","source_trace_19","source_trace_21","source_trace_36","source_trace_45","source_trace_8","source_trace_24","source_trace_44","source_trace_37","source_trace_20","source_trace_9","source_trace_38","source_trace_0","source_trace_5","source_trace_48","source_trace_25","source_trace_6","source_trace_47","source_trace_23","source_trace_35","source_trace_18","source_trace_39","source_trace_46"],"failedName":"source_trace_45"}
{"name":"source_trace_34","package":"U_SOC","end":{"x":-15,"y":-4.08},"expanded":126942,"newVias":0,"reusedBootstrapLayer":"top","length":12.128326416015625}
{"name":"source_trace_33","package":"U_SOC","end":{"x":-15,"y":-4.3999999999999995},"expanded":137533,"newVias":1,"reusedBootstrapLayer":"bottom","length":11.028427124023438}
{"name":"source_trace_45","package":"U_SOC","end":{"x":-15,"y":-7},"expanded":64591,"newVias":1,"reusedBootstrapLayer":"bottom","length":9.648528099060059}
{"name":"source_trace_22","package":"U_SOC","end":{"x":-15,"y":-5.08},"expanded":184874,"newVias":1,"reusedBootstrapLayer":"bottom","length":13.918132781982422}
{"name":"source_trace_7","package":"U_SOC","end":{"x":-15,"y":-5.56},"expanded":347421,"newVias":1,"reusedBootstrapLayer":"bottom","length":13.727838516235352}
{"name":"source_trace_19","package":"U_SOC","end":{"x":-15,"y":5.48},"expanded":358076,"newVias":1,"reusedBootstrapLayer":"bottom","length":19.16438865661621}
{"name":"source_trace_21","package":"U_SOC","end":{"x":-15,"y":5.960000000000001},"expanded":422859,"newVias":0,"reusedBootstrapLayer":"top","length":19.03537368774414}
{"name":"source_trace_36","package":"U_SOC","end":{"x":-15,"y":6.440000000000001},"expanded":369089,"newVias":1,"reusedBootstrapLayer":"bottom","length":22.952816009521484}
{"package":"U_SOC","trial":7,"order":["source_trace_34","source_trace_33","source_trace_45","source_trace_22","source_trace_7","source_trace_19","source_trace_21","source_trace_36","source_trace_8","source_trace_24","source_trace_44","source_trace_37","source_trace_20","source_trace_9","source_trace_38","source_trace_0","source_trace_5","source_trace_48","source_trace_25","source_trace_6","source_trace_47","source_trace_23","source_trace_35","source_trace_18","source_trace_39","source_trace_46"],"failedName":"source_trace_8"}
{"name":"source_trace_34","package":"U_SOC","end":{"x":-15,"y":-4.08},"expanded":126942,"newVias":0,"reusedBootstrapLayer":"top","length":12.128326416015625}
{"name":"source_trace_33","package":"U_SOC","end":{"x":-15,"y":-4.3999999999999995},"expanded":137533,"newVias":1,"reusedBootstrapLayer":"bottom","length":11.028427124023438}
{"name":"source_trace_8","package":"U_SOC","end":{"x":-15,"y":-6.04},"expanded":116914,"newVias":1,"reusedBootstrapLayer":"bottom","length":9.080488204956055}
{"name":"source_trace_45","package":"U_SOC","end":{"x":-15,"y":-7},"expanded":55635,"newVias":1,"reusedBootstrapLayer":"bottom","length":9.648528099060059}
{"name":"source_trace_22","package":"U_SOC","end":{"x":-15,"y":-5.08},"expanded":178657,"newVias":1,"reusedBootstrapLayer":"bottom","length":13.918132781982422}
{"package":"U_SOC","trial":8,"order":["source_trace_34","source_trace_33","source_trace_8","source_trace_45","source_trace_22","source_trace_7","source_trace_19","source_trace_21","source_trace_36","source_trace_24","source_trace_44","source_trace_37","source_trace_20","source_trace_9","source_trace_38","source_trace_0","source_trace_5","source_trace_48","source_trace_25","source_trace_6","source_trace_47","source_trace_23","source_trace_35","source_trace_18","source_trace_39","source_trace_46"],"failedName":"source_trace_7"}
{"name":"source_trace_34","package":"U_SOC","end":{"x":-15,"y":-4.08},"expanded":126942,"newVias":0,"reusedBootstrapLayer":"top","length":12.128326416015625}
{"name":"source_trace_33","package":"U_SOC","end":{"x":-15,"y":-4.3999999999999995},"expanded":137533,"newVias":1,"reusedBootstrapLayer":"bottom","length":11.028427124023438}
{"name":"source_trace_7","package":"U_SOC","end":{"x":-15,"y":-5.56},"expanded":297222,"newVias":1,"reusedBootstrapLayer":"bottom","length":12.171858787536621}
{"name":"source_trace_8","package":"U_SOC","end":{"x":-15,"y":-6.04},"expanded":115372,"newVias":1,"reusedBootstrapLayer":"bottom","length":9.080488204956055}
{"name":"source_trace_45","package":"U_SOC","end":{"x":-15,"y":-7},"expanded":54751,"newVias":1,"reusedBootstrapLayer":"bottom","length":9.648528099060059}
{"package":"U_SOC","trial":9,"order":["source_trace_34","source_trace_33","source_trace_7","source_trace_8","source_trace_45","source_trace_22","source_trace_19","source_trace_21","source_trace_36","source_trace_24","source_trace_44","source_trace_37","source_trace_20","source_trace_9","source_trace_38","source_trace_0","source_trace_5","source_trace_48","source_trace_25","source_trace_6","source_trace_47","source_trace_23","source_trace_35","source_trace_18","source_trace_39","source_trace_46"],"failedName":"source_trace_22"}
{"name":"source_trace_34","package":"U_SOC","end":{"x":-15,"y":-4.08},"expanded":126942,"newVias":0,"reusedBootstrapLayer":"top","length":12.128326416015625}
{"name":"source_trace_33","package":"U_SOC","end":{"x":-15,"y":-4.3999999999999995},"expanded":137533,"newVias":1,"reusedBootstrapLayer":"bottom","length":11.028427124023438}
{"name":"source_trace_22","package":"U_SOC","end":{"x":-15,"y":-5.08},"expanded":202326,"newVias":1,"reusedBootstrapLayer":"bottom","length":13.918132781982422}
{"name":"source_trace_7","package":"U_SOC","end":{"x":-15,"y":-5.56},"expanded":200827,"newVias":1,"reusedBootstrapLayer":"bottom","length":12.33872127532959}
{"name":"source_trace_8","package":"U_SOC","end":{"x":-15,"y":-6.04},"expanded":98427,"newVias":1,"reusedBootstrapLayer":"bottom","length":9.080488204956055}
{"package":"U_SOC","trial":10,"order":["source_trace_34","source_trace_33","source_trace_22","source_trace_7","source_trace_8","source_trace_45","source_trace_19","source_trace_21","source_trace_36","source_trace_24","source_trace_44","source_trace_37","source_trace_20","source_trace_9","source_trace_38","source_trace_0","source_trace_5","source_trace_48","source_trace_25","source_trace_6","source_trace_47","source_trace_23","source_trace_35","source_trace_18","source_trace_39","source_trace_46"],"failedName":"source_trace_45"}
{"name":"source_trace_34","package":"U_SOC","end":{"x":-15,"y":-4.08},"expanded":126942,"newVias":0,"reusedBootstrapLayer":"top","length":12.128326416015625}
{"name":"source_trace_33","package":"U_SOC","end":{"x":-15,"y":-4.3999999999999995},"expanded":137533,"newVias":1,"reusedBootstrapLayer":"bottom","length":11.028427124023438}
{"name":"source_trace_45","package":"U_SOC","end":{"x":-15,"y":-7},"expanded":64591,"newVias":1,"reusedBootstrapLayer":"bottom","length":9.648528099060059}
{"name":"source_trace_22","package":"U_SOC","end":{"x":-15,"y":-5.08},"expanded":184874,"newVias":1,"reusedBootstrapLayer":"bottom","length":13.918132781982422}
{"name":"source_trace_7","package":"U_SOC","end":{"x":-15,"y":-5.56},"expanded":347421,"newVias":1,"reusedBootstrapLayer":"bottom","length":13.727838516235352}
{"package":"U_SOC","trial":11,"order":["source_trace_34","source_trace_33","source_trace_45","source_trace_22","source_trace_7","source_trace_8","source_trace_19","source_trace_21","source_trace_36","source_trace_24","source_trace_44","source_trace_37","source_trace_20","source_trace_9","source_trace_38","source_trace_0","source_trace_5","source_trace_48","source_trace_25","source_trace_6","source_trace_47","source_trace_23","source_trace_35","source_trace_18","source_trace_39","source_trace_46"],"failedName":"source_trace_8"}
