{"name":"source_trace_28","package":"U_SOC","end":{"x":-6.72,"y":-10.5},"expanded":137060,"newVias":1,"reusedBootstrapLayer":"bottom","length":10.565584182739258}
{"name":"source_trace_1","package":"U_SOC","end":{"x":-4.16,"y":-10.5},"expanded":22950,"newVias":0,"reusedBootstrapLayer":"top","length":6.182985782623291}
{"name":"source_trace_2","package":"U_SOC","end":{"x":-4.4799999999999995,"y":-10.5},"expanded":112213,"newVias":2,"reusedBootstrapLayer":"top","length":6.572589874267578}
{"name":"source_trace_41","package":"U_SOC","end":{"x":-5.4399999999999995,"y":-10.5},"expanded":151342,"newVias":2,"reusedBootstrapLayer":"top","length":9.300630569458008}
{"name":"source_trace_27","package":"U_SOC","end":{"x":-6.4,"y":-10.5},"expanded":131227,"newVias":1,"reusedBootstrapLayer":"bottom","length":10.924407005310059}
{"package":"U_SOC","trial":0,"order":["source_trace_28","source_trace_1","source_trace_2","source_trace_41","source_trace_27","source_trace_13","source_trace_11","source_trace_12","source_trace_29","source_trace_26","source_trace_40"],"failedName":"source_trace_13"}
{"name":"source_trace_28","package":"U_SOC","end":{"x":-6.72,"y":-10.5},"expanded":137060,"newVias":1,"reusedBootstrapLayer":"bottom","length":10.565584182739258}
{"name":"source_trace_27","package":"U_SOC","end":{"x":-6.4,"y":-10.5},"expanded":144586,"newVias":1,"reusedBootstrapLayer":"bottom","length":10.924407005310059}
{"name":"source_trace_13","package":"U_SOC","end":{"x":-3.84,"y":-10.5},"expanded":20346,"newVias":0,"reusedBootstrapLayer":"top","length":6.907493591308594}
{"package":"U_SOC","trial":1,"order":["source_trace_28","source_trace_27","source_trace_13","source_trace_1","source_trace_2","source_trace_41","source_trace_11","source_trace_12","source_trace_29","source_trace_26","source_trace_40"],"failedName":"source_trace_1"}
{"name":"source_trace_28","package":"U_SOC","end":{"x":-6.72,"y":-10.5},"expanded":137060,"newVias":1,"reusedBootstrapLayer":"bottom","length":10.565584182739258}
{"name":"source_trace_27","package":"U_SOC","end":{"x":-6.4,"y":-10.5},"expanded":144586,"newVias":1,"reusedBootstrapLayer":"bottom","length":10.924407005310059}
{"name":"source_trace_1","package":"U_SOC","end":{"x":-4.16,"y":-10.5},"expanded":22950,"newVias":0,"reusedBootstrapLayer":"top","length":6.182985782623291}
{"name":"source_trace_13","package":"U_SOC","end":{"x":-3.84,"y":-10.5},"expanded":96410,"newVias":2,"reusedBootstrapLayer":"top","length":6.4622955322265625}
{"name":"source_trace_2","package":"U_SOC","end":{"x":-4.4799999999999995,"y":-10.5},"expanded":96871,"newVias":2,"reusedBootstrapLayer":"top","length":6.8069047927856445}
{"name":"source_trace_41","package":"U_SOC","end":{"x":-5.4399999999999995,"y":-10.5},"expanded":130389,"newVias":2,"reusedBootstrapLayer":"top","length":9.300630569458008}
{"name":"source_trace_11","package":"U_SOC","end":{"x":-7.04,"y":-10.5},"expanded":135638,"newVias":2,"reusedBootstrapLayer":"top","length":10.781463623046875}
{"name":"source_trace_12","package":"U_SOC","end":{"x":-7.359999999999999,"y":-10.5},"expanded":141428,"newVias":0,"reusedBootstrapLayer":"top","length":15.075188636779785}
{"name":"source_trace_29","package":"U_SOC","end":{"x":-7.68,"y":-10.5},"expanded":180030,"newVias":2,"reusedBootstrapLayer":"top","length":12.332244873046875}
{"name":"source_trace_26","package":"U_SOC","end":{"x":-3.2,"y":-10.5},"expanded":153344,"newVias":2,"reusedBootstrapLayer":"top","length":10.123372077941895}
{"name":"source_trace_40","package":"U_SOC","end":{"x":-8,"y":-10.5},"expanded":155171,"newVias":2,"reusedBootstrapLayer":"top","length":13.323026657104492}
{"status":"LOCAL_FANOUTS_READY_FOR_NATIVE_CHANNEL_ROUTING","localEscapes":22,"channel":{"input":{"path":"dist/am3352-ram-rotated-180-cpu-strobe-corridor-fanouts-attempt-288/channel.input.simple-route.json","sha256":"57e1751bb85cc0512b460eca6467cd386b8975bf996f169f495b3a08b53583b7"}}}
