{"name":"source_trace_3","package":"U_RAM","end":{"x":2.8000000000000007,"y":-18},"expanded":34966,"newVias":0,"reusedBootstrapLayer":"bottom","length":9.575676918029785}
{"name":"source_trace_15","package":"U_RAM","end":{"x":4.08,"y":-18},"expanded":37190,"newVias":0,"reusedBootstrapLayer":"bottom","length":9.587047576904297}
{"name":"source_trace_30","package":"U_RAM","end":{"x":4.720000000000001,"y":-18},"expanded":33164,"newVias":0,"reusedBootstrapLayer":"bottom","length":7.890681266784668}
{"name":"source_trace_42","package":"U_RAM","end":{"x":5.040000000000001,"y":-18},"expanded":13014,"newVias":0,"reusedBootstrapLayer":"bottom","length":8.327837944030762}
{"package":"U_RAM","trial":0,"order":["source_trace_3","source_trace_15","source_trace_30","source_trace_42","source_trace_16","source_trace_14","source_trace_17","source_trace_4","source_trace_31","source_trace_43","source_trace_32"],"failedName":"source_trace_16"}
{"name":"source_trace_16","package":"U_RAM","end":{"x":4.4,"y":-18},"expanded":71701,"newVias":0,"reusedBootstrapLayer":"bottom","length":10.707047462463379}
{"name":"source_trace_3","package":"U_RAM","end":{"x":2.8000000000000007,"y":-18},"expanded":34726,"newVias":0,"reusedBootstrapLayer":"bottom","length":9.575676918029785}
{"name":"source_trace_15","package":"U_RAM","end":{"x":4.08,"y":-18},"expanded":32377,"newVias":0,"reusedBootstrapLayer":"bottom","length":9.587047576904297}
{"name":"source_trace_30","package":"U_RAM","end":{"x":4.720000000000001,"y":-18},"expanded":28460,"newVias":0,"reusedBootstrapLayer":"bottom","length":7.914112567901611}
{"name":"source_trace_42","package":"U_RAM","end":{"x":5.040000000000001,"y":-18},"expanded":15487,"newVias":0,"reusedBootstrapLayer":"bottom","length":8.515290260314941}
{"name":"source_trace_14","package":"U_RAM","end":{"x":3.120000000000001,"y":-18},"expanded":188282,"newVias":1,"reusedBootstrapLayer":"top","length":8.389402389526367}
{"name":"source_trace_17","package":"U_RAM","end":{"x":5.359999999999999,"y":-18},"expanded":119454,"newVias":0,"reusedBootstrapLayer":"bottom","length":13.753767967224121}
{"name":"source_trace_4","package":"U_RAM","end":{"x":5.68,"y":-18},"expanded":137947,"newVias":0,"reusedBootstrapLayer":"bottom","length":16.206315994262695}
{"name":"source_trace_31","package":"U_RAM","end":{"x":6.960000000000001,"y":-18},"expanded":407703,"newVias":1,"reusedBootstrapLayer":"top","length":17.068082809448242}
{"package":"U_RAM","trial":1,"order":["source_trace_16","source_trace_3","source_trace_15","source_trace_30","source_trace_42","source_trace_14","source_trace_17","source_trace_4","source_trace_31","source_trace_43","source_trace_32"],"failedName":"source_trace_43"}
{"name":"source_trace_43","package":"U_RAM","end":{"x":3.120000000000001,"y":-18},"expanded":4573,"newVias":0,"reusedBootstrapLayer":"bottom","length":9.198822975158691}
{"name":"source_trace_16","package":"U_RAM","end":{"x":4.4,"y":-18},"expanded":248185,"newVias":0,"reusedBootstrapLayer":"bottom","length":14.956122398376465}
{"name":"source_trace_3","package":"U_RAM","end":{"x":2.8000000000000007,"y":-18},"expanded":34966,"newVias":0,"reusedBootstrapLayer":"bottom","length":9.575676918029785}
{"name":"source_trace_15","package":"U_RAM","end":{"x":4.08,"y":-18},"expanded":347236,"newVias":1,"reusedBootstrapLayer":"top","length":9.6339111328125}
{"name":"source_trace_30","package":"U_RAM","end":{"x":5.359999999999999,"y":-18},"expanded":388355,"newVias":0,"reusedBootstrapLayer":"bottom","length":21.501361846923828}
{"name":"source_trace_42","package":"U_RAM","end":{"x":4.720000000000001,"y":-18},"expanded":138721,"newVias":2,"reusedBootstrapLayer":"bottom","length":8.592935562133789}
{"name":"source_trace_14","package":"U_RAM","end":{"x":6.960000000000001,"y":-18},"expanded":773183,"newVias":1,"reusedBootstrapLayer":"top","length":27.159942626953125}
{"name":"source_trace_17","package":"U_RAM","end":{"x":5.68,"y":-18},"expanded":619952,"newVias":1,"reusedBootstrapLayer":"top","length":17.986215591430664}
{"package":"U_RAM","trial":2,"order":["source_trace_43","source_trace_16","source_trace_3","source_trace_15","source_trace_30","source_trace_42","source_trace_14","source_trace_17","source_trace_4","source_trace_31","source_trace_32"],"failedName":"source_trace_4"}
{"name":"source_trace_4","package":"U_RAM","end":{"x":2.8000000000000007,"y":-18},"expanded":41517,"newVias":0,"reusedBootstrapLayer":"bottom","length":10.375677108764648}
{"name":"source_trace_43","package":"U_RAM","end":{"x":3.120000000000001,"y":-18},"expanded":3628,"newVias":0,"reusedBootstrapLayer":"bottom","length":9.198822975158691}
{"name":"source_trace_16","package":"U_RAM","end":{"x":4.4,"y":-18},"expanded":224058,"newVias":0,"reusedBootstrapLayer":"bottom","length":14.956122398376465}
{"name":"source_trace_3","package":"U_RAM","end":{"x":5.359999999999999,"y":-18},"expanded":223406,"newVias":0,"reusedBootstrapLayer":"bottom","length":18.62940216064453}
{"name":"source_trace_15","package":"U_RAM","end":{"x":4.08,"y":-18},"expanded":215555,"newVias":1,"reusedBootstrapLayer":"top","length":9.6339111328125}
{"name":"source_trace_30","package":"U_RAM","end":{"x":4.720000000000001,"y":-18},"expanded":298555,"newVias":2,"reusedBootstrapLayer":"bottom","length":7.792934417724609}
{"name":"source_trace_42","package":"U_RAM","end":{"x":5.68,"y":-18},"expanded":556450,"newVias":2,"reusedBootstrapLayer":"bottom","length":19.78371810913086}
{"name":"source_trace_14","package":"U_RAM","end":{"x":6.640000000000001,"y":-18},"expanded":522282,"newVias":0,"reusedBootstrapLayer":"bottom","length":24.52562713623047}
{"name":"source_trace_17","package":"U_RAM","end":{"x":6.960000000000001,"y":-18},"expanded":648158,"newVias":1,"reusedBootstrapLayer":"top","length":19.400285720825195}
{"package":"U_RAM","trial":3,"order":["source_trace_4","source_trace_43","source_trace_16","source_trace_3","source_trace_15","source_trace_30","source_trace_42","source_trace_14","source_trace_17","source_trace_31","source_trace_32"],"failedName":"source_trace_31"}
{"name":"source_trace_31","package":"U_RAM","end":{"x":2.8000000000000007,"y":-18},"expanded":8157,"newVias":0,"reusedBootstrapLayer":"bottom","length":7.73137092590332}
{"name":"source_trace_4","package":"U_RAM","end":{"x":3.120000000000001,"y":-18},"expanded":95098,"newVias":0,"reusedBootstrapLayer":"bottom","length":12.777056694030762}
{"name":"source_trace_43","package":"U_RAM","end":{"x":3.76,"y":-18},"expanded":8517,"newVias":0,"reusedBootstrapLayer":"bottom","length":9.783919334411621}
{"name":"source_trace_16","package":"U_RAM","end":{"x":4.4,"y":-18},"expanded":261006,"newVias":0,"reusedBootstrapLayer":"bottom","length":15.701706886291504}
{"name":"source_trace_3","package":"U_RAM","end":{"x":6.640000000000001,"y":-18},"expanded":412817,"newVias":0,"reusedBootstrapLayer":"bottom","length":21.470924377441406}
{"name":"source_trace_15","package":"U_RAM","end":{"x":4.08,"y":-18},"expanded":424355,"newVias":1,"reusedBootstrapLayer":"top","length":10.988569259643555}
{"name":"source_trace_30","package":"U_RAM","end":{"x":5.040000000000001,"y":-18},"expanded":699207,"newVias":2,"reusedBootstrapLayer":"bottom","length":9.151269912719727}
{"package":"U_RAM","trial":4,"order":["source_trace_31","source_trace_4","source_trace_43","source_trace_16","source_trace_3","source_trace_15","source_trace_30","source_trace_42","source_trace_14","source_trace_17","source_trace_32"],"failedName":"source_trace_42"}
{"name":"source_trace_42","package":"U_RAM","end":{"x":3.120000000000001,"y":-18},"expanded":3889,"newVias":0,"reusedBootstrapLayer":"bottom","length":7.598822593688965}
{"name":"source_trace_31","package":"U_RAM","end":{"x":2.8000000000000007,"y":-18},"expanded":8157,"newVias":0,"reusedBootstrapLayer":"bottom","length":7.73137092590332}
{"name":"source_trace_4","package":"U_RAM","end":{"x":3.76,"y":-18},"expanded":112505,"newVias":0,"reusedBootstrapLayer":"bottom","length":13.643330574035645}
{"name":"source_trace_43","package":"U_RAM","end":{"x":5.359999999999999,"y":-18},"expanded":9255,"newVias":0,"reusedBootstrapLayer":"bottom","length":10.388426780700684}
{"name":"source_trace_16","package":"U_RAM","end":{"x":4.4,"y":-18},"expanded":459266,"newVias":1,"reusedBootstrapLayer":"top","length":11.118762969970703}
{"name":"source_trace_3","package":"U_RAM","end":{"x":6.640000000000001,"y":-18},"expanded":374500,"newVias":0,"reusedBootstrapLayer":"bottom","length":21.470924377441406}
{"name":"source_trace_15","package":"U_RAM","end":{"x":4.08,"y":-18},"expanded":1368111,"newVias":2,"reusedBootstrapLayer":"bottom","length":19.452346801757812}
{"name":"source_trace_30","package":"U_RAM","end":{"x":6.960000000000001,"y":-18},"expanded":569129,"newVias":0,"reusedBootstrapLayer":"bottom","length":27.505382537841797}
{"name":"source_trace_14","package":"U_RAM","end":{"x":7.280000000000001,"y":-18},"expanded":585396,"newVias":0,"reusedBootstrapLayer":"bottom","length":26.308225631713867}
{"name":"source_trace_17","package":"U_RAM","end":{"x":7.600000000000001,"y":-18},"expanded":675778,"newVias":1,"reusedBootstrapLayer":"top","length":19.99057960510254}
{"package":"U_RAM","trial":5,"order":["source_trace_42","source_trace_31","source_trace_4","source_trace_43","source_trace_16","source_trace_3","source_trace_15","source_trace_30","source_trace_14","source_trace_17","source_trace_32"],"failedName":"source_trace_32"}
{"name":"source_trace_32","package":"U_RAM","end":{"x":2.8000000000000007,"y":-18},"expanded":9808,"newVias":0,"reusedBootstrapLayer":"bottom","length":9.331371307373047}
{"name":"source_trace_42","package":"U_RAM","end":{"x":3.120000000000001,"y":-18},"expanded":3024,"newVias":0,"reusedBootstrapLayer":"bottom","length":7.598822593688965}
{"name":"source_trace_31","package":"U_RAM","end":{"x":3.76,"y":-18},"expanded":192178,"newVias":0,"reusedBootstrapLayer":"bottom","length":13.221564292907715}
{"name":"source_trace_4","package":"U_RAM","end":{"x":5.359999999999999,"y":-18},"expanded":167498,"newVias":0,"reusedBootstrapLayer":"bottom","length":16.548913955688477}
{"package":"U_RAM","trial":6,"order":["source_trace_32","source_trace_42","source_trace_31","source_trace_4","source_trace_43","source_trace_16","source_trace_3","source_trace_15","source_trace_30","source_trace_14","source_trace_17"],"failedName":"source_trace_43"}
{"name":"source_trace_43","package":"U_RAM","end":{"x":3.120000000000001,"y":-18},"expanded":4573,"newVias":0,"reusedBootstrapLayer":"bottom","length":9.198822975158691}
{"name":"source_trace_32","package":"U_RAM","end":{"x":2.8000000000000007,"y":-18},"expanded":9808,"newVias":0,"reusedBootstrapLayer":"bottom","length":9.331371307373047}
{"package":"U_RAM","trial":7,"order":["source_trace_43","source_trace_32","source_trace_42","source_trace_31","source_trace_4","source_trace_16","source_trace_3","source_trace_15","source_trace_30","source_trace_14","source_trace_17"],"failedName":"source_trace_42"}
{"name":"source_trace_42","package":"U_RAM","end":{"x":3.120000000000001,"y":-18},"expanded":3889,"newVias":0,"reusedBootstrapLayer":"bottom","length":7.598822593688965}
{"name":"source_trace_43","package":"U_RAM","end":{"x":2.8000000000000007,"y":-18},"expanded":8857,"newVias":0,"reusedBootstrapLayer":"bottom","length":9.331371307373047}
{"name":"source_trace_32","package":"U_RAM","end":{"x":3.76,"y":-18},"expanded":99783,"newVias":0,"reusedBootstrapLayer":"bottom","length":11.243330001831055}
{"name":"source_trace_31","package":"U_RAM","end":{"x":5.359999999999999,"y":-18},"expanded":244438,"newVias":0,"reusedBootstrapLayer":"bottom","length":14.910579681396484}
{"name":"source_trace_4","package":"U_RAM","end":{"x":6.640000000000001,"y":-18},"expanded":367297,"newVias":0,"reusedBootstrapLayer":"bottom","length":20.61602210998535}
{"name":"source_trace_16","package":"U_RAM","end":{"x":4.4,"y":-18},"expanded":429473,"newVias":1,"reusedBootstrapLayer":"top","length":11.118762969970703}
{"name":"source_trace_3","package":"U_RAM","end":{"x":6.960000000000001,"y":-18},"expanded":395421,"newVias":0,"reusedBootstrapLayer":"bottom","length":22.459697723388672}
{"name":"source_trace_15","package":"U_RAM","end":{"x":4.08,"y":-18},"expanded":1300933,"newVias":2,"reusedBootstrapLayer":"bottom","length":18.983718872070312}
{"name":"source_trace_30","package":"U_RAM","end":{"x":7.280000000000001,"y":-18},"expanded":593369,"newVias":0,"reusedBootstrapLayer":"bottom","length":28.890478134155273}
{"name":"source_trace_14","package":"U_RAM","end":{"x":7.600000000000001,"y":-18},"expanded":621053,"newVias":0,"reusedBootstrapLayer":"bottom","length":27.64361572265625}
{"name":"source_trace_17","package":"U_RAM","end":{"x":5.040000000000001,"y":-18},"expanded":949076,"newVias":1,"reusedBootstrapLayer":"top","length":25.700183868408203}
{"name":"source_trace_3","package":"U_SOC","end":{"x":6.96,"y":-10.5},"expanded":44712,"newVias":0,"reusedBootstrapLayer":"bottom","length":5.829848289489746}
{"name":"source_trace_15","package":"U_SOC","end":{"x":4.08,"y":-10.5},"expanded":48266,"newVias":0,"reusedBootstrapLayer":"bottom","length":5.455289840698242}
{"name":"source_trace_30","package":"U_SOC","end":{"x":7.279999999999999,"y":-10.5},"expanded":18906,"newVias":0,"reusedBootstrapLayer":"bottom","length":7.718031883239746}
{"name":"source_trace_42","package":"U_SOC","end":{"x":3.12,"y":-10.5},"expanded":8894,"newVias":0,"reusedBootstrapLayer":"bottom","length":5.3890156745910645}
{"name":"source_trace_16","package":"U_SOC","end":{"x":4.4,"y":-10.5},"expanded":111210,"newVias":1,"reusedBootstrapLayer":"top","length":4.885096549987793}
{"name":"source_trace_14","package":"U_SOC","end":{"x":7.6,"y":-10.5},"expanded":13238,"newVias":0,"reusedBootstrapLayer":"bottom","length":8.650580406188965}
{"name":"source_trace_17","package":"U_SOC","end":{"x":5.04,"y":-10.5},"expanded":208481,"newVias":2,"reusedBootstrapLayer":"bottom","length":8.78347396850586}
{"name":"source_trace_4","package":"U_SOC","end":{"x":6.640000000000001,"y":-10.5},"expanded":72976,"newVias":1,"reusedBootstrapLayer":"top","length":6.438721656799316}
{"name":"source_trace_31","package":"U_SOC","end":{"x":5.36,"y":-10.5},"expanded":220328,"newVias":1,"reusedBootstrapLayer":"top","length":11.188671112060547}
{"name":"source_trace_43","package":"U_SOC","end":{"x":2.8000000000000003,"y":-10.5},"expanded":18817,"newVias":0,"reusedBootstrapLayer":"bottom","length":8.556854248046875}
{"package":"U_SOC","trial":0,"order":["source_trace_3","source_trace_15","source_trace_30","source_trace_42","source_trace_16","source_trace_14","source_trace_17","source_trace_4","source_trace_31","source_trace_43","source_trace_32"],"failedName":"source_trace_32"}
{"name":"source_trace_32","package":"U_SOC","end":{"x":3.76,"y":-10.5},"expanded":4063,"newVias":0,"reusedBootstrapLayer":"bottom","length":5.931959629058838}
{"name":"source_trace_3","package":"U_SOC","end":{"x":6.96,"y":-10.5},"expanded":140979,"newVias":0,"reusedBootstrapLayer":"bottom","length":11.163717269897461}
{"name":"source_trace_15","package":"U_SOC","end":{"x":4.08,"y":-10.5},"expanded":2359,"newVias":0,"reusedBootstrapLayer":"bottom","length":3.333137035369873}
{"name":"source_trace_30","package":"U_SOC","end":{"x":7.279999999999999,"y":-10.5},"expanded":50699,"newVias":0,"reusedBootstrapLayer":"bottom","length":11.665970802307129}
{"package":"U_SOC","trial":1,"order":["source_trace_32","source_trace_3","source_trace_15","source_trace_30","source_trace_42","source_trace_16","source_trace_14","source_trace_17","source_trace_4","source_trace_31","source_trace_43"],"failedName":"source_trace_42"}
{"name":"source_trace_42","package":"U_SOC","end":{"x":3.12,"y":-10.5},"expanded":6101,"newVias":0,"reusedBootstrapLayer":"bottom","length":4.398233890533447}
{"name":"source_trace_32","package":"U_SOC","end":{"x":3.76,"y":-10.5},"expanded":4063,"newVias":0,"reusedBootstrapLayer":"bottom","length":5.931959629058838}
{"name":"source_trace_3","package":"U_SOC","end":{"x":6.96,"y":-10.5},"expanded":122309,"newVias":1,"reusedBootstrapLayer":"top","length":5.829848289489746}
{"name":"source_trace_15","package":"U_SOC","end":{"x":4.08,"y":-10.5},"expanded":1348,"newVias":0,"reusedBootstrapLayer":"bottom","length":3.333137035369873}
{"name":"source_trace_30","package":"U_SOC","end":{"x":7.279999999999999,"y":-10.5},"expanded":47561,"newVias":0,"reusedBootstrapLayer":"bottom","length":10.496265411376953}
{"name":"source_trace_16","package":"U_SOC","end":{"x":4.4,"y":-10.5},"expanded":1021,"newVias":0,"reusedBootstrapLayer":"bottom","length":4.265685558319092}
{"name":"source_trace_14","package":"U_SOC","end":{"x":7.6,"y":-10.5},"expanded":32005,"newVias":0,"reusedBootstrapLayer":"bottom","length":10.479697227478027}
{"package":"U_SOC","trial":2,"order":["source_trace_42","source_trace_32","source_trace_3","source_trace_15","source_trace_30","source_trace_16","source_trace_14","source_trace_17","source_trace_4","source_trace_31","source_trace_43"],"failedName":"source_trace_17"}
{"name":"source_trace_17","package":"U_SOC","end":{"x":5.04,"y":-10.5},"expanded":8815,"newVias":0,"reusedBootstrapLayer":"bottom","length":5.6621527671813965}
{"name":"source_trace_42","package":"U_SOC","end":{"x":3.12,"y":-10.5},"expanded":3653,"newVias":0,"reusedBootstrapLayer":"bottom","length":4.398233890533447}
{"name":"source_trace_32","package":"U_SOC","end":{"x":3.76,"y":-10.5},"expanded":237639,"newVias":1,"reusedBootstrapLayer":"top","length":6.7501935958862305}
{"name":"source_trace_3","package":"U_SOC","end":{"x":6.96,"y":-10.5},"expanded":111003,"newVias":1,"reusedBootstrapLayer":"top","length":7.12592887878418}
{"package":"U_SOC","trial":3,"order":["source_trace_17","source_trace_42","source_trace_32","source_trace_3","source_trace_15","source_trace_30","source_trace_16","source_trace_14","source_trace_4","source_trace_31","source_trace_43"],"failedName":"source_trace_15"}
{"name":"source_trace_15","package":"U_SOC","end":{"x":4.08,"y":-10.5},"expanded":2359,"newVias":0,"reusedBootstrapLayer":"bottom","length":3.333137035369873}
{"name":"source_trace_17","package":"U_SOC","end":{"x":5.04,"y":-10.5},"expanded":11500,"newVias":0,"reusedBootstrapLayer":"bottom","length":5.849604606628418}
{"name":"source_trace_42","package":"U_SOC","end":{"x":3.12,"y":-10.5},"expanded":5878,"newVias":0,"reusedBootstrapLayer":"bottom","length":4.398233890533447}
{"name":"source_trace_32","package":"U_SOC","end":{"x":3.76,"y":-10.5},"expanded":237018,"newVias":1,"reusedBootstrapLayer":"top","length":6.882741928100586}
{"name":"source_trace_3","package":"U_SOC","end":{"x":6.96,"y":-10.5},"expanded":118104,"newVias":1,"reusedBootstrapLayer":"top","length":8.65730094909668}
{"name":"source_trace_30","package":"U_SOC","end":{"x":7.279999999999999,"y":-10.5},"expanded":24632,"newVias":0,"reusedBootstrapLayer":"bottom","length":8.896265029907227}
{"package":"U_SOC","trial":4,"order":["source_trace_15","source_trace_17","source_trace_42","source_trace_32","source_trace_3","source_trace_30","source_trace_16","source_trace_14","source_trace_4","source_trace_31","source_trace_43"],"failedName":"source_trace_16"}
{"name":"source_trace_16","package":"U_SOC","end":{"x":4.4,"y":-10.5},"expanded":1072,"newVias":0,"reusedBootstrapLayer":"bottom","length":4.265685558319092}
{"name":"source_trace_15","package":"U_SOC","end":{"x":4.08,"y":-10.5},"expanded":2359,"newVias":0,"reusedBootstrapLayer":"bottom","length":3.333137035369873}
{"name":"source_trace_17","package":"U_SOC","end":{"x":5.04,"y":-10.5},"expanded":11753,"newVias":0,"reusedBootstrapLayer":"bottom","length":5.9901933670043945}
{"name":"source_trace_42","package":"U_SOC","end":{"x":3.12,"y":-10.5},"expanded":6101,"newVias":0,"reusedBootstrapLayer":"bottom","length":4.398233890533447}
{"name":"source_trace_32","package":"U_SOC","end":{"x":3.76,"y":-10.5},"expanded":233212,"newVias":1,"reusedBootstrapLayer":"top","length":6.882741928100586}
{"name":"source_trace_3","package":"U_SOC","end":{"x":6.96,"y":-10.5},"expanded":118370,"newVias":1,"reusedBootstrapLayer":"top","length":8.65730094909668}
{"name":"source_trace_30","package":"U_SOC","end":{"x":7.279999999999999,"y":-10.5},"expanded":29752,"newVias":0,"reusedBootstrapLayer":"bottom","length":9.17744255065918}
{"name":"source_trace_14","package":"U_SOC","end":{"x":7.6,"y":-10.5},"expanded":28672,"newVias":0,"reusedBootstrapLayer":"bottom","length":10.109991073608398}
{"name":"source_trace_4","package":"U_SOC","end":{"x":6.640000000000001,"y":-10.5},"expanded":69338,"newVias":2,"reusedBootstrapLayer":"bottom","length":6.040386199951172}
{"name":"source_trace_31","package":"U_SOC","end":{"x":5.36,"y":-10.5},"expanded":203477,"newVias":1,"reusedBootstrapLayer":"top","length":10.042741775512695}
{"package":"U_SOC","trial":5,"order":["source_trace_16","source_trace_15","source_trace_17","source_trace_42","source_trace_32","source_trace_3","source_trace_30","source_trace_14","source_trace_4","source_trace_31","source_trace_43"],"failedName":"source_trace_43"}
{"name":"source_trace_43","package":"U_SOC","end":{"x":2.8000000000000003,"y":-10.5},"expanded":1188,"newVias":0,"reusedBootstrapLayer":"bottom","length":5.86568546295166}
{"name":"source_trace_16","package":"U_SOC","end":{"x":4.4,"y":-10.5},"expanded":1072,"newVias":0,"reusedBootstrapLayer":"bottom","length":4.265685558319092}
{"name":"source_trace_15","package":"U_SOC","end":{"x":4.08,"y":-10.5},"expanded":2359,"newVias":0,"reusedBootstrapLayer":"bottom","length":3.333137035369873}
{"name":"source_trace_17","package":"U_SOC","end":{"x":5.04,"y":-10.5},"expanded":9780,"newVias":0,"reusedBootstrapLayer":"bottom","length":5.9901933670043945}
{"name":"source_trace_42","package":"U_SOC","end":{"x":3.12,"y":-10.5},"expanded":5329,"newVias":0,"reusedBootstrapLayer":"bottom","length":4.464508056640625}
{"package":"U_SOC","trial":6,"order":["source_trace_43","source_trace_16","source_trace_15","source_trace_17","source_trace_42","source_trace_32","source_trace_3","source_trace_30","source_trace_14","source_trace_4","source_trace_31"],"failedName":"source_trace_32"}
{"name":"source_trace_32","package":"U_SOC","end":{"x":3.76,"y":-10.5},"expanded":4063,"newVias":0,"reusedBootstrapLayer":"bottom","length":5.931959629058838}
{"name":"source_trace_43","package":"U_SOC","end":{"x":2.8000000000000003,"y":-10.5},"expanded":1182,"newVias":0,"reusedBootstrapLayer":"bottom","length":5.86568546295166}
{"name":"source_trace_16","package":"U_SOC","end":{"x":4.4,"y":-10.5},"expanded":1021,"newVias":0,"reusedBootstrapLayer":"bottom","length":4.265685558319092}
{"name":"source_trace_15","package":"U_SOC","end":{"x":4.08,"y":-10.5},"expanded":2359,"newVias":0,"reusedBootstrapLayer":"bottom","length":3.333137035369873}
{"name":"source_trace_17","package":"U_SOC","end":{"x":5.04,"y":-10.5},"expanded":10213,"newVias":0,"reusedBootstrapLayer":"bottom","length":8.249604225158691}
{"package":"U_SOC","trial":7,"order":["source_trace_32","source_trace_43","source_trace_16","source_trace_15","source_trace_17","source_trace_42","source_trace_3","source_trace_30","source_trace_14","source_trace_4","source_trace_31"],"failedName":"source_trace_42"}
{"name":"source_trace_42","package":"U_SOC","end":{"x":3.12,"y":-10.5},"expanded":6101,"newVias":0,"reusedBootstrapLayer":"bottom","length":4.398233890533447}
{"name":"source_trace_32","package":"U_SOC","end":{"x":3.76,"y":-10.5},"expanded":4063,"newVias":0,"reusedBootstrapLayer":"bottom","length":5.931959629058838}
{"name":"source_trace_43","package":"U_SOC","end":{"x":2.8000000000000003,"y":-10.5},"expanded":9807,"newVias":0,"reusedBootstrapLayer":"bottom","length":6.715878963470459}
{"name":"source_trace_16","package":"U_SOC","end":{"x":4.4,"y":-10.5},"expanded":1021,"newVias":0,"reusedBootstrapLayer":"bottom","length":4.265685558319092}
{"name":"source_trace_15","package":"U_SOC","end":{"x":4.08,"y":-10.5},"expanded":2359,"newVias":0,"reusedBootstrapLayer":"bottom","length":3.333137035369873}
{"name":"source_trace_17","package":"U_SOC","end":{"x":5.04,"y":-10.5},"expanded":10213,"newVias":0,"reusedBootstrapLayer":"bottom","length":8.249604225158691}
{"name":"source_trace_3","package":"U_SOC","end":{"x":6.96,"y":-10.5},"expanded":117000,"newVias":1,"reusedBootstrapLayer":"top","length":5.829848289489746}
{"name":"source_trace_30","package":"U_SOC","end":{"x":7.279999999999999,"y":-10.5},"expanded":49138,"newVias":0,"reusedBootstrapLayer":"bottom","length":11.665970802307129}
{"package":"U_SOC","trial":8,"order":["source_trace_42","source_trace_32","source_trace_43","source_trace_16","source_trace_15","source_trace_17","source_trace_3","source_trace_30","source_trace_14","source_trace_4","source_trace_31"],"failedName":"source_trace_14"}
{"name":"source_trace_14","package":"U_SOC","end":{"x":7.6,"y":-10.5},"expanded":26454,"newVias":0,"reusedBootstrapLayer":"bottom","length":7.932590007781982}
{"name":"source_trace_42","package":"U_SOC","end":{"x":3.12,"y":-10.5},"expanded":6101,"newVias":0,"reusedBootstrapLayer":"bottom","length":4.398233890533447}
{"name":"source_trace_32","package":"U_SOC","end":{"x":3.76,"y":-10.5},"expanded":220987,"newVias":1,"reusedBootstrapLayer":"top","length":6.7501935958862305}
{"name":"source_trace_43","package":"U_SOC","end":{"x":2.8000000000000003,"y":-10.5},"expanded":10270,"newVias":0,"reusedBootstrapLayer":"bottom","length":6.8564677238464355}
{"name":"source_trace_16","package":"U_SOC","end":{"x":4.4,"y":-10.5},"expanded":10897,"newVias":0,"reusedBootstrapLayer":"bottom","length":4.762741565704346}
{"package":"U_SOC","trial":9,"order":["source_trace_14","source_trace_42","source_trace_32","source_trace_43","source_trace_16","source_trace_15","source_trace_17","source_trace_3","source_trace_30","source_trace_4","source_trace_31"],"failedName":"source_trace_15"}
{"name":"source_trace_15","package":"U_SOC","end":{"x":4.08,"y":-10.5},"expanded":2359,"newVias":0,"reusedBootstrapLayer":"bottom","length":3.333137035369873}
{"name":"source_trace_14","package":"U_SOC","end":{"x":7.6,"y":-10.5},"expanded":22620,"newVias":0,"reusedBootstrapLayer":"bottom","length":7.932590007781982}
{"name":"source_trace_42","package":"U_SOC","end":{"x":3.12,"y":-10.5},"expanded":6101,"newVias":0,"reusedBootstrapLayer":"bottom","length":4.398233890533447}
{"name":"source_trace_32","package":"U_SOC","end":{"x":3.76,"y":-10.5},"expanded":222430,"newVias":1,"reusedBootstrapLayer":"top","length":6.882741928100586}
{"name":"source_trace_43","package":"U_SOC","end":{"x":2.8000000000000003,"y":-10.5},"expanded":10270,"newVias":0,"reusedBootstrapLayer":"bottom","length":6.8564677238464355}
{"name":"source_trace_16","package":"U_SOC","end":{"x":4.4,"y":-10.5},"expanded":1072,"newVias":0,"reusedBootstrapLayer":"bottom","length":4.265685558319092}
{"name":"source_trace_17","package":"U_SOC","end":{"x":5.04,"y":-10.5},"expanded":203668,"newVias":2,"reusedBootstrapLayer":"bottom","length":7.39470100402832}
{"name":"source_trace_3","package":"U_SOC","end":{"x":6.96,"y":-10.5},"expanded":109040,"newVias":1,"reusedBootstrapLayer":"top","length":8.65730094909668}
{"package":"U_SOC","trial":10,"order":["source_trace_15","source_trace_14","source_trace_42","source_trace_32","source_trace_43","source_trace_16","source_trace_17","source_trace_3","source_trace_30","source_trace_4","source_trace_31"],"failedName":"source_trace_30"}
{"name":"source_trace_30","package":"U_SOC","end":{"x":7.279999999999999,"y":-10.5},"expanded":26019,"newVias":0,"reusedBootstrapLayer":"bottom","length":7.281219482421875}
{"name":"source_trace_15","package":"U_SOC","end":{"x":4.08,"y":-10.5},"expanded":2359,"newVias":0,"reusedBootstrapLayer":"bottom","length":3.333137035369873}
{"name":"source_trace_14","package":"U_SOC","end":{"x":7.6,"y":-10.5},"expanded":11221,"newVias":0,"reusedBootstrapLayer":"bottom","length":7.932590007781982}
{"package":"U_SOC","trial":11,"order":["source_trace_30","source_trace_15","source_trace_14","source_trace_42","source_trace_32","source_trace_43","source_trace_16","source_trace_17","source_trace_3","source_trace_4","source_trace_31"],"failedName":"source_trace_42"}
