{"name":"DDR_BA2","found":false,"planned":15,"expanded":2700000,"error":"manual bridge timeout","qualifiedNewDdrSignals":0}
{"name":"DDR_A7","found":false,"planned":15,"expanded":2350000,"error":"manual bridge timeout","qualifiedNewDdrSignals":0}
{"name":"DDR_A11","found":true,"planned":15,"opened":["DDR_BA1"],"expanded":372191,"error":null,"qualifiedNewDdrSignals":0}
{"name":"DDR_A5","found":false,"planned":15,"expanded":2000000,"error":"manual bridge timeout","qualifiedNewDdrSignals":0}
{"name":"DDR_BA0","found":false,"planned":15,"expanded":2250000,"error":"manual bridge timeout","qualifiedNewDdrSignals":0}
{"name":"DDR_A0","found":false,"planned":15,"expanded":2800000,"error":"manual bridge timeout","qualifiedNewDdrSignals":0}
{"name":"DDR_A10","found":false,"planned":15,"expanded":3550000,"error":"manual bridge timeout","qualifiedNewDdrSignals":0}
{"name":"DDR_A12","found":false,"planned":15,"expanded":3900000,"error":"manual bridge timeout","qualifiedNewDdrSignals":0}
{"name":"DDR_WEn","found":false,"planned":15,"expanded":4100000,"error":"manual bridge timeout","qualifiedNewDdrSignals":0}
{"name":"DDR_RASn","found":false,"planned":15,"expanded":4350000,"error":"manual bridge timeout","qualifiedNewDdrSignals":0}
{"name":"DDR_CKE","found":false,"planned":15,"expanded":4300000,"error":"manual bridge timeout","qualifiedNewDdrSignals":0}
{"name":"DDR_BA2","found":true,"planned":14,"opened":["DDR_A2","DDR_A3"],"expanded":4009834,"error":null,"qualifiedNewDdrSignals":0}
{"name":"DDR_A7","found":true,"planned":14,"opened":["DDR_A11"],"expanded":5783096,"error":null,"qualifiedNewDdrSignals":0}
{"name":"DDR_BA1","found":true,"planned":15,"opened":[],"expanded":1168276,"error":null,"qualifiedNewDdrSignals":0}
{"name":"DDR_A5","found":true,"planned":15,"opened":["DDR_A4"],"expanded":1500082,"error":null,"qualifiedNewDdrSignals":0}
{"name":"DDR_BA0","found":true,"planned":16,"opened":[],"expanded":3828876,"error":null,"qualifiedNewDdrSignals":0}
{"name":"DDR_A0","found":true,"planned":17,"opened":[],"expanded":1577525,"error":null,"qualifiedNewDdrSignals":0}
{"name":"DDR_A10","found":false,"planned":17,"expanded":3300000,"error":"manual bridge timeout","qualifiedNewDdrSignals":0}
{"name":"DDR_A12","found":false,"planned":17,"expanded":3300000,"error":"manual bridge timeout","qualifiedNewDdrSignals":0}
{"name":"DDR_WEn","found":false,"planned":17,"expanded":3350000,"error":"manual bridge timeout","qualifiedNewDdrSignals":0}
{"name":"DDR_RASn","found":false,"planned":17,"expanded":4050000,"error":"manual bridge timeout","qualifiedNewDdrSignals":0}
{"name":"DDR_CKE","found":false,"planned":17,"expanded":3850000,"error":"manual bridge timeout","qualifiedNewDdrSignals":0}
{"name":"DDR_A2","found":false,"planned":17,"expanded":3200000,"error":"manual bridge timeout","qualifiedNewDdrSignals":0}
{"name":"DDR_A3","found":false,"planned":17,"expanded":4000000,"error":"manual bridge timeout","qualifiedNewDdrSignals":0}
{"name":"DDR_A11","found":true,"planned":15,"opened":["DDR_A0","DDR_CSn0","DDR_ODT"],"expanded":1531189,"error":null,"qualifiedNewDdrSignals":0}
{"name":"DDR_A4","found":true,"planned":15,"opened":["DDR_A5"],"expanded":1911736,"error":null,"qualifiedNewDdrSignals":0}
{"name":"DDR_A10","found":false,"planned":15,"expanded":4000000,"error":"manual bridge timeout","qualifiedNewDdrSignals":0}
{"name":"DDR_A12","found":true,"planned":15,"opened":["DDR_A8"],"expanded":4397103,"error":null,"qualifiedNewDdrSignals":0}
{"name":"DDR_WEn","found":false,"planned":15,"expanded":3650000,"error":"manual bridge timeout","qualifiedNewDdrSignals":0}
{"name":"DDR_RASn","found":false,"planned":15,"expanded":3200000,"error":"manual bridge timeout","qualifiedNewDdrSignals":0}
{"name":"DDR_CKE","found":false,"planned":15,"expanded":2650000,"error":"manual bridge timeout","qualifiedNewDdrSignals":0}
{"name":"DDR_A2","found":false,"planned":15,"expanded":2500000,"error":"manual bridge timeout","qualifiedNewDdrSignals":0}
{"name":"DDR_A3","found":false,"planned":15,"expanded":4000000,"error":"manual bridge timeout","qualifiedNewDdrSignals":0}
{"name":"DDR_A0","found":false,"planned":15,"expanded":3350000,"error":"manual bridge timeout","qualifiedNewDdrSignals":0}
{"name":"DDR_CSn0","found":true,"planned":16,"opened":[],"expanded":22054,"error":null,"qualifiedNewDdrSignals":0}
{"name":"DDR_ODT","found":true,"planned":14,"opened":["DDR_CSn0","DDR_A7","DDR_A13"],"expanded":2968222,"error":null,"qualifiedNewDdrSignals":0}
{"name":"DDR_A5","found":true,"planned":15,"opened":[],"expanded":1865659,"error":null,"qualifiedNewDdrSignals":0}
{"name":"DDR_A10","found":false,"planned":15,"expanded":4000000,"error":"manual bridge timeout","qualifiedNewDdrSignals":0}
{"name":"DDR_A8","found":true,"planned":16,"opened":[],"expanded":685938,"error":null,"qualifiedNewDdrSignals":0}
{"name":"DDR_WEn","found":false,"planned":16,"expanded":4550000,"error":"manual bridge timeout","qualifiedNewDdrSignals":0}
{"name":"DDR_RASn","found":false,"planned":16,"expanded":3650000,"error":"manual bridge timeout","qualifiedNewDdrSignals":0}
{"name":"DDR_CKE","found":false,"planned":16,"expanded":3700000,"error":"manual bridge timeout","qualifiedNewDdrSignals":0}
{"name":"DDR_A2","found":true,"planned":13,"opened":["DDR_A12","DDR_BA0","DDR_BA2","DDR_A1"],"expanded":550277,"error":null,"qualifiedNewDdrSignals":0}
{"name":"DDR_A3","found":true,"planned":14,"opened":[],"expanded":595920,"error":null,"qualifiedNewDdrSignals":0}
{"name":"DDR_A0","found":true,"planned":15,"opened":[],"expanded":3010895,"error":null,"qualifiedNewDdrSignals":0}
{"name":"DDR_CSn0","found":true,"planned":13,"opened":["DDR_A2","DDR_ODT","DDR_A9"],"expanded":2414774,"error":null,"qualifiedNewDdrSignals":0}
{"name":"DDR_A7","found":true,"planned":13,"opened":["DDR_A5"],"expanded":1386860,"error":null,"qualifiedNewDdrSignals":0}
{"name":"DDR_A13","found":true,"planned":13,"opened":["DDR_CSn0"],"expanded":377263,"error":null,"qualifiedNewDdrSignals":0}
{"name":"DDR_A10","found":true,"planned":13,"opened":["DDR_BA1"],"expanded":2222718,"error":null,"qualifiedNewDdrSignals":0}
{"name":"DDR_WEn","found":true,"planned":14,"opened":[],"expanded":33049,"error":null,"qualifiedNewDdrSignals":0}
{"name":"DDR_RASn","found":false,"planned":14,"expanded":5550000,"error":"manual bridge timeout","qualifiedNewDdrSignals":0}
{"name":"DDR_CKE","found":false,"planned":14,"expanded":5200000,"error":"manual bridge timeout","qualifiedNewDdrSignals":0}
{"name":"DDR_A12","found":true,"planned":15,"opened":[],"expanded":559999,"error":null,"qualifiedNewDdrSignals":0}
{"name":"DDR_BA0","found":true,"planned":16,"opened":[],"expanded":47601,"error":null,"qualifiedNewDdrSignals":0}
{"name":"DDR_BA2","found":true,"planned":16,"opened":["DDR_BA0"],"expanded":3879753,"error":null,"qualifiedNewDdrSignals":0}
{"name":"DDR_A1","found":true,"planned":14,"opened":["DDR_A7","DDR_A4","DDR_CASn"],"expanded":2301627,"error":null,"qualifiedNewDdrSignals":0}
{"name":"DDR_A2","found":true,"planned":14,"opened":["DDR_A10"],"expanded":90701,"error":null,"qualifiedNewDdrSignals":0}
{"name":"DDR_ODT","found":false,"planned":14,"expanded":5500000,"error":"manual bridge timeout","qualifiedNewDdrSignals":0}
{"name":"DDR_A9","found":true,"planned":14,"opened":["DDR_A1"],"expanded":1189130,"error":null,"qualifiedNewDdrSignals":0}
{"name":"DDR_A5","found":true,"planned":14,"opened":["DDR_A6"],"expanded":3987747,"error":null,"qualifiedNewDdrSignals":0}
