{"name":"source_trace_9","package":"U_RAM","end":{"x":2.8000000000000007,"y":-18},"expanded":23801,"newVias":0,"reusedBootstrapLayer":"bottom","length":12.862741470336914}
{"name":"source_trace_8","package":"U_RAM","end":{"x":3.120000000000001,"y":-18},"expanded":171224,"newVias":0,"reusedBootstrapLayer":"bottom","length":17.373523712158203}
{"name":"source_trace_7","package":"U_RAM","end":{"x":4.080000000000002,"y":-18},"expanded":195425,"newVias":0,"reusedBootstrapLayer":"bottom","length":17.43979835510254}
{"name":"source_trace_5","package":"U_RAM","end":{"x":4.719999999999999,"y":-18},"expanded":35545,"newVias":0,"reusedBootstrapLayer":"bottom","length":13.795289993286133}
{"name":"source_trace_3","package":"U_RAM","end":{"x":4.400000000000002,"y":-18},"expanded":466379,"newVias":1,"reusedBootstrapLayer":"top","length":17.833423614501953}
{"name":"source_trace_10","package":"U_RAM","end":{"x":3.4400000000000013,"y":-18},"expanded":380090,"newVias":2,"reusedBootstrapLayer":"bottom","length":15.121118545532227}
{"name":"source_trace_2","package":"U_RAM","end":{"x":5.359999999999999,"y":-18},"expanded":204069,"newVias":0,"reusedBootstrapLayer":"bottom","length":19.382539749145508}
{"name":"source_trace_4","package":"U_RAM","end":{"x":6.960000000000001,"y":-18},"expanded":932146,"newVias":0,"reusedBootstrapLayer":"bottom","length":22.56243896484375}
{"name":"source_trace_6","package":"U_RAM","end":{"x":7.280000000000001,"y":-18},"expanded":503850,"newVias":1,"reusedBootstrapLayer":"top","length":21.282438278198242}
{"name":"source_trace_0","package":"U_RAM","end":{"x":5.039999999999999,"y":-18},"expanded":321260,"newVias":1,"reusedBootstrapLayer":"top","length":16.644163131713867}
{"name":"source_trace_1","package":"U_RAM","end":{"x":7.600000000000001,"y":-18},"expanded":299323,"newVias":0,"reusedBootstrapLayer":"bottom","length":20.019208908081055}
{"name":"source_trace_8","package":"U_SOC","end":{"x":3.12,"y":-10.5},"expanded":2330,"newVias":0,"reusedBootstrapLayer":"bottom","length":3.333137035369873}
{"name":"source_trace_7","package":"U_SOC","end":{"x":4.08,"y":-10.5},"expanded":2387,"newVias":0,"reusedBootstrapLayer":"bottom","length":3.333137035369873}
{"name":"source_trace_9","package":"U_SOC","end":{"x":2.8000000000000003,"y":-10.5},"expanded":1072,"newVias":0,"reusedBootstrapLayer":"bottom","length":4.265685558319092}
{"name":"source_trace_5","package":"U_SOC","end":{"x":4.72,"y":-10.5},"expanded":7189,"newVias":0,"reusedBootstrapLayer":"bottom","length":5.057644844055176}
{"name":"source_trace_3","package":"U_SOC","end":{"x":4.4,"y":-10.5},"expanded":47581,"newVias":0,"reusedBootstrapLayer":"bottom","length":6.222153186798096}
{"name":"source_trace_10","package":"U_SOC","end":{"x":3.4400000000000004,"y":-10.5},"expanded":13985,"newVias":0,"reusedBootstrapLayer":"bottom","length":6.40676212310791}
{"package":"U_SOC","trial":0,"order":["source_trace_8","source_trace_7","source_trace_9","source_trace_5","source_trace_3","source_trace_10","source_trace_2","source_trace_4","source_trace_6","source_trace_0","source_trace_1"],"failedName":"source_trace_2"}
{"name":"source_trace_7","package":"U_SOC","end":{"x":4.08,"y":-10.5},"expanded":2387,"newVias":0,"reusedBootstrapLayer":"bottom","length":3.333137035369873}
{"name":"source_trace_3","package":"U_SOC","end":{"x":4.4,"y":-10.5},"expanded":1072,"newVias":0,"reusedBootstrapLayer":"bottom","length":4.265685558319092}
{"name":"source_trace_2","package":"U_SOC","end":{"x":5.36,"y":-10.5},"expanded":12311,"newVias":0,"reusedBootstrapLayer":"bottom","length":6.12274169921875}
{"name":"source_trace_8","package":"U_SOC","end":{"x":3.12,"y":-10.5},"expanded":2330,"newVias":0,"reusedBootstrapLayer":"bottom","length":3.333137035369873}
{"name":"source_trace_9","package":"U_SOC","end":{"x":2.8000000000000003,"y":-10.5},"expanded":1072,"newVias":0,"reusedBootstrapLayer":"bottom","length":4.265685558319092}
{"name":"source_trace_5","package":"U_SOC","end":{"x":4.72,"y":-10.5},"expanded":5111,"newVias":0,"reusedBootstrapLayer":"bottom","length":5.474213600158691}
{"name":"source_trace_10","package":"U_SOC","end":{"x":3.4400000000000004,"y":-10.5},"expanded":13592,"newVias":0,"reusedBootstrapLayer":"bottom","length":6.40676212310791}
{"name":"source_trace_4","package":"U_SOC","end":{"x":6.96,"y":-10.5},"expanded":16358,"newVias":0,"reusedBootstrapLayer":"bottom","length":6.1729350090026855}
{"name":"source_trace_6","package":"U_SOC","end":{"x":7.279999999999999,"y":-10.5},"expanded":14017,"newVias":0,"reusedBootstrapLayer":"bottom","length":8.51803207397461}
{"name":"source_trace_0","package":"U_SOC","end":{"x":5.04,"y":-10.5},"expanded":195400,"newVias":1,"reusedBootstrapLayer":"top","length":9.094801902770996}
{"name":"source_trace_1","package":"U_SOC","end":{"x":7.6,"y":-10.5},"expanded":10014,"newVias":0,"reusedBootstrapLayer":"bottom","length":7.23803186416626}
{"status":"LOCAL_FANOUTS_READY_FOR_NATIVE_CHANNEL_ROUTING","localEscapes":22,"channel":{"input":{"path":"dist/am3352-ram-rotated-180-byte-swapped-byte0-local-attempt-352/channel.input.simple-route.json","sha256":"d72f09eabd935e7b76654d721213947fb8d2dab0ddcfef845e0ddf29e530aee8"}}}
