{"step":0,"signal":"DDR_D14","found":false,"staged":19,"remaining":30,"retainedNative":19,"exportable":false}
{"step":1,"signal":"DDR_D11","found":true,"opened":[],"staged":20,"remaining":29,"retainedNative":19,"exportable":false}
{"step":2,"signal":"DDR_D13","found":false,"staged":20,"remaining":29,"retainedNative":19,"exportable":false}
{"step":3,"signal":"DDR_D10","found":true,"opened":[],"staged":21,"remaining":28,"retainedNative":19,"exportable":false}
{"step":4,"signal":"DDR_DQM1","found":false,"staged":21,"remaining":28,"retainedNative":19,"exportable":false}
{"step":5,"signal":"DDR_CKE","found":true,"opened":[],"staged":22,"remaining":27,"retainedNative":19,"exportable":false}
{"step":6,"signal":"DDR_ODT","found":true,"opened":[],"staged":23,"remaining":26,"retainedNative":19,"exportable":false}
{"step":7,"signal":"DDR_A6","found":false,"staged":23,"remaining":26,"retainedNative":19,"exportable":false}
{"step":8,"signal":"DDR_A8","found":false,"staged":23,"remaining":26,"retainedNative":19,"exportable":false}
{"step":9,"signal":"DDR_D2","found":true,"opened":[],"staged":24,"remaining":25,"retainedNative":19,"exportable":false}
{"step":10,"signal":"DDR_D15","found":false,"staged":24,"remaining":25,"retainedNative":19,"exportable":false}
{"step":11,"signal":"DDR_A2","found":true,"opened":[],"staged":25,"remaining":24,"retainedNative":19,"exportable":false}
{"step":12,"signal":"DDR_A10","found":false,"staged":25,"remaining":24,"retainedNative":19,"exportable":false}
{"step":13,"signal":"DDR_A14","found":false,"staged":25,"remaining":24,"retainedNative":19,"exportable":false}
{"step":14,"signal":"DDR_RASn","found":false,"staged":25,"remaining":24,"retainedNative":19,"exportable":false}
{"step":15,"signal":"DDR_A13","found":false,"staged":25,"remaining":24,"retainedNative":19,"exportable":false}
{"step":16,"signal":"DDR_D6","found":false,"staged":25,"remaining":24,"retainedNative":19,"exportable":false}
{"step":17,"signal":"DDR_DQM0","found":false,"staged":25,"remaining":24,"retainedNative":19,"exportable":false}
{"step":18,"signal":"DDR_D1","found":false,"staged":25,"remaining":24,"retainedNative":19,"exportable":false}
{"step":19,"signal":"DDR_D7","found":false,"staged":25,"remaining":24,"retainedNative":19,"exportable":false}
{"step":20,"signal":"DDR_D4","found":false,"staged":25,"remaining":24,"retainedNative":19,"exportable":false}
{"step":21,"signal":"DDR_A0","found":false,"staged":25,"remaining":24,"retainedNative":19,"exportable":false}
{"step":22,"signal":"DDR_D0","found":true,"opened":[],"staged":26,"remaining":23,"retainedNative":19,"exportable":false}
{"step":23,"signal":"DDR_A4","found":true,"opened":[],"staged":27,"remaining":22,"retainedNative":19,"exportable":false}
{"step":24,"signal":"DDR_A7","found":false,"staged":27,"remaining":22,"retainedNative":19,"exportable":false}
{"step":25,"signal":"DDR_RESETn","found":false,"staged":27,"remaining":22,"retainedNative":19,"exportable":false}
{"step":26,"signal":"DDR_CSn0","found":false,"staged":27,"remaining":22,"retainedNative":19,"exportable":false}
{"step":27,"signal":"DDR_D3","found":false,"staged":27,"remaining":22,"retainedNative":19,"exportable":false}
{"step":28,"signal":"DDR_A9","found":false,"staged":27,"remaining":22,"retainedNative":19,"exportable":false}
{"step":29,"signal":"DDR_CASn","found":false,"staged":27,"remaining":22,"retainedNative":19,"exportable":false}
{"step":30,"signal":"DDR_D14","found":false,"staged":27,"remaining":22,"retainedNative":19,"exportable":false}
{"step":31,"signal":"DDR_D13","found":false,"staged":27,"remaining":22,"retainedNative":19,"exportable":false}
{"step":32,"signal":"DDR_DQM1","found":false,"staged":27,"remaining":22,"retainedNative":19,"exportable":false}
{"step":33,"signal":"DDR_A6","found":false,"staged":27,"remaining":22,"retainedNative":19,"exportable":false}
{"step":34,"signal":"DDR_A8","found":false,"staged":27,"remaining":22,"retainedNative":19,"exportable":false}
{"step":35,"signal":"DDR_D15","found":false,"staged":27,"remaining":22,"retainedNative":19,"exportable":false}
{"step":36,"signal":"DDR_A10","found":false,"staged":27,"remaining":22,"retainedNative":19,"exportable":false}
{"step":37,"signal":"DDR_A14","found":false,"staged":27,"remaining":22,"retainedNative":19,"exportable":false}
{"step":38,"signal":"DDR_RASn","found":false,"staged":27,"remaining":22,"retainedNative":19,"exportable":false}
{"step":39,"signal":"DDR_A13","found":false,"staged":27,"remaining":22,"retainedNative":19,"exportable":false}
{"step":40,"signal":"DDR_D6","found":false,"staged":27,"remaining":22,"retainedNative":19,"exportable":false}
{"step":41,"signal":"DDR_DQM0","found":false,"staged":27,"remaining":22,"retainedNative":19,"exportable":false}
{"step":42,"signal":"DDR_D1","found":false,"staged":27,"remaining":22,"retainedNative":19,"exportable":false}
{"step":43,"signal":"DDR_D7","found":false,"staged":27,"remaining":22,"retainedNative":19,"exportable":false}
{"step":44,"signal":"DDR_D4","found":false,"staged":27,"remaining":22,"retainedNative":19,"exportable":false}
{"step":45,"signal":"DDR_A0","found":false,"staged":27,"remaining":22,"retainedNative":19,"exportable":false}
{"status":"BOTTOM_RAM_NEGOTIATED_PLANNING_STOPPED_AFTER_ALL_PENDING_ROUTES_UNFINISHED","staged":27,"remaining":22,"retainedNative":19,"qualifiedNewDdrSignals":0,"exportable":false,"fabricationReady":false}
