{"step":0,"signal":"DDR_D14","found":true,"opened":["DDR_A11"],"staged":19,"remaining":30,"retainedNative":18,"exportable":false}
{"step":1,"signal":"DDR_D11","found":true,"opened":["DDR_D9"],"staged":19,"remaining":30,"retainedNative":17,"exportable":false}
{"step":2,"signal":"DDR_D13","found":true,"opened":["DDR_D14"],"staged":19,"remaining":30,"retainedNative":17,"exportable":false}
{"step":3,"signal":"DDR_D10","found":true,"opened":["DDR_D11","DDR_D13"],"staged":18,"remaining":31,"retainedNative":17,"exportable":false}
{"step":4,"signal":"DDR_DQM1","found":true,"opened":[],"staged":19,"remaining":30,"retainedNative":17,"exportable":false}
{"step":5,"signal":"DDR_CKE","found":true,"opened":[],"staged":20,"remaining":29,"retainedNative":17,"exportable":false}
{"step":6,"signal":"DDR_ODT","found":true,"opened":["DDR_A1"],"staged":20,"remaining":29,"retainedNative":16,"exportable":false}
{"step":7,"signal":"DDR_A6","found":true,"opened":["DDR_WEn"],"staged":20,"remaining":29,"retainedNative":15,"exportable":false}
{"step":8,"signal":"DDR_A8","found":true,"opened":[],"staged":21,"remaining":28,"retainedNative":15,"exportable":false}
{"step":9,"signal":"DDR_D2","found":true,"opened":[],"staged":22,"remaining":27,"retainedNative":15,"exportable":false}
{"step":10,"signal":"DDR_D15","found":true,"opened":["DDR_DQS1","DDR_DQSn1","DDR_D8","DDR_D10"],"staged":19,"remaining":30,"retainedNative":12,"exportable":false}
{"step":11,"signal":"DDR_A2","found":true,"opened":["DDR_BA1","DDR_A5","DDR_CKE"],"staged":17,"remaining":32,"retainedNative":10,"exportable":false}
{"step":12,"signal":"DDR_A10","found":true,"opened":[],"staged":18,"remaining":31,"retainedNative":10,"exportable":false}
{"step":13,"signal":"DDR_A14","found":true,"opened":["DDR_DQM1"],"staged":18,"remaining":31,"retainedNative":10,"exportable":false}
{"step":14,"signal":"DDR_RASn","found":true,"opened":["DDR_D15","DDR_A14"],"staged":17,"remaining":32,"retainedNative":10,"exportable":false}
{"step":15,"signal":"DDR_A13","found":true,"opened":["DDR_A10"],"staged":17,"remaining":32,"retainedNative":10,"exportable":false}
{"step":16,"signal":"DDR_D6","found":true,"opened":["DDR_ODT"],"staged":17,"remaining":32,"retainedNative":10,"exportable":false}
{"step":17,"signal":"DDR_DQM0","found":true,"opened":["DDR_D6"],"staged":17,"remaining":32,"retainedNative":10,"exportable":false}
{"step":18,"signal":"DDR_D1","found":true,"opened":["DDR_A2","DDR_A13"],"staged":16,"remaining":33,"retainedNative":10,"exportable":false}
{"step":19,"signal":"DDR_D7","found":true,"opened":["DDR_D5","DDR_D1"],"staged":15,"remaining":34,"retainedNative":9,"exportable":false}
{"step":20,"signal":"DDR_D4","found":true,"opened":[],"staged":16,"remaining":33,"retainedNative":9,"exportable":false}
{"step":21,"signal":"DDR_A0","found":true,"opened":["DDR_RASn"],"staged":16,"remaining":33,"retainedNative":9,"exportable":false}
{"step":22,"signal":"DDR_D0","found":true,"opened":[],"staged":17,"remaining":32,"retainedNative":9,"exportable":false}
{"step":23,"signal":"DDR_A4","found":true,"opened":["DDR_A6"],"staged":17,"remaining":32,"retainedNative":9,"exportable":false}
{"step":24,"signal":"DDR_A7","found":true,"opened":["DDR_DQM0"],"staged":17,"remaining":32,"retainedNative":9,"exportable":false}
{"step":25,"signal":"DDR_RESETn","found":true,"opened":["DDR_D7","DDR_D4","DDR_A0"],"staged":15,"remaining":34,"retainedNative":9,"exportable":false}
{"step":26,"signal":"DDR_CSn0","found":true,"opened":["DDR_RESETn"],"staged":15,"remaining":34,"retainedNative":9,"exportable":false}
{"step":27,"signal":"DDR_D3","found":true,"opened":["DDR_CSn0"],"staged":15,"remaining":34,"retainedNative":9,"exportable":false}
{"step":28,"signal":"DDR_A9","found":true,"opened":[],"staged":16,"remaining":33,"retainedNative":9,"exportable":false}
{"step":29,"signal":"DDR_CASn","found":true,"opened":["DDR_D3"],"staged":16,"remaining":33,"retainedNative":9,"exportable":false}
{"step":30,"signal":"DDR_A11","found":true,"opened":["DDR_A9","DDR_CASn"],"staged":15,"remaining":34,"retainedNative":9,"exportable":false}
{"step":31,"signal":"DDR_D9","found":true,"opened":["DDR_A7","DDR_A11"],"staged":14,"remaining":35,"retainedNative":9,"exportable":false}
{"step":32,"signal":"DDR_D14","found":true,"opened":["DDR_D2"],"staged":14,"remaining":35,"retainedNative":9,"exportable":false}
{"step":33,"signal":"DDR_D11","found":true,"opened":["DDR_D9","DDR_D14"],"staged":13,"remaining":36,"retainedNative":9,"exportable":false}
{"step":34,"signal":"DDR_D13","found":true,"opened":[],"staged":14,"remaining":35,"retainedNative":9,"exportable":false}
{"step":35,"signal":"DDR_A1","found":true,"opened":[],"staged":15,"remaining":34,"retainedNative":9,"exportable":false}
{"step":36,"signal":"DDR_WEn","found":true,"opened":["DDR_A4"],"staged":15,"remaining":34,"retainedNative":9,"exportable":false}
{"step":37,"signal":"DDR_DQS1","found":true,"opened":["DDR_D11"],"staged":15,"remaining":34,"retainedNative":9,"exportable":false}
{"step":38,"signal":"DDR_DQSn1","found":true,"opened":[],"staged":16,"remaining":33,"retainedNative":9,"exportable":false}
{"step":39,"signal":"DDR_D8","found":true,"opened":[],"staged":17,"remaining":32,"retainedNative":9,"exportable":false}
{"step":40,"signal":"DDR_D10","found":true,"opened":["DDR_D12","DDR_D13","DDR_DQS1","DDR_DQSn1"],"staged":14,"remaining":35,"retainedNative":8,"exportable":false}
{"step":41,"signal":"DDR_BA1","found":true,"opened":["DDR_A1"],"staged":14,"remaining":35,"retainedNative":8,"exportable":false}
{"step":42,"signal":"DDR_A5","found":true,"opened":["DDR_WEn","DDR_BA1"],"staged":13,"remaining":36,"retainedNative":8,"exportable":false}
{"step":43,"signal":"DDR_CKE","found":true,"opened":[],"staged":14,"remaining":35,"retainedNative":8,"exportable":false}
{"step":44,"signal":"DDR_DQM1","found":true,"opened":["DDR_D8"],"staged":14,"remaining":35,"retainedNative":8,"exportable":false}
{"step":45,"signal":"DDR_D15","found":true,"opened":["DDR_D10","DDR_DQM1"],"staged":13,"remaining":36,"retainedNative":8,"exportable":false}
{"step":46,"signal":"DDR_A14","found":true,"opened":["DDR_D15"],"staged":13,"remaining":36,"retainedNative":8,"exportable":false}
{"step":47,"signal":"DDR_A10","found":true,"opened":["DDR_CKE","DDR_A14"],"staged":12,"remaining":37,"retainedNative":8,"exportable":false}
{"step":48,"signal":"DDR_ODT","found":true,"opened":[],"staged":13,"remaining":36,"retainedNative":8,"exportable":false}
{"step":49,"signal":"DDR_D6","found":true,"opened":["DDR_D0","DDR_A10"],"staged":12,"remaining":37,"retainedNative":8,"exportable":false}
{"step":50,"signal":"DDR_A2","found":true,"opened":["DDR_D6"],"staged":12,"remaining":37,"retainedNative":8,"exportable":false}
{"step":51,"signal":"DDR_A13","found":true,"opened":[],"staged":13,"remaining":36,"retainedNative":8,"exportable":false}
{"step":52,"signal":"DDR_D5","found":true,"opened":[],"staged":14,"remaining":35,"retainedNative":8,"exportable":false}
{"step":53,"signal":"DDR_D1","found":true,"opened":["DDR_A2","DDR_A13","DDR_D5"],"staged":12,"remaining":37,"retainedNative":8,"exportable":false}
{"step":54,"signal":"DDR_RASn","found":true,"opened":["DDR_D1"],"staged":12,"remaining":37,"retainedNative":8,"exportable":false}
{"step":55,"signal":"DDR_A6","found":true,"opened":[],"staged":13,"remaining":36,"retainedNative":8,"exportable":false}
{"step":56,"signal":"DDR_DQM0","found":true,"opened":["DDR_RASn"],"staged":13,"remaining":36,"retainedNative":8,"exportable":false}
{"step":57,"signal":"DDR_D7","found":true,"opened":["DDR_A5","DDR_DQM0"],"staged":12,"remaining":37,"retainedNative":8,"exportable":false}
{"step":58,"signal":"DDR_D4","found":true,"opened":[],"staged":13,"remaining":36,"retainedNative":8,"exportable":false}
{"step":59,"signal":"DDR_A0","found":true,"opened":["DDR_D7","DDR_D4"],"staged":12,"remaining":37,"retainedNative":8,"exportable":false}
{"step":60,"signal":"DDR_RESETn","found":true,"opened":[],"staged":13,"remaining":36,"retainedNative":8,"exportable":false}
{"step":61,"signal":"DDR_CSn0","found":true,"opened":["DDR_A0"],"staged":13,"remaining":36,"retainedNative":8,"exportable":false}
{"step":62,"signal":"DDR_D3","found":true,"opened":[],"staged":14,"remaining":35,"retainedNative":8,"exportable":false}
{"step":63,"signal":"DDR_A9","found":true,"opened":[],"staged":15,"remaining":34,"retainedNative":8,"exportable":false}
{"step":64,"signal":"DDR_CASn","found":true,"opened":["DDR_RESETn"],"staged":15,"remaining":34,"retainedNative":8,"exportable":false}
{"step":65,"signal":"DDR_A7","found":true,"opened":[],"staged":16,"remaining":33,"retainedNative":8,"exportable":false}
{"step":66,"signal":"DDR_A11","found":true,"opened":["DDR_CSn0","DDR_A7"],"staged":15,"remaining":34,"retainedNative":8,"exportable":false}
{"step":67,"signal":"DDR_D2","found":true,"opened":["DDR_D3"],"staged":15,"remaining":34,"retainedNative":8,"exportable":false}
{"step":68,"signal":"DDR_D9","found":true,"opened":["DDR_A11"],"staged":15,"remaining":34,"retainedNative":8,"exportable":false}
{"step":69,"signal":"DDR_D14","found":true,"opened":[],"staged":16,"remaining":33,"retainedNative":8,"exportable":false}
{"step":70,"signal":"DDR_A4","found":true,"opened":["DDR_A6"],"staged":16,"remaining":33,"retainedNative":8,"exportable":false}
{"step":71,"signal":"DDR_D11","found":true,"opened":["DDR_D2","DDR_D14"],"staged":15,"remaining":34,"retainedNative":8,"exportable":false}
{"step":72,"signal":"DDR_D12","found":true,"opened":[],"staged":16,"remaining":33,"retainedNative":8,"exportable":false}
{"step":73,"signal":"DDR_D13","found":true,"opened":["DDR_D11"],"staged":16,"remaining":33,"retainedNative":8,"exportable":false}
{"step":74,"signal":"DDR_DQS1","found":true,"opened":[],"staged":17,"remaining":32,"retainedNative":8,"exportable":false}
{"step":75,"signal":"DDR_DQSn1","found":true,"opened":["DDR_D13","DDR_DQS1"],"staged":16,"remaining":33,"retainedNative":8,"exportable":false}
{"step":76,"signal":"DDR_A1","found":true,"opened":[],"staged":17,"remaining":32,"retainedNative":8,"exportable":false}
{"step":77,"signal":"DDR_WEn","found":true,"opened":["DDR_A8","DDR_A9","DDR_A4"],"staged":15,"remaining":34,"retainedNative":8,"exportable":false}
{"step":78,"signal":"DDR_BA1","found":true,"opened":["DDR_CASn","DDR_WEn"],"staged":14,"remaining":35,"retainedNative":8,"exportable":false}
{"step":79,"signal":"DDR_D8","found":true,"opened":[],"staged":15,"remaining":34,"retainedNative":8,"exportable":false}
{"status":"BOTTOM_RAM_NEGOTIATED_PLANNING_STEP_LIMIT_DDR_INCOMPLETE","staged":15,"remaining":34,"retainedNative":8,"qualifiedNewDdrSignals":0,"exportable":false,"fabricationReady":false}
