{"name":"source_trace_41","package":"U_RAM","end":{"x":7.199999999999999,"y":-18},"expanded":194852,"newVias":0,"reusedBootstrapLayer":"bottom","length":20.445484161376953}
{"name":"source_trace_28","package":"U_RAM","end":{"x":11.2,"y":-18},"expanded":373905,"newVias":1,"reusedBootstrapLayer":"top","length":13.656021118164062}
{"name":"source_trace_27","package":"U_RAM","end":{"x":11.52,"y":-18},"expanded":162916,"newVias":0,"reusedBootstrapLayer":"bottom","length":24.15488624572754}
{"name":"source_trace_1","package":"U_RAM","end":{"x":5.6,"y":-18},"expanded":216279,"newVias":1,"reusedBootstrapLayer":"top","length":10.027593612670898}
{"name":"source_trace_2","package":"U_RAM","end":{"x":6.4,"y":-18},"expanded":314583,"newVias":1,"reusedBootstrapLayer":"top","length":14.598276138305664}
{"name":"source_trace_13","package":"U_RAM","end":{"x":8,"y":-18},"expanded":177291,"newVias":1,"reusedBootstrapLayer":"top","length":12.10621452331543}
{"name":"source_trace_11","package":"U_RAM","end":{"x":8.8,"y":-18},"expanded":1286827,"newVias":2,"reusedBootstrapLayer":"bottom","length":34.00591278076172}
{"package":"U_RAM","trial":0,"order":["source_trace_41","source_trace_28","source_trace_27","source_trace_1","source_trace_2","source_trace_13","source_trace_11","source_trace_12","source_trace_29","source_trace_26","source_trace_40"],"failedName":"source_trace_12"}
{"name":"source_trace_12","package":"U_RAM","end":{"x":5.6,"y":-18},"expanded":265957,"newVias":1,"reusedBootstrapLayer":"top","length":9.574010848999023}
{"name":"source_trace_41","package":"U_RAM","end":{"x":7.199999999999999,"y":-18},"expanded":161275,"newVias":0,"reusedBootstrapLayer":"bottom","length":20.445484161376953}
{"name":"source_trace_28","package":"U_RAM","end":{"x":11.2,"y":-18},"expanded":340833,"newVias":0,"reusedBootstrapLayer":"bottom","length":23.040082931518555}
{"name":"source_trace_27","package":"U_RAM","end":{"x":11.52,"y":-18},"expanded":368498,"newVias":0,"reusedBootstrapLayer":"bottom","length":24.861160278320312}
{"name":"source_trace_1","package":"U_RAM","end":{"x":6.4,"y":-18},"expanded":237256,"newVias":1,"reusedBootstrapLayer":"top","length":10.124650955200195}
{"name":"source_trace_2","package":"U_RAM","end":{"x":8,"y":-18},"expanded":1062733,"newVias":1,"reusedBootstrapLayer":"top","length":26.827880859375}
{"name":"source_trace_13","package":"U_RAM","end":{"x":12,"y":-18},"expanded":267134,"newVias":1,"reusedBootstrapLayer":"top","length":24.679882049560547}
{"name":"source_trace_11","package":"U_RAM","end":{"x":12.8,"y":-18},"expanded":1030564,"newVias":2,"reusedBootstrapLayer":"bottom","length":35.09139633178711}
{"name":"source_trace_29","package":"U_RAM","end":{"x":13.600000000000001,"y":-18},"expanded":359556,"newVias":1,"reusedBootstrapLayer":"top","length":30.534927368164062}
{"package":"U_RAM","trial":1,"order":["source_trace_12","source_trace_41","source_trace_28","source_trace_27","source_trace_1","source_trace_2","source_trace_13","source_trace_11","source_trace_29","source_trace_26","source_trace_40"],"failedName":"source_trace_26"}
{"name":"source_trace_26","package":"U_RAM","end":{"x":5.6,"y":-18},"expanded":217811,"newVias":1,"reusedBootstrapLayer":"top","length":6.027594566345215}
{"name":"source_trace_12","package":"U_RAM","end":{"x":6.4,"y":-18},"expanded":240711,"newVias":1,"reusedBootstrapLayer":"top","length":9.67106819152832}
{"name":"source_trace_41","package":"U_RAM","end":{"x":7.199999999999999,"y":-18},"expanded":93235,"newVias":0,"reusedBootstrapLayer":"bottom","length":20.445484161376953}
{"name":"source_trace_28","package":"U_RAM","end":{"x":11.2,"y":-18},"expanded":290214,"newVias":0,"reusedBootstrapLayer":"bottom","length":23.040082931518555}
{"name":"source_trace_27","package":"U_RAM","end":{"x":11.52,"y":-18},"expanded":315284,"newVias":0,"reusedBootstrapLayer":"bottom","length":24.861160278320312}
{"name":"source_trace_1","package":"U_RAM","end":{"x":8,"y":-18},"expanded":1098145,"newVias":1,"reusedBootstrapLayer":"top","length":30.856307983398438}
{"package":"U_RAM","trial":2,"order":["source_trace_26","source_trace_12","source_trace_41","source_trace_28","source_trace_27","source_trace_1","source_trace_2","source_trace_13","source_trace_11","source_trace_29","source_trace_40"],"failedName":"source_trace_2"}
{"name":"source_trace_2","package":"U_RAM","end":{"x":5.6,"y":-18},"expanded":411606,"newVias":1,"reusedBootstrapLayer":"top","length":14.501218795776367}
{"name":"source_trace_26","package":"U_RAM","end":{"x":6.4,"y":-18},"expanded":210519,"newVias":1,"reusedBootstrapLayer":"top","length":6.687005996704102}
{"name":"source_trace_12","package":"U_RAM","end":{"x":7.199999999999999,"y":-18},"expanded":729307,"newVias":1,"reusedBootstrapLayer":"top","length":21.43959617614746}
{"name":"source_trace_41","package":"U_RAM","end":{"x":8,"y":-18},"expanded":155476,"newVias":0,"reusedBootstrapLayer":"bottom","length":23.379838943481445}
{"name":"source_trace_28","package":"U_RAM","end":{"x":11.2,"y":-18},"expanded":612101,"newVias":1,"reusedBootstrapLayer":"top","length":22.72223663330078}
{"name":"source_trace_27","package":"U_RAM","end":{"x":11.52,"y":-18},"expanded":482033,"newVias":2,"reusedBootstrapLayer":"bottom","length":25.711353302001953}
{"name":"source_trace_1","package":"U_RAM","end":{"x":12,"y":-18},"expanded":986502,"newVias":2,"reusedBootstrapLayer":"bottom","length":33.77777099609375}
{"name":"source_trace_13","package":"U_RAM","end":{"x":12.8,"y":-18},"expanded":1029432,"newVias":1,"reusedBootstrapLayer":"top","length":27.74713134765625}
{"name":"source_trace_11","package":"U_RAM","end":{"x":13.600000000000001,"y":-18},"expanded":1427737,"newVias":2,"reusedBootstrapLayer":"bottom","length":39.44398498535156}
{"package":"U_RAM","trial":3,"order":["source_trace_2","source_trace_26","source_trace_12","source_trace_41","source_trace_28","source_trace_27","source_trace_1","source_trace_13","source_trace_11","source_trace_29","source_trace_40"],"failedName":"source_trace_29"}
{"name":"source_trace_29","package":"U_RAM","end":{"x":5.6,"y":-18},"expanded":305900,"newVias":1,"reusedBootstrapLayer":"top","length":10.218376159667969}
{"name":"source_trace_2","package":"U_RAM","end":{"x":6.4,"y":-18},"expanded":383900,"newVias":1,"reusedBootstrapLayer":"top","length":14.598276138305664}
{"name":"source_trace_26","package":"U_RAM","end":{"x":7.199999999999999,"y":-18},"expanded":170663,"newVias":1,"reusedBootstrapLayer":"top","length":7.018376350402832}
{"name":"source_trace_12","package":"U_RAM","end":{"x":8,"y":-18},"expanded":778648,"newVias":1,"reusedBootstrapLayer":"top","length":21.770967483520508}
{"name":"source_trace_41","package":"U_RAM","end":{"x":8.8,"y":-18},"expanded":186476,"newVias":0,"reusedBootstrapLayer":"bottom","length":23.711210250854492}
{"name":"source_trace_28","package":"U_RAM","end":{"x":11.2,"y":-18},"expanded":648684,"newVias":2,"reusedBootstrapLayer":"bottom","length":23.053607940673828}
{"name":"source_trace_27","package":"U_RAM","end":{"x":11.52,"y":-18},"expanded":439359,"newVias":2,"reusedBootstrapLayer":"bottom","length":25.711353302001953}
{"name":"source_trace_1","package":"U_RAM","end":{"x":12,"y":-18},"expanded":965756,"newVias":2,"reusedBootstrapLayer":"bottom","length":33.77777099609375}
{"name":"source_trace_13","package":"U_RAM","end":{"x":12.8,"y":-18},"expanded":1004698,"newVias":1,"reusedBootstrapLayer":"top","length":27.74713134765625}
{"name":"source_trace_11","package":"U_RAM","end":{"x":13.600000000000001,"y":-18},"expanded":1415706,"newVias":2,"reusedBootstrapLayer":"bottom","length":39.44398498535156}
{"package":"U_RAM","trial":4,"order":["source_trace_29","source_trace_2","source_trace_26","source_trace_12","source_trace_41","source_trace_28","source_trace_27","source_trace_1","source_trace_13","source_trace_11","source_trace_40"],"failedName":"source_trace_40"}
{"name":"source_trace_40","package":"U_RAM","end":{"x":7.199999999999999,"y":-18},"expanded":223358,"newVias":0,"reusedBootstrapLayer":"bottom","length":21.2454833984375}
{"name":"source_trace_29","package":"U_RAM","end":{"x":5.6,"y":-18},"expanded":257254,"newVias":1,"reusedBootstrapLayer":"top","length":10.218376159667969}
{"name":"source_trace_2","package":"U_RAM","end":{"x":6.4,"y":-18},"expanded":383872,"newVias":1,"reusedBootstrapLayer":"top","length":14.598276138305664}
{"name":"source_trace_26","package":"U_RAM","end":{"x":8,"y":-18},"expanded":188304,"newVias":1,"reusedBootstrapLayer":"top","length":7.7246503829956055}
{"name":"source_trace_12","package":"U_RAM","end":{"x":8.8,"y":-18},"expanded":858115,"newVias":1,"reusedBootstrapLayer":"top","length":22.72223663330078}
{"package":"U_RAM","trial":5,"order":["source_trace_40","source_trace_29","source_trace_2","source_trace_26","source_trace_12","source_trace_41","source_trace_28","source_trace_27","source_trace_1","source_trace_13","source_trace_11"],"failedName":"source_trace_41"}
{"name":"source_trace_41","package":"U_RAM","end":{"x":7.199999999999999,"y":-18},"expanded":194852,"newVias":0,"reusedBootstrapLayer":"bottom","length":20.445484161376953}
{"name":"source_trace_40","package":"U_RAM","end":{"x":8,"y":-18},"expanded":290056,"newVias":0,"reusedBootstrapLayer":"bottom","length":22.696853637695312}
{"name":"source_trace_29","package":"U_RAM","end":{"x":5.6,"y":-18},"expanded":255883,"newVias":1,"reusedBootstrapLayer":"top","length":10.218376159667969}
{"name":"source_trace_2","package":"U_RAM","end":{"x":6.4,"y":-18},"expanded":383782,"newVias":1,"reusedBootstrapLayer":"top","length":14.598276138305664}
{"name":"source_trace_26","package":"U_RAM","end":{"x":8.8,"y":-18},"expanded":209932,"newVias":1,"reusedBootstrapLayer":"top","length":8.524650573730469}
{"name":"source_trace_12","package":"U_RAM","end":{"x":9.600000000000001,"y":-18},"expanded":875279,"newVias":1,"reusedBootstrapLayer":"top","length":23.053607940673828}
{"name":"source_trace_28","package":"U_RAM","end":{"x":11.2,"y":-18},"expanded":142889,"newVias":0,"reusedBootstrapLayer":"bottom","length":23.63037872314453}
{"name":"source_trace_27","package":"U_RAM","end":{"x":11.52,"y":-18},"expanded":127397,"newVias":0,"reusedBootstrapLayer":"bottom","length":25.418317794799805}
{"name":"source_trace_1","package":"U_RAM","end":{"x":12,"y":-18},"expanded":1055272,"newVias":2,"reusedBootstrapLayer":"bottom","length":34.14747619628906}
{"name":"source_trace_13","package":"U_RAM","end":{"x":12.8,"y":-18},"expanded":1098589,"newVias":1,"reusedBootstrapLayer":"top","length":28.591495513916016}
{"name":"source_trace_11","package":"U_RAM","end":{"x":13.600000000000001,"y":-18},"expanded":1476720,"newVias":2,"reusedBootstrapLayer":"bottom","length":40.27677917480469}
{"name":"source_trace_28","package":"U_SOC","end":{"x":11.200000000000001,"y":-10.5},"expanded":242304,"newVias":1,"reusedBootstrapLayer":"top","length":19.115617752075195}
{"package":"U_SOC","trial":0,"order":["source_trace_28","source_trace_27","source_trace_1","source_trace_2","source_trace_41","source_trace_13","source_trace_11","source_trace_12","source_trace_29","source_trace_26","source_trace_40"],"failedName":"source_trace_27"}
{"name":"source_trace_27","package":"U_SOC","end":{"x":11.52,"y":-10.5},"expanded":311724,"newVias":2,"reusedBootstrapLayer":"bottom","length":20.96365737915039}
{"package":"U_SOC","trial":1,"order":["source_trace_27","source_trace_28","source_trace_1","source_trace_2","source_trace_41","source_trace_13","source_trace_11","source_trace_12","source_trace_29","source_trace_26","source_trace_40"],"failedName":"source_trace_28"}
