{"name":"source_trace_3","package":"U_SOC","end":{"x":5.36,"y":-10.5},"expanded":16178,"newVias":0,"reusedBootstrapLayer":"bottom","length":4.229848384857178}
{"name":"source_trace_15","package":"U_SOC","end":{"x":4.08,"y":-10.5},"expanded":45342,"newVias":1,"reusedBootstrapLayer":"top","length":3.333137035369873}
{"name":"source_trace_30","package":"U_SOC","end":{"x":2.8000000000000003,"y":-10.5},"expanded":5753,"newVias":0,"reusedBootstrapLayer":"bottom","length":4.265685558319092}
{"name":"source_trace_42","package":"U_SOC","end":{"x":5.68,"y":-10.5},"expanded":9702,"newVias":0,"reusedBootstrapLayer":"bottom","length":5.455289840698242}
{"name":"source_trace_16","package":"U_SOC","end":{"x":4.4,"y":-10.5},"expanded":41403,"newVias":0,"reusedBootstrapLayer":"bottom","length":6.387838363647461}
{"name":"source_trace_14","package":"U_SOC","end":{"x":6,"y":-10.5},"expanded":17766,"newVias":0,"reusedBootstrapLayer":"bottom","length":7.706660747528076}
{"name":"source_trace_17","package":"U_SOC","end":{"x":6.96,"y":-10.5},"expanded":62391,"newVias":0,"reusedBootstrapLayer":"bottom","length":11.541951179504395}
{"name":"source_trace_4","package":"U_SOC","end":{"x":7.279999999999999,"y":-10.5},"expanded":72946,"newVias":1,"reusedBootstrapLayer":"top","length":6.621808052062988}
{"name":"source_trace_31","package":"U_SOC","end":{"x":7.6,"y":-10.5},"expanded":28481,"newVias":0,"reusedBootstrapLayer":"bottom","length":9.679697036743164}
{"name":"source_trace_43","package":"U_SOC","end":{"x":5.04,"y":-10.5},"expanded":124279,"newVias":1,"reusedBootstrapLayer":"top","length":11.258275985717773}
{"package":"U_SOC","trial":0,"order":["source_trace_3","source_trace_15","source_trace_30","source_trace_42","source_trace_16","source_trace_14","source_trace_17","source_trace_4","source_trace_31","source_trace_43","source_trace_32"],"failedName":"source_trace_32"}
{"name":"source_trace_15","package":"U_SOC","end":{"x":4.08,"y":-10.5},"expanded":2402,"newVias":0,"reusedBootstrapLayer":"bottom","length":3.333137035369873}
{"name":"source_trace_16","package":"U_SOC","end":{"x":4.4,"y":-10.5},"expanded":1072,"newVias":0,"reusedBootstrapLayer":"bottom","length":4.265685558319092}
{"name":"source_trace_32","package":"U_SOC","end":{"x":3.12,"y":-10.5},"expanded":6763,"newVias":0,"reusedBootstrapLayer":"bottom","length":6.064507961273193}
{"name":"source_trace_3","package":"U_SOC","end":{"x":5.36,"y":-10.5},"expanded":57303,"newVias":1,"reusedBootstrapLayer":"top","length":4.229848384857178}
{"name":"source_trace_30","package":"U_SOC","end":{"x":2.8000000000000003,"y":-10.5},"expanded":5753,"newVias":0,"reusedBootstrapLayer":"bottom","length":4.265685558319092}
{"name":"source_trace_42","package":"U_SOC","end":{"x":5.68,"y":-10.5},"expanded":76394,"newVias":0,"reusedBootstrapLayer":"bottom","length":9.833523750305176}
{"name":"source_trace_14","package":"U_SOC","end":{"x":6,"y":-10.5},"expanded":74131,"newVias":0,"reusedBootstrapLayer":"bottom","length":9.81695556640625}
{"package":"U_SOC","trial":1,"order":["source_trace_15","source_trace_16","source_trace_32","source_trace_3","source_trace_30","source_trace_42","source_trace_14","source_trace_17","source_trace_4","source_trace_31","source_trace_43"],"failedName":"source_trace_17"}
{"name":"source_trace_15","package":"U_SOC","end":{"x":4.08,"y":-10.5},"expanded":2402,"newVias":0,"reusedBootstrapLayer":"bottom","length":3.333137035369873}
{"name":"source_trace_16","package":"U_SOC","end":{"x":4.4,"y":-10.5},"expanded":1072,"newVias":0,"reusedBootstrapLayer":"bottom","length":4.265685558319092}
{"name":"source_trace_17","package":"U_SOC","end":{"x":6.96,"y":-10.5},"expanded":16049,"newVias":0,"reusedBootstrapLayer":"bottom","length":6.785483360290527}
{"name":"source_trace_32","package":"U_SOC","end":{"x":3.12,"y":-10.5},"expanded":9554,"newVias":0,"reusedBootstrapLayer":"bottom","length":6.657645225524902}
{"name":"source_trace_3","package":"U_SOC","end":{"x":5.36,"y":-10.5},"expanded":56375,"newVias":1,"reusedBootstrapLayer":"top","length":4.229848384857178}
{"name":"source_trace_30","package":"U_SOC","end":{"x":2.8000000000000003,"y":-10.5},"expanded":4377,"newVias":0,"reusedBootstrapLayer":"bottom","length":4.265685558319092}
{"name":"source_trace_42","package":"U_SOC","end":{"x":5.68,"y":-10.5},"expanded":43700,"newVias":2,"reusedBootstrapLayer":"bottom","length":6.005584716796875}
{"name":"source_trace_14","package":"U_SOC","end":{"x":6,"y":-10.5},"expanded":124425,"newVias":2,"reusedBootstrapLayer":"bottom","length":7.386316299438477}
{"name":"source_trace_4","package":"U_SOC","end":{"x":7.279999999999999,"y":-10.5},"expanded":8078,"newVias":0,"reusedBootstrapLayer":"bottom","length":6.305483341217041}
{"name":"source_trace_31","package":"U_SOC","end":{"x":7.6,"y":-10.5},"expanded":26185,"newVias":0,"reusedBootstrapLayer":"bottom","length":9.450579643249512}
{"name":"source_trace_43","package":"U_SOC","end":{"x":5.04,"y":-10.5},"expanded":179011,"newVias":2,"reusedBootstrapLayer":"bottom","length":8.385138511657715}
{"status":"LOCAL_FANOUTS_READY_FOR_NATIVE_CHANNEL_ROUTING","localEscapes":22,"channel":{"input":{"path":"dist/am3352-ram-rotated-180-byte0-clear-channel-fanouts-attempt-244/channel.input.simple-route.json","sha256":"84e2e0c5387ea9791cdc84c49f53fb972bdbb74684207d6c71c49ce365bfa07c"}}}
