{"name":"source_trace_41","package":"U_RAM","end":{"x":2,"y":-18},"expanded":27856,"newVias":2,"reusedBootstrapLayer":"top","length":5}
{"name":"source_trace_28","package":"U_RAM","end":{"x":3.92,"y":-18},"expanded":180355,"newVias":0,"reusedBootstrapLayer":"top","length":19.77303695678711}
{"package":"U_RAM","trial":0,"order":["source_trace_41","source_trace_28","source_trace_27","source_trace_1","source_trace_2","source_trace_13","source_trace_11","source_trace_12","source_trace_29","source_trace_26","source_trace_40"],"failedName":"source_trace_27"}
{"name":"source_trace_27","package":"U_RAM","end":{"x":3.5999999999999996,"y":-18},"expanded":6472,"newVias":0,"reusedBootstrapLayer":"top","length":5.194112777709961}
{"name":"source_trace_41","package":"U_RAM","end":{"x":1.200000000000001,"y":-18},"expanded":42968,"newVias":2,"reusedBootstrapLayer":"top","length":6.648529052734375}
{"name":"source_trace_28","package":"U_RAM","end":{"x":3.92,"y":-18},"expanded":148326,"newVias":0,"reusedBootstrapLayer":"top","length":19.77303695678711}
{"name":"source_trace_1","package":"U_RAM","end":{"x":-2,"y":-18},"expanded":170,"newVias":0,"reusedBootstrapLayer":"top","length":3.4000000953674316}
{"name":"source_trace_2","package":"U_RAM","end":{"x":-3.5999999999999996,"y":-18},"expanded":10024,"newVias":0,"reusedBootstrapLayer":"top","length":6.273624897003174}
{"name":"source_trace_13","package":"U_RAM","end":{"x":-0.40000000000000036,"y":-18},"expanded":10696,"newVias":0,"reusedBootstrapLayer":"top","length":6.131371021270752}
{"name":"source_trace_11","package":"U_RAM","end":{"x":-1.2000000000000002,"y":-18},"expanded":170,"newVias":0,"reusedBootstrapLayer":"top","length":3.4000000953674316}
{"package":"U_RAM","trial":1,"order":["source_trace_27","source_trace_41","source_trace_28","source_trace_1","source_trace_2","source_trace_13","source_trace_11","source_trace_12","source_trace_29","source_trace_26","source_trace_40"],"failedName":"source_trace_12"}
{"name":"source_trace_12","package":"U_RAM","end":{"x":-0.40000000000000036,"y":-18},"expanded":8902,"newVias":0,"reusedBootstrapLayer":"top","length":5.331370830535889}
{"name":"source_trace_27","package":"U_RAM","end":{"x":3.5999999999999996,"y":-18},"expanded":6472,"newVias":0,"reusedBootstrapLayer":"top","length":5.194112777709961}
{"name":"source_trace_41","package":"U_RAM","end":{"x":1.200000000000001,"y":-18},"expanded":42947,"newVias":2,"reusedBootstrapLayer":"top","length":6.648529052734375}
{"name":"source_trace_28","package":"U_RAM","end":{"x":3.92,"y":-18},"expanded":96322,"newVias":0,"reusedBootstrapLayer":"top","length":19.77303695678711}
{"name":"source_trace_1","package":"U_RAM","end":{"x":-2,"y":-18},"expanded":170,"newVias":0,"reusedBootstrapLayer":"top","length":3.4000000953674316}
{"name":"source_trace_2","package":"U_RAM","end":{"x":-3.5999999999999996,"y":-18},"expanded":10024,"newVias":0,"reusedBootstrapLayer":"top","length":6.273624897003174}
{"name":"source_trace_13","package":"U_RAM","end":{"x":0.40000000000000036,"y":-18},"expanded":14597,"newVias":0,"reusedBootstrapLayer":"top","length":6.462741851806641}
{"name":"source_trace_11","package":"U_RAM","end":{"x":-1.2000000000000002,"y":-18},"expanded":170,"newVias":0,"reusedBootstrapLayer":"top","length":3.4000000953674316}
{"name":"source_trace_29","package":"U_RAM","end":{"x":-2.8,"y":-18},"expanded":395740,"newVias":2,"reusedBootstrapLayer":"top","length":17.050132751464844}
{"package":"U_RAM","trial":2,"order":["source_trace_12","source_trace_27","source_trace_41","source_trace_28","source_trace_1","source_trace_2","source_trace_13","source_trace_11","source_trace_29","source_trace_26","source_trace_40"],"failedName":"source_trace_26"}
{"name":"source_trace_26","package":"U_RAM","end":{"x":2,"y":-18},"expanded":170,"newVias":0,"reusedBootstrapLayer":"top","length":3.4000000953674316}
{"name":"source_trace_12","package":"U_RAM","end":{"x":-0.40000000000000036,"y":-18},"expanded":8902,"newVias":0,"reusedBootstrapLayer":"top","length":5.331370830535889}
{"name":"source_trace_27","package":"U_RAM","end":{"x":3.5999999999999996,"y":-18},"expanded":124417,"newVias":0,"reusedBootstrapLayer":"top","length":20.88783836364746}
{"name":"source_trace_41","package":"U_RAM","end":{"x":0.40000000000000036,"y":-18},"expanded":42956,"newVias":2,"reusedBootstrapLayer":"top","length":8.297056198120117}
{"name":"source_trace_28","package":"U_RAM","end":{"x":3.92,"y":-18},"expanded":295871,"newVias":2,"reusedBootstrapLayer":"top","length":19.07494354248047}
{"name":"source_trace_1","package":"U_RAM","end":{"x":-2,"y":-18},"expanded":170,"newVias":0,"reusedBootstrapLayer":"top","length":3.4000000953674316}
{"name":"source_trace_2","package":"U_RAM","end":{"x":-3.5999999999999996,"y":-18},"expanded":10024,"newVias":0,"reusedBootstrapLayer":"top","length":6.273624897003174}
{"name":"source_trace_13","package":"U_RAM","end":{"x":1.200000000000001,"y":-18},"expanded":215008,"newVias":2,"reusedBootstrapLayer":"top","length":6.7941131591796875}
{"name":"source_trace_11","package":"U_RAM","end":{"x":-1.2000000000000002,"y":-18},"expanded":170,"newVias":0,"reusedBootstrapLayer":"top","length":3.4000000953674316}
{"name":"source_trace_29","package":"U_RAM","end":{"x":-2.8,"y":-18},"expanded":379782,"newVias":2,"reusedBootstrapLayer":"top","length":17.050132751464844}
{"package":"U_RAM","trial":3,"order":["source_trace_26","source_trace_12","source_trace_27","source_trace_41","source_trace_28","source_trace_1","source_trace_2","source_trace_13","source_trace_11","source_trace_29","source_trace_40"],"failedName":"source_trace_40"}
{"name":"source_trace_40","package":"U_RAM","end":{"x":2,"y":-18},"expanded":24239,"newVias":2,"reusedBootstrapLayer":"top","length":4.200000762939453}
{"name":"source_trace_26","package":"U_RAM","end":{"x":1.200000000000001,"y":-18},"expanded":4138,"newVias":0,"reusedBootstrapLayer":"top","length":3.7313709259033203}
{"name":"source_trace_12","package":"U_RAM","end":{"x":-0.40000000000000036,"y":-18},"expanded":8902,"newVias":0,"reusedBootstrapLayer":"top","length":5.331370830535889}
{"name":"source_trace_27","package":"U_RAM","end":{"x":3.5999999999999996,"y":-18},"expanded":118428,"newVias":0,"reusedBootstrapLayer":"top","length":20.88783836364746}
{"name":"source_trace_41","package":"U_RAM","end":{"x":0.40000000000000036,"y":-18},"expanded":39882,"newVias":2,"reusedBootstrapLayer":"top","length":8.297056198120117}
{"name":"source_trace_28","package":"U_RAM","end":{"x":3.92,"y":-18},"expanded":295371,"newVias":2,"reusedBootstrapLayer":"top","length":19.07494354248047}
{"name":"source_trace_1","package":"U_RAM","end":{"x":-2,"y":-18},"expanded":170,"newVias":0,"reusedBootstrapLayer":"top","length":3.4000000953674316}
{"name":"source_trace_2","package":"U_RAM","end":{"x":-3.5999999999999996,"y":-18},"expanded":10024,"newVias":0,"reusedBootstrapLayer":"top","length":6.273624897003174}
{"name":"source_trace_13","package":"U_RAM","end":{"x":5.200000000000001,"y":-18},"expanded":527463,"newVias":0,"reusedBootstrapLayer":"top","length":28.966459274291992}
{"name":"source_trace_11","package":"U_RAM","end":{"x":-1.2000000000000002,"y":-18},"expanded":170,"newVias":0,"reusedBootstrapLayer":"top","length":3.4000000953674316}
{"name":"source_trace_29","package":"U_RAM","end":{"x":-2.8,"y":-18},"expanded":377944,"newVias":2,"reusedBootstrapLayer":"top","length":17.050132751464844}
{"name":"source_trace_28","package":"U_SOC","end":{"x":3.92,"y":-10.5},"expanded":9620,"newVias":0,"reusedBootstrapLayer":"top","length":4.389848709106445}
{"name":"source_trace_27","package":"U_SOC","end":{"x":3.5999999999999996,"y":-10.5},"expanded":17067,"newVias":2,"reusedBootstrapLayer":"top","length":5.259798049926758}
{"name":"source_trace_1","package":"U_SOC","end":{"x":0.40000000000000036,"y":-10.5},"expanded":6141,"newVias":0,"reusedBootstrapLayer":"top","length":3.4656853675842285}
{"name":"source_trace_2","package":"U_SOC","end":{"x":1.2000000000000002,"y":-10.5},"expanded":3833,"newVias":0,"reusedBootstrapLayer":"top","length":3.4656853675842285}
{"name":"source_trace_41","package":"U_SOC","end":{"x":-1.1999999999999997,"y":-10.5},"expanded":18309,"newVias":2,"reusedBootstrapLayer":"top","length":5.013767242431641}
{"name":"source_trace_13","package":"U_SOC","end":{"x":5.200000000000001,"y":-10.5},"expanded":68500,"newVias":0,"reusedBootstrapLayer":"top","length":15.631513595581055}
{"package":"U_SOC","trial":0,"order":["source_trace_28","source_trace_27","source_trace_1","source_trace_2","source_trace_41","source_trace_13","source_trace_11","source_trace_12","source_trace_29","source_trace_26","source_trace_40"],"failedName":"source_trace_11"}
{"name":"source_trace_11","package":"U_SOC","end":{"x":-0.39999999999999947,"y":-10.5},"expanded":8952,"newVias":0,"reusedBootstrapLayer":"top","length":6.799899101257324}
{"name":"source_trace_28","package":"U_SOC","end":{"x":3.92,"y":-10.5},"expanded":9620,"newVias":0,"reusedBootstrapLayer":"top","length":4.389848709106445}
{"name":"source_trace_27","package":"U_SOC","end":{"x":3.5999999999999996,"y":-10.5},"expanded":17068,"newVias":2,"reusedBootstrapLayer":"top","length":5.259798049926758}
{"name":"source_trace_1","package":"U_SOC","end":{"x":0.40000000000000036,"y":-10.5},"expanded":4244,"newVias":0,"reusedBootstrapLayer":"top","length":3.4656853675842285}
{"name":"source_trace_2","package":"U_SOC","end":{"x":1.2000000000000002,"y":-10.5},"expanded":3833,"newVias":0,"reusedBootstrapLayer":"top","length":3.4656853675842285}
{"package":"U_SOC","trial":1,"order":["source_trace_11","source_trace_28","source_trace_27","source_trace_1","source_trace_2","source_trace_41","source_trace_13","source_trace_12","source_trace_29","source_trace_26","source_trace_40"],"failedName":"source_trace_41"}
{"name":"source_trace_41","package":"U_SOC","end":{"x":2.000000000000001,"y":-10.5},"expanded":4243,"newVias":0,"reusedBootstrapLayer":"top","length":3.4656853675842285}
{"name":"source_trace_11","package":"U_SOC","end":{"x":-0.39999999999999947,"y":-10.5},"expanded":8952,"newVias":0,"reusedBootstrapLayer":"top","length":6.799899101257324}
{"package":"U_SOC","trial":2,"order":["source_trace_41","source_trace_11","source_trace_28","source_trace_27","source_trace_1","source_trace_2","source_trace_13","source_trace_12","source_trace_29","source_trace_26","source_trace_40"],"failedName":"source_trace_28"}
{"name":"source_trace_28","package":"U_SOC","end":{"x":3.92,"y":-10.5},"expanded":9620,"newVias":0,"reusedBootstrapLayer":"top","length":4.389848709106445}
{"name":"source_trace_41","package":"U_SOC","end":{"x":-1.1999999999999997,"y":-10.5},"expanded":18785,"newVias":2,"reusedBootstrapLayer":"top","length":5.013767242431641}
{"name":"source_trace_11","package":"U_SOC","end":{"x":-0.39999999999999947,"y":-10.5},"expanded":7134,"newVias":0,"reusedBootstrapLayer":"top","length":6.799899101257324}
{"name":"source_trace_27","package":"U_SOC","end":{"x":3.5999999999999996,"y":-10.5},"expanded":17068,"newVias":2,"reusedBootstrapLayer":"top","length":5.259798049926758}
{"name":"source_trace_1","package":"U_SOC","end":{"x":0.40000000000000036,"y":-10.5},"expanded":4244,"newVias":0,"reusedBootstrapLayer":"top","length":3.4656853675842285}
{"name":"source_trace_2","package":"U_SOC","end":{"x":1.2000000000000002,"y":-10.5},"expanded":3833,"newVias":0,"reusedBootstrapLayer":"top","length":3.4656853675842285}
{"package":"U_SOC","trial":3,"order":["source_trace_28","source_trace_41","source_trace_11","source_trace_27","source_trace_1","source_trace_2","source_trace_13","source_trace_12","source_trace_29","source_trace_26","source_trace_40"],"failedName":"source_trace_13"}
{"name":"source_trace_13","package":"U_SOC","end":{"x":5.200000000000001,"y":-10.5},"expanded":103610,"newVias":0,"reusedBootstrapLayer":"top","length":15.631513595581055}
{"name":"source_trace_28","package":"U_SOC","end":{"x":3.92,"y":-10.5},"expanded":9620,"newVias":0,"reusedBootstrapLayer":"top","length":4.389848709106445}
{"name":"source_trace_41","package":"U_SOC","end":{"x":-1.1999999999999997,"y":-10.5},"expanded":18785,"newVias":2,"reusedBootstrapLayer":"top","length":5.013767242431641}
{"package":"U_SOC","trial":4,"order":["source_trace_13","source_trace_28","source_trace_41","source_trace_11","source_trace_27","source_trace_1","source_trace_2","source_trace_12","source_trace_29","source_trace_26","source_trace_40"],"failedName":"source_trace_11"}
{"name":"source_trace_11","package":"U_SOC","end":{"x":-0.39999999999999947,"y":-10.5},"expanded":8952,"newVias":0,"reusedBootstrapLayer":"top","length":6.799899101257324}
{"package":"U_SOC","trial":5,"order":["source_trace_11","source_trace_13","source_trace_28","source_trace_41","source_trace_27","source_trace_1","source_trace_2","source_trace_12","source_trace_29","source_trace_26","source_trace_40"],"failedName":"source_trace_13"}
{"name":"source_trace_13","package":"U_SOC","end":{"x":5.200000000000001,"y":-10.5},"expanded":103610,"newVias":0,"reusedBootstrapLayer":"top","length":15.631513595581055}
{"package":"U_SOC","trial":6,"order":["source_trace_13","source_trace_11","source_trace_28","source_trace_41","source_trace_27","source_trace_1","source_trace_2","source_trace_12","source_trace_29","source_trace_26","source_trace_40"],"failedName":"source_trace_11"}
