{"name":"source_trace_13","package":"U_RAM","end":{"x":-0.40000000000000036,"y":-18},"expanded":10814,"newVias":0,"reusedBootstrapLayer":"top","length":6.131371021270752}
{"name":"source_trace_28","package":"U_RAM","end":{"x":3.92,"y":-18},"expanded":21621,"newVias":0,"reusedBootstrapLayer":"top","length":6.929848670959473}
{"package":"U_RAM","trial":0,"order":["source_trace_13","source_trace_28","source_trace_27","source_trace_1","source_trace_2","source_trace_41","source_trace_11","source_trace_12","source_trace_29","source_trace_26","source_trace_40"],"failedName":"source_trace_27"}
{"name":"source_trace_27","package":"U_RAM","end":{"x":3.5999999999999996,"y":-18},"expanded":6472,"newVias":0,"reusedBootstrapLayer":"top","length":5.194112777709961}
{"name":"source_trace_13","package":"U_RAM","end":{"x":-0.40000000000000036,"y":-18},"expanded":10814,"newVias":0,"reusedBootstrapLayer":"top","length":6.131371021270752}
{"name":"source_trace_28","package":"U_RAM","end":{"x":3.92,"y":-18},"expanded":118616,"newVias":0,"reusedBootstrapLayer":"top","length":19.77303695678711}
{"name":"source_trace_1","package":"U_RAM","end":{"x":-2,"y":-18},"expanded":170,"newVias":0,"reusedBootstrapLayer":"top","length":3.4000000953674316}
{"name":"source_trace_2","package":"U_RAM","end":{"x":-3.5999999999999996,"y":-18},"expanded":10024,"newVias":0,"reusedBootstrapLayer":"top","length":6.273624897003174}
{"name":"source_trace_41","package":"U_RAM","end":{"x":0.40000000000000036,"y":-18},"expanded":42805,"newVias":2,"reusedBootstrapLayer":"top","length":6.648529052734375}
{"name":"source_trace_11","package":"U_RAM","end":{"x":-1.2000000000000002,"y":-18},"expanded":170,"newVias":0,"reusedBootstrapLayer":"top","length":3.4000000953674316}
{"package":"U_RAM","trial":1,"order":["source_trace_27","source_trace_13","source_trace_28","source_trace_1","source_trace_2","source_trace_41","source_trace_11","source_trace_12","source_trace_29","source_trace_26","source_trace_40"],"failedName":"source_trace_12"}
{"name":"source_trace_12","package":"U_RAM","end":{"x":-0.40000000000000036,"y":-18},"expanded":8902,"newVias":0,"reusedBootstrapLayer":"top","length":5.331370830535889}
{"name":"source_trace_27","package":"U_RAM","end":{"x":3.5999999999999996,"y":-18},"expanded":6472,"newVias":0,"reusedBootstrapLayer":"top","length":5.194112777709961}
{"name":"source_trace_13","package":"U_RAM","end":{"x":0.40000000000000036,"y":-18},"expanded":14600,"newVias":0,"reusedBootstrapLayer":"top","length":6.462741851806641}
{"name":"source_trace_28","package":"U_RAM","end":{"x":3.92,"y":-18},"expanded":113619,"newVias":0,"reusedBootstrapLayer":"top","length":19.77303695678711}
{"name":"source_trace_1","package":"U_RAM","end":{"x":-2,"y":-18},"expanded":170,"newVias":0,"reusedBootstrapLayer":"top","length":3.4000000953674316}
{"name":"source_trace_2","package":"U_RAM","end":{"x":-3.5999999999999996,"y":-18},"expanded":10024,"newVias":0,"reusedBootstrapLayer":"top","length":6.273624897003174}
{"name":"source_trace_41","package":"U_RAM","end":{"x":1.200000000000001,"y":-18},"expanded":40430,"newVias":2,"reusedBootstrapLayer":"top","length":6.648529052734375}
{"name":"source_trace_11","package":"U_RAM","end":{"x":-1.2000000000000002,"y":-18},"expanded":170,"newVias":0,"reusedBootstrapLayer":"top","length":3.4000000953674316}
{"name":"source_trace_29","package":"U_RAM","end":{"x":-2.8,"y":-18},"expanded":395740,"newVias":2,"reusedBootstrapLayer":"top","length":17.050132751464844}
{"package":"U_RAM","trial":2,"order":["source_trace_12","source_trace_27","source_trace_13","source_trace_28","source_trace_1","source_trace_2","source_trace_41","source_trace_11","source_trace_29","source_trace_26","source_trace_40"],"failedName":"source_trace_26"}
{"name":"source_trace_26","package":"U_RAM","end":{"x":2,"y":-18},"expanded":170,"newVias":0,"reusedBootstrapLayer":"top","length":3.4000000953674316}
{"name":"source_trace_12","package":"U_RAM","end":{"x":-0.40000000000000036,"y":-18},"expanded":8902,"newVias":0,"reusedBootstrapLayer":"top","length":5.331370830535889}
{"name":"source_trace_27","package":"U_RAM","end":{"x":3.5999999999999996,"y":-18},"expanded":124417,"newVias":0,"reusedBootstrapLayer":"top","length":20.88783836364746}
{"name":"source_trace_13","package":"U_RAM","end":{"x":0.40000000000000036,"y":-18},"expanded":14600,"newVias":0,"reusedBootstrapLayer":"top","length":6.462741851806641}
{"name":"source_trace_28","package":"U_RAM","end":{"x":3.92,"y":-18},"expanded":321653,"newVias":2,"reusedBootstrapLayer":"top","length":19.07494354248047}
{"name":"source_trace_1","package":"U_RAM","end":{"x":-2,"y":-18},"expanded":170,"newVias":0,"reusedBootstrapLayer":"top","length":3.4000000953674316}
{"name":"source_trace_2","package":"U_RAM","end":{"x":-3.5999999999999996,"y":-18},"expanded":10024,"newVias":0,"reusedBootstrapLayer":"top","length":6.273624897003174}
{"name":"source_trace_41","package":"U_RAM","end":{"x":1.200000000000001,"y":-18},"expanded":57411,"newVias":2,"reusedBootstrapLayer":"top","length":8.628427505493164}
{"name":"source_trace_11","package":"U_RAM","end":{"x":-1.2000000000000002,"y":-18},"expanded":170,"newVias":0,"reusedBootstrapLayer":"top","length":3.4000000953674316}
{"name":"source_trace_29","package":"U_RAM","end":{"x":-2.8,"y":-18},"expanded":378119,"newVias":2,"reusedBootstrapLayer":"top","length":17.050132751464844}
{"package":"U_RAM","trial":3,"order":["source_trace_26","source_trace_12","source_trace_27","source_trace_13","source_trace_28","source_trace_1","source_trace_2","source_trace_41","source_trace_11","source_trace_29","source_trace_40"],"failedName":"source_trace_40"}
{"name":"source_trace_40","package":"U_RAM","end":{"x":2,"y":-18},"expanded":24239,"newVias":2,"reusedBootstrapLayer":"top","length":4.200000762939453}
{"name":"source_trace_26","package":"U_RAM","end":{"x":1.200000000000001,"y":-18},"expanded":4138,"newVias":0,"reusedBootstrapLayer":"top","length":3.7313709259033203}
{"name":"source_trace_12","package":"U_RAM","end":{"x":-0.40000000000000036,"y":-18},"expanded":8902,"newVias":0,"reusedBootstrapLayer":"top","length":5.331370830535889}
{"name":"source_trace_27","package":"U_RAM","end":{"x":3.5999999999999996,"y":-18},"expanded":118428,"newVias":0,"reusedBootstrapLayer":"top","length":20.88783836364746}
{"name":"source_trace_13","package":"U_RAM","end":{"x":0.40000000000000036,"y":-18},"expanded":14600,"newVias":0,"reusedBootstrapLayer":"top","length":6.462741851806641}
{"name":"source_trace_28","package":"U_RAM","end":{"x":3.92,"y":-18},"expanded":315155,"newVias":2,"reusedBootstrapLayer":"top","length":19.07494354248047}
{"name":"source_trace_1","package":"U_RAM","end":{"x":-2,"y":-18},"expanded":170,"newVias":0,"reusedBootstrapLayer":"top","length":3.4000000953674316}
{"name":"source_trace_2","package":"U_RAM","end":{"x":-3.5999999999999996,"y":-18},"expanded":10024,"newVias":0,"reusedBootstrapLayer":"top","length":6.273624897003174}
{"name":"source_trace_41","package":"U_RAM","end":{"x":-2.8,"y":-18},"expanded":404569,"newVias":2,"reusedBootstrapLayer":"top","length":17.850135803222656}
{"name":"source_trace_11","package":"U_RAM","end":{"x":-1.2000000000000002,"y":-18},"expanded":170,"newVias":0,"reusedBootstrapLayer":"top","length":3.4000000953674316}
{"package":"U_RAM","trial":4,"order":["source_trace_40","source_trace_26","source_trace_12","source_trace_27","source_trace_13","source_trace_28","source_trace_1","source_trace_2","source_trace_41","source_trace_11","source_trace_29"],"failedName":"source_trace_29"}
{"name":"source_trace_29","package":"U_RAM","end":{"x":1.200000000000001,"y":-18},"expanded":5953,"newVias":0,"reusedBootstrapLayer":"top","length":6.501076698303223}
{"name":"source_trace_40","package":"U_RAM","end":{"x":2,"y":-18},"expanded":24217,"newVias":2,"reusedBootstrapLayer":"top","length":4.200000762939453}
{"name":"source_trace_26","package":"U_RAM","end":{"x":0.40000000000000036,"y":-18},"expanded":25275,"newVias":2,"reusedBootstrapLayer":"top","length":4.062742233276367}
{"name":"source_trace_12","package":"U_RAM","end":{"x":-0.40000000000000036,"y":-18},"expanded":8902,"newVias":0,"reusedBootstrapLayer":"top","length":5.331370830535889}
{"package":"U_RAM","trial":5,"order":["source_trace_29","source_trace_40","source_trace_26","source_trace_12","source_trace_27","source_trace_13","source_trace_28","source_trace_1","source_trace_2","source_trace_41","source_trace_11"],"failedName":"source_trace_27"}
{"name":"source_trace_27","package":"U_RAM","end":{"x":3.5999999999999996,"y":-18},"expanded":6472,"newVias":0,"reusedBootstrapLayer":"top","length":5.194112777709961}
{"name":"source_trace_29","package":"U_RAM","end":{"x":1.200000000000001,"y":-18},"expanded":5358,"newVias":0,"reusedBootstrapLayer":"top","length":6.501076698303223}
{"name":"source_trace_40","package":"U_RAM","end":{"x":0.40000000000000036,"y":-18},"expanded":39917,"newVias":2,"reusedBootstrapLayer":"top","length":7.662742614746094}
{"name":"source_trace_26","package":"U_RAM","end":{"x":4.4,"y":-18},"expanded":6902,"newVias":0,"reusedBootstrapLayer":"top","length":4.733868598937988}
{"name":"source_trace_12","package":"U_RAM","end":{"x":-0.40000000000000036,"y":-18},"expanded":8902,"newVias":0,"reusedBootstrapLayer":"top","length":5.331370830535889}
{"name":"source_trace_13","package":"U_RAM","end":{"x":-3.5999999999999996,"y":-18},"expanded":125557,"newVias":0,"reusedBootstrapLayer":"top","length":19.60264015197754}
{"package":"U_RAM","trial":6,"order":["source_trace_27","source_trace_29","source_trace_40","source_trace_26","source_trace_12","source_trace_13","source_trace_28","source_trace_1","source_trace_2","source_trace_41","source_trace_11"],"failedName":"source_trace_28"}
{"name":"source_trace_28","package":"U_RAM","end":{"x":3.92,"y":-18},"expanded":21621,"newVias":0,"reusedBootstrapLayer":"top","length":6.929848670959473}
{"package":"U_RAM","trial":7,"order":["source_trace_28","source_trace_27","source_trace_29","source_trace_40","source_trace_26","source_trace_12","source_trace_13","source_trace_1","source_trace_2","source_trace_41","source_trace_11"],"failedName":"source_trace_27"}
{"name":"source_trace_27","package":"U_RAM","end":{"x":3.5999999999999996,"y":-18},"expanded":6472,"newVias":0,"reusedBootstrapLayer":"top","length":5.194112777709961}
{"name":"source_trace_28","package":"U_RAM","end":{"x":3.92,"y":-18},"expanded":187023,"newVias":0,"reusedBootstrapLayer":"top","length":19.77303695678711}
{"name":"source_trace_29","package":"U_RAM","end":{"x":0.40000000000000036,"y":-18},"expanded":43400,"newVias":2,"reusedBootstrapLayer":"top","length":6.814212799072266}
{"package":"U_RAM","trial":8,"order":["source_trace_27","source_trace_28","source_trace_29","source_trace_40","source_trace_26","source_trace_12","source_trace_13","source_trace_1","source_trace_2","source_trace_41","source_trace_11"],"failedName":"source_trace_40"}
{"name":"source_trace_40","package":"U_RAM","end":{"x":2,"y":-18},"expanded":24239,"newVias":2,"reusedBootstrapLayer":"top","length":4.200000762939453}
{"name":"source_trace_27","package":"U_RAM","end":{"x":3.5999999999999996,"y":-18},"expanded":209715,"newVias":0,"reusedBootstrapLayer":"top","length":20.88783836364746}
{"name":"source_trace_28","package":"U_RAM","end":{"x":3.92,"y":-18},"expanded":323002,"newVias":2,"reusedBootstrapLayer":"top","length":19.07494354248047}
{"name":"source_trace_29","package":"U_RAM","end":{"x":0.40000000000000036,"y":-18},"expanded":38512,"newVias":2,"reusedBootstrapLayer":"top","length":7.96568489074707}
{"name":"source_trace_26","package":"U_RAM","end":{"x":1.200000000000001,"y":-18},"expanded":4138,"newVias":0,"reusedBootstrapLayer":"top","length":3.7313709259033203}
{"name":"source_trace_12","package":"U_RAM","end":{"x":-0.40000000000000036,"y":-18},"expanded":8902,"newVias":0,"reusedBootstrapLayer":"top","length":5.331370830535889}
{"name":"source_trace_13","package":"U_RAM","end":{"x":-3.5999999999999996,"y":-18},"expanded":103016,"newVias":0,"reusedBootstrapLayer":"top","length":19.60264015197754}
{"name":"source_trace_1","package":"U_RAM","end":{"x":-2,"y":-18},"expanded":170,"newVias":0,"reusedBootstrapLayer":"top","length":3.4000000953674316}
{"package":"U_RAM","trial":9,"order":["source_trace_40","source_trace_27","source_trace_28","source_trace_29","source_trace_26","source_trace_12","source_trace_13","source_trace_1","source_trace_2","source_trace_41","source_trace_11"],"failedName":"source_trace_2"}
{"name":"source_trace_2","package":"U_RAM","end":{"x":-3.5999999999999996,"y":-18},"expanded":10029,"newVias":0,"reusedBootstrapLayer":"top","length":6.273624897003174}
{"name":"source_trace_40","package":"U_RAM","end":{"x":2,"y":-18},"expanded":24239,"newVias":2,"reusedBootstrapLayer":"top","length":4.200000762939453}
{"name":"source_trace_27","package":"U_RAM","end":{"x":3.5999999999999996,"y":-18},"expanded":158078,"newVias":0,"reusedBootstrapLayer":"top","length":20.88783836364746}
{"name":"source_trace_28","package":"U_RAM","end":{"x":3.92,"y":-18},"expanded":323001,"newVias":2,"reusedBootstrapLayer":"top","length":19.07494354248047}
{"name":"source_trace_29","package":"U_RAM","end":{"x":0.40000000000000036,"y":-18},"expanded":38512,"newVias":2,"reusedBootstrapLayer":"top","length":7.96568489074707}
{"name":"source_trace_26","package":"U_RAM","end":{"x":1.200000000000001,"y":-18},"expanded":4138,"newVias":0,"reusedBootstrapLayer":"top","length":3.7313709259033203}
{"name":"source_trace_12","package":"U_RAM","end":{"x":-0.40000000000000036,"y":-18},"expanded":8902,"newVias":0,"reusedBootstrapLayer":"top","length":5.331370830535889}
{"name":"source_trace_13","package":"U_RAM","end":{"x":5.200000000000001,"y":-18},"expanded":525829,"newVias":0,"reusedBootstrapLayer":"top","length":28.966459274291992}
{"name":"source_trace_1","package":"U_RAM","end":{"x":-2,"y":-18},"expanded":170,"newVias":0,"reusedBootstrapLayer":"top","length":3.4000000953674316}
{"package":"U_RAM","trial":10,"order":["source_trace_2","source_trace_40","source_trace_27","source_trace_28","source_trace_29","source_trace_26","source_trace_12","source_trace_13","source_trace_1","source_trace_41","source_trace_11"],"failedName":"source_trace_41"}
{"name":"source_trace_41","package":"U_RAM","end":{"x":2,"y":-18},"expanded":27856,"newVias":2,"reusedBootstrapLayer":"top","length":5}
{"name":"source_trace_2","package":"U_RAM","end":{"x":-3.5999999999999996,"y":-18},"expanded":10029,"newVias":0,"reusedBootstrapLayer":"top","length":6.273624897003174}
{"package":"U_RAM","trial":11,"order":["source_trace_41","source_trace_2","source_trace_40","source_trace_27","source_trace_28","source_trace_29","source_trace_26","source_trace_12","source_trace_13","source_trace_1","source_trace_11"],"failedName":"source_trace_40"}
