{"name":"source_trace_35","pass":0,"penalty":25.6,"expanded":2619078,"newVias":2,"lengthMm":22.896937931134495,"overlapCost":204.80000305175707,"elapsedSeconds":3.7744175419999997,"gridMm":0.04}
{"name":"source_trace_6","pass":0,"penalty":25.6,"expanded":237980,"newVias":0,"lengthMm":11.86371716450253,"overlapCost":204.8000030517575,"elapsedSeconds":0.303100625,"gridMm":0.04}
{"name":"source_trace_7","pass":0,"penalty":25.6,"expanded":1161078,"newVias":4,"lengthMm":58.7097719780913,"overlapCost":0,"elapsedSeconds":1.6445095839999995,"gridMm":0.04}
{"name":"source_trace_48","pass":0,"penalty":25.6,"expanded":1494641,"newVias":2,"lengthMm":65.33162189482482,"overlapCost":0,"elapsedSeconds":2.097059707999999,"gridMm":0.04}
{"name":"source_trace_8","coarseGridFailure":{"error":"no clearance-preserving bridge","expanded":0,"startBlocked":[true,true],"goalBlocked":[false,false]}}
{"name":"source_trace_8","pass":0,"penalty":25.6,"expanded":193649,"newVias":2,"lengthMm":23.399108216936547,"overlapCost":0,"elapsedSeconds":0.2317540829999998,"gridMm":0.02}
{"name":"source_trace_25","pass":0,"penalty":25.6,"expanded":723301,"newVias":2,"lengthMm":44.179292911256255,"overlapCost":0,"elapsedSeconds":1.000820334,"gridMm":0.04}
{"name":"source_trace_38","pass":0,"penalty":25.6,"expanded":202099,"newVias":2,"lengthMm":40.787821048680144,"overlapCost":0,"elapsedSeconds":0.2510271670000002,"gridMm":0.04}
{"name":"source_trace_37","pass":0,"penalty":25.6,"expanded":390595,"newVias":4,"lengthMm":43.19655121145935,"overlapCost":0,"elapsedSeconds":0.5169734169999992,"gridMm":0.04}
{"name":"source_trace_24","pass":0,"penalty":25.6,"expanded":557536,"newVias":4,"lengthMm":49.983111088436516,"overlapCost":0,"elapsedSeconds":0.7570925420000003,"gridMm":0.04}
{"name":"source_trace_44","pass":0,"penalty":25.6,"expanded":1739039,"newVias":2,"lengthMm":30.442034611053266,"overlapCost":76.80000114440921,"elapsedSeconds":2.4636031250000014,"gridMm":0.04}
{"name":"source_trace_45","pass":0,"penalty":25.6,"expanded":1795675,"newVias":3,"lengthMm":27.750865786510115,"overlapCost":179.20000267028556,"elapsedSeconds":2.6573830000000016,"gridMm":0.04}
{"name":"source_trace_22","pass":0,"penalty":25.6,"expanded":128885,"newVias":2,"lengthMm":25.11557574675377,"overlapCost":76.80000114441222,"elapsedSeconds":0.16683258299999942,"gridMm":0.04}
{"name":"source_trace_5","pass":0,"penalty":25.6,"expanded":2777305,"newVias":6,"lengthMm":58.02221930537301,"overlapCost":435.20000648498535,"elapsedSeconds":4.180407749999999,"gridMm":0.04}
{"name":"source_trace_18","pass":0,"penalty":25.6,"expanded":1931273,"newVias":4,"lengthMm":53.265466068558325,"overlapCost":0,"elapsedSeconds":2.8108465830000022,"gridMm":0.04}
{"name":"source_trace_20","pass":0,"penalty":25.6,"expanded":10012,"newVias":2,"lengthMm":16.996753236814698,"overlapCost":0,"elapsedSeconds":0.012282749999998486,"gridMm":0.04}
{"name":"source_trace_9","pass":0,"penalty":25.6,"expanded":188678,"newVias":6,"lengthMm":19.70968829644921,"overlapCost":0,"elapsedSeconds":0.242012834000001,"gridMm":0.04}
{"name":"source_trace_0","pass":0,"penalty":25.6,"expanded":1259854,"newVias":4,"lengthMm":69.17133618782752,"overlapCost":3.552713678800501e-13,"elapsedSeconds":1.7715595410000025,"gridMm":0.04}
{"name":"source_trace_47","pass":0,"penalty":25.6,"expanded":6476,"newVias":0,"lengthMm":13.461362184380702,"overlapCost":0,"elapsedSeconds":0.009302625000000262,"gridMm":0.04}
{"name":"source_trace_39","pass":0,"penalty":25.6,"expanded":33716,"newVias":1,"lengthMm":16.965567081236014,"overlapCost":0,"elapsedSeconds":0.04961354200000278,"gridMm":0.04}
{"name":"source_trace_19","pass":0,"penalty":25.6,"expanded":45499,"newVias":4,"lengthMm":13.304692629208112,"overlapCost":0,"elapsedSeconds":0.06613316699999995,"gridMm":0.04}
{"name":"source_trace_21","pass":0,"penalty":25.6,"expanded":2574028,"newVias":2,"lengthMm":10.613523804664966,"overlapCost":384.0000057220459,"elapsedSeconds":3.849353500000001,"gridMm":0.04}
{"name":"source_trace_36","pass":0,"penalty":25.6,"expanded":29267,"newVias":2,"lengthMm":13.664490603852782,"overlapCost":1.7763568394002505e-15,"elapsedSeconds":0.042443041999998966,"gridMm":0.04}
{"name":"source_trace_23","pass":0,"penalty":25.6,"expanded":266202,"newVias":4,"lengthMm":16.271067811865468,"overlapCost":0,"elapsedSeconds":0.3639770829999979,"gridMm":0.04}
{"name":"source_trace_46","pass":0,"penalty":25.6,"expanded":395714,"newVias":6,"lengthMm":16.536854249492375,"overlapCost":0,"elapsedSeconds":0.5183050419999999,"gridMm":0.04}
{"negotiationPass":0,"conflictingChannels":5,"conflictNames":["source_trace_48","source_trace_44","source_trace_5","source_trace_35","source_trace_6"]}
{"name":"source_trace_35","pass":1,"penalty":51.2,"expanded":2593077,"newVias":2,"lengthMm":22.5123289835685,"overlapCost":409.60000610351585,"elapsedSeconds":3.9891065830000008,"gridMm":0.04}
{"name":"source_trace_6","pass":1,"penalty":51.2,"expanded":2983228,"newVias":0,"lengthMm":11.797442994522832,"overlapCost":768.0000114440928,"elapsedSeconds":4.451384832999996,"gridMm":0.04}
{"name":"source_trace_48","pass":1,"penalty":51.2,"expanded":319913,"newVias":6,"lengthMm":63.53750934512937,"overlapCost":153.60000228881367,"elapsedSeconds":0.4525554159999956,"gridMm":0.04}
{"name":"source_trace_44","pass":1,"penalty":51.2,"expanded":2170008,"newVias":2,"lengthMm":30.109974003446666,"overlapCost":409.6000061035153,"elapsedSeconds":3.322728707999995,"gridMm":0.04}
{"name":"source_trace_5","pass":1,"penalty":51.2,"expanded":2564152,"newVias":6,"lengthMm":58.25888886054562,"overlapCost":409.6000061035155,"elapsedSeconds":4.012693416000002,"gridMm":0.04}
{"name":"source_trace_7","pass":1,"penalty":51.2,"expanded":1660122,"newVias":4,"lengthMm":55.4910504808299,"overlapCost":153.60000228881572,"elapsedSeconds":2.771586583999997,"gridMm":0.04}
{"name":"source_trace_8","coarseGridFailure":{"error":"no clearance-preserving bridge","expanded":0,"startBlocked":[true,true],"goalBlocked":[false,false]}}
{"name":"source_trace_8","pass":1,"penalty":51.2,"expanded":184000,"newVias":2,"lengthMm":23.399108216936547,"overlapCost":0,"elapsedSeconds":0.24065512500000477,"gridMm":0.02}
{"name":"source_trace_25","pass":1,"penalty":51.2,"expanded":705056,"newVias":2,"lengthMm":44.14213562373088,"overlapCost":0,"elapsedSeconds":1.1768274170000077,"gridMm":0.04}
{"name":"source_trace_38","pass":1,"penalty":51.2,"expanded":215056,"newVias":2,"lengthMm":40.764389591175075,"overlapCost":0,"elapsedSeconds":0.28110537499999916,"gridMm":0.04}
{"name":"source_trace_37","pass":1,"penalty":51.2,"expanded":1731552,"newVias":4,"lengthMm":42.353018741276614,"overlapCost":256.00000381470403,"elapsedSeconds":2.4947211669999962,"gridMm":0.04}
{"name":"source_trace_24","pass":1,"penalty":51.2,"expanded":975288,"newVias":4,"lengthMm":48.12938525841619,"overlapCost":204.80000305175227,"elapsedSeconds":1.3530440840000082,"gridMm":0.04}
{"name":"source_trace_45","pass":1,"penalty":51.2,"expanded":1606208,"newVias":5,"lengthMm":34.98830878103292,"overlapCost":102.40000152587822,"elapsedSeconds":2.1898768750000017,"gridMm":0.04}
{"name":"source_trace_22","pass":1,"penalty":51.2,"expanded":45164,"newVias":2,"lengthMm":24.92243866176392,"overlapCost":153.60000228881444,"elapsedSeconds":0.05437545799999498,"gridMm":0.04}
{"name":"source_trace_18","pass":1,"penalty":51.2,"expanded":2740364,"newVias":6,"lengthMm":51.953018741276615,"overlapCost":256.00000381471136,"elapsedSeconds":3.9310854580000014,"gridMm":0.04}
{"name":"source_trace_20","pass":1,"penalty":51.2,"expanded":73996,"newVias":2,"lengthMm":16.9167532368147,"overlapCost":204.80000305175741,"elapsedSeconds":0.10382712499999616,"gridMm":0.04}
{"name":"source_trace_9","pass":1,"penalty":51.2,"expanded":111926,"newVias":4,"lengthMm":17.131942263893375,"overlapCost":0,"elapsedSeconds":0.14312345800000184,"gridMm":0.04}
{"name":"source_trace_0","pass":1,"penalty":51.2,"expanded":1417707,"newVias":6,"lengthMm":65.3183001155153,"overlapCost":204.80000305175554,"elapsedSeconds":1.8888236250000046,"gridMm":0.04}
{"name":"source_trace_47","pass":1,"penalty":51.2,"expanded":6539,"newVias":0,"lengthMm":13.428225099390854,"overlapCost":153.6000022888163,"elapsedSeconds":0.008402791999993496,"gridMm":0.04}
{"name":"source_trace_39","pass":1,"penalty":51.2,"expanded":32602,"newVias":1,"lengthMm":16.86213562373094,"overlapCost":0,"elapsedSeconds":0.04841704199998639,"gridMm":0.04}
{"name":"source_trace_19","pass":1,"penalty":51.2,"expanded":71036,"newVias":4,"lengthMm":13.304692629208109,"overlapCost":0,"elapsedSeconds":0.09513695899999584,"gridMm":0.04}
{"name":"source_trace_21","pass":1,"penalty":51.2,"expanded":3066330,"newVias":6,"lengthMm":85.65150355111179,"overlapCost":1228.8000183105617,"elapsedSeconds":4.393879000000001,"gridMm":0.04}
{"name":"source_trace_36","pass":1,"penalty":51.2,"expanded":22555,"newVias":2,"lengthMm":13.424490603852778,"overlapCost":1.7763568394002505e-14,"elapsedSeconds":0.03454099999999744,"gridMm":0.04}
{"name":"source_trace_23","pass":1,"penalty":51.2,"expanded":231837,"newVias":4,"lengthMm":15.935676759431464,"overlapCost":0,"elapsedSeconds":0.32593383299998824,"gridMm":0.04}
{"name":"source_trace_46","pass":1,"penalty":51.2,"expanded":130679,"newVias":4,"lengthMm":9.926660889654821,"overlapCost":0,"elapsedSeconds":0.1768403330000001,"gridMm":0.04}
{"negotiationPass":1,"conflictingChannels":7,"conflictNames":["source_trace_25","source_trace_44","source_trace_5","source_trace_47","source_trace_35","source_trace_21","source_trace_6"]}
{"name":"source_trace_35","pass":2,"penalty":102.4,"expanded":2718418,"newVias":2,"lengthMm":67.73868683519035,"overlapCost":1638.4000244140602,"elapsedSeconds":5.5817164159999955,"gridMm":0.04}
{"name":"source_trace_6","pass":2,"penalty":102.4,"expanded":9136,"newVias":2,"lengthMm":9.213036072312182,"overlapCost":0,"elapsedSeconds":0.015228375000006053,"gridMm":0.04}
{"name":"source_trace_25","pass":2,"penalty":102.4,"expanded":1626336,"newVias":2,"lengthMm":45.376937931134435,"overlapCost":204.8000030517565,"elapsedSeconds":3.1958245840000017,"gridMm":0.04}
{"name":"source_trace_44","pass":2,"penalty":102.4,"expanded":2900649,"newVias":2,"lengthMm":29.481344853345135,"overlapCost":1126.400016784667,"elapsedSeconds":4.7477291660000045,"gridMm":0.04}
{"name":"source_trace_5","pass":2,"penalty":102.4,"expanded":2417196,"newVias":6,"lengthMm":56.077122625454244,"overlapCost":819.2000122070269,"elapsedSeconds":3.896152375000005,"gridMm":0.04}
{"name":"source_trace_47","pass":2,"penalty":102.4,"expanded":2954199,"newVias":0,"lengthMm":12.86489465456345,"overlapCost":1638.4000244140614,"elapsedSeconds":4.782662249999994,"gridMm":0.04}
{"name":"source_trace_21","pass":2,"penalty":102.4,"expanded":1750209,"newVias":6,"lengthMm":87.12935059634539,"overlapCost":819.200012207034,"elapsedSeconds":2.403476708999995,"gridMm":0.04}
{"name":"source_trace_7","pass":2,"penalty":102.4,"expanded":1596892,"newVias":4,"lengthMm":53.235659428395905,"overlapCost":307.2000045776384,"elapsedSeconds":2.2457721250000033,"gridMm":0.04}
{"name":"source_trace_48","pass":2,"penalty":102.4,"expanded":983287,"newVias":6,"lengthMm":62.373001410241066,"overlapCost":716.8000106811189,"elapsedSeconds":1.2265151249999908,"gridMm":0.04}
{"name":"source_trace_8","coarseGridFailure":{"error":"no clearance-preserving bridge","expanded":0,"startBlocked":[true,true],"goalBlocked":[false,false]}}
{"name":"source_trace_8","pass":2,"penalty":102.4,"expanded":187904,"newVias":2,"lengthMm":23.399108216936547,"overlapCost":0,"elapsedSeconds":0.22618841699999756,"gridMm":0.02}
{"name":"source_trace_38","pass":2,"penalty":102.4,"expanded":210762,"newVias":2,"lengthMm":40.740958133670006,"overlapCost":0,"elapsedSeconds":0.28232579199998875,"gridMm":0.04}
{"name":"source_trace_37","pass":2,"penalty":102.4,"expanded":328760,"newVias":4,"lengthMm":42.28674457129692,"overlapCost":0,"elapsedSeconds":0.43500262500000825,"gridMm":0.04}
{"name":"source_trace_24","pass":2,"penalty":102.4,"expanded":916407,"newVias":4,"lengthMm":48.52369983346695,"overlapCost":204.8000030517524,"elapsedSeconds":1.2434458750000048,"gridMm":0.04}
{"name":"source_trace_45","pass":2,"penalty":102.4,"expanded":1675033,"newVias":5,"lengthMm":34.42664355861924,"overlapCost":512.0000076293944,"elapsedSeconds":2.2880209999999788,"gridMm":0.04}
{"name":"source_trace_22","pass":2,"penalty":102.4,"expanded":2455627,"newVias":2,"lengthMm":24.889301576774066,"overlapCost":1228.8000183105387,"elapsedSeconds":3.759929999999993,"gridMm":0.04}
{"name":"source_trace_18","pass":2,"penalty":102.4,"expanded":1951909,"newVias":6,"lengthMm":51.9392929112563,"overlapCost":0,"elapsedSeconds":4.002577416999993,"gridMm":0.04}
{"name":"source_trace_20","pass":2,"penalty":102.4,"expanded":24930,"newVias":2,"lengthMm":16.700184694319773,"overlapCost":307.2000045776398,"elapsedSeconds":0.03808266700000968,"gridMm":0.04}
{"name":"source_trace_9","pass":2,"penalty":102.4,"expanded":104889,"newVias":4,"lengthMm":17.131942263893375,"overlapCost":0,"elapsedSeconds":0.18586504099998274,"gridMm":0.04}
{"name":"source_trace_0","pass":2,"penalty":102.4,"expanded":1426599,"newVias":6,"lengthMm":63.14124384066746,"overlapCost":307.2000045776538,"elapsedSeconds":2.9270612499999986,"gridMm":0.04}
{"name":"source_trace_39","pass":2,"penalty":102.4,"expanded":2089360,"newVias":1,"lengthMm":16.895272708720785,"overlapCost":102.40000152588036,"elapsedSeconds":3.5777224590000114,"gridMm":0.04}
{"name":"source_trace_19","pass":2,"penalty":102.4,"expanded":41343,"newVias":4,"lengthMm":13.30469262920811,"overlapCost":0,"elapsedSeconds":0.06273708300001454,"gridMm":0.04}
{"name":"source_trace_36","pass":2,"penalty":102.4,"expanded":31762,"newVias":2,"lengthMm":13.447922061357858,"overlapCost":1.4210854715202004e-14,"elapsedSeconds":0.04536295899999095,"gridMm":0.04}
{"name":"source_trace_23","pass":2,"penalty":102.4,"expanded":218336,"newVias":4,"lengthMm":15.245483399593903,"overlapCost":0,"elapsedSeconds":0.30737308299998406,"gridMm":0.04}
{"name":"source_trace_46","pass":2,"penalty":102.4,"expanded":131551,"newVias":4,"lengthMm":9.645483399593909,"overlapCost":0,"elapsedSeconds":0.17924979099998017,"gridMm":0.04}
{"negotiationPass":2,"conflictingChannels":5,"conflictNames":["source_trace_44","source_trace_5","source_trace_47","source_trace_35","source_trace_21"]}
{"name":"source_trace_35","pass":3,"penalty":204.8,"expanded":2413768,"newVias":2,"lengthMm":65.55025971044415,"overlapCost":1638.4000244140607,"elapsedSeconds":3.7080965840000135,"gridMm":0.04}
{"name":"source_trace_44","pass":3,"penalty":204.8,"expanded":1932612,"newVias":6,"lengthMm":30.459090885900977,"overlapCost":2867.2000427246,"elapsedSeconds":3.7579962909999884,"gridMm":0.04}
{"name":"source_trace_5","pass":3,"penalty":204.8,"expanded":2364108,"newVias":6,"lengthMm":55.64398554046438,"overlapCost":1638.4000244140582,"elapsedSeconds":6.319046875,"gridMm":0.04}
{"name":"source_trace_47","pass":3,"penalty":204.8,"expanded":2532782,"newVias":2,"lengthMm":18.3972409691675,"overlapCost":1638.4000244140614,"elapsedSeconds":7.088578624999995,"gridMm":0.04}
{"name":"source_trace_21","pass":3,"penalty":204.8,"expanded":727208,"newVias":6,"lengthMm":80.75416156926669,"overlapCost":2.7284841053187847e-12,"elapsedSeconds":1.779815249999985,"gridMm":0.04}
{"name":"source_trace_6","pass":3,"penalty":204.8,"expanded":10225,"newVias":2,"lengthMm":9.123330444827408,"overlapCost":0,"elapsedSeconds":0.025909875000012107,"gridMm":0.04}
{"name":"source_trace_7","pass":3,"penalty":204.8,"expanded":1623032,"newVias":4,"lengthMm":52.64820776835529,"overlapCost":614.4000091552666,"elapsedSeconds":5.742931542000005,"gridMm":0.04}
{"name":"source_trace_48","pass":3,"penalty":204.8,"expanded":1727518,"newVias":6,"lengthMm":62.28329578275627,"overlapCost":2252.8000335693023,"elapsedSeconds":6.48274212499999,"gridMm":0.04}
{"name":"source_trace_8","coarseGridFailure":{"error":"no clearance-preserving bridge","expanded":0,"startBlocked":[true,true],"goalBlocked":[false,false]}}
{"name":"source_trace_8","pass":3,"penalty":204.8,"expanded":179450,"newVias":2,"lengthMm":23.399108216936547,"overlapCost":0,"elapsedSeconds":0.46689833299999006,"gridMm":0.02}
{"name":"source_trace_25","pass":3,"penalty":204.8,"expanded":1618622,"newVias":2,"lengthMm":43.65811542119535,"overlapCost":819.2000122070392,"elapsedSeconds":4.79700229199999,"gridMm":0.04}
{"name":"source_trace_38","pass":3,"penalty":204.8,"expanded":182682,"newVias":2,"lengthMm":40.6746839636903,"overlapCost":0,"elapsedSeconds":0.4605894590000098,"gridMm":0.04}
{"name":"source_trace_37","pass":3,"penalty":204.8,"expanded":1590146,"newVias":4,"lengthMm":42.343313113791844,"overlapCost":409.6000061035226,"elapsedSeconds":4.751872165999987,"gridMm":0.04}
{"name":"source_trace_24","pass":3,"penalty":204.8,"expanded":195557,"newVias":4,"lengthMm":47.80536505588066,"overlapCost":409.60000610352785,"elapsedSeconds":0.3596812090000021,"gridMm":0.04}
{"name":"source_trace_45","pass":3,"penalty":204.8,"expanded":1983806,"newVias":5,"lengthMm":28.341933598375586,"overlapCost":1228.800018310543,"elapsedSeconds":4.283529207999993,"gridMm":0.04}
{"name":"source_trace_22","pass":3,"penalty":204.8,"expanded":2148771,"newVias":2,"lengthMm":25.93401153701773,"overlapCost":614.4000091552651,"elapsedSeconds":5.975178125000006,"gridMm":0.04}
{"name":"source_trace_18","pass":3,"penalty":204.8,"expanded":2636498,"newVias":6,"lengthMm":51.96272436876138,"overlapCost":1843.2000274657894,"elapsedSeconds":7.106346459000022,"gridMm":0.04}
{"name":"source_trace_20","pass":3,"penalty":204.8,"expanded":24800,"newVias":2,"lengthMm":16.700184694319773,"overlapCost":0,"elapsedSeconds":0.058919708000001264,"gridMm":0.04}
{"name":"source_trace_9","pass":3,"penalty":204.8,"expanded":82281,"newVias":4,"lengthMm":17.15537372139845,"overlapCost":0,"elapsedSeconds":0.20272695899999235,"gridMm":0.04}
{"name":"source_trace_0","pass":3,"penalty":204.8,"expanded":980970,"newVias":6,"lengthMm":62.79379218062682,"overlapCost":614.400009155236,"elapsedSeconds":2.368762832999986,"gridMm":0.04}
{"name":"source_trace_39","pass":3,"penalty":204.8,"expanded":2425584,"newVias":1,"lengthMm":16.95184125121571,"overlapCost":1638.4000244140598,"elapsedSeconds":8.509014375,"gridMm":0.04}
{"name":"source_trace_19","pass":3,"penalty":204.8,"expanded":34452,"newVias":4,"lengthMm":13.351555544218263,"overlapCost":0,"elapsedSeconds":0.12098225000000093,"gridMm":0.04}
{"name":"source_trace_36","pass":3,"penalty":204.8,"expanded":62513,"newVias":2,"lengthMm":13.518216433873087,"overlapCost":1024.0000152587872,"elapsedSeconds":0.18113695899999585,"gridMm":0.04}
{"name":"source_trace_23","pass":3,"penalty":204.8,"expanded":2210569,"newVias":4,"lengthMm":15.683616151824868,"overlapCost":204.8000030517576,"elapsedSeconds":4.244896666000015,"gridMm":0.04}
{"name":"source_trace_46","pass":3,"penalty":204.8,"expanded":90204,"newVias":2,"lengthMm":11.525971131946699,"overlapCost":0,"elapsedSeconds":0.15332966700001271,"gridMm":0.04}
{"negotiationPass":3,"conflictingChannels":7,"conflictNames":["source_trace_18","source_trace_44","source_trace_5","source_trace_47","source_trace_35","source_trace_21","source_trace_36"]}
{"name":"source_trace_35","pass":4,"penalty":409.6,"expanded":2253007,"newVias":2,"lengthMm":65.42741699796954,"overlapCost":3276.800048828123,"elapsedSeconds":3.241012041000009,"gridMm":0.04}
{"name":"source_trace_44","pass":4,"penalty":409.6,"expanded":2901320,"newVias":2,"lengthMm":29.617913395840063,"overlapCost":6553.600097656246,"elapsedSeconds":4.489062749999983,"gridMm":0.04}
{"name":"source_trace_5","pass":4,"penalty":409.6,"expanded":2275245,"newVias":6,"lengthMm":55.620554082959295,"overlapCost":3276.800048828121,"elapsedSeconds":3.341937333000009,"gridMm":0.04}
{"name":"source_trace_47","pass":4,"penalty":409.6,"expanded":2263681,"newVias":2,"lengthMm":18.237240969167505,"overlapCost":3276.800048828124,"elapsedSeconds":4.006151624999998,"gridMm":0.04}
{"name":"source_trace_21","pass":4,"penalty":409.6,"expanded":768062,"newVias":6,"lengthMm":76.35554108468288,"overlapCost":2.0463630789890885e-12,"elapsedSeconds":1.1998684169999907,"gridMm":0.04}
{"name":"source_trace_18","pass":4,"penalty":409.6,"expanded":2516621,"newVias":6,"lengthMm":51.96272436876138,"overlapCost":819.2000122070019,"elapsedSeconds":4.293323208000046,"gridMm":0.04}
{"name":"source_trace_36","pass":4,"penalty":409.6,"expanded":33326,"newVias":2,"lengthMm":13.494784976368008,"overlapCost":8.881784197001252e-15,"elapsedSeconds":0.05110891700000502,"gridMm":0.04}
{"name":"source_trace_6","pass":4,"penalty":409.6,"expanded":12380,"newVias":2,"lengthMm":8.924507934888327,"overlapCost":0,"elapsedSeconds":0.016119250000047033,"gridMm":0.04}
{"name":"source_trace_7","pass":4,"penalty":409.6,"expanded":1685357,"newVias":4,"lengthMm":52.51163922586037,"overlapCost":1638.4000244140668,"elapsedSeconds":2.762649207999988,"gridMm":0.04}
{"name":"source_trace_48","pass":4,"penalty":409.6,"expanded":1930711,"newVias":6,"lengthMm":62.17015869776643,"overlapCost":4096.0000610351935,"elapsedSeconds":3.0833969580000264,"gridMm":0.04}
{"name":"source_trace_8","coarseGridFailure":{"error":"no clearance-preserving bridge","expanded":0,"startBlocked":[true,true],"goalBlocked":[false,false]}}
{"name":"source_trace_8","pass":4,"penalty":409.6,"expanded":189986,"newVias":2,"lengthMm":23.39910821693655,"overlapCost":0,"elapsedSeconds":0.2634165839999914,"gridMm":0.02}
{"name":"source_trace_25","pass":4,"penalty":409.6,"expanded":2456354,"newVias":2,"lengthMm":43.63468396369028,"overlapCost":2867.2000427245866,"elapsedSeconds":4.705816041000013,"gridMm":0.04}
{"name":"source_trace_38","pass":4,"penalty":409.6,"expanded":3069398,"newVias":6,"lengthMm":51.853893193304515,"overlapCost":11468.800170898954,"elapsedSeconds":8.290070291000012,"gridMm":0.04}
{"name":"source_trace_37","pass":4,"penalty":409.6,"expanded":1722010,"newVias":4,"lengthMm":42.399881656286766,"overlapCost":2867.2000427245866,"elapsedSeconds":3.063449500000046,"gridMm":0.04}
{"name":"source_trace_24","pass":4,"penalty":409.6,"expanded":236608,"newVias":2,"lengthMm":47.336735905779136,"overlapCost":0,"elapsedSeconds":0.4052677090000361,"gridMm":0.04}
{"name":"source_trace_45","pass":4,"penalty":409.6,"expanded":1987455,"newVias":5,"lengthMm":28.05909088590097,"overlapCost":1638.400024414061,"elapsedSeconds":3.4179718749999886,"gridMm":0.04}
{"name":"source_trace_22","pass":4,"penalty":409.6,"expanded":2265126,"newVias":2,"lengthMm":24.799595949289298,"overlapCost":2048.00003051757,"elapsedSeconds":3.4475112500000398,"gridMm":0.04}
{"name":"source_trace_20","pass":4,"penalty":409.6,"expanded":1581280,"newVias":2,"lengthMm":16.700184694319773,"overlapCost":1228.8000183105387,"elapsedSeconds":2.2216841669999994,"gridMm":0.04}
{"name":"source_trace_9","pass":4,"penalty":409.6,"expanded":109368,"newVias":4,"lengthMm":17.131942263893382,"overlapCost":0,"elapsedSeconds":0.14918087499996183,"gridMm":0.04}
{"name":"source_trace_0","pass":4,"penalty":409.6,"expanded":935915,"newVias":6,"lengthMm":62.77036072312174,"overlapCost":1228.8000183105096,"elapsedSeconds":1.2649611249999726,"gridMm":0.04}
{"name":"source_trace_39","pass":4,"penalty":409.6,"expanded":2394312,"newVias":1,"lengthMm":16.87586145375125,"overlapCost":2048.000030517574,"elapsedSeconds":3.4759884999999775,"gridMm":0.04}
{"name":"source_trace_19","pass":4,"penalty":409.6,"expanded":51171,"newVias":4,"lengthMm":13.304692629208109,"overlapCost":0,"elapsedSeconds":0.0718839169999701,"gridMm":0.04}
{"name":"source_trace_23","pass":4,"penalty":409.6,"expanded":2222258,"newVias":4,"lengthMm":14.468225099390853,"overlapCost":409.6000061035155,"elapsedSeconds":3.2638441250000034,"gridMm":0.04}
{"name":"source_trace_46","pass":4,"penalty":409.6,"expanded":91435,"newVias":2,"lengthMm":11.516265504461927,"overlapCost":0,"elapsedSeconds":0.1357585839999956,"gridMm":0.04}
{"negotiationPass":4,"conflictingChannels":6,"conflictNames":["source_trace_44","source_trace_38","source_trace_5","source_trace_47","source_trace_35","source_trace_21"]}
{"name":"source_trace_35","pass":5,"penalty":819.2,"expanded":2378520,"newVias":2,"lengthMm":65.29084845547459,"overlapCost":7372.800109863288,"elapsedSeconds":3.6710560410000035,"gridMm":0.04}
{"name":"source_trace_44","pass":5,"penalty":819.2,"expanded":2616691,"newVias":4,"lengthMm":35.29125250618523,"overlapCost":13107.200195312524,"elapsedSeconds":4.118797041999991,"gridMm":0.04}
{"name":"source_trace_5","pass":5,"penalty":819.2,"expanded":2724412,"newVias":6,"lengthMm":63.626525214905975,"overlapCost":18022.400268555604,"elapsedSeconds":4.175697583000001,"gridMm":0.04}
{"name":"source_trace_47","pass":5,"penalty":819.2,"expanded":2168419,"newVias":2,"lengthMm":17.892144289248723,"overlapCost":6553.600097656259,"elapsedSeconds":3.8759340000000084,"gridMm":0.04}
{"name":"source_trace_21","pass":5,"penalty":819.2,"expanded":2346240,"newVias":0,"lengthMm":11.651168824543142,"overlapCost":3276.8000488281227,"elapsedSeconds":4.117785875000002,"gridMm":0.04}
{"name":"source_trace_38","pass":5,"penalty":819.2,"expanded":486905,"newVias":4,"lengthMm":45.81742566348724,"overlapCost":0,"elapsedSeconds":0.798852165999997,"gridMm":0.04}
{"name":"source_trace_6","pass":5,"penalty":819.2,"expanded":13957,"newVias":2,"lengthMm":8.957645019878171,"overlapCost":0,"elapsedSeconds":0.020429124999966006,"gridMm":0.04}
{"name":"source_trace_7","pass":5,"penalty":819.2,"expanded":1210947,"newVias":4,"lengthMm":61.193102422918756,"overlapCost":0,"elapsedSeconds":2.024034250000026,"gridMm":0.04}
{"name":"source_trace_48","pass":5,"penalty":819.2,"expanded":1613489,"newVias":4,"lengthMm":70.13064643011928,"overlapCost":3276.8000488280845,"elapsedSeconds":2.6699135410000454,"gridMm":0.04}
{"name":"source_trace_8","coarseGridFailure":{"error":"no clearance-preserving bridge","expanded":0,"startBlocked":[true,true],"goalBlocked":[false,false]}}
{"name":"source_trace_8","pass":5,"penalty":819.2,"expanded":227864,"newVias":2,"lengthMm":23.39910821693655,"overlapCost":0,"elapsedSeconds":0.3167222499999916,"gridMm":0.02}
{"name":"source_trace_25","pass":5,"penalty":819.2,"expanded":466896,"newVias":2,"lengthMm":43.952328983568506,"overlapCost":0,"elapsedSeconds":0.7174749999999768,"gridMm":0.04}
{"name":"source_trace_18","pass":5,"penalty":819.2,"expanded":1799273,"newVias":6,"lengthMm":49.51488598904564,"overlapCost":0,"elapsedSeconds":2.8283479580000277,"gridMm":0.04}
{"name":"source_trace_36","pass":5,"penalty":819.2,"expanded":43900,"newVias":2,"lengthMm":13.588510806388312,"overlapCost":3276.8000488281223,"elapsedSeconds":0.059106666999985465,"gridMm":0.04}
{"name":"source_trace_37","pass":5,"penalty":819.2,"expanded":248171,"newVias":4,"lengthMm":42.187333316327376,"overlapCost":0,"elapsedSeconds":0.373985457999981,"gridMm":0.04}
{"name":"source_trace_24","pass":5,"penalty":819.2,"expanded":1827622,"newVias":2,"lengthMm":47.20418756581974,"overlapCost":4096.000061035172,"elapsedSeconds":2.8468931660000236,"gridMm":0.04}
{"name":"source_trace_45","pass":5,"penalty":819.2,"expanded":484009,"newVias":6,"lengthMm":27.983111088436488,"overlapCost":0,"elapsedSeconds":0.6861495829999913,"gridMm":0.04}
{"name":"source_trace_22","pass":5,"penalty":819.2,"expanded":2669696,"newVias":6,"lengthMm":59.72703027829434,"overlapCost":9830.40014648441,"elapsedSeconds":6.051390833000013,"gridMm":0.04}
{"name":"source_trace_20","pass":5,"penalty":819.2,"expanded":36129,"newVias":2,"lengthMm":16.70018469431978,"overlapCost":0,"elapsedSeconds":0.09199129199999152,"gridMm":0.04}
{"name":"source_trace_9","pass":5,"penalty":819.2,"expanded":357700,"newVias":4,"lengthMm":16.634885989045674,"overlapCost":5734.400085449242,"elapsedSeconds":0.7541539580000098,"gridMm":0.04}
{"name":"source_trace_0","pass":5,"penalty":819.2,"expanded":248315,"newVias":4,"lengthMm":61.77153821318264,"overlapCost":0,"elapsedSeconds":0.5277393750000047,"gridMm":0.04}
{"name":"source_trace_39","pass":5,"penalty":819.2,"expanded":2304328,"newVias":1,"lengthMm":16.899292911256325,"overlapCost":4096.00006103517,"elapsedSeconds":6.073950083000003,"gridMm":0.04}
{"name":"source_trace_19","pass":5,"penalty":819.2,"expanded":66162,"newVias":4,"lengthMm":13.304692629208109,"overlapCost":0,"elapsedSeconds":0.10839012499997625,"gridMm":0.04}
{"name":"source_trace_23","pass":5,"penalty":819.2,"expanded":2133802,"newVias":4,"lengthMm":14.49165655689593,"overlapCost":819.2000122070311,"elapsedSeconds":3.462972124999971,"gridMm":0.04}
{"name":"source_trace_46","pass":5,"penalty":819.2,"expanded":63239,"newVias":2,"lengthMm":10.164305909532994,"overlapCost":0,"elapsedSeconds":0.0914409169999999,"gridMm":0.04}
{"negotiationPass":5,"conflictingChannels":6,"conflictNames":["source_trace_48","source_trace_5","source_trace_47","source_trace_35","source_trace_39","source_trace_36"]}
{"name":"source_trace_35","pass":6,"penalty":1638.4,"expanded":2515930,"newVias":2,"lengthMm":62.260268375961886,"overlapCost":13107.200195312505,"elapsedSeconds":5.259299750000006,"gridMm":0.04}
{"name":"source_trace_48","pass":6,"penalty":1638.4,"expanded":1603498,"newVias":4,"lengthMm":69.85750934512943,"overlapCost":4915.20007324219,"elapsedSeconds":5.294118542000011,"gridMm":0.04}
{"name":"source_trace_5","pass":6,"penalty":1638.4,"expanded":1278557,"newVias":6,"lengthMm":61.38485999249232,"overlapCost":0,"elapsedSeconds":4.18580587500002,"gridMm":0.04}
{"name":"source_trace_47","pass":6,"penalty":1638.4,"expanded":2327214,"newVias":2,"lengthMm":13.64714862200761,"overlapCost":13107.200195312504,"elapsedSeconds":26.100421000000033,"gridMm":0.04}
{"name":"source_trace_36","pass":6,"penalty":1638.4,"expanded":44843,"newVias":2,"lengthMm":13.588510806388314,"overlapCost":4915.200073242266,"elapsedSeconds":0.13603154100000392,"gridMm":0.04}
{"name":"source_trace_39","pass":6,"penalty":1638.4,"expanded":37099,"newVias":1,"lengthMm":16.922724368761397,"overlapCost":0,"elapsedSeconds":0.1538997499999823,"gridMm":0.04}
{"name":"source_trace_6","pass":6,"penalty":1638.4,"expanded":13116,"newVias":2,"lengthMm":8.990782104868018,"overlapCost":0,"elapsedSeconds":0.05218399999995017,"gridMm":0.04}
{"name":"source_trace_7","pass":6,"penalty":1638.4,"expanded":1156670,"newVias":4,"lengthMm":60.48114282798977,"overlapCost":0,"elapsedSeconds":5.500512041000009,"gridMm":0.04}
{"name":"source_trace_8","coarseGridFailure":{"error":"no clearance-preserving bridge","expanded":0,"startBlocked":[true,true],"goalBlocked":[false,false]}}
{"name":"source_trace_8","pass":6,"penalty":1638.4,"expanded":219707,"newVias":2,"lengthMm":23.342539674441625,"overlapCost":0,"elapsedSeconds":0.7312940829999861,"gridMm":0.02}
{"name":"source_trace_25","pass":6,"penalty":1638.4,"expanded":390142,"newVias":2,"lengthMm":43.322034611053255,"overlapCost":0,"elapsedSeconds":1.682918874999974,"gridMm":0.04}
{"name":"source_trace_44","pass":6,"penalty":1638.4,"expanded":272591,"newVias":4,"lengthMm":33.736450198781675,"overlapCost":0,"elapsedSeconds":1.0732396670000162,"gridMm":0.04}
{"name":"source_trace_21","pass":6,"penalty":1638.4,"expanded":342531,"newVias":4,"lengthMm":23.597240969167494,"overlapCost":0,"elapsedSeconds":1.1529847500000032,"gridMm":0.04}
{"name":"source_trace_38","pass":6,"penalty":1638.4,"expanded":383383,"newVias":4,"lengthMm":43.523212101114154,"overlapCost":0,"elapsedSeconds":1.7664153329999535,"gridMm":0.04}
{"name":"source_trace_18","pass":6,"penalty":1638.4,"expanded":1511320,"newVias":4,"lengthMm":48.974987001723306,"overlapCost":0,"elapsedSeconds":6.8632199170000385,"gridMm":0.04}
