{"name":"source_trace_2","package":"U_RAM","end":{"x":-3.84,"y":-18},"expanded":42695,"newVias":0,"reusedBootstrapLayer":"top","length":17.640487670898438}
{"name":"source_trace_1","package":"U_RAM","end":{"x":-3.1999999999999993,"y":-18},"expanded":148627,"newVias":2,"reusedBootstrapLayer":"top","length":13.73137092590332}
{"name":"source_trace_28","package":"U_RAM","end":{"x":-6.720000000000001,"y":-18},"expanded":242359,"newVias":2,"reusedBootstrapLayer":"top","length":16.836265563964844}
{"name":"source_trace_41","package":"U_RAM","end":{"x":-4.799999999999999,"y":-18},"expanded":117846,"newVias":2,"reusedBootstrapLayer":"top","length":15.522153854370117}
{"name":"source_trace_13","package":"U_RAM","end":{"x":-4.48,"y":-18},"expanded":279077,"newVias":2,"reusedBootstrapLayer":"top","length":15.610479354858398}
{"name":"source_trace_11","package":"U_RAM","end":{"x":-5.119999999999999,"y":-18},"expanded":194208,"newVias":2,"reusedBootstrapLayer":"top","length":16.624692916870117}
{"name":"source_trace_27","package":"U_RAM","end":{"x":-6.4,"y":-18},"expanded":169157,"newVias":0,"reusedBootstrapLayer":"top","length":20.826072692871094}
{"name":"source_trace_12","package":"U_RAM","end":{"x":-7.039999999999999,"y":-18},"expanded":324858,"newVias":0,"reusedBootstrapLayer":"top","length":24.029747009277344}
{"name":"source_trace_29","package":"U_RAM","end":{"x":-7.359999999999999,"y":-18},"expanded":1051833,"newVias":0,"reusedBootstrapLayer":"top","length":29.63675308227539}
{"name":"source_trace_26","package":"U_RAM","end":{"x":-7.68,"y":-18},"expanded":272489,"newVias":2,"reusedBootstrapLayer":"top","length":19.76964569091797}
{"name":"source_trace_40","package":"U_RAM","end":{"x":-8,"y":-18},"expanded":460552,"newVias":2,"reusedBootstrapLayer":"top","length":23.042295455932617}
{"name":"source_trace_1","package":"U_SOC","end":{"x":-3.2,"y":-10.5},"expanded":8691,"newVias":0,"reusedBootstrapLayer":"top","length":4.859797954559326}
{"name":"source_trace_2","package":"U_SOC","end":{"x":-3.84,"y":-10.5},"expanded":31348,"newVias":0,"reusedBootstrapLayer":"top","length":7.012935161590576}
{"name":"source_trace_28","package":"U_SOC","end":{"x":-6.72,"y":-10.5},"expanded":113196,"newVias":0,"reusedBootstrapLayer":"top","length":11.55484390258789}
{"name":"source_trace_41","package":"U_SOC","end":{"x":-4.8,"y":-10.5},"expanded":168388,"newVias":2,"reusedBootstrapLayer":"top","length":8.492589950561523}
{"package":"U_SOC","trial":0,"order":["source_trace_1","source_trace_2","source_trace_28","source_trace_41","source_trace_13","source_trace_11","source_trace_27","source_trace_12","source_trace_29","source_trace_26","source_trace_40"],"failedName":"source_trace_13"}
{"name":"source_trace_28","package":"U_SOC","end":{"x":-6.72,"y":-10.5},"expanded":62318,"newVias":0,"reusedBootstrapLayer":"top","length":10.155533790588379}
{"name":"source_trace_27","package":"U_SOC","end":{"x":-6.4,"y":-10.5},"expanded":240363,"newVias":2,"reusedBootstrapLayer":"top","length":9.463960647583008}
{"name":"source_trace_13","package":"U_SOC","end":{"x":-4.4799999999999995,"y":-10.5},"expanded":122495,"newVias":0,"reusedBootstrapLayer":"top","length":10.851412773132324}
{"name":"source_trace_1","package":"U_SOC","end":{"x":-7.04,"y":-10.5},"expanded":51670,"newVias":0,"reusedBootstrapLayer":"top","length":8.875534057617188}
{"name":"source_trace_2","package":"U_SOC","end":{"x":-7.359999999999999,"y":-10.5},"expanded":74803,"newVias":0,"reusedBootstrapLayer":"top","length":10.45092487335205}
{"name":"source_trace_41","package":"U_SOC","end":{"x":-3.2,"y":-10.5},"expanded":22154,"newVias":2,"reusedBootstrapLayer":"top","length":10.737299919128418}
{"package":"U_SOC","trial":1,"order":["source_trace_28","source_trace_27","source_trace_13","source_trace_1","source_trace_2","source_trace_41","source_trace_11","source_trace_12","source_trace_29","source_trace_26","source_trace_40"],"failedName":"source_trace_11"}
{"name":"source_trace_28","package":"U_SOC","end":{"x":-6.72,"y":-10.5},"expanded":62318,"newVias":0,"reusedBootstrapLayer":"top","length":10.155533790588379}
{"name":"source_trace_27","package":"U_SOC","end":{"x":-6.4,"y":-10.5},"expanded":240363,"newVias":2,"reusedBootstrapLayer":"top","length":9.463960647583008}
{"name":"source_trace_11","package":"U_SOC","end":{"x":-3.2,"y":-10.5},"expanded":47753,"newVias":0,"reusedBootstrapLayer":"top","length":8.77141284942627}
{"name":"source_trace_13","package":"U_SOC","end":{"x":-4.4799999999999995,"y":-10.5},"expanded":138919,"newVias":2,"reusedBootstrapLayer":"top","length":7.563716888427734}
{"name":"source_trace_1","package":"U_SOC","end":{"x":-7.04,"y":-10.5},"expanded":36674,"newVias":0,"reusedBootstrapLayer":"top","length":8.875534057617188}
{"name":"source_trace_2","package":"U_SOC","end":{"x":-7.359999999999999,"y":-10.5},"expanded":102824,"newVias":0,"reusedBootstrapLayer":"top","length":11.55886459350586}
{"name":"source_trace_41","package":"U_SOC","end":{"x":-3.84,"y":-10.5},"expanded":87291,"newVias":4,"reusedBootstrapLayer":"top","length":11.377300262451172}
{"name":"source_trace_12","package":"U_SOC","end":{"x":-7.68,"y":-10.5},"expanded":73384,"newVias":0,"reusedBootstrapLayer":"top","length":11.71484375}
{"name":"source_trace_29","package":"U_SOC","end":{"x":-8,"y":-10.5},"expanded":130159,"newVias":0,"reusedBootstrapLayer":"top","length":13.778763771057129}
{"name":"source_trace_26","package":"U_SOC","end":{"x":-5.12,"y":-10.5},"expanded":109958,"newVias":2,"reusedBootstrapLayer":"top","length":10.477829933166504}
{"package":"U_SOC","trial":2,"order":["source_trace_28","source_trace_27","source_trace_11","source_trace_13","source_trace_1","source_trace_2","source_trace_41","source_trace_12","source_trace_29","source_trace_26","source_trace_40"],"failedName":"source_trace_40"}
{"name":"source_trace_28","package":"U_SOC","end":{"x":-6.72,"y":-10.5},"expanded":62318,"newVias":0,"reusedBootstrapLayer":"top","length":10.155533790588379}
{"name":"source_trace_27","package":"U_SOC","end":{"x":-6.4,"y":-10.5},"expanded":240363,"newVias":2,"reusedBootstrapLayer":"top","length":9.463960647583008}
{"name":"source_trace_40","package":"U_SOC","end":{"x":-3.2,"y":-10.5},"expanded":30613,"newVias":0,"reusedBootstrapLayer":"top","length":8.952001571655273}
{"name":"source_trace_11","package":"U_SOC","end":{"x":-7.04,"y":-10.5},"expanded":68255,"newVias":0,"reusedBootstrapLayer":"top","length":10.147493362426758}
{"name":"source_trace_13","package":"U_SOC","end":{"x":-4.4799999999999995,"y":-10.5},"expanded":126307,"newVias":2,"reusedBootstrapLayer":"top","length":7.563716888427734}
{"package":"U_SOC","trial":3,"order":["source_trace_28","source_trace_27","source_trace_40","source_trace_11","source_trace_13","source_trace_1","source_trace_2","source_trace_41","source_trace_12","source_trace_29","source_trace_26"],"failedName":"source_trace_1"}
{"name":"source_trace_28","package":"U_SOC","end":{"x":-6.72,"y":-10.5},"expanded":62318,"newVias":0,"reusedBootstrapLayer":"top","length":10.155533790588379}
{"name":"source_trace_27","package":"U_SOC","end":{"x":-6.4,"y":-10.5},"expanded":240363,"newVias":2,"reusedBootstrapLayer":"top","length":9.463960647583008}
{"name":"source_trace_1","package":"U_SOC","end":{"x":-7.04,"y":-10.5},"expanded":52816,"newVias":0,"reusedBootstrapLayer":"top","length":8.875534057617188}
{"name":"source_trace_40","package":"U_SOC","end":{"x":-3.2,"y":-10.5},"expanded":28082,"newVias":0,"reusedBootstrapLayer":"top","length":8.952001571655273}
{"name":"source_trace_11","package":"U_SOC","end":{"x":-7.359999999999999,"y":-10.5},"expanded":85468,"newVias":0,"reusedBootstrapLayer":"top","length":10.467493057250977}
{"name":"source_trace_13","package":"U_SOC","end":{"x":-4.4799999999999995,"y":-10.5},"expanded":128914,"newVias":2,"reusedBootstrapLayer":"top","length":7.861950874328613}
{"package":"U_SOC","trial":4,"order":["source_trace_28","source_trace_27","source_trace_1","source_trace_40","source_trace_11","source_trace_13","source_trace_2","source_trace_41","source_trace_12","source_trace_29","source_trace_26"],"failedName":"source_trace_2"}
{"name":"source_trace_28","package":"U_SOC","end":{"x":-6.72,"y":-10.5},"expanded":62318,"newVias":0,"reusedBootstrapLayer":"top","length":10.155533790588379}
{"name":"source_trace_27","package":"U_SOC","end":{"x":-6.4,"y":-10.5},"expanded":240363,"newVias":2,"reusedBootstrapLayer":"top","length":9.463960647583008}
{"name":"source_trace_2","package":"U_SOC","end":{"x":-7.04,"y":-10.5},"expanded":55641,"newVias":0,"reusedBootstrapLayer":"top","length":9.67553424835205}
{"name":"source_trace_1","package":"U_SOC","end":{"x":-7.359999999999999,"y":-10.5},"expanded":54048,"newVias":0,"reusedBootstrapLayer":"top","length":9.195533752441406}
{"name":"source_trace_40","package":"U_SOC","end":{"x":-3.2,"y":-10.5},"expanded":26181,"newVias":0,"reusedBootstrapLayer":"top","length":8.952001571655273}
{"name":"source_trace_11","package":"U_SOC","end":{"x":-7.68,"y":-10.5},"expanded":96190,"newVias":0,"reusedBootstrapLayer":"top","length":10.787493705749512}
{"name":"source_trace_13","package":"U_SOC","end":{"x":-4.4799999999999995,"y":-10.5},"expanded":125124,"newVias":2,"reusedBootstrapLayer":"top","length":7.861950874328613}
{"name":"source_trace_41","package":"U_SOC","end":{"x":-3.84,"y":-10.5},"expanded":87291,"newVias":4,"reusedBootstrapLayer":"top","length":11.377300262451172}
{"name":"source_trace_12","package":"U_SOC","end":{"x":-8,"y":-10.5},"expanded":101822,"newVias":0,"reusedBootstrapLayer":"top","length":12.034844398498535}
{"name":"source_trace_29","package":"U_SOC","end":{"x":-4.8,"y":-10.5},"expanded":127869,"newVias":2,"reusedBootstrapLayer":"top","length":9.530235290527344}
{"package":"U_SOC","trial":5,"order":["source_trace_28","source_trace_27","source_trace_2","source_trace_1","source_trace_40","source_trace_11","source_trace_13","source_trace_41","source_trace_12","source_trace_29","source_trace_26"],"failedName":"source_trace_26"}
{"name":"source_trace_28","package":"U_SOC","end":{"x":-6.72,"y":-10.5},"expanded":62318,"newVias":0,"reusedBootstrapLayer":"top","length":10.155533790588379}
{"name":"source_trace_27","package":"U_SOC","end":{"x":-6.4,"y":-10.5},"expanded":240363,"newVias":2,"reusedBootstrapLayer":"top","length":9.463960647583008}
{"name":"source_trace_26","package":"U_SOC","end":{"x":-3.2,"y":-10.5},"expanded":51476,"newVias":0,"reusedBootstrapLayer":"top","length":9.42396068572998}
{"name":"source_trace_2","package":"U_SOC","end":{"x":-7.04,"y":-10.5},"expanded":50879,"newVias":0,"reusedBootstrapLayer":"top","length":9.67553424835205}
{"name":"source_trace_1","package":"U_SOC","end":{"x":-7.359999999999999,"y":-10.5},"expanded":51823,"newVias":0,"reusedBootstrapLayer":"top","length":9.195533752441406}
{"name":"source_trace_40","package":"U_SOC","end":{"x":-7.68,"y":-10.5},"expanded":145744,"newVias":0,"reusedBootstrapLayer":"top","length":12.986804008483887}
{"name":"source_trace_11","package":"U_SOC","end":{"x":-5.12,"y":-10.5},"expanded":107454,"newVias":2,"reusedBootstrapLayer":"top","length":8.098620414733887}
{"name":"source_trace_13","package":"U_SOC","end":{"x":-4.4799999999999995,"y":-10.5},"expanded":166194,"newVias":2,"reusedBootstrapLayer":"top","length":9.629646301269531}
{"name":"source_trace_41","package":"U_SOC","end":{"x":-8,"y":-10.5},"expanded":214241,"newVias":4,"reusedBootstrapLayer":"top","length":21.07596206665039}
{"package":"U_SOC","trial":6,"order":["source_trace_28","source_trace_27","source_trace_26","source_trace_2","source_trace_1","source_trace_40","source_trace_11","source_trace_13","source_trace_41","source_trace_12","source_trace_29"],"failedName":"source_trace_12"}
{"name":"source_trace_28","package":"U_SOC","end":{"x":-6.72,"y":-10.5},"expanded":62318,"newVias":0,"reusedBootstrapLayer":"top","length":10.155533790588379}
{"name":"source_trace_27","package":"U_SOC","end":{"x":-6.4,"y":-10.5},"expanded":240363,"newVias":2,"reusedBootstrapLayer":"top","length":9.463960647583008}
{"name":"source_trace_12","package":"U_SOC","end":{"x":-3.2,"y":-10.5},"expanded":44765,"newVias":0,"reusedBootstrapLayer":"top","length":8.787981033325195}
{"name":"source_trace_26","package":"U_SOC","end":{"x":-7.04,"y":-10.5},"expanded":92930,"newVias":0,"reusedBootstrapLayer":"top","length":11.091412544250488}
{"name":"source_trace_2","package":"U_SOC","end":{"x":-5.12,"y":-10.5},"expanded":100359,"newVias":2,"reusedBootstrapLayer":"top","length":7.650092124938965}
{"name":"source_trace_1","package":"U_SOC","end":{"x":-7.359999999999999,"y":-10.5},"expanded":170904,"newVias":2,"reusedBootstrapLayer":"top","length":8.929402351379395}
{"name":"source_trace_40","package":"U_SOC","end":{"x":-8,"y":-10.5},"expanded":121638,"newVias":0,"reusedBootstrapLayer":"top","length":12.931900024414062}
{"name":"source_trace_11","package":"U_SOC","end":{"x":-3.84,"y":-10.5},"expanded":117334,"newVias":2,"reusedBootstrapLayer":"top","length":8.966215133666992}
{"package":"U_SOC","trial":7,"order":["source_trace_28","source_trace_27","source_trace_12","source_trace_26","source_trace_2","source_trace_1","source_trace_40","source_trace_11","source_trace_13","source_trace_41","source_trace_29"],"failedName":"source_trace_13"}
{"name":"source_trace_28","package":"U_SOC","end":{"x":-6.72,"y":-10.5},"expanded":62318,"newVias":0,"reusedBootstrapLayer":"top","length":10.155533790588379}
{"name":"source_trace_27","package":"U_SOC","end":{"x":-6.4,"y":-10.5},"expanded":240363,"newVias":2,"reusedBootstrapLayer":"top","length":9.463960647583008}
{"name":"source_trace_13","package":"U_SOC","end":{"x":-4.4799999999999995,"y":-10.5},"expanded":122495,"newVias":0,"reusedBootstrapLayer":"top","length":10.851412773132324}
{"name":"source_trace_12","package":"U_SOC","end":{"x":-7.04,"y":-10.5},"expanded":89789,"newVias":0,"reusedBootstrapLayer":"top","length":10.619453430175781}
{"name":"source_trace_26","package":"U_SOC","end":{"x":-7.359999999999999,"y":-10.5},"expanded":111660,"newVias":0,"reusedBootstrapLayer":"top","length":11.411412239074707}
{"name":"source_trace_2","package":"U_SOC","end":{"x":-5.12,"y":-10.5},"expanded":103628,"newVias":2,"reusedBootstrapLayer":"top","length":7.767250061035156}
{"name":"source_trace_1","package":"U_SOC","end":{"x":-3.2,"y":-10.5},"expanded":109652,"newVias":2,"reusedBootstrapLayer":"top","length":8.382783889770508}
{"name":"source_trace_40","package":"U_SOC","end":{"x":-7.68,"y":-10.5},"expanded":105700,"newVias":0,"reusedBootstrapLayer":"top","length":12.986804008483887}
{"package":"U_SOC","trial":8,"order":["source_trace_28","source_trace_27","source_trace_13","source_trace_12","source_trace_26","source_trace_2","source_trace_1","source_trace_40","source_trace_11","source_trace_41","source_trace_29"],"failedName":"source_trace_11"}
{"name":"source_trace_28","package":"U_SOC","end":{"x":-6.72,"y":-10.5},"expanded":62318,"newVias":0,"reusedBootstrapLayer":"top","length":10.155533790588379}
{"name":"source_trace_27","package":"U_SOC","end":{"x":-6.4,"y":-10.5},"expanded":240363,"newVias":2,"reusedBootstrapLayer":"top","length":9.463960647583008}
{"name":"source_trace_11","package":"U_SOC","end":{"x":-3.2,"y":-10.5},"expanded":47753,"newVias":0,"reusedBootstrapLayer":"top","length":8.77141284942627}
{"name":"source_trace_13","package":"U_SOC","end":{"x":-4.4799999999999995,"y":-10.5},"expanded":138919,"newVias":2,"reusedBootstrapLayer":"top","length":7.563716888427734}
{"name":"source_trace_12","package":"U_SOC","end":{"x":-7.04,"y":-10.5},"expanded":68736,"newVias":0,"reusedBootstrapLayer":"top","length":10.619453430175781}
{"name":"source_trace_26","package":"U_SOC","end":{"x":-7.359999999999999,"y":-10.5},"expanded":87645,"newVias":0,"reusedBootstrapLayer":"top","length":11.411412239074707}
{"name":"source_trace_2","package":"U_SOC","end":{"x":-3.84,"y":-10.5},"expanded":137177,"newVias":2,"reusedBootstrapLayer":"top","length":8.966215133666992}
{"name":"source_trace_1","package":"U_SOC","end":{"x":-5.12,"y":-10.5},"expanded":89513,"newVias":2,"reusedBootstrapLayer":"top","length":9.67449951171875}
{"name":"source_trace_40","package":"U_SOC","end":{"x":-7.68,"y":-10.5},"expanded":83864,"newVias":0,"reusedBootstrapLayer":"top","length":12.986804008483887}
{"name":"source_trace_41","package":"U_SOC","end":{"x":-8,"y":-10.5},"expanded":189358,"newVias":4,"reusedBootstrapLayer":"top","length":20.628612518310547}
{"package":"U_SOC","trial":9,"order":["source_trace_28","source_trace_27","source_trace_11","source_trace_13","source_trace_12","source_trace_26","source_trace_2","source_trace_1","source_trace_40","source_trace_41","source_trace_29"],"failedName":"source_trace_29"}
{"name":"source_trace_28","package":"U_SOC","end":{"x":-6.72,"y":-10.5},"expanded":62318,"newVias":0,"reusedBootstrapLayer":"top","length":10.155533790588379}
{"name":"source_trace_27","package":"U_SOC","end":{"x":-6.4,"y":-10.5},"expanded":240363,"newVias":2,"reusedBootstrapLayer":"top","length":9.463960647583008}
{"name":"source_trace_29","package":"U_SOC","end":{"x":-3.2,"y":-10.5},"expanded":25859,"newVias":0,"reusedBootstrapLayer":"top","length":8.15200138092041}
{"name":"source_trace_11","package":"U_SOC","end":{"x":-7.04,"y":-10.5},"expanded":68817,"newVias":0,"reusedBootstrapLayer":"top","length":10.147493362426758}
{"name":"source_trace_13","package":"U_SOC","end":{"x":-4.4799999999999995,"y":-10.5},"expanded":127067,"newVias":2,"reusedBootstrapLayer":"top","length":7.563716888427734}
{"name":"source_trace_12","package":"U_SOC","end":{"x":-7.359999999999999,"y":-10.5},"expanded":95112,"newVias":0,"reusedBootstrapLayer":"top","length":10.939453125}
{"name":"source_trace_26","package":"U_SOC","end":{"x":-7.68,"y":-10.5},"expanded":96408,"newVias":0,"reusedBootstrapLayer":"top","length":11.731412887573242}
{"package":"U_SOC","trial":10,"order":["source_trace_28","source_trace_27","source_trace_29","source_trace_11","source_trace_13","source_trace_12","source_trace_26","source_trace_2","source_trace_1","source_trace_40","source_trace_41"],"failedName":"source_trace_2"}
{"name":"source_trace_28","package":"U_SOC","end":{"x":-6.72,"y":-10.5},"expanded":62318,"newVias":0,"reusedBootstrapLayer":"top","length":10.155533790588379}
{"name":"source_trace_27","package":"U_SOC","end":{"x":-6.4,"y":-10.5},"expanded":240363,"newVias":2,"reusedBootstrapLayer":"top","length":9.463960647583008}
{"name":"source_trace_2","package":"U_SOC","end":{"x":-7.04,"y":-10.5},"expanded":55641,"newVias":0,"reusedBootstrapLayer":"top","length":9.67553424835205}
{"name":"source_trace_29","package":"U_SOC","end":{"x":-3.2,"y":-10.5},"expanded":23681,"newVias":0,"reusedBootstrapLayer":"top","length":8.15200138092041}
{"name":"source_trace_11","package":"U_SOC","end":{"x":-7.359999999999999,"y":-10.5},"expanded":86334,"newVias":0,"reusedBootstrapLayer":"top","length":10.467493057250977}
{"name":"source_trace_13","package":"U_SOC","end":{"x":-4.4799999999999995,"y":-10.5},"expanded":121696,"newVias":2,"reusedBootstrapLayer":"top","length":7.563716888427734}
{"name":"source_trace_12","package":"U_SOC","end":{"x":-7.68,"y":-10.5},"expanded":102467,"newVias":0,"reusedBootstrapLayer":"top","length":11.259452819824219}
{"name":"source_trace_26","package":"U_SOC","end":{"x":-8,"y":-10.5},"expanded":107255,"newVias":0,"reusedBootstrapLayer":"top","length":12.051412582397461}
{"package":"U_SOC","trial":11,"order":["source_trace_28","source_trace_27","source_trace_2","source_trace_29","source_trace_11","source_trace_13","source_trace_12","source_trace_26","source_trace_1","source_trace_40","source_trace_41"],"failedName":"source_trace_1"}
{"name":"source_trace_28","package":"U_SOC","end":{"x":-6.72,"y":-10.5},"expanded":62318,"newVias":0,"reusedBootstrapLayer":"top","length":10.155533790588379}
{"name":"source_trace_27","package":"U_SOC","end":{"x":-6.4,"y":-10.5},"expanded":240363,"newVias":2,"reusedBootstrapLayer":"top","length":9.463960647583008}
{"name":"source_trace_1","package":"U_SOC","end":{"x":-7.04,"y":-10.5},"expanded":52816,"newVias":0,"reusedBootstrapLayer":"top","length":8.875534057617188}
{"name":"source_trace_2","package":"U_SOC","end":{"x":-3.2,"y":-10.5},"expanded":72205,"newVias":0,"reusedBootstrapLayer":"top","length":10.190823554992676}
{"name":"source_trace_29","package":"U_SOC","end":{"x":-7.359999999999999,"y":-10.5},"expanded":119826,"newVias":0,"reusedBootstrapLayer":"top","length":12.194844245910645}
{"package":"U_SOC","trial":12,"order":["source_trace_28","source_trace_27","source_trace_1","source_trace_2","source_trace_29","source_trace_11","source_trace_13","source_trace_12","source_trace_26","source_trace_40","source_trace_41"],"failedName":"source_trace_11"}
{"name":"source_trace_28","package":"U_SOC","end":{"x":-6.72,"y":-10.5},"expanded":62318,"newVias":0,"reusedBootstrapLayer":"top","length":10.155533790588379}
{"name":"source_trace_27","package":"U_SOC","end":{"x":-6.4,"y":-10.5},"expanded":240363,"newVias":2,"reusedBootstrapLayer":"top","length":9.463960647583008}
{"name":"source_trace_11","package":"U_SOC","end":{"x":-3.2,"y":-10.5},"expanded":47753,"newVias":0,"reusedBootstrapLayer":"top","length":8.77141284942627}
{"name":"source_trace_1","package":"U_SOC","end":{"x":-7.04,"y":-10.5},"expanded":48754,"newVias":0,"reusedBootstrapLayer":"top","length":8.875534057617188}
{"name":"source_trace_2","package":"U_SOC","end":{"x":-7.359999999999999,"y":-10.5},"expanded":62139,"newVias":0,"reusedBootstrapLayer":"top","length":10.45092487335205}
{"name":"source_trace_29","package":"U_SOC","end":{"x":-7.68,"y":-10.5},"expanded":115635,"newVias":0,"reusedBootstrapLayer":"top","length":12.059453010559082}
{"package":"U_SOC","trial":13,"order":["source_trace_28","source_trace_27","source_trace_11","source_trace_1","source_trace_2","source_trace_29","source_trace_13","source_trace_12","source_trace_26","source_trace_40","source_trace_41"],"failedName":"source_trace_13"}
{"name":"source_trace_28","package":"U_SOC","end":{"x":-6.72,"y":-10.5},"expanded":62318,"newVias":0,"reusedBootstrapLayer":"top","length":10.155533790588379}
{"name":"source_trace_27","package":"U_SOC","end":{"x":-6.4,"y":-10.5},"expanded":240363,"newVias":2,"reusedBootstrapLayer":"top","length":9.463960647583008}
{"name":"source_trace_13","package":"U_SOC","end":{"x":-4.4799999999999995,"y":-10.5},"expanded":122495,"newVias":0,"reusedBootstrapLayer":"top","length":10.851412773132324}
{"name":"source_trace_11","package":"U_SOC","end":{"x":-7.04,"y":-10.5},"expanded":61688,"newVias":0,"reusedBootstrapLayer":"top","length":10.147493362426758}
{"package":"U_SOC","trial":14,"order":["source_trace_28","source_trace_27","source_trace_13","source_trace_11","source_trace_1","source_trace_2","source_trace_29","source_trace_12","source_trace_26","source_trace_40","source_trace_41"],"failedName":"source_trace_1"}
{"name":"source_trace_28","package":"U_SOC","end":{"x":-6.72,"y":-10.5},"expanded":62318,"newVias":0,"reusedBootstrapLayer":"top","length":10.155533790588379}
{"name":"source_trace_27","package":"U_SOC","end":{"x":-6.4,"y":-10.5},"expanded":240363,"newVias":2,"reusedBootstrapLayer":"top","length":9.463960647583008}
{"name":"source_trace_1","package":"U_SOC","end":{"x":-7.04,"y":-10.5},"expanded":52816,"newVias":0,"reusedBootstrapLayer":"top","length":8.875534057617188}
{"name":"source_trace_13","package":"U_SOC","end":{"x":-4.4799999999999995,"y":-10.5},"expanded":115310,"newVias":0,"reusedBootstrapLayer":"top","length":10.851412773132324}
{"name":"source_trace_11","package":"U_SOC","end":{"x":-7.359999999999999,"y":-10.5},"expanded":74880,"newVias":0,"reusedBootstrapLayer":"top","length":10.467493057250977}
{"package":"U_SOC","trial":15,"order":["source_trace_28","source_trace_27","source_trace_1","source_trace_13","source_trace_11","source_trace_2","source_trace_29","source_trace_12","source_trace_26","source_trace_40","source_trace_41"],"failedName":"source_trace_2"}
{"name":"source_trace_28","package":"U_SOC","end":{"x":-6.72,"y":-10.5},"expanded":62318,"newVias":0,"reusedBootstrapLayer":"top","length":10.155533790588379}
{"name":"source_trace_27","package":"U_SOC","end":{"x":-6.4,"y":-10.5},"expanded":240363,"newVias":2,"reusedBootstrapLayer":"top","length":9.463960647583008}
{"name":"source_trace_2","package":"U_SOC","end":{"x":-7.04,"y":-10.5},"expanded":55641,"newVias":0,"reusedBootstrapLayer":"top","length":9.67553424835205}
{"name":"source_trace_1","package":"U_SOC","end":{"x":-7.359999999999999,"y":-10.5},"expanded":54048,"newVias":0,"reusedBootstrapLayer":"top","length":9.195533752441406}
{"name":"source_trace_13","package":"U_SOC","end":{"x":-4.4799999999999995,"y":-10.5},"expanded":109464,"newVias":0,"reusedBootstrapLayer":"top","length":10.851412773132324}
{"name":"source_trace_11","package":"U_SOC","end":{"x":-7.68,"y":-10.5},"expanded":87926,"newVias":0,"reusedBootstrapLayer":"top","length":10.787493705749512}
{"name":"source_trace_29","package":"U_SOC","end":{"x":-3.2,"y":-10.5},"expanded":129593,"newVias":2,"reusedBootstrapLayer":"top","length":8.466803550720215}
{"name":"source_trace_12","package":"U_SOC","end":{"x":-8,"y":-10.5},"expanded":83372,"newVias":0,"reusedBootstrapLayer":"top","length":11.579453468322754}
{"name":"source_trace_26","package":"U_SOC","end":{"x":-5.12,"y":-10.5},"expanded":117263,"newVias":2,"reusedBootstrapLayer":"top","length":8.761362075805664}
{"package":"U_SOC","trial":16,"order":["source_trace_28","source_trace_27","source_trace_2","source_trace_1","source_trace_13","source_trace_11","source_trace_29","source_trace_12","source_trace_26","source_trace_40","source_trace_41"],"failedName":"source_trace_40"}
{"name":"source_trace_28","package":"U_SOC","end":{"x":-6.72,"y":-10.5},"expanded":62318,"newVias":0,"reusedBootstrapLayer":"top","length":10.155533790588379}
{"name":"source_trace_27","package":"U_SOC","end":{"x":-6.4,"y":-10.5},"expanded":240363,"newVias":2,"reusedBootstrapLayer":"top","length":9.463960647583008}
{"name":"source_trace_40","package":"U_SOC","end":{"x":-3.2,"y":-10.5},"expanded":30613,"newVias":0,"reusedBootstrapLayer":"top","length":8.952001571655273}
{"name":"source_trace_2","package":"U_SOC","end":{"x":-7.04,"y":-10.5},"expanded":51345,"newVias":0,"reusedBootstrapLayer":"top","length":9.67553424835205}
{"name":"source_trace_1","package":"U_SOC","end":{"x":-7.359999999999999,"y":-10.5},"expanded":52081,"newVias":0,"reusedBootstrapLayer":"top","length":9.195533752441406}
{"name":"source_trace_13","package":"U_SOC","end":{"x":-4.4799999999999995,"y":-10.5},"expanded":123179,"newVias":2,"reusedBootstrapLayer":"top","length":7.563716888427734}
{"name":"source_trace_11","package":"U_SOC","end":{"x":-7.68,"y":-10.5},"expanded":99528,"newVias":0,"reusedBootstrapLayer":"top","length":11.242884635925293}
{"name":"source_trace_29","package":"U_SOC","end":{"x":-3.84,"y":-10.5},"expanded":117521,"newVias":2,"reusedBootstrapLayer":"top","length":8.330235481262207}
{"name":"source_trace_12","package":"U_SOC","end":{"x":-8,"y":-10.5},"expanded":76919,"newVias":0,"reusedBootstrapLayer":"top","length":12.034844398498535}
{"name":"source_trace_26","package":"U_SOC","end":{"x":-5.12,"y":-10.5},"expanded":123783,"newVias":2,"reusedBootstrapLayer":"top","length":9.701261520385742}
{"package":"U_SOC","trial":17,"order":["source_trace_28","source_trace_27","source_trace_40","source_trace_2","source_trace_1","source_trace_13","source_trace_11","source_trace_29","source_trace_12","source_trace_26","source_trace_41"],"failedName":"source_trace_41"}
{"name":"source_trace_28","package":"U_SOC","end":{"x":-6.72,"y":-10.5},"expanded":62318,"newVias":0,"reusedBootstrapLayer":"top","length":10.155533790588379}
{"name":"source_trace_27","package":"U_SOC","end":{"x":-6.4,"y":-10.5},"expanded":240363,"newVias":2,"reusedBootstrapLayer":"top","length":9.463960647583008}
{"name":"source_trace_41","package":"U_SOC","end":{"x":-3.2,"y":-10.5},"expanded":15841,"newVias":0,"reusedBootstrapLayer":"top","length":6.732590198516846}
{"name":"source_trace_40","package":"U_SOC","end":{"x":-7.04,"y":-10.5},"expanded":114674,"newVias":0,"reusedBootstrapLayer":"top","length":11.891412734985352}
{"name":"source_trace_2","package":"U_SOC","end":{"x":-5.12,"y":-10.5},"expanded":102097,"newVias":2,"reusedBootstrapLayer":"top","length":7.767250061035156}
{"name":"source_trace_1","package":"U_SOC","end":{"x":-3.84,"y":-10.5},"expanded":143295,"newVias":2,"reusedBootstrapLayer":"top","length":9.022783279418945}
{"package":"U_SOC","trial":18,"order":["source_trace_28","source_trace_27","source_trace_41","source_trace_40","source_trace_2","source_trace_1","source_trace_13","source_trace_11","source_trace_29","source_trace_12","source_trace_26"],"failedName":"source_trace_13"}
{"name":"source_trace_28","package":"U_SOC","end":{"x":-6.72,"y":-10.5},"expanded":62318,"newVias":0,"reusedBootstrapLayer":"top","length":10.155533790588379}
{"name":"source_trace_27","package":"U_SOC","end":{"x":-6.4,"y":-10.5},"expanded":240363,"newVias":2,"reusedBootstrapLayer":"top","length":9.463960647583008}
{"name":"source_trace_13","package":"U_SOC","end":{"x":-4.4799999999999995,"y":-10.5},"expanded":122495,"newVias":0,"reusedBootstrapLayer":"top","length":10.851412773132324}
{"name":"source_trace_41","package":"U_SOC","end":{"x":-3.2,"y":-10.5},"expanded":22154,"newVias":2,"reusedBootstrapLayer":"top","length":10.737299919128418}
{"name":"source_trace_40","package":"U_SOC","end":{"x":-7.04,"y":-10.5},"expanded":112978,"newVias":0,"reusedBootstrapLayer":"top","length":11.891412734985352}
{"name":"source_trace_2","package":"U_SOC","end":{"x":-5.12,"y":-10.5},"expanded":99311,"newVias":2,"reusedBootstrapLayer":"top","length":7.767250061035156}
{"name":"source_trace_1","package":"U_SOC","end":{"x":-3.84,"y":-10.5},"expanded":146077,"newVias":2,"reusedBootstrapLayer":"top","length":9.257098197937012}
{"package":"U_SOC","trial":19,"order":["source_trace_28","source_trace_27","source_trace_13","source_trace_41","source_trace_40","source_trace_2","source_trace_1","source_trace_11","source_trace_29","source_trace_12","source_trace_26"],"failedName":"source_trace_11"}
{"name":"source_trace_28","package":"U_SOC","end":{"x":-6.72,"y":-10.5},"expanded":62318,"newVias":0,"reusedBootstrapLayer":"top","length":10.155533790588379}
{"name":"source_trace_27","package":"U_SOC","end":{"x":-6.4,"y":-10.5},"expanded":240363,"newVias":2,"reusedBootstrapLayer":"top","length":9.463960647583008}
{"name":"source_trace_11","package":"U_SOC","end":{"x":-3.2,"y":-10.5},"expanded":47753,"newVias":0,"reusedBootstrapLayer":"top","length":8.77141284942627}
{"name":"source_trace_13","package":"U_SOC","end":{"x":-4.4799999999999995,"y":-10.5},"expanded":138919,"newVias":2,"reusedBootstrapLayer":"top","length":7.563716888427734}
{"name":"source_trace_41","package":"U_SOC","end":{"x":-3.84,"y":-10.5},"expanded":87291,"newVias":4,"reusedBootstrapLayer":"top","length":11.377300262451172}
{"name":"source_trace_40","package":"U_SOC","end":{"x":-7.04,"y":-10.5},"expanded":84484,"newVias":0,"reusedBootstrapLayer":"top","length":11.891412734985352}
{"name":"source_trace_2","package":"U_SOC","end":{"x":-5.12,"y":-10.5},"expanded":124687,"newVias":2,"reusedBootstrapLayer":"top","length":9.071656227111816}
{"package":"U_SOC","trial":20,"order":["source_trace_28","source_trace_27","source_trace_11","source_trace_13","source_trace_41","source_trace_40","source_trace_2","source_trace_1","source_trace_29","source_trace_12","source_trace_26"],"failedName":"source_trace_1"}
{"name":"source_trace_28","package":"U_SOC","end":{"x":-6.72,"y":-10.5},"expanded":62318,"newVias":0,"reusedBootstrapLayer":"top","length":10.155533790588379}
{"name":"source_trace_27","package":"U_SOC","end":{"x":-6.4,"y":-10.5},"expanded":240363,"newVias":2,"reusedBootstrapLayer":"top","length":9.463960647583008}
{"name":"source_trace_1","package":"U_SOC","end":{"x":-7.04,"y":-10.5},"expanded":52816,"newVias":0,"reusedBootstrapLayer":"top","length":8.875534057617188}
{"name":"source_trace_11","package":"U_SOC","end":{"x":-3.2,"y":-10.5},"expanded":43791,"newVias":0,"reusedBootstrapLayer":"top","length":8.77141284942627}
{"name":"source_trace_13","package":"U_SOC","end":{"x":-4.4799999999999995,"y":-10.5},"expanded":130626,"newVias":2,"reusedBootstrapLayer":"top","length":7.563716888427734}
{"name":"source_trace_41","package":"U_SOC","end":{"x":-3.84,"y":-10.5},"expanded":87291,"newVias":4,"reusedBootstrapLayer":"top","length":11.377300262451172}
{"name":"source_trace_40","package":"U_SOC","end":{"x":-7.359999999999999,"y":-10.5},"expanded":96814,"newVias":0,"reusedBootstrapLayer":"top","length":12.21141242980957}
{"name":"source_trace_2","package":"U_SOC","end":{"x":-5.12,"y":-10.5},"expanded":106168,"newVias":2,"reusedBootstrapLayer":"top","length":9.071656227111816}
{"name":"source_trace_29","package":"U_SOC","end":{"x":-7.68,"y":-10.5},"expanded":136584,"newVias":0,"reusedBootstrapLayer":"top","length":14.406214714050293}
{"package":"U_SOC","trial":21,"order":["source_trace_28","source_trace_27","source_trace_1","source_trace_11","source_trace_13","source_trace_41","source_trace_40","source_trace_2","source_trace_29","source_trace_12","source_trace_26"],"failedName":"source_trace_12"}
{"name":"source_trace_28","package":"U_SOC","end":{"x":-6.72,"y":-10.5},"expanded":62318,"newVias":0,"reusedBootstrapLayer":"top","length":10.155533790588379}
{"name":"source_trace_27","package":"U_SOC","end":{"x":-6.4,"y":-10.5},"expanded":240363,"newVias":2,"reusedBootstrapLayer":"top","length":9.463960647583008}
{"name":"source_trace_12","package":"U_SOC","end":{"x":-3.2,"y":-10.5},"expanded":44765,"newVias":0,"reusedBootstrapLayer":"top","length":8.787981033325195}
{"name":"source_trace_1","package":"U_SOC","end":{"x":-7.04,"y":-10.5},"expanded":48606,"newVias":0,"reusedBootstrapLayer":"top","length":8.875534057617188}
{"name":"source_trace_11","package":"U_SOC","end":{"x":-7.359999999999999,"y":-10.5},"expanded":67914,"newVias":0,"reusedBootstrapLayer":"top","length":10.467493057250977}
{"name":"source_trace_13","package":"U_SOC","end":{"x":-4.4799999999999995,"y":-10.5},"expanded":129239,"newVias":2,"reusedBootstrapLayer":"top","length":7.861950874328613}
{"name":"source_trace_41","package":"U_SOC","end":{"x":-3.84,"y":-10.5},"expanded":87291,"newVias":4,"reusedBootstrapLayer":"top","length":11.377300262451172}
{"name":"source_trace_40","package":"U_SOC","end":{"x":-7.68,"y":-10.5},"expanded":98099,"newVias":0,"reusedBootstrapLayer":"top","length":12.531413078308105}
{"package":"U_SOC","trial":22,"order":["source_trace_28","source_trace_27","source_trace_12","source_trace_1","source_trace_11","source_trace_13","source_trace_41","source_trace_40","source_trace_2","source_trace_29","source_trace_26"],"failedName":"source_trace_2"}
{"name":"source_trace_28","package":"U_SOC","end":{"x":-6.72,"y":-10.5},"expanded":62318,"newVias":0,"reusedBootstrapLayer":"top","length":10.155533790588379}
{"name":"source_trace_27","package":"U_SOC","end":{"x":-6.4,"y":-10.5},"expanded":240363,"newVias":2,"reusedBootstrapLayer":"top","length":9.463960647583008}
{"name":"source_trace_2","package":"U_SOC","end":{"x":-7.04,"y":-10.5},"expanded":55641,"newVias":0,"reusedBootstrapLayer":"top","length":9.67553424835205}
{"name":"source_trace_12","package":"U_SOC","end":{"x":-3.2,"y":-10.5},"expanded":41706,"newVias":0,"reusedBootstrapLayer":"top","length":8.787981033325195}
{"name":"source_trace_1","package":"U_SOC","end":{"x":-7.359999999999999,"y":-10.5},"expanded":51585,"newVias":0,"reusedBootstrapLayer":"top","length":9.195533752441406}
{"name":"source_trace_11","package":"U_SOC","end":{"x":-7.68,"y":-10.5},"expanded":76719,"newVias":0,"reusedBootstrapLayer":"top","length":10.787493705749512}
{"name":"source_trace_13","package":"U_SOC","end":{"x":-4.4799999999999995,"y":-10.5},"expanded":125449,"newVias":2,"reusedBootstrapLayer":"top","length":7.861950874328613}
{"name":"source_trace_41","package":"U_SOC","end":{"x":-3.84,"y":-10.5},"expanded":87291,"newVias":4,"reusedBootstrapLayer":"top","length":11.377300262451172}
{"name":"source_trace_40","package":"U_SOC","end":{"x":-8,"y":-10.5},"expanded":107097,"newVias":0,"reusedBootstrapLayer":"top","length":12.851412773132324}
{"name":"source_trace_29","package":"U_SOC","end":{"x":-4.8,"y":-10.5},"expanded":128328,"newVias":2,"reusedBootstrapLayer":"top","length":10.306803703308105}
{"package":"U_SOC","trial":23,"order":["source_trace_28","source_trace_27","source_trace_2","source_trace_12","source_trace_1","source_trace_11","source_trace_13","source_trace_41","source_trace_40","source_trace_29","source_trace_26"],"failedName":"source_trace_26"}
