{"name":"source_trace_35","coarseGridTrial":{"expanded":5464809,"newVias":2,"lengthMm":22.290075016124344,"overlapCost":204.80000305175713,"startBlocked":[false,false],"goalBlocked":[false,false],"elapsedSeconds":24.063136542}}
{"name":"source_trace_35","pass":0,"penalty":25.6,"expanded":4245562,"newVias":4,"lengthMm":28.71281671592127,"overlapCost":3.126388037344441e-13,"startBlocked":[false,false],"goalBlocked":[false,false],"elapsedSeconds":18.029999749999995,"coarseGridTrial":{"expanded":5464809,"newVias":2,"lengthMm":22.290075016124344,"overlapCost":204.80000305175713,"startBlocked":[false,false],"goalBlocked":[false,false],"elapsedSeconds":24.063136542},"gridMm":0.02}
{"name":"source_trace_6","pass":0,"penalty":25.6,"expanded":11965,"newVias":0,"lengthMm":11.259209229614203,"overlapCost":0,"startBlocked":[false,false],"goalBlocked":[false,false],"elapsedSeconds":0.04562241699999868,"gridMm":0.04}
{"name":"source_trace_7","pass":0,"penalty":25.6,"expanded":400511,"newVias":4,"lengthMm":50.425953800911095,"overlapCost":0,"startBlocked":[false,false],"goalBlocked":[false,false],"elapsedSeconds":1.3756825420000023,"gridMm":0.04}
{"name":"source_trace_48","pass":0,"penalty":25.6,"expanded":1497152,"newVias":2,"lengthMm":65.1207387772791,"overlapCost":0,"startBlocked":[false,false],"goalBlocked":[false,false],"elapsedSeconds":4.678332416999998,"gridMm":0.04}
{"name":"source_trace_8","coarseGridTrial":{"error":"no clearance-preserving bridge","expanded":0,"startBlocked":[true,true],"goalBlocked":[false,false]}}
{"name":"source_trace_8","pass":0,"penalty":25.6,"expanded":207304,"newVias":2,"lengthMm":23.568813844421317,"overlapCost":0,"startBlocked":[false,false],"goalBlocked":[false,false],"elapsedSeconds":0.6609619999999995,"coarseGridTrial":{"error":"no clearance-preserving bridge","expanded":0,"startBlocked":[true,true],"goalBlocked":[false,false]},"gridMm":0.02}
{"name":"source_trace_25","pass":0,"penalty":25.6,"expanded":634184,"newVias":2,"lengthMm":41.57145453154054,"overlapCost":0,"startBlocked":[false,false],"goalBlocked":[false,false],"elapsedSeconds":2.1184849170000017,"gridMm":0.04}
{"name":"source_trace_38","pass":0,"penalty":25.6,"expanded":241474,"newVias":2,"lengthMm":40.787821048680144,"overlapCost":0,"startBlocked":[false,false],"goalBlocked":[false,false],"elapsedSeconds":0.5222107079999987,"gridMm":0.04}
{"name":"source_trace_37","pass":0,"penalty":25.6,"expanded":420882,"newVias":4,"lengthMm":43.2434141264695,"overlapCost":0,"startBlocked":[false,false],"goalBlocked":[false,false],"elapsedSeconds":0.9949680829999997,"gridMm":0.04}
{"name":"source_trace_24","pass":0,"penalty":25.6,"expanded":332673,"newVias":4,"lengthMm":51.40703027829436,"overlapCost":0,"startBlocked":[false,false],"goalBlocked":[false,false],"elapsedSeconds":0.7700658750000002,"gridMm":0.04}
{"name":"source_trace_44","coarseGridTrial":{"expanded":1758501,"newVias":2,"lengthMm":30.090562748477126,"overlapCost":76.8000011444092,"startBlocked":[false,false],"goalBlocked":[false,false],"elapsedSeconds":4.829698250000009}}
{"name":"source_trace_44","pass":0,"penalty":25.6,"expanded":530716,"newVias":2,"lengthMm":30.020268375961905,"overlapCost":0,"startBlocked":[false,false],"goalBlocked":[false,false],"elapsedSeconds":1.4008809170000023,"coarseGridTrial":{"expanded":1758501,"newVias":2,"lengthMm":30.090562748477126,"overlapCost":76.8000011444092,"startBlocked":[false,false],"goalBlocked":[false,false],"elapsedSeconds":4.829698250000009},"gridMm":0.02}
{"name":"source_trace_45","coarseGridTrial":{"expanded":1723299,"newVias":3,"lengthMm":63.02201728001769,"overlapCost":51.20000076293903,"startBlocked":[false,false],"goalBlocked":[false,false],"elapsedSeconds":4.5880667499999985}}
{"name":"source_trace_45","pass":0,"penalty":25.6,"expanded":4484857,"newVias":3,"lengthMm":62.73231165253307,"overlapCost":3.083755473198835e-12,"startBlocked":[false,false],"goalBlocked":[false,false],"elapsedSeconds":15.167098375000002,"coarseGridTrial":{"expanded":1723299,"newVias":3,"lengthMm":63.02201728001769,"overlapCost":51.20000076293903,"startBlocked":[false,false],"goalBlocked":[false,false],"elapsedSeconds":4.5880667499999985},"gridMm":0.02}
{"name":"source_trace_22","coarseGridTrial":{"error":"no clearance-preserving bridge","expanded":0,"startBlocked":[true,true],"goalBlocked":[false,false]}}
{"name":"source_trace_22","pass":0,"penalty":25.6,"expanded":171417,"newVias":2,"lengthMm":24.197442994522827,"overlapCost":0,"startBlocked":[false,false],"goalBlocked":[false,false],"elapsedSeconds":0.521101834000001,"coarseGridTrial":{"error":"no clearance-preserving bridge","expanded":0,"startBlocked":[true,true],"goalBlocked":[false,false]},"gridMm":0.02}
{"name":"source_trace_5","coarseGridTrial":{"error":"no clearance-preserving bridge","expanded":3461969,"startBlocked":[false,false],"goalBlocked":[false,false]}}
{"name":"source_trace_5","pass":0,"penalty":25.6,"expanded":3223173,"newVias":2,"lengthMm":48.06345596729059,"overlapCost":1.9539925233402755e-12,"startBlocked":[false,false],"goalBlocked":[false,false],"elapsedSeconds":5.072773375000004,"coarseGridTrial":{"error":"no clearance-preserving bridge","expanded":3461969,"startBlocked":[false,false],"goalBlocked":[false,false]},"gridMm":0.02}
{"name":"source_trace_18","pass":0,"penalty":25.6,"expanded":1874121,"newVias":2,"lengthMm":56.35565942839587,"overlapCost":0,"startBlocked":[false,false],"goalBlocked":[false,false],"elapsedSeconds":3.654606375000003,"gridMm":0.04}
{"name":"source_trace_20","pass":0,"penalty":25.6,"expanded":26865,"newVias":2,"lengthMm":16.952245301926375,"overlapCost":0,"startBlocked":[false,false],"goalBlocked":[false,false],"elapsedSeconds":0.03347112499999639,"gridMm":0.04}
{"name":"source_trace_9","pass":0,"penalty":25.6,"expanded":464078,"newVias":6,"lengthMm":25.17713995648982,"overlapCost":0,"startBlocked":[false,false],"goalBlocked":[false,false],"elapsedSeconds":0.5759282499999973,"gridMm":0.04}
{"name":"source_trace_0","pass":0,"penalty":25.6,"expanded":1228288,"newVias":4,"lengthMm":66.5554574030407,"overlapCost":0,"startBlocked":[false,false],"goalBlocked":[false,false],"elapsedSeconds":1.6593316249999917,"gridMm":0.04}
{"name":"source_trace_47","pass":0,"penalty":25.6,"expanded":27379,"newVias":2,"lengthMm":13.652834046956851,"overlapCost":0,"startBlocked":[false,false],"goalBlocked":[false,false],"elapsedSeconds":0.03150012500000594,"gridMm":0.04}
{"name":"source_trace_39","pass":0,"penalty":25.6,"expanded":30976,"newVias":1,"lengthMm":16.98899853874109,"overlapCost":0,"startBlocked":[false,false],"goalBlocked":[false,false],"elapsedSeconds":0.040752542000001994,"gridMm":0.04}
{"name":"source_trace_19","pass":0,"penalty":25.6,"expanded":47073,"newVias":4,"lengthMm":13.497829714197962,"overlapCost":0,"startBlocked":[false,false],"goalBlocked":[false,false],"elapsedSeconds":0.05887020800000755,"gridMm":0.04}
{"name":"source_trace_21","pass":0,"penalty":25.6,"expanded":5016,"newVias":2,"lengthMm":12.405971131946695,"overlapCost":0,"startBlocked":[false,false],"goalBlocked":[false,false],"elapsedSeconds":0.00575291599999764,"gridMm":0.04}
{"name":"source_trace_36","pass":0,"penalty":25.6,"expanded":38691,"newVias":2,"lengthMm":13.641059146347708,"overlapCost":0,"startBlocked":[false,false],"goalBlocked":[false,false],"elapsedSeconds":0.04859554099998786,"gridMm":0.04}
{"name":"source_trace_23","pass":0,"penalty":25.6,"expanded":246018,"newVias":4,"lengthMm":15.54038671967512,"overlapCost":0,"startBlocked":[false,false],"goalBlocked":[false,false],"elapsedSeconds":0.31516129099999673,"gridMm":0.04}
{"name":"source_trace_46","pass":0,"penalty":25.6,"expanded":92933,"newVias":4,"lengthMm":8.063919189857868,"overlapCost":0,"startBlocked":[false,false],"goalBlocked":[false,false],"elapsedSeconds":0.11915341699999407,"gridMm":0.04}
{"negotiationPass":0,"conflictingChannels":0,"conflictNames":[]}
{"status":"COMMAND_CHANNELS_MANUALLY_REPAIRED_UNQUALIFIED","nativeChannels":2,"manualChannels":24,"timingQualified":false,"fabricationReady":false}
