{"name":"source_trace_15","package":"U_RAM","end":{"x":4.080000000000002,"y":-18},"expanded":39478,"newVias":0,"reusedBootstrapLayer":"bottom","length":12.616366386413574}
{"name":"source_trace_3","package":"U_RAM","end":{"x":4.719999999999999,"y":-18},"expanded":102336,"newVias":0,"reusedBootstrapLayer":"bottom","length":13.845483779907227}
{"name":"source_trace_30","package":"U_RAM","end":{"x":2.8000000000000007,"y":-18},"expanded":124037,"newVias":0,"reusedBootstrapLayer":"bottom","length":14.188224792480469}
{"name":"source_trace_42","package":"U_RAM","end":{"x":3.120000000000001,"y":-18},"expanded":83428,"newVias":1,"reusedBootstrapLayer":"top","length":10.12666130065918}
{"name":"source_trace_16","package":"U_RAM","end":{"x":4.400000000000002,"y":-18},"expanded":306528,"newVias":1,"reusedBootstrapLayer":"top","length":14.703716278076172}
{"name":"source_trace_14","package":"U_RAM","end":{"x":5.039999999999999,"y":-18},"expanded":29808,"newVias":0,"reusedBootstrapLayer":"bottom","length":12.187249183654785}
{"name":"source_trace_17","package":"U_RAM","end":{"x":5.359999999999999,"y":-18},"expanded":405196,"newVias":0,"reusedBootstrapLayer":"bottom","length":18.120285034179688}
{"name":"source_trace_4","package":"U_RAM","end":{"x":5.68,"y":-18},"expanded":685673,"newVias":0,"reusedBootstrapLayer":"bottom","length":19.41283416748047}
{"name":"source_trace_31","package":"U_RAM","end":{"x":6.640000000000001,"y":-18},"expanded":1802418,"newVias":0,"reusedBootstrapLayer":"bottom","length":23.89935302734375}
{"package":"U_RAM","trial":0,"order":["source_trace_15","source_trace_3","source_trace_30","source_trace_42","source_trace_16","source_trace_14","source_trace_17","source_trace_4","source_trace_31","source_trace_43","source_trace_32"],"failedName":"source_trace_43"}
{"name":"source_trace_15","package":"U_RAM","end":{"x":4.080000000000002,"y":-18},"expanded":39478,"newVias":0,"reusedBootstrapLayer":"bottom","length":12.616366386413574}
{"name":"source_trace_16","package":"U_RAM","end":{"x":4.400000000000002,"y":-18},"expanded":182127,"newVias":1,"reusedBootstrapLayer":"top","length":11.827737808227539}
{"name":"source_trace_43","package":"U_RAM","end":{"x":5.039999999999999,"y":-18},"expanded":37734,"newVias":0,"reusedBootstrapLayer":"bottom","length":11.059208869934082}
{"name":"source_trace_3","package":"U_RAM","end":{"x":5.359999999999999,"y":-18},"expanded":106075,"newVias":0,"reusedBootstrapLayer":"bottom","length":14.110580444335938}
{"name":"source_trace_30","package":"U_RAM","end":{"x":2.8000000000000007,"y":-18},"expanded":114434,"newVias":0,"reusedBootstrapLayer":"bottom","length":14.188224792480469}
{"name":"source_trace_42","package":"U_RAM","end":{"x":3.120000000000001,"y":-18},"expanded":78405,"newVias":2,"reusedBootstrapLayer":"bottom","length":11.209503173828125}
{"name":"source_trace_14","package":"U_RAM","end":{"x":5.68,"y":-18},"expanded":32261,"newVias":0,"reusedBootstrapLayer":"bottom","length":12.452345848083496}
{"name":"source_trace_17","package":"U_RAM","end":{"x":6,"y":-18},"expanded":422363,"newVias":0,"reusedBootstrapLayer":"bottom","length":18.3853816986084}
{"name":"source_trace_4","package":"U_RAM","end":{"x":6.960000000000001,"y":-18},"expanded":965218,"newVias":0,"reusedBootstrapLayer":"bottom","length":20.798274993896484}
{"name":"source_trace_31","package":"U_RAM","end":{"x":7.280000000000001,"y":-18},"expanded":1812924,"newVias":0,"reusedBootstrapLayer":"bottom","length":24.043615341186523}
{"name":"source_trace_32","package":"U_RAM","end":{"x":7.600000000000001,"y":-18},"expanded":1790737,"newVias":1,"reusedBootstrapLayer":"top","length":22.7890567779541}
{"name":"source_trace_3","package":"U_SOC","end":{"x":3.12,"y":-10.5},"expanded":2396,"newVias":0,"reusedBootstrapLayer":"bottom","length":3.333137035369873}
{"name":"source_trace_15","package":"U_SOC","end":{"x":4.08,"y":-10.5},"expanded":2396,"newVias":0,"reusedBootstrapLayer":"bottom","length":3.333137035369873}
{"name":"source_trace_30","package":"U_SOC","end":{"x":2.8000000000000003,"y":-10.5},"expanded":5752,"newVias":0,"reusedBootstrapLayer":"bottom","length":4.265685558319092}
{"name":"source_trace_42","package":"U_SOC","end":{"x":5.04,"y":-10.5},"expanded":10976,"newVias":0,"reusedBootstrapLayer":"bottom","length":5.190193176269531}
{"name":"source_trace_16","package":"U_SOC","end":{"x":4.4,"y":-10.5},"expanded":37726,"newVias":0,"reusedBootstrapLayer":"bottom","length":5.769604682922363}
{"name":"source_trace_14","package":"U_SOC","end":{"x":5.68,"y":-10.5},"expanded":15898,"newVias":0,"reusedBootstrapLayer":"bottom","length":7.055290222167969}
{"name":"source_trace_17","package":"U_SOC","end":{"x":6,"y":-10.5},"expanded":12688,"newVias":0,"reusedBootstrapLayer":"bottom","length":7.187838554382324}
{"name":"source_trace_4","package":"U_SOC","end":{"x":6.96,"y":-10.5},"expanded":73352,"newVias":1,"reusedBootstrapLayer":"top","length":6.430681228637695}
{"name":"source_trace_31","package":"U_SOC","end":{"x":7.6,"y":-10.5},"expanded":35877,"newVias":0,"reusedBootstrapLayer":"bottom","length":9.450579643249512}
{"package":"U_SOC","trial":0,"order":["source_trace_3","source_trace_15","source_trace_30","source_trace_42","source_trace_16","source_trace_14","source_trace_17","source_trace_4","source_trace_31","source_trace_43","source_trace_32"],"failedName":"source_trace_43"}
{"name":"source_trace_15","package":"U_SOC","end":{"x":4.08,"y":-10.5},"expanded":2396,"newVias":0,"reusedBootstrapLayer":"bottom","length":3.333137035369873}
{"name":"source_trace_16","package":"U_SOC","end":{"x":4.4,"y":-10.5},"expanded":1072,"newVias":0,"reusedBootstrapLayer":"bottom","length":4.265685558319092}
{"name":"source_trace_43","package":"U_SOC","end":{"x":3.12,"y":-10.5},"expanded":7871,"newVias":0,"reusedBootstrapLayer":"bottom","length":5.998233795166016}
{"name":"source_trace_3","package":"U_SOC","end":{"x":5.04,"y":-10.5},"expanded":35514,"newVias":0,"reusedBootstrapLayer":"bottom","length":4.994213581085205}
{"name":"source_trace_30","package":"U_SOC","end":{"x":2.8000000000000003,"y":-10.5},"expanded":4376,"newVias":0,"reusedBootstrapLayer":"bottom","length":4.265685558319092}
{"name":"source_trace_42","package":"U_SOC","end":{"x":5.36,"y":-10.5},"expanded":10035,"newVias":0,"reusedBootstrapLayer":"bottom","length":6.12274169921875}
{"name":"source_trace_14","package":"U_SOC","end":{"x":5.68,"y":-10.5},"expanded":31968,"newVias":0,"reusedBootstrapLayer":"bottom","length":8.829015731811523}
{"name":"source_trace_17","package":"U_SOC","end":{"x":6,"y":-10.5},"expanded":14771,"newVias":0,"reusedBootstrapLayer":"bottom","length":7.187838554382324}
{"name":"source_trace_4","package":"U_SOC","end":{"x":6.96,"y":-10.5},"expanded":74581,"newVias":1,"reusedBootstrapLayer":"top","length":6.430681228637695}
{"name":"source_trace_31","package":"U_SOC","end":{"x":7.6,"y":-10.5},"expanded":35300,"newVias":0,"reusedBootstrapLayer":"bottom","length":9.450579643249512}
{"package":"U_SOC","trial":1,"order":["source_trace_15","source_trace_16","source_trace_43","source_trace_3","source_trace_30","source_trace_42","source_trace_14","source_trace_17","source_trace_4","source_trace_31","source_trace_32"],"failedName":"source_trace_32"}
{"name":"source_trace_15","package":"U_SOC","end":{"x":4.08,"y":-10.5},"expanded":2396,"newVias":0,"reusedBootstrapLayer":"bottom","length":3.333137035369873}
{"name":"source_trace_16","package":"U_SOC","end":{"x":4.4,"y":-10.5},"expanded":1072,"newVias":0,"reusedBootstrapLayer":"bottom","length":4.265685558319092}
{"name":"source_trace_32","package":"U_SOC","end":{"x":3.12,"y":-10.5},"expanded":10402,"newVias":0,"reusedBootstrapLayer":"bottom","length":6.064507961273193}
{"name":"source_trace_43","package":"U_SOC","end":{"x":5.04,"y":-10.5},"expanded":21525,"newVias":0,"reusedBootstrapLayer":"bottom","length":7.590193271636963}
{"name":"source_trace_3","package":"U_SOC","end":{"x":5.36,"y":-10.5},"expanded":69622,"newVias":1,"reusedBootstrapLayer":"top","length":4.194701194763184}
{"name":"source_trace_30","package":"U_SOC","end":{"x":2.8000000000000003,"y":-10.5},"expanded":5752,"newVias":0,"reusedBootstrapLayer":"bottom","length":4.265685558319092}
{"name":"source_trace_42","package":"U_SOC","end":{"x":5.68,"y":-10.5},"expanded":56229,"newVias":0,"reusedBootstrapLayer":"bottom","length":9.306173324584961}
{"name":"source_trace_14","package":"U_SOC","end":{"x":6,"y":-10.5},"expanded":38336,"newVias":0,"reusedBootstrapLayer":"bottom","length":9.565584182739258}
{"name":"source_trace_17","package":"U_SOC","end":{"x":6.96,"y":-10.5},"expanded":36095,"newVias":0,"reusedBootstrapLayer":"bottom","length":10.214600563049316}
{"name":"source_trace_4","package":"U_SOC","end":{"x":7.279999999999999,"y":-10.5},"expanded":60114,"newVias":1,"reusedBootstrapLayer":"top","length":6.563229560852051}
{"name":"source_trace_31","package":"U_SOC","end":{"x":7.6,"y":-10.5},"expanded":37052,"newVias":0,"reusedBootstrapLayer":"bottom","length":10.236854553222656}
