{"name":"source_trace_35","pass":0,"penalty":25.6,"expanded":2612976,"newVias":2,"lengthMm":22.953506473629417,"overlapCost":204.80000305175707,"elapsedSeconds":4.1565745,"gridMm":0.04}
{"name":"source_trace_6","pass":0,"penalty":25.6,"expanded":216885,"newVias":0,"lengthMm":11.86371716450253,"overlapCost":204.8000030517575,"elapsedSeconds":0.253703125,"gridMm":0.04}
{"name":"source_trace_7","pass":0,"penalty":25.6,"expanded":1132994,"newVias":4,"lengthMm":59.78859448803038,"overlapCost":0,"elapsedSeconds":1.4155781670000005,"gridMm":0.04}
{"name":"source_trace_48","pass":0,"penalty":25.6,"expanded":1498659,"newVias":2,"lengthMm":65.40191626734006,"overlapCost":0,"elapsedSeconds":1.8258870000000007,"gridMm":0.04}
{"name":"source_trace_8","coarseGridFailure":{"error":"no clearance-preserving bridge","expanded":0,"startBlocked":[true,true],"goalBlocked":[false,false]}}
{"name":"source_trace_8","pass":0,"penalty":25.6,"expanded":199223,"newVias":2,"lengthMm":23.568813844421317,"overlapCost":0,"elapsedSeconds":0.26532520900000056,"gridMm":0.02}
{"name":"source_trace_25","pass":0,"penalty":25.6,"expanded":713524,"newVias":2,"lengthMm":44.202724368761324,"overlapCost":0,"elapsedSeconds":1.0668498750000017,"gridMm":0.04}
{"name":"source_trace_38","pass":0,"penalty":25.6,"expanded":231686,"newVias":2,"lengthMm":40.787821048680144,"overlapCost":0,"elapsedSeconds":0.31224374999999965,"gridMm":0.04}
{"name":"source_trace_37","pass":0,"penalty":25.6,"expanded":405746,"newVias":4,"lengthMm":43.2434141264695,"overlapCost":0,"elapsedSeconds":0.5788119580000002,"gridMm":0.04}
{"name":"source_trace_24","pass":0,"penalty":25.6,"expanded":603269,"newVias":4,"lengthMm":50.669974003446654,"overlapCost":0,"elapsedSeconds":0.8657493340000001,"gridMm":0.04}
{"name":"source_trace_44","pass":0,"penalty":25.6,"expanded":1629407,"newVias":2,"lengthMm":30.465466068558335,"overlapCost":76.80000114440924,"elapsedSeconds":2.2638550410000007,"gridMm":0.04}
{"name":"source_trace_45","pass":0,"penalty":25.6,"expanded":127990,"newVias":3,"lengthMm":28.160571413994887,"overlapCost":0,"elapsedSeconds":0.17125133300000017,"gridMm":0.04}
{"name":"source_trace_22","pass":0,"penalty":25.6,"expanded":127800,"newVias":2,"lengthMm":25.11557574675377,"overlapCost":76.80000114441222,"elapsedSeconds":0.1724541250000002,"gridMm":0.04}
{"name":"source_trace_5","coarseGridFailure":{"error":"no clearance-preserving bridge","expanded":3466245,"startBlocked":[false,false],"goalBlocked":[false,false]}}
{"name":"source_trace_5","pass":0,"penalty":25.6,"expanded":2924049,"newVias":2,"lengthMm":48.06345596729059,"overlapCost":1.9539925233402755e-12,"elapsedSeconds":5.225547125000001,"gridMm":0.02}
{"name":"source_trace_18","pass":0,"penalty":25.6,"expanded":1647311,"newVias":2,"lengthMm":51.58948627109385,"overlapCost":0,"elapsedSeconds":3.2104930410000017,"gridMm":0.04}
{"name":"source_trace_20","pass":0,"penalty":25.6,"expanded":9944,"newVias":2,"lengthMm":17.133321779309625,"overlapCost":0,"elapsedSeconds":0.014613250000002154,"gridMm":0.04}
{"name":"source_trace_9","pass":0,"penalty":25.6,"expanded":254065,"newVias":4,"lengthMm":21.39135351886291,"overlapCost":76.8000011444109,"elapsedSeconds":0.45328820799999814,"gridMm":0.04}
{"name":"source_trace_0","pass":0,"penalty":25.6,"expanded":1062309,"newVias":4,"lengthMm":59.71094946815218,"overlapCost":0,"elapsedSeconds":1.8084689579999977,"gridMm":0.04}
{"name":"source_trace_47","pass":0,"penalty":25.6,"expanded":6476,"newVias":0,"lengthMm":13.461362184380702,"overlapCost":0,"elapsedSeconds":0.009619500000000699,"gridMm":0.04}
{"name":"source_trace_39","pass":0,"penalty":25.6,"expanded":36387,"newVias":1,"lengthMm":16.965567081236014,"overlapCost":0,"elapsedSeconds":0.051967583000005105,"gridMm":0.04}
{"name":"source_trace_19","pass":0,"penalty":25.6,"expanded":55312,"newVias":4,"lengthMm":13.49782971419796,"overlapCost":0,"elapsedSeconds":0.07468366600000445,"gridMm":0.04}
{"name":"source_trace_21","pass":0,"penalty":25.6,"expanded":2554382,"newVias":2,"lengthMm":10.580386719675122,"overlapCost":384.0000057220459,"elapsedSeconds":3.480610625000001,"gridMm":0.04}
{"name":"source_trace_36","pass":0,"penalty":25.6,"expanded":26819,"newVias":2,"lengthMm":13.641059146347708,"overlapCost":0,"elapsedSeconds":0.03653849999999511,"gridMm":0.04}
{"name":"source_trace_23","pass":0,"penalty":25.6,"expanded":267408,"newVias":4,"lengthMm":16.5676363543604,"overlapCost":0,"elapsedSeconds":0.34966995799999856,"gridMm":0.04}
{"name":"source_trace_46","pass":0,"penalty":25.6,"expanded":97534,"newVias":4,"lengthMm":8.295878784786803,"overlapCost":0,"elapsedSeconds":0.12406162499999482,"gridMm":0.04}
{"negotiationPass":0,"conflictingChannels":2,"conflictNames":["source_trace_35","source_trace_6"]}
{"name":"source_trace_35","pass":1,"penalty":51.2,"expanded":2617068,"newVias":2,"lengthMm":22.953506473629417,"overlapCost":409.6000061035158,"elapsedSeconds":4.424855374999999,"gridMm":0.04}
{"name":"source_trace_6","pass":1,"penalty":51.2,"expanded":67530,"newVias":0,"lengthMm":11.86371716450253,"overlapCost":409.600006103516,"elapsedSeconds":0.1088425419999985,"gridMm":0.04}
{"name":"source_trace_7","pass":1,"penalty":51.2,"expanded":1092878,"newVias":4,"lengthMm":58.35025971044409,"overlapCost":0,"elapsedSeconds":2.481075541999999,"gridMm":0.04}
{"name":"source_trace_48","pass":1,"penalty":51.2,"expanded":1484130,"newVias":2,"lengthMm":65.40191626734006,"overlapCost":0,"elapsedSeconds":3.6747402910000018,"gridMm":0.04}
{"name":"source_trace_8","coarseGridFailure":{"error":"no clearance-preserving bridge","expanded":0,"startBlocked":[true,true],"goalBlocked":[false,false]}}
{"name":"source_trace_8","pass":1,"penalty":51.2,"expanded":201653,"newVias":2,"lengthMm":23.568813844421317,"overlapCost":0,"elapsedSeconds":0.28358270800000174,"gridMm":0.02}
{"name":"source_trace_25","pass":1,"penalty":51.2,"expanded":733591,"newVias":2,"lengthMm":44.202724368761324,"overlapCost":0,"elapsedSeconds":1.1685267499999972,"gridMm":0.04}
{"name":"source_trace_38","pass":1,"penalty":51.2,"expanded":237140,"newVias":2,"lengthMm":40.787821048680144,"overlapCost":0,"elapsedSeconds":0.3054379590000026,"gridMm":0.04}
{"name":"source_trace_37","pass":1,"penalty":51.2,"expanded":408667,"newVias":4,"lengthMm":43.27655121145935,"overlapCost":0,"elapsedSeconds":0.5667971250000046,"gridMm":0.04}
{"name":"source_trace_24","pass":1,"penalty":51.2,"expanded":591715,"newVias":4,"lengthMm":50.669974003446654,"overlapCost":0,"elapsedSeconds":0.7675303750000021,"gridMm":0.04}
{"name":"source_trace_44","pass":1,"penalty":51.2,"expanded":1740866,"newVias":2,"lengthMm":30.465466068558335,"overlapCost":153.60000228881742,"elapsedSeconds":2.20987879100001,"gridMm":0.04}
{"name":"source_trace_45","pass":1,"penalty":51.2,"expanded":127718,"newVias":3,"lengthMm":28.160571413994884,"overlapCost":0,"elapsedSeconds":0.15191849999999976,"gridMm":0.04}
{"name":"source_trace_22","pass":1,"penalty":51.2,"expanded":130027,"newVias":2,"lengthMm":25.11557574675377,"overlapCost":153.6000022888144,"elapsedSeconds":0.1570521669999871,"gridMm":0.04}
{"name":"source_trace_5","coarseGridFailure":{"error":"no clearance-preserving bridge","expanded":3466245,"startBlocked":[false,false],"goalBlocked":[false,false]}}
{"name":"source_trace_5","pass":1,"penalty":51.2,"expanded":2940409,"newVias":2,"lengthMm":48.06345596729059,"overlapCost":1.9539925233402755e-12,"elapsedSeconds":4.0395422499999984,"gridMm":0.02}
{"name":"source_trace_18","pass":1,"penalty":51.2,"expanded":1650319,"newVias":2,"lengthMm":51.58948627109385,"overlapCost":0,"elapsedSeconds":2.216885374999998,"gridMm":0.04}
{"name":"source_trace_20","pass":1,"penalty":51.2,"expanded":9944,"newVias":2,"lengthMm":17.133321779309625,"overlapCost":0,"elapsedSeconds":0.011003874999994877,"gridMm":0.04}
{"name":"source_trace_9","pass":1,"penalty":51.2,"expanded":253888,"newVias":4,"lengthMm":21.15703894381215,"overlapCost":153.60000228881609,"elapsedSeconds":0.363140957999989,"gridMm":0.04}
{"name":"source_trace_0","pass":1,"penalty":51.2,"expanded":1098173,"newVias":4,"lengthMm":59.71094946815218,"overlapCost":0,"elapsedSeconds":1.3375684170000022,"gridMm":0.04}
{"name":"source_trace_47","pass":1,"penalty":51.2,"expanded":6476,"newVias":0,"lengthMm":13.461362184380702,"overlapCost":0,"elapsedSeconds":0.007387541000003693,"gridMm":0.04}
{"name":"source_trace_39","pass":1,"penalty":51.2,"expanded":36397,"newVias":1,"lengthMm":16.965567081236014,"overlapCost":0,"elapsedSeconds":0.0508057919999992,"gridMm":0.04}
{"name":"source_trace_19","pass":1,"penalty":51.2,"expanded":54615,"newVias":4,"lengthMm":13.49782971419796,"overlapCost":0,"elapsedSeconds":0.0677855419999978,"gridMm":0.04}
{"name":"source_trace_21","pass":1,"penalty":51.2,"expanded":2593666,"newVias":2,"lengthMm":10.580386719675117,"overlapCost":819.2000122070309,"elapsedSeconds":3.8828377089999995,"gridMm":0.04}
{"name":"source_trace_36","pass":1,"penalty":51.2,"expanded":26760,"newVias":2,"lengthMm":13.641059146347706,"overlapCost":1.7763568394002505e-15,"elapsedSeconds":0.04308749999999418,"gridMm":0.04}
{"name":"source_trace_23","pass":1,"penalty":51.2,"expanded":266968,"newVias":4,"lengthMm":16.5676363543604,"overlapCost":0,"elapsedSeconds":0.41326033299999837,"gridMm":0.04}
{"name":"source_trace_46","pass":1,"penalty":51.2,"expanded":97534,"newVias":4,"lengthMm":8.295878784786803,"overlapCost":0,"elapsedSeconds":0.14223312499999882,"gridMm":0.04}
{"negotiationPass":1,"conflictingChannels":2,"conflictNames":["source_trace_35","source_trace_6"]}
{"name":"source_trace_35","pass":2,"penalty":102.4,"expanded":2622878,"newVias":2,"lengthMm":22.953506473629417,"overlapCost":819.2000122070295,"elapsedSeconds":3.3445985419999924,"gridMm":0.04}
{"name":"source_trace_6","pass":2,"penalty":102.4,"expanded":72940,"newVias":0,"lengthMm":11.86371716450253,"overlapCost":819.2000122070303,"elapsedSeconds":0.08226137500000186,"gridMm":0.04}
{"name":"source_trace_7","pass":2,"penalty":102.4,"expanded":1092314,"newVias":4,"lengthMm":58.35025971044409,"overlapCost":0,"elapsedSeconds":1.3843859999999986,"gridMm":0.04}
{"name":"source_trace_48","pass":2,"penalty":102.4,"expanded":1483041,"newVias":2,"lengthMm":65.40191626734006,"overlapCost":0,"elapsedSeconds":1.9351802920000045,"gridMm":0.04}
{"name":"source_trace_8","coarseGridFailure":{"error":"no clearance-preserving bridge","expanded":0,"startBlocked":[true,true],"goalBlocked":[false,false]}}
{"name":"source_trace_8","pass":2,"penalty":102.4,"expanded":196314,"newVias":2,"lengthMm":23.568813844421317,"overlapCost":0,"elapsedSeconds":0.23170262500000535,"gridMm":0.02}
{"name":"source_trace_25","pass":2,"penalty":102.4,"expanded":733139,"newVias":2,"lengthMm":44.202724368761324,"overlapCost":0,"elapsedSeconds":1.003760083000001,"gridMm":0.04}
{"name":"source_trace_38","pass":2,"penalty":102.4,"expanded":236501,"newVias":2,"lengthMm":40.787821048680144,"overlapCost":0,"elapsedSeconds":0.28411849999999683,"gridMm":0.04}
{"name":"source_trace_37","pass":2,"penalty":102.4,"expanded":408251,"newVias":4,"lengthMm":43.27655121145935,"overlapCost":0,"elapsedSeconds":0.5085467500000086,"gridMm":0.04}
{"name":"source_trace_24","pass":2,"penalty":102.4,"expanded":591408,"newVias":4,"lengthMm":50.669974003446654,"overlapCost":0,"elapsedSeconds":0.7223761669999949,"gridMm":0.04}
{"name":"source_trace_44","pass":2,"penalty":102.4,"expanded":1744630,"newVias":2,"lengthMm":30.465466068558335,"overlapCost":307.20000457763615,"elapsedSeconds":2.0920814580000004,"gridMm":0.04}
{"name":"source_trace_45","pass":2,"penalty":102.4,"expanded":127822,"newVias":3,"lengthMm":28.160571413994884,"overlapCost":0,"elapsedSeconds":0.1906077079999959,"gridMm":0.04}
{"name":"source_trace_22","pass":2,"penalty":102.4,"expanded":133293,"newVias":2,"lengthMm":25.11557574675377,"overlapCost":307.20000457764365,"elapsedSeconds":0.206161042000007,"gridMm":0.04}
{"name":"source_trace_5","coarseGridFailure":{"error":"no clearance-preserving bridge","expanded":3466245,"startBlocked":[false,false],"goalBlocked":[false,false]}}
{"name":"source_trace_5","pass":2,"penalty":102.4,"expanded":2940005,"newVias":2,"lengthMm":48.06345596729058,"overlapCost":1.9610979506978765e-12,"elapsedSeconds":7.441045375000002,"gridMm":0.02}
{"name":"source_trace_18","pass":2,"penalty":102.4,"expanded":1650133,"newVias":2,"lengthMm":51.58948627109385,"overlapCost":0,"elapsedSeconds":4.118693415999995,"gridMm":0.04}
{"name":"source_trace_20","pass":2,"penalty":102.4,"expanded":9944,"newVias":2,"lengthMm":17.133321779309625,"overlapCost":0,"elapsedSeconds":0.015399082999996608,"gridMm":0.04}
{"name":"source_trace_9","pass":2,"penalty":102.4,"expanded":253864,"newVias":4,"lengthMm":21.15703894381215,"overlapCost":307.2000045776398,"elapsedSeconds":0.35715054100001,"gridMm":0.04}
{"name":"source_trace_0","pass":2,"penalty":102.4,"expanded":1098063,"newVias":4,"lengthMm":59.71094946815218,"overlapCost":0,"elapsedSeconds":1.5460672499999928,"gridMm":0.04}
{"name":"source_trace_47","pass":2,"penalty":102.4,"expanded":6476,"newVias":0,"lengthMm":13.461362184380702,"overlapCost":0,"elapsedSeconds":0.008678708000021289,"gridMm":0.04}
{"name":"source_trace_39","pass":2,"penalty":102.4,"expanded":36397,"newVias":1,"lengthMm":16.965567081236014,"overlapCost":0,"elapsedSeconds":0.054875041999999666,"gridMm":0.04}
{"name":"source_trace_19","pass":2,"penalty":102.4,"expanded":54601,"newVias":4,"lengthMm":13.49782971419796,"overlapCost":0,"elapsedSeconds":0.08122716700000455,"gridMm":0.04}
{"name":"source_trace_21","pass":2,"penalty":102.4,"expanded":2624212,"newVias":2,"lengthMm":10.580386719675124,"overlapCost":1740.800025939941,"elapsedSeconds":3.665437542,"gridMm":0.04}
{"name":"source_trace_36","pass":2,"penalty":102.4,"expanded":26739,"newVias":2,"lengthMm":13.64105914634771,"overlapCost":0,"elapsedSeconds":0.03813616599998204,"gridMm":0.04}
{"name":"source_trace_23","pass":2,"penalty":102.4,"expanded":266948,"newVias":4,"lengthMm":16.5676363543604,"overlapCost":0,"elapsedSeconds":0.37651933300000384,"gridMm":0.04}
{"name":"source_trace_46","pass":2,"penalty":102.4,"expanded":97534,"newVias":4,"lengthMm":8.295878784786803,"overlapCost":0,"elapsedSeconds":0.13746504199999618,"gridMm":0.04}
{"negotiationPass":2,"conflictingChannels":2,"conflictNames":["source_trace_35","source_trace_6"]}
{"name":"source_trace_35","pass":3,"penalty":204.8,"expanded":2622925,"newVias":2,"lengthMm":22.953506473629417,"overlapCost":1638.400024414061,"elapsedSeconds":3.9360640830000047,"gridMm":0.04}
{"name":"source_trace_6","pass":3,"penalty":204.8,"expanded":72943,"newVias":0,"lengthMm":11.86371716450253,"overlapCost":1638.4000244140614,"elapsedSeconds":0.08446249999999418,"gridMm":0.04}
{"name":"source_trace_7","pass":3,"penalty":204.8,"expanded":1092294,"newVias":4,"lengthMm":58.35025971044409,"overlapCost":0,"elapsedSeconds":1.4378567499999773,"gridMm":0.04}
{"name":"source_trace_48","pass":3,"penalty":204.8,"expanded":1483031,"newVias":2,"lengthMm":65.40191626734006,"overlapCost":0,"elapsedSeconds":1.926878417,"gridMm":0.04}
{"name":"source_trace_8","coarseGridFailure":{"error":"no clearance-preserving bridge","expanded":0,"startBlocked":[true,true],"goalBlocked":[false,false]}}
{"name":"source_trace_8","pass":3,"penalty":204.8,"expanded":196313,"newVias":2,"lengthMm":23.56881384442132,"overlapCost":0,"elapsedSeconds":0.236721916999988,"gridMm":0.02}
{"name":"source_trace_25","pass":3,"penalty":204.8,"expanded":733129,"newVias":2,"lengthMm":44.202724368761324,"overlapCost":0,"elapsedSeconds":1.025067584000004,"gridMm":0.04}
{"name":"source_trace_38","pass":3,"penalty":204.8,"expanded":236471,"newVias":2,"lengthMm":40.787821048680144,"overlapCost":0,"elapsedSeconds":0.28859041699999943,"gridMm":0.04}
{"name":"source_trace_37","pass":3,"penalty":204.8,"expanded":408241,"newVias":4,"lengthMm":43.27655121145935,"overlapCost":0,"elapsedSeconds":0.5288797919999925,"gridMm":0.04}
{"name":"source_trace_24","pass":3,"penalty":204.8,"expanded":591388,"newVias":4,"lengthMm":50.669974003446654,"overlapCost":0,"elapsedSeconds":0.7521742920000106,"gridMm":0.04}
{"name":"source_trace_44","pass":3,"penalty":204.8,"expanded":1744581,"newVias":2,"lengthMm":30.465466068558335,"overlapCost":614.4000091552721,"elapsedSeconds":2.5675487499999874,"gridMm":0.04}
{"name":"source_trace_45","pass":3,"penalty":204.8,"expanded":127794,"newVias":3,"lengthMm":28.160571413994887,"overlapCost":0,"elapsedSeconds":0.15036804199998732,"gridMm":0.04}
{"name":"source_trace_22","pass":3,"penalty":204.8,"expanded":133281,"newVias":2,"lengthMm":25.11557574675377,"overlapCost":614.4000091552585,"elapsedSeconds":0.16587099999998464,"gridMm":0.04}
{"name":"source_trace_5","coarseGridFailure":{"error":"no clearance-preserving bridge","expanded":3466245,"startBlocked":[false,false],"goalBlocked":[false,false]}}
{"name":"source_trace_5","pass":3,"penalty":204.8,"expanded":2939950,"newVias":2,"lengthMm":48.06345596729058,"overlapCost":1.9610979506978765e-12,"elapsedSeconds":4.032264375000028,"gridMm":0.02}
{"name":"source_trace_18","pass":3,"penalty":204.8,"expanded":1650123,"newVias":2,"lengthMm":51.58948627109385,"overlapCost":0,"elapsedSeconds":2.183093042000022,"gridMm":0.04}
{"name":"source_trace_20","pass":3,"penalty":204.8,"expanded":9944,"newVias":2,"lengthMm":17.133321779309625,"overlapCost":0,"elapsedSeconds":0.011193166999990354,"gridMm":0.04}
{"name":"source_trace_9","pass":3,"penalty":204.8,"expanded":253823,"newVias":4,"lengthMm":21.15703894381215,"overlapCost":614.4000091552657,"elapsedSeconds":0.31316962500000955,"gridMm":0.04}
{"name":"source_trace_0","pass":3,"penalty":204.8,"expanded":1098056,"newVias":4,"lengthMm":59.71094946815218,"overlapCost":0,"elapsedSeconds":1.3302885829999869,"gridMm":0.04}
{"name":"source_trace_47","pass":3,"penalty":204.8,"expanded":6476,"newVias":0,"lengthMm":13.461362184380702,"overlapCost":0,"elapsedSeconds":0.007474291000020458,"gridMm":0.04}
{"name":"source_trace_39","pass":3,"penalty":204.8,"expanded":36397,"newVias":1,"lengthMm":16.965567081236014,"overlapCost":0,"elapsedSeconds":0.05294816699999501,"gridMm":0.04}
{"name":"source_trace_19","pass":3,"penalty":204.8,"expanded":54588,"newVias":4,"lengthMm":13.49782971419796,"overlapCost":0,"elapsedSeconds":0.06741479099998833,"gridMm":0.04}
{"name":"source_trace_21","pass":3,"penalty":204.8,"expanded":2980829,"newVias":2,"lengthMm":10.58038671967512,"overlapCost":3686.40005493164,"elapsedSeconds":3.641042041000008,"gridMm":0.04}
{"name":"source_trace_36","pass":3,"penalty":204.8,"expanded":26719,"newVias":2,"lengthMm":13.641059146347706,"overlapCost":1.7763568394002505e-15,"elapsedSeconds":0.03857241699998849,"gridMm":0.04}
{"name":"source_trace_23","pass":3,"penalty":204.8,"expanded":266930,"newVias":4,"lengthMm":16.5676363543604,"overlapCost":0,"elapsedSeconds":0.3346858749999956,"gridMm":0.04}
{"name":"source_trace_46","pass":3,"penalty":204.8,"expanded":97534,"newVias":4,"lengthMm":8.295878784786803,"overlapCost":0,"elapsedSeconds":0.11635608299999149,"gridMm":0.04}
{"negotiationPass":3,"conflictingChannels":2,"conflictNames":["source_trace_35","source_trace_6"]}
{"name":"source_trace_35","pass":4,"penalty":409.6,"expanded":2622975,"newVias":2,"lengthMm":22.953506473629417,"overlapCost":3276.8000488281236,"elapsedSeconds":3.5002815420000117,"gridMm":0.04}
{"name":"source_trace_6","pass":4,"penalty":409.6,"expanded":72946,"newVias":0,"lengthMm":11.86371716450253,"overlapCost":3276.800048828124,"elapsedSeconds":0.10615008299998589,"gridMm":0.04}
{"name":"source_trace_7","pass":4,"penalty":409.6,"expanded":1092276,"newVias":4,"lengthMm":58.35025971044409,"overlapCost":0,"elapsedSeconds":1.9558029169999935,"gridMm":0.04}
{"name":"source_trace_48","pass":4,"penalty":409.6,"expanded":1483022,"newVias":2,"lengthMm":65.40191626734006,"overlapCost":0,"elapsedSeconds":2.43321875,"gridMm":0.04}
{"name":"source_trace_8","coarseGridFailure":{"error":"no clearance-preserving bridge","expanded":0,"startBlocked":[true,true],"goalBlocked":[false,false]}}
{"name":"source_trace_8","pass":4,"penalty":409.6,"expanded":196316,"newVias":2,"lengthMm":23.568813844421317,"overlapCost":0,"elapsedSeconds":0.33014233400000376,"gridMm":0.02}
{"name":"source_trace_25","pass":4,"penalty":409.6,"expanded":733120,"newVias":2,"lengthMm":44.202724368761324,"overlapCost":0,"elapsedSeconds":1.3192437499999943,"gridMm":0.04}
{"name":"source_trace_38","pass":4,"penalty":409.6,"expanded":236444,"newVias":2,"lengthMm":40.787821048680144,"overlapCost":0,"elapsedSeconds":0.3126829579999903,"gridMm":0.04}
{"name":"source_trace_37","pass":4,"penalty":409.6,"expanded":408232,"newVias":4,"lengthMm":43.27655121145935,"overlapCost":0,"elapsedSeconds":0.5648162500000035,"gridMm":0.04}
{"name":"source_trace_24","pass":4,"penalty":409.6,"expanded":591370,"newVias":4,"lengthMm":50.669974003446654,"overlapCost":0,"elapsedSeconds":0.7884560829999973,"gridMm":0.04}
{"name":"source_trace_44","pass":4,"penalty":409.6,"expanded":1744551,"newVias":2,"lengthMm":30.465466068558335,"overlapCost":1228.8000183105455,"elapsedSeconds":2.2378372910000035,"gridMm":0.04}
{"name":"source_trace_45","pass":4,"penalty":409.6,"expanded":127771,"newVias":3,"lengthMm":28.160571413994887,"overlapCost":0,"elapsedSeconds":0.15496875,"gridMm":0.04}
{"name":"source_trace_22","pass":4,"penalty":409.6,"expanded":133287,"newVias":2,"lengthMm":25.11557574675377,"overlapCost":1228.8000183105319,"elapsedSeconds":0.17065554199999314,"gridMm":0.04}
{"name":"source_trace_5","coarseGridFailure":{"error":"no clearance-preserving bridge","expanded":3466245,"startBlocked":[false,false],"goalBlocked":[false,false]}}
{"name":"source_trace_5","pass":4,"penalty":409.6,"expanded":2939891,"newVias":2,"lengthMm":48.06345596729058,"overlapCost":1.9610979506978765e-12,"elapsedSeconds":4.5457386669999975,"gridMm":0.02}
{"name":"source_trace_18","pass":4,"penalty":409.6,"expanded":1650109,"newVias":2,"lengthMm":51.58948627109385,"overlapCost":0,"elapsedSeconds":2.428799208000011,"gridMm":0.04}
{"name":"source_trace_20","pass":4,"penalty":409.6,"expanded":9944,"newVias":2,"lengthMm":17.133321779309625,"overlapCost":0,"elapsedSeconds":0.013033124999987194,"gridMm":0.04}
{"name":"source_trace_9","pass":4,"penalty":409.6,"expanded":253796,"newVias":4,"lengthMm":21.15703894381215,"overlapCost":1228.8000183105394,"elapsedSeconds":0.361908334000007,"gridMm":0.04}
{"name":"source_trace_0","pass":4,"penalty":409.6,"expanded":1098047,"newVias":4,"lengthMm":59.71094946815218,"overlapCost":0,"elapsedSeconds":1.5119365000000107,"gridMm":0.04}
{"name":"source_trace_47","pass":4,"penalty":409.6,"expanded":6476,"newVias":0,"lengthMm":13.461362184380702,"overlapCost":0,"elapsedSeconds":0.007879458000010345,"gridMm":0.04}
{"name":"source_trace_39","pass":4,"penalty":409.6,"expanded":36397,"newVias":1,"lengthMm":16.965567081236014,"overlapCost":0,"elapsedSeconds":0.05469016599998577,"gridMm":0.04}
{"name":"source_trace_19","pass":4,"penalty":409.6,"expanded":54576,"newVias":4,"lengthMm":13.49782971419796,"overlapCost":0,"elapsedSeconds":0.0751176249999844,"gridMm":0.04}
{"name":"source_trace_21","pass":4,"penalty":409.6,"expanded":2997255,"newVias":2,"lengthMm":10.580386719675117,"overlapCost":7782.400115966803,"elapsedSeconds":4.051350666000013,"gridMm":0.04}
{"name":"source_trace_36","pass":4,"penalty":409.6,"expanded":26700,"newVias":2,"lengthMm":13.641059146347708,"overlapCost":0,"elapsedSeconds":0.03908587499998976,"gridMm":0.04}
{"name":"source_trace_23","pass":4,"penalty":409.6,"expanded":266914,"newVias":4,"lengthMm":16.5676363543604,"overlapCost":0,"elapsedSeconds":0.34535591700000806,"gridMm":0.04}
{"name":"source_trace_46","pass":4,"penalty":409.6,"expanded":97534,"newVias":4,"lengthMm":8.295878784786803,"overlapCost":0,"elapsedSeconds":0.13033370800002012,"gridMm":0.04}
{"negotiationPass":4,"conflictingChannels":2,"conflictNames":["source_trace_35","source_trace_6"]}
{"name":"source_trace_35","pass":5,"penalty":819.2,"expanded":2623022,"newVias":2,"lengthMm":22.953506473629417,"overlapCost":6553.600097656263,"elapsedSeconds":3.2717647920000017,"gridMm":0.04}
{"name":"source_trace_6","pass":5,"penalty":819.2,"expanded":72952,"newVias":0,"lengthMm":11.86371716450253,"overlapCost":6553.600097656254,"elapsedSeconds":0.08282437499999651,"gridMm":0.04}
{"name":"source_trace_7","pass":5,"penalty":819.2,"expanded":1092260,"newVias":4,"lengthMm":58.35025971044409,"overlapCost":0,"elapsedSeconds":1.3886087080000142,"gridMm":0.04}
{"name":"source_trace_48","pass":5,"penalty":819.2,"expanded":1483014,"newVias":2,"lengthMm":65.40191626734006,"overlapCost":0,"elapsedSeconds":1.8002805830000144,"gridMm":0.04}
{"name":"source_trace_8","coarseGridFailure":{"error":"no clearance-preserving bridge","expanded":0,"startBlocked":[true,true],"goalBlocked":[false,false]}}
{"name":"source_trace_8","pass":5,"penalty":819.2,"expanded":196331,"newVias":2,"lengthMm":23.568813844421317,"overlapCost":0,"elapsedSeconds":0.221767291999975,"gridMm":0.02}
{"name":"source_trace_25","pass":5,"penalty":819.2,"expanded":733112,"newVias":2,"lengthMm":44.202724368761324,"overlapCost":0,"elapsedSeconds":0.9267719999999972,"gridMm":0.04}
{"name":"source_trace_38","pass":5,"penalty":819.2,"expanded":236420,"newVias":2,"lengthMm":40.787821048680144,"overlapCost":0,"elapsedSeconds":0.27734020899998724,"gridMm":0.04}
{"name":"source_trace_37","pass":5,"penalty":819.2,"expanded":408224,"newVias":4,"lengthMm":43.27655121145935,"overlapCost":0,"elapsedSeconds":0.5033289589999768,"gridMm":0.04}
{"name":"source_trace_24","pass":5,"penalty":819.2,"expanded":591354,"newVias":4,"lengthMm":50.669974003446654,"overlapCost":0,"elapsedSeconds":0.7245028750000055,"gridMm":0.04}
{"name":"source_trace_44","pass":5,"penalty":819.2,"expanded":1744532,"newVias":2,"lengthMm":30.465466068558335,"overlapCost":2457.6000366210924,"elapsedSeconds":2.1319593340000136,"gridMm":0.04}
{"name":"source_trace_45","pass":5,"penalty":819.2,"expanded":127751,"newVias":3,"lengthMm":28.160571413994887,"overlapCost":0,"elapsedSeconds":0.14788025000001653,"gridMm":0.04}
{"name":"source_trace_22","pass":5,"penalty":819.2,"expanded":133290,"newVias":2,"lengthMm":25.11557574675377,"overlapCost":2457.6000366210787,"elapsedSeconds":0.15977383399999234,"gridMm":0.04}
{"name":"source_trace_5","coarseGridFailure":{"error":"no clearance-preserving bridge","expanded":3466245,"startBlocked":[false,false],"goalBlocked":[false,false]}}
{"name":"source_trace_5","pass":5,"penalty":819.2,"expanded":2939836,"newVias":2,"lengthMm":48.06345596729059,"overlapCost":1.9539925233402755e-12,"elapsedSeconds":4.2876264160000135,"gridMm":0.02}
{"name":"source_trace_18","pass":5,"penalty":819.2,"expanded":1650095,"newVias":2,"lengthMm":51.58948627109385,"overlapCost":0,"elapsedSeconds":2.1488012909999816,"gridMm":0.04}
{"name":"source_trace_20","pass":5,"penalty":819.2,"expanded":9944,"newVias":2,"lengthMm":17.133321779309625,"overlapCost":0,"elapsedSeconds":0.011355375000013736,"gridMm":0.04}
{"name":"source_trace_9","pass":5,"penalty":819.2,"expanded":253772,"newVias":4,"lengthMm":21.15703894381215,"overlapCost":2457.600036621086,"elapsedSeconds":0.3009155840000021,"gridMm":0.04}
{"name":"source_trace_0","pass":5,"penalty":819.2,"expanded":1098039,"newVias":4,"lengthMm":59.71094946815218,"overlapCost":0,"elapsedSeconds":1.3144427500000164,"gridMm":0.04}
{"name":"source_trace_47","pass":5,"penalty":819.2,"expanded":6476,"newVias":0,"lengthMm":13.461362184380702,"overlapCost":0,"elapsedSeconds":0.007418416999978945,"gridMm":0.04}
{"name":"source_trace_39","pass":5,"penalty":819.2,"expanded":36397,"newVias":1,"lengthMm":16.965567081236014,"overlapCost":0,"elapsedSeconds":0.04695833299998776,"gridMm":0.04}
{"name":"source_trace_19","pass":5,"penalty":819.2,"expanded":54565,"newVias":4,"lengthMm":13.49782971419796,"overlapCost":0,"elapsedSeconds":0.06739749999999185,"gridMm":0.04}
{"name":"source_trace_21","pass":5,"penalty":819.2,"expanded":3017402,"newVias":2,"lengthMm":10.580386719675118,"overlapCost":16384.00024414064,"elapsedSeconds":3.620174832999968,"gridMm":0.04}
{"name":"source_trace_36","pass":5,"penalty":819.2,"expanded":26683,"newVias":2,"lengthMm":13.641059146347706,"overlapCost":1.7763568394002505e-15,"elapsedSeconds":0.032986833999981174,"gridMm":0.04}
{"name":"source_trace_23","pass":5,"penalty":819.2,"expanded":266902,"newVias":4,"lengthMm":16.5676363543604,"overlapCost":0,"elapsedSeconds":0.32048520799999825,"gridMm":0.04}
{"name":"source_trace_46","pass":5,"penalty":819.2,"expanded":97534,"newVias":4,"lengthMm":8.295878784786803,"overlapCost":0,"elapsedSeconds":0.11723537499998929,"gridMm":0.04}
{"negotiationPass":5,"conflictingChannels":2,"conflictNames":["source_trace_35","source_trace_6"]}
{"name":"source_trace_35","pass":6,"penalty":1638.4,"expanded":2623084,"newVias":2,"lengthMm":22.953506473629417,"overlapCost":13107.200195312544,"elapsedSeconds":3.200740583000006,"gridMm":0.04}
{"name":"source_trace_6","pass":6,"penalty":1638.4,"expanded":72964,"newVias":0,"lengthMm":11.86371716450253,"overlapCost":13107.200195312527,"elapsedSeconds":0.0846455839999835,"gridMm":0.04}
{"name":"source_trace_7","pass":6,"penalty":1638.4,"expanded":1092248,"newVias":4,"lengthMm":58.35025971044409,"overlapCost":0,"elapsedSeconds":1.36534375,"gridMm":0.04}
{"name":"source_trace_48","pass":6,"penalty":1638.4,"expanded":1483008,"newVias":2,"lengthMm":65.40191626734006,"overlapCost":0,"elapsedSeconds":1.7859025000000257,"gridMm":0.04}
{"name":"source_trace_8","coarseGridFailure":{"error":"no clearance-preserving bridge","expanded":0,"startBlocked":[true,true],"goalBlocked":[false,false]}}
{"name":"source_trace_8","pass":6,"penalty":1638.4,"expanded":196350,"newVias":2,"lengthMm":23.568813844421317,"overlapCost":0,"elapsedSeconds":0.23010345799999776,"gridMm":0.02}
{"name":"source_trace_25","pass":6,"penalty":1638.4,"expanded":733106,"newVias":2,"lengthMm":44.202724368761324,"overlapCost":0,"elapsedSeconds":0.9330513750000391,"gridMm":0.04}
{"name":"source_trace_38","pass":6,"penalty":1638.4,"expanded":236402,"newVias":2,"lengthMm":40.787821048680144,"overlapCost":0,"elapsedSeconds":0.2725617499999935,"gridMm":0.04}
{"name":"source_trace_37","pass":6,"penalty":1638.4,"expanded":408218,"newVias":4,"lengthMm":43.27655121145935,"overlapCost":0,"elapsedSeconds":0.49675291600002675,"gridMm":0.04}
{"name":"source_trace_24","pass":6,"penalty":1638.4,"expanded":591342,"newVias":4,"lengthMm":50.669974003446654,"overlapCost":0,"elapsedSeconds":0.7059900420000195,"gridMm":0.04}
{"name":"source_trace_44","pass":6,"penalty":1638.4,"expanded":1744523,"newVias":2,"lengthMm":30.465466068558335,"overlapCost":4915.200073242214,"elapsedSeconds":2.0917897079999674,"gridMm":0.04}
{"name":"source_trace_45","pass":6,"penalty":1638.4,"expanded":248393,"newVias":3,"lengthMm":28.160571413994887,"overlapCost":3276.8000488281236,"elapsedSeconds":0.2974302499999758,"gridMm":0.04}
{"name":"source_trace_22","pass":6,"penalty":1638.4,"expanded":133295,"newVias":2,"lengthMm":25.11557574675377,"overlapCost":4915.200073242221,"elapsedSeconds":0.1509475000000093,"gridMm":0.04}
{"name":"source_trace_5","coarseGridFailure":{"error":"no clearance-preserving bridge","expanded":3466245,"startBlocked":[false,false],"goalBlocked":[false,false]}}
{"name":"source_trace_5","pass":6,"penalty":1638.4,"expanded":2939793,"newVias":2,"lengthMm":48.06345596729059,"overlapCost":1.9539925233402755e-12,"elapsedSeconds":3.8145463339999552,"gridMm":0.02}
{"name":"source_trace_18","pass":6,"penalty":1638.4,"expanded":1650083,"newVias":2,"lengthMm":51.58948627109385,"overlapCost":0,"elapsedSeconds":2.1305480830000016,"gridMm":0.04}
{"name":"source_trace_20","pass":6,"penalty":1638.4,"expanded":9944,"newVias":2,"lengthMm":17.133321779309625,"overlapCost":0,"elapsedSeconds":0.01114341700001387,"gridMm":0.04}
{"name":"source_trace_9","pass":6,"penalty":1638.4,"expanded":253751,"newVias":4,"lengthMm":21.15703894381215,"overlapCost":4915.200073242223,"elapsedSeconds":0.2994051249999902,"gridMm":0.04}
{"name":"source_trace_0","pass":6,"penalty":1638.4,"expanded":1098033,"newVias":4,"lengthMm":59.71094946815218,"overlapCost":0,"elapsedSeconds":1.293762000000046,"gridMm":0.04}
{"name":"source_trace_47","pass":6,"penalty":1638.4,"expanded":6476,"newVias":0,"lengthMm":13.461362184380702,"overlapCost":0,"elapsedSeconds":0.0074985000000451696,"gridMm":0.04}
{"name":"source_trace_39","pass":6,"penalty":1638.4,"expanded":36397,"newVias":1,"lengthMm":16.965567081236014,"overlapCost":0,"elapsedSeconds":0.046309542000002694,"gridMm":0.04}
{"name":"source_trace_19","pass":6,"penalty":1638.4,"expanded":54556,"newVias":4,"lengthMm":13.49782971419796,"overlapCost":0,"elapsedSeconds":0.06804041600000346,"gridMm":0.04}
{"name":"source_trace_21","pass":6,"penalty":1638.4,"expanded":3033959,"newVias":2,"lengthMm":10.580386719675118,"overlapCost":34406.40051269533,"elapsedSeconds":3.6110750830000033,"gridMm":0.04}
{"name":"source_trace_36","pass":6,"penalty":1638.4,"expanded":26667,"newVias":2,"lengthMm":13.641059146347706,"overlapCost":1.7763568394002505e-15,"elapsedSeconds":0.03369345800002339,"gridMm":0.04}
{"name":"source_trace_23","pass":6,"penalty":1638.4,"expanded":266892,"newVias":4,"lengthMm":16.5676363543604,"overlapCost":0,"elapsedSeconds":0.3265049580000341,"gridMm":0.04}
{"name":"source_trace_46","pass":6,"penalty":1638.4,"expanded":97534,"newVias":4,"lengthMm":8.295878784786803,"overlapCost":0,"elapsedSeconds":0.11726262500003214,"gridMm":0.04}
{"negotiationPass":6,"conflictingChannels":2,"conflictNames":["source_trace_35","source_trace_6"]}
{"name":"source_trace_35","pass":7,"penalty":1638.4,"expanded":2623128,"newVias":2,"lengthMm":22.953506473629417,"overlapCost":13107.200195312544,"elapsedSeconds":3.9272386669999686,"gridMm":0.04}
{"name":"source_trace_6","pass":7,"penalty":1638.4,"expanded":72964,"newVias":0,"lengthMm":11.86371716450253,"overlapCost":13107.200195312527,"elapsedSeconds":0.09728504099999555,"gridMm":0.04}
{"name":"source_trace_7","pass":7,"penalty":1638.4,"expanded":1092238,"newVias":4,"lengthMm":58.35025971044409,"overlapCost":0,"elapsedSeconds":2.1917639590000033,"gridMm":0.04}
{"name":"source_trace_48","pass":7,"penalty":1638.4,"expanded":1483003,"newVias":2,"lengthMm":65.40191626734006,"overlapCost":0,"elapsedSeconds":2.914270375000022,"gridMm":0.04}
{"name":"source_trace_8","coarseGridFailure":{"error":"no clearance-preserving bridge","expanded":0,"startBlocked":[true,true],"goalBlocked":[false,false]}}
{"name":"source_trace_8","pass":7,"penalty":1638.4,"expanded":196373,"newVias":2,"lengthMm":23.56881384442132,"overlapCost":0,"elapsedSeconds":0.2692458329999936,"gridMm":0.02}
{"name":"source_trace_25","pass":7,"penalty":1638.4,"expanded":733101,"newVias":2,"lengthMm":44.202724368761324,"overlapCost":0,"elapsedSeconds":1.2222008749999804,"gridMm":0.04}
{"name":"source_trace_38","pass":7,"penalty":1638.4,"expanded":236387,"newVias":2,"lengthMm":40.787821048680144,"overlapCost":0,"elapsedSeconds":0.31633266700000967,"gridMm":0.04}
{"name":"source_trace_37","pass":7,"penalty":1638.4,"expanded":408213,"newVias":4,"lengthMm":43.27655121145935,"overlapCost":0,"elapsedSeconds":0.8834795840000151,"gridMm":0.04}
{"name":"source_trace_24","pass":7,"penalty":1638.4,"expanded":591332,"newVias":4,"lengthMm":50.669974003446654,"overlapCost":0,"elapsedSeconds":1.0220856669999776,"gridMm":0.04}
{"name":"source_trace_44","pass":7,"penalty":1638.4,"expanded":1744498,"newVias":2,"lengthMm":30.465466068558335,"overlapCost":4915.200073242214,"elapsedSeconds":2.747702458999993,"gridMm":0.04}
{"name":"source_trace_45","pass":7,"penalty":1638.4,"expanded":280895,"newVias":3,"lengthMm":28.160571413994887,"overlapCost":6553.60009765625,"elapsedSeconds":0.33987329100002533,"gridMm":0.04}
{"name":"source_trace_22","pass":7,"penalty":1638.4,"expanded":133295,"newVias":2,"lengthMm":25.11557574675377,"overlapCost":4915.200073242221,"elapsedSeconds":0.16238612499996088,"gridMm":0.04}
{"name":"source_trace_5","coarseGridFailure":{"error":"no clearance-preserving bridge","expanded":3466245,"startBlocked":[false,false],"goalBlocked":[false,false]}}
{"name":"source_trace_5","pass":7,"penalty":1638.4,"expanded":2939754,"newVias":2,"lengthMm":48.06345596729059,"overlapCost":1.9539925233402755e-12,"elapsedSeconds":3.972977458999958,"gridMm":0.02}
{"name":"source_trace_18","pass":7,"penalty":1638.4,"expanded":1650073,"newVias":2,"lengthMm":51.58948627109385,"overlapCost":0,"elapsedSeconds":2.219611499999999,"gridMm":0.04}
{"name":"source_trace_20","pass":7,"penalty":1638.4,"expanded":9944,"newVias":2,"lengthMm":17.133321779309625,"overlapCost":0,"elapsedSeconds":0.011181207999994513,"gridMm":0.04}
{"name":"source_trace_9","pass":7,"penalty":1638.4,"expanded":253725,"newVias":4,"lengthMm":21.15703894381215,"overlapCost":4915.200073242223,"elapsedSeconds":0.31093174999998885,"gridMm":0.04}
{"name":"source_trace_0","pass":7,"penalty":1638.4,"expanded":1098028,"newVias":4,"lengthMm":59.71094946815218,"overlapCost":0,"elapsedSeconds":1.320414541999984,"gridMm":0.04}
{"name":"source_trace_47","pass":7,"penalty":1638.4,"expanded":6476,"newVias":0,"lengthMm":13.461362184380702,"overlapCost":0,"elapsedSeconds":0.00740441599994665,"gridMm":0.04}
{"name":"source_trace_39","pass":7,"penalty":1638.4,"expanded":36397,"newVias":1,"lengthMm":16.965567081236014,"overlapCost":0,"elapsedSeconds":0.04728183399996488,"gridMm":0.04}
{"name":"source_trace_19","pass":7,"penalty":1638.4,"expanded":54548,"newVias":4,"lengthMm":13.49782971419796,"overlapCost":0,"elapsedSeconds":0.07139666699996451,"gridMm":0.04}
{"name":"source_trace_21","pass":7,"penalty":1638.4,"expanded":3000681,"newVias":2,"lengthMm":10.878620484583749,"overlapCost":31129.60046386722,"elapsedSeconds":3.614996125000005,"gridMm":0.04}
{"name":"source_trace_36","pass":7,"penalty":1638.4,"expanded":27000,"newVias":2,"lengthMm":13.641059146347708,"overlapCost":0,"elapsedSeconds":0.03339612500002841,"gridMm":0.04}
{"name":"source_trace_23","pass":7,"penalty":1638.4,"expanded":267206,"newVias":4,"lengthMm":16.5676363543604,"overlapCost":0,"elapsedSeconds":0.3183894999999902,"gridMm":0.04}
{"name":"source_trace_46","pass":7,"penalty":1638.4,"expanded":97534,"newVias":4,"lengthMm":8.295878784786803,"overlapCost":0,"elapsedSeconds":0.1136902499999851,"gridMm":0.04}
{"negotiationPass":7,"conflictingChannels":5,"conflictNames":["source_trace_8","source_trace_45","source_trace_35","source_trace_21","source_trace_6"]}
{"name":"source_trace_35","pass":8,"penalty":1638.4,"expanded":2623154,"newVias":2,"lengthMm":22.953506473629417,"overlapCost":13107.200195312544,"elapsedSeconds":3.2303382920000003,"gridMm":0.04}
