{"name":"source_trace_33","package":"U_RAM","end":{"x":-9,"y":-30.4},"expanded":227050,"newVias":2,"reusedBootstrapLayer":"top","length":12.393280029296875}
{"name":"source_trace_34","package":"U_RAM","end":{"x":-9,"y":-30.08},"expanded":153932,"newVias":1,"reusedBootstrapLayer":"bottom","length":11.144407272338867}
{"name":"source_trace_8","package":"U_RAM","end":{"x":-9,"y":-32.04},"expanded":98210,"newVias":1,"reusedBootstrapLayer":"bottom","length":7.231959342956543}
{"name":"source_trace_24","package":"U_RAM","end":{"x":-9,"y":-33.96},"expanded":98236,"newVias":0,"reusedBootstrapLayer":"top","length":9.491371154785156}
{"name":"source_trace_44","package":"U_RAM","end":{"x":-9,"y":-31.56},"expanded":177332,"newVias":1,"reusedBootstrapLayer":"bottom","length":12.031959533691406}
{"name":"source_trace_19","package":"U_RAM","end":{"x":-9,"y":-26.759999999999998},"expanded":143880,"newVias":2,"reusedBootstrapLayer":"top","length":9.830781936645508}
{"name":"source_trace_0","package":"U_RAM","end":{"x":-9,"y":-31.08},"expanded":28246,"newVias":0,"reusedBootstrapLayer":"top","length":7.227249622344971}
{"name":"source_trace_37","package":"U_RAM","end":{"x":-9,"y":-34.44},"expanded":78826,"newVias":0,"reusedBootstrapLayer":"top","length":12.093523979187012}
{"name":"source_trace_20","package":"U_RAM","end":{"x":-9,"y":-29.64},"expanded":55636,"newVias":1,"reusedBootstrapLayer":"bottom","length":8.926660537719727}
{"name":"source_trace_45","package":"U_RAM","end":{"x":-9,"y":-33.48},"expanded":154556,"newVias":1,"reusedBootstrapLayer":"bottom","length":12.495879173278809}
{"name":"source_trace_9","package":"U_RAM","end":{"x":-9,"y":-33},"expanded":87935,"newVias":2,"reusedBootstrapLayer":"top","length":8.297056198120117}
{"name":"source_trace_38","package":"U_RAM","end":{"x":-9,"y":-34.92},"expanded":52176,"newVias":0,"reusedBootstrapLayer":"top","length":11.960975646972656}
{"name":"source_trace_5","package":"U_RAM","end":{"x":-9,"y":-32.519999999999996},"expanded":107990,"newVias":2,"reusedBootstrapLayer":"top","length":8.358620643615723}
{"name":"source_trace_21","package":"U_RAM","end":{"x":-9,"y":-35.4},"expanded":393091,"newVias":1,"reusedBootstrapLayer":"bottom","length":19.597442626953125}
{"package":"U_RAM","trial":0,"order":["source_trace_33","source_trace_34","source_trace_8","source_trace_24","source_trace_44","source_trace_19","source_trace_0","source_trace_37","source_trace_20","source_trace_45","source_trace_9","source_trace_38","source_trace_5","source_trace_21","source_trace_7","source_trace_36","source_trace_22","source_trace_48","source_trace_25","source_trace_6","source_trace_47","source_trace_23","source_trace_35","source_trace_18","source_trace_39","source_trace_46"],"failedName":"source_trace_7"}
{"name":"source_trace_7","package":"U_RAM","end":{"x":-9,"y":-31.56},"expanded":106465,"newVias":1,"reusedBootstrapLayer":"bottom","length":7.231959342956543}
{"name":"source_trace_33","package":"U_RAM","end":{"x":-9,"y":-30.4},"expanded":214928,"newVias":2,"reusedBootstrapLayer":"top","length":12.393280029296875}
{"name":"source_trace_34","package":"U_RAM","end":{"x":-9,"y":-30.08},"expanded":142836,"newVias":1,"reusedBootstrapLayer":"bottom","length":11.144407272338867}
{"name":"source_trace_8","package":"U_RAM","end":{"x":-9,"y":-32.04},"expanded":72761,"newVias":1,"reusedBootstrapLayer":"bottom","length":7.231959342956543}
{"name":"source_trace_24","package":"U_RAM","end":{"x":-9,"y":-33.96},"expanded":77575,"newVias":0,"reusedBootstrapLayer":"top","length":9.491371154785156}
{"name":"source_trace_44","package":"U_RAM","end":{"x":-9,"y":-31.08},"expanded":193805,"newVias":1,"reusedBootstrapLayer":"bottom","length":12.247350692749023}
{"name":"source_trace_19","package":"U_RAM","end":{"x":-9,"y":-26.759999999999998},"expanded":129461,"newVias":2,"reusedBootstrapLayer":"top","length":9.830781936645508}
{"name":"source_trace_0","package":"U_RAM","end":{"x":-9,"y":-29.64},"expanded":25715,"newVias":0,"reusedBootstrapLayer":"top","length":7.293523788452148}
{"name":"source_trace_37","package":"U_RAM","end":{"x":-9,"y":-34.44},"expanded":82403,"newVias":0,"reusedBootstrapLayer":"top","length":12.093523979187012}
{"name":"source_trace_20","package":"U_RAM","end":{"x":-9,"y":-32.519999999999996},"expanded":65095,"newVias":1,"reusedBootstrapLayer":"bottom","length":10.20097541809082}
{"name":"source_trace_45","package":"U_RAM","end":{"x":-9,"y":-33.48},"expanded":151912,"newVias":1,"reusedBootstrapLayer":"bottom","length":12.495879173278809}
{"name":"source_trace_9","package":"U_RAM","end":{"x":-9,"y":-34.92},"expanded":100547,"newVias":2,"reusedBootstrapLayer":"top","length":8.429604530334473}
{"name":"source_trace_38","package":"U_RAM","end":{"x":-9,"y":-35.4},"expanded":69521,"newVias":0,"reusedBootstrapLayer":"top","length":12.159797668457031}
{"package":"U_RAM","trial":1,"order":["source_trace_7","source_trace_33","source_trace_34","source_trace_8","source_trace_24","source_trace_44","source_trace_19","source_trace_0","source_trace_37","source_trace_20","source_trace_45","source_trace_9","source_trace_38","source_trace_5","source_trace_21","source_trace_36","source_trace_22","source_trace_48","source_trace_25","source_trace_6","source_trace_47","source_trace_23","source_trace_35","source_trace_18","source_trace_39","source_trace_46"],"failedName":"source_trace_5"}
{"name":"source_trace_5","package":"U_RAM","end":{"x":-9,"y":-29.64},"expanded":12235,"newVias":0,"reusedBootstrapLayer":"top","length":7.099411487579346}
{"name":"source_trace_7","package":"U_RAM","end":{"x":-9,"y":-31.56},"expanded":104636,"newVias":1,"reusedBootstrapLayer":"bottom","length":7.231959342956543}
{"name":"source_trace_33","package":"U_RAM","end":{"x":-9,"y":-30.4},"expanded":209513,"newVias":2,"reusedBootstrapLayer":"top","length":12.393280029296875}
{"name":"source_trace_34","package":"U_RAM","end":{"x":-9,"y":-30.08},"expanded":165990,"newVias":1,"reusedBootstrapLayer":"bottom","length":11.475777626037598}
{"name":"source_trace_8","package":"U_RAM","end":{"x":-9,"y":-32.04},"expanded":70714,"newVias":1,"reusedBootstrapLayer":"bottom","length":7.231959342956543}
{"name":"source_trace_24","package":"U_RAM","end":{"x":-9,"y":-33.96},"expanded":77575,"newVias":0,"reusedBootstrapLayer":"top","length":9.491371154785156}
{"name":"source_trace_44","package":"U_RAM","end":{"x":-9,"y":-31.08},"expanded":192177,"newVias":1,"reusedBootstrapLayer":"bottom","length":12.247350692749023}
{"name":"source_trace_19","package":"U_RAM","end":{"x":-9,"y":-26.759999999999998},"expanded":31383,"newVias":1,"reusedBootstrapLayer":"bottom","length":8.562152862548828}
{"name":"source_trace_0","package":"U_RAM","end":{"x":-9,"y":-23.88},"expanded":19292,"newVias":0,"reusedBootstrapLayer":"top","length":8.155088424682617}
{"name":"source_trace_37","package":"U_RAM","end":{"x":-9,"y":-34.44},"expanded":82403,"newVias":0,"reusedBootstrapLayer":"top","length":12.093523979187012}
{"name":"source_trace_20","package":"U_RAM","end":{"x":-9,"y":-32.519999999999996},"expanded":57290,"newVias":1,"reusedBootstrapLayer":"bottom","length":10.20097541809082}
{"name":"source_trace_45","package":"U_RAM","end":{"x":-9,"y":-33.48},"expanded":151912,"newVias":1,"reusedBootstrapLayer":"bottom","length":12.495879173278809}
{"name":"source_trace_9","package":"U_RAM","end":{"x":-9,"y":-34.92},"expanded":100547,"newVias":2,"reusedBootstrapLayer":"top","length":8.429604530334473}
{"name":"source_trace_38","package":"U_RAM","end":{"x":-9,"y":-35.4},"expanded":69521,"newVias":0,"reusedBootstrapLayer":"top","length":12.159797668457031}
{"name":"source_trace_21","package":"U_RAM","end":{"x":-9,"y":-33},"expanded":692116,"newVias":1,"reusedBootstrapLayer":"bottom","length":21.856853485107422}
{"package":"U_RAM","trial":2,"order":["source_trace_5","source_trace_7","source_trace_33","source_trace_34","source_trace_8","source_trace_24","source_trace_44","source_trace_19","source_trace_0","source_trace_37","source_trace_20","source_trace_45","source_trace_9","source_trace_38","source_trace_21","source_trace_36","source_trace_22","source_trace_48","source_trace_25","source_trace_6","source_trace_47","source_trace_23","source_trace_35","source_trace_18","source_trace_39","source_trace_46"],"failedName":"source_trace_36"}
{"name":"source_trace_36","package":"U_RAM","end":{"x":-9,"y":-33.96},"expanded":141715,"newVias":0,"reusedBootstrapLayer":"top","length":12.40180778503418}
{"name":"source_trace_5","package":"U_RAM","end":{"x":-9,"y":-29.64},"expanded":12235,"newVias":0,"reusedBootstrapLayer":"top","length":7.099411487579346}
{"name":"source_trace_7","package":"U_RAM","end":{"x":-9,"y":-31.56},"expanded":104616,"newVias":1,"reusedBootstrapLayer":"bottom","length":7.231959342956543}
{"name":"source_trace_33","package":"U_RAM","end":{"x":-9,"y":-30.4},"expanded":196252,"newVias":2,"reusedBootstrapLayer":"top","length":12.393280029296875}
{"name":"source_trace_34","package":"U_RAM","end":{"x":-9,"y":-30.08},"expanded":165992,"newVias":1,"reusedBootstrapLayer":"bottom","length":11.475777626037598}
{"name":"source_trace_8","package":"U_RAM","end":{"x":-9,"y":-32.04},"expanded":70706,"newVias":1,"reusedBootstrapLayer":"bottom","length":7.231959342956543}
{"name":"source_trace_24","package":"U_RAM","end":{"x":-9,"y":-33.48},"expanded":99614,"newVias":1,"reusedBootstrapLayer":"bottom","length":8.164507865905762}
{"name":"source_trace_44","package":"U_RAM","end":{"x":-9,"y":-31.08},"expanded":180680,"newVias":1,"reusedBootstrapLayer":"bottom","length":12.247350692749023}
{"name":"source_trace_19","package":"U_RAM","end":{"x":-9,"y":-26.759999999999998},"expanded":31383,"newVias":1,"reusedBootstrapLayer":"bottom","length":8.562152862548828}
{"name":"source_trace_0","package":"U_RAM","end":{"x":-9,"y":-23.88},"expanded":19292,"newVias":0,"reusedBootstrapLayer":"top","length":8.155088424682617}
{"name":"source_trace_37","package":"U_RAM","end":{"x":-9,"y":-34.44},"expanded":58056,"newVias":0,"reusedBootstrapLayer":"top","length":12.093523979187012}
{"name":"source_trace_20","package":"U_RAM","end":{"x":-9,"y":-32.519999999999996},"expanded":56752,"newVias":1,"reusedBootstrapLayer":"bottom","length":10.20097541809082}
{"name":"source_trace_45","package":"U_RAM","end":{"x":-9,"y":-34.92},"expanded":187822,"newVias":1,"reusedBootstrapLayer":"bottom","length":13.09234619140625}
{"name":"source_trace_9","package":"U_RAM","end":{"x":-9,"y":-33},"expanded":184827,"newVias":2,"reusedBootstrapLayer":"top","length":8.46274185180664}
{"name":"source_trace_38","package":"U_RAM","end":{"x":-9,"y":-35.4},"expanded":149634,"newVias":1,"reusedBootstrapLayer":"bottom","length":12.159797668457031}
{"package":"U_RAM","trial":3,"order":["source_trace_36","source_trace_5","source_trace_7","source_trace_33","source_trace_34","source_trace_8","source_trace_24","source_trace_44","source_trace_19","source_trace_0","source_trace_37","source_trace_20","source_trace_45","source_trace_9","source_trace_38","source_trace_21","source_trace_22","source_trace_48","source_trace_25","source_trace_6","source_trace_47","source_trace_23","source_trace_35","source_trace_18","source_trace_39","source_trace_46"],"failedName":"source_trace_21"}
{"name":"source_trace_21","package":"U_RAM","end":{"x":-9,"y":-29.64},"expanded":114310,"newVias":1,"reusedBootstrapLayer":"bottom","length":8.031959533691406}
{"name":"source_trace_36","package":"U_RAM","end":{"x":-9,"y":-33.96},"expanded":120320,"newVias":0,"reusedBootstrapLayer":"top","length":12.40180778503418}
{"name":"source_trace_5","package":"U_RAM","end":{"x":-9,"y":-31.08},"expanded":33670,"newVias":0,"reusedBootstrapLayer":"top","length":7.754457473754883}
{"name":"source_trace_7","package":"U_RAM","end":{"x":-9,"y":-31.56},"expanded":74049,"newVias":1,"reusedBootstrapLayer":"bottom","length":7.231959342956543}
{"name":"source_trace_33","package":"U_RAM","end":{"x":-9,"y":-30.4},"expanded":208570,"newVias":2,"reusedBootstrapLayer":"top","length":12.676122665405273}
{"package":"U_RAM","trial":4,"order":["source_trace_21","source_trace_36","source_trace_5","source_trace_7","source_trace_33","source_trace_34","source_trace_8","source_trace_24","source_trace_44","source_trace_19","source_trace_0","source_trace_37","source_trace_20","source_trace_45","source_trace_9","source_trace_38","source_trace_22","source_trace_48","source_trace_25","source_trace_6","source_trace_47","source_trace_23","source_trace_35","source_trace_18","source_trace_39","source_trace_46"],"failedName":"source_trace_34"}
{"name":"source_trace_34","package":"U_RAM","end":{"x":-9,"y":-30.08},"expanded":204173,"newVias":1,"reusedBootstrapLayer":"bottom","length":11.144407272338867}
{"name":"source_trace_21","package":"U_RAM","end":{"x":-9,"y":-29.64},"expanded":97175,"newVias":1,"reusedBootstrapLayer":"bottom","length":8.230782508850098}
{"name":"source_trace_36","package":"U_RAM","end":{"x":-9,"y":-33.96},"expanded":120042,"newVias":0,"reusedBootstrapLayer":"top","length":12.40180778503418}
{"name":"source_trace_5","package":"U_RAM","end":{"x":-9,"y":-31.08},"expanded":20309,"newVias":0,"reusedBootstrapLayer":"top","length":7.754457473754883}
{"name":"source_trace_7","package":"U_RAM","end":{"x":-9,"y":-31.56},"expanded":72731,"newVias":1,"reusedBootstrapLayer":"bottom","length":7.231959342956543}
{"name":"source_trace_33","package":"U_RAM","end":{"x":-9,"y":-30.4},"expanded":225992,"newVias":2,"reusedBootstrapLayer":"top","length":13.13636589050293}
{"name":"source_trace_8","package":"U_RAM","end":{"x":-9,"y":-32.04},"expanded":69301,"newVias":1,"reusedBootstrapLayer":"bottom","length":7.231959342956543}
{"name":"source_trace_24","package":"U_RAM","end":{"x":-9,"y":-33.48},"expanded":96577,"newVias":1,"reusedBootstrapLayer":"bottom","length":8.164507865905762}
{"name":"source_trace_44","package":"U_RAM","end":{"x":-9,"y":-34.44},"expanded":270693,"newVias":1,"reusedBootstrapLayer":"bottom","length":13.224894523620605}
{"name":"source_trace_19","package":"U_RAM","end":{"x":-9,"y":-33},"expanded":351206,"newVias":1,"reusedBootstrapLayer":"bottom","length":14.149747848510742}
{"name":"source_trace_0","package":"U_RAM","end":{"x":-9,"y":-26.759999999999998},"expanded":22728,"newVias":0,"reusedBootstrapLayer":"top","length":6.96215295791626}
{"name":"source_trace_37","package":"U_RAM","end":{"x":-9,"y":-34.92},"expanded":134541,"newVias":1,"reusedBootstrapLayer":"bottom","length":12.292346000671387}
{"name":"source_trace_20","package":"U_RAM","end":{"x":-9,"y":-35.4},"expanded":176193,"newVias":2,"reusedBootstrapLayer":"top","length":13.619209289550781}
{"package":"U_RAM","trial":5,"order":["source_trace_34","source_trace_21","source_trace_36","source_trace_5","source_trace_7","source_trace_33","source_trace_8","source_trace_24","source_trace_44","source_trace_19","source_trace_0","source_trace_37","source_trace_20","source_trace_45","source_trace_9","source_trace_38","source_trace_22","source_trace_48","source_trace_25","source_trace_6","source_trace_47","source_trace_23","source_trace_35","source_trace_18","source_trace_39","source_trace_46"],"failedName":"source_trace_45"}
{"name":"source_trace_45","package":"U_RAM","end":{"x":-9,"y":-31.56},"expanded":202923,"newVias":1,"reusedBootstrapLayer":"bottom","length":12.031959533691406}
{"name":"source_trace_34","package":"U_RAM","end":{"x":-9,"y":-30.08},"expanded":191504,"newVias":1,"reusedBootstrapLayer":"bottom","length":11.144407272338867}
{"name":"source_trace_21","package":"U_RAM","end":{"x":-9,"y":-29.64},"expanded":51970,"newVias":1,"reusedBootstrapLayer":"bottom","length":8.230782508850098}
{"name":"source_trace_36","package":"U_RAM","end":{"x":-9,"y":-33.96},"expanded":49815,"newVias":0,"reusedBootstrapLayer":"top","length":12.40180778503418}
{"name":"source_trace_5","package":"U_RAM","end":{"x":-9,"y":-31.08},"expanded":20261,"newVias":0,"reusedBootstrapLayer":"top","length":7.754457473754883}
{"name":"source_trace_7","package":"U_RAM","end":{"x":-9,"y":-32.04},"expanded":20445,"newVias":1,"reusedBootstrapLayer":"bottom","length":7.762152671813965}
{"name":"source_trace_33","package":"U_RAM","end":{"x":-9,"y":-30.4},"expanded":203371,"newVias":2,"reusedBootstrapLayer":"top","length":13.13636589050293}
{"name":"source_trace_8","package":"U_RAM","end":{"x":-9,"y":-32.519999999999996},"expanded":68734,"newVias":1,"reusedBootstrapLayer":"bottom","length":7.298233985900879}
{"name":"source_trace_24","package":"U_RAM","end":{"x":-9,"y":-33.48},"expanded":91549,"newVias":1,"reusedBootstrapLayer":"bottom","length":8.164507865905762}
{"name":"source_trace_44","package":"U_RAM","end":{"x":-9,"y":-34.44},"expanded":316423,"newVias":1,"reusedBootstrapLayer":"bottom","length":14.352935791015625}
{"name":"source_trace_19","package":"U_RAM","end":{"x":-9,"y":-33},"expanded":264376,"newVias":2,"reusedBootstrapLayer":"top","length":13.287837982177734}
{"name":"source_trace_0","package":"U_RAM","end":{"x":-9,"y":-26.759999999999998},"expanded":22728,"newVias":0,"reusedBootstrapLayer":"top","length":6.96215295791626}
{"name":"source_trace_37","package":"U_RAM","end":{"x":-9,"y":-34.92},"expanded":103077,"newVias":1,"reusedBootstrapLayer":"bottom","length":12.362640380859375}
{"name":"source_trace_20","package":"U_RAM","end":{"x":-9,"y":-35.4},"expanded":259743,"newVias":1,"reusedBootstrapLayer":"bottom","length":21.280773162841797}
{"package":"U_RAM","trial":6,"order":["source_trace_45","source_trace_34","source_trace_21","source_trace_36","source_trace_5","source_trace_7","source_trace_33","source_trace_8","source_trace_24","source_trace_44","source_trace_19","source_trace_0","source_trace_37","source_trace_20","source_trace_9","source_trace_38","source_trace_22","source_trace_48","source_trace_25","source_trace_6","source_trace_47","source_trace_23","source_trace_35","source_trace_18","source_trace_39","source_trace_46"],"failedName":"source_trace_9"}
{"name":"source_trace_9","package":"U_RAM","end":{"x":-9,"y":-33.96},"expanded":57036,"newVias":0,"reusedBootstrapLayer":"top","length":7.89137077331543}
{"name":"source_trace_45","package":"U_RAM","end":{"x":-9,"y":-32.04},"expanded":202920,"newVias":1,"reusedBootstrapLayer":"bottom","length":12.031959533691406}
{"name":"source_trace_34","package":"U_RAM","end":{"x":-9,"y":-30.08},"expanded":203488,"newVias":1,"reusedBootstrapLayer":"bottom","length":11.144407272338867}
{"name":"source_trace_21","package":"U_RAM","end":{"x":-9,"y":-29.64},"expanded":84148,"newVias":1,"reusedBootstrapLayer":"bottom","length":8.230782508850098}
{"name":"source_trace_36","package":"U_RAM","end":{"x":-9,"y":-34.44},"expanded":100649,"newVias":0,"reusedBootstrapLayer":"top","length":12.600630760192871}
{"name":"source_trace_5","package":"U_RAM","end":{"x":-9,"y":-31.08},"expanded":20309,"newVias":0,"reusedBootstrapLayer":"top","length":7.754457473754883}
{"name":"source_trace_7","package":"U_RAM","end":{"x":-9,"y":-31.56},"expanded":54067,"newVias":1,"reusedBootstrapLayer":"bottom","length":7.231959342956543}
{"name":"source_trace_33","package":"U_RAM","end":{"x":-9,"y":-30.4},"expanded":211763,"newVias":2,"reusedBootstrapLayer":"top","length":13.13636589050293}
{"name":"source_trace_8","package":"U_RAM","end":{"x":-9,"y":-33.48},"expanded":36555,"newVias":1,"reusedBootstrapLayer":"bottom","length":10.790437698364258}
{"name":"source_trace_24","package":"U_RAM","end":{"x":-9,"y":-33},"expanded":86705,"newVias":1,"reusedBootstrapLayer":"bottom","length":8.214213371276855}
{"name":"source_trace_44","package":"U_RAM","end":{"x":-9,"y":-34.92},"expanded":216075,"newVias":1,"reusedBootstrapLayer":"bottom","length":13.470580101013184}
{"name":"source_trace_19","package":"U_RAM","end":{"x":-9,"y":-35.4},"expanded":422975,"newVias":1,"reusedBootstrapLayer":"bottom","length":20.26018524169922}
{"name":"source_trace_0","package":"U_RAM","end":{"x":-9,"y":-26.759999999999998},"expanded":22728,"newVias":0,"reusedBootstrapLayer":"top","length":6.96215295791626}
{"package":"U_RAM","trial":7,"order":["source_trace_9","source_trace_45","source_trace_34","source_trace_21","source_trace_36","source_trace_5","source_trace_7","source_trace_33","source_trace_8","source_trace_24","source_trace_44","source_trace_19","source_trace_0","source_trace_37","source_trace_20","source_trace_38","source_trace_22","source_trace_48","source_trace_25","source_trace_6","source_trace_47","source_trace_23","source_trace_35","source_trace_18","source_trace_39","source_trace_46"],"failedName":"source_trace_37"}
{"name":"source_trace_37","package":"U_RAM","end":{"x":-9,"y":-33.96},"expanded":99200,"newVias":0,"reusedBootstrapLayer":"top","length":11.89470100402832}
{"name":"source_trace_9","package":"U_RAM","end":{"x":-9,"y":-32.04},"expanded":110741,"newVias":1,"reusedBootstrapLayer":"bottom","length":7.231959342956543}
{"name":"source_trace_45","package":"U_RAM","end":{"x":-9,"y":-31.56},"expanded":196525,"newVias":1,"reusedBootstrapLayer":"bottom","length":12.031959533691406}
{"name":"source_trace_34","package":"U_RAM","end":{"x":-9,"y":-30.08},"expanded":191504,"newVias":1,"reusedBootstrapLayer":"bottom","length":11.144407272338867}
{"name":"source_trace_21","package":"U_RAM","end":{"x":-9,"y":-29.64},"expanded":51750,"newVias":1,"reusedBootstrapLayer":"bottom","length":8.230782508850098}
{"name":"source_trace_36","package":"U_RAM","end":{"x":-9,"y":-31.08},"expanded":84249,"newVias":1,"reusedBootstrapLayer":"bottom","length":11.44735050201416}
{"name":"source_trace_5","package":"U_RAM","end":{"x":-9,"y":-26.759999999999998},"expanded":26379,"newVias":0,"reusedBootstrapLayer":"top","length":8.093523979187012}
{"package":"U_RAM","trial":8,"order":["source_trace_37","source_trace_9","source_trace_45","source_trace_34","source_trace_21","source_trace_36","source_trace_5","source_trace_7","source_trace_33","source_trace_8","source_trace_24","source_trace_44","source_trace_19","source_trace_0","source_trace_20","source_trace_38","source_trace_22","source_trace_48","source_trace_25","source_trace_6","source_trace_47","source_trace_23","source_trace_35","source_trace_18","source_trace_39","source_trace_46"],"failedName":"source_trace_7"}
{"name":"source_trace_7","package":"U_RAM","end":{"x":-9,"y":-31.56},"expanded":106465,"newVias":1,"reusedBootstrapLayer":"bottom","length":7.231959342956543}
{"name":"source_trace_37","package":"U_RAM","end":{"x":-9,"y":-33.96},"expanded":77290,"newVias":0,"reusedBootstrapLayer":"top","length":11.89470100402832}
{"name":"source_trace_9","package":"U_RAM","end":{"x":-9,"y":-32.04},"expanded":79366,"newVias":1,"reusedBootstrapLayer":"bottom","length":7.231959342956543}
{"name":"source_trace_45","package":"U_RAM","end":{"x":-9,"y":-33.48},"expanded":239416,"newVias":1,"reusedBootstrapLayer":"bottom","length":12.495879173278809}
{"name":"source_trace_34","package":"U_RAM","end":{"x":-9,"y":-30.08},"expanded":192967,"newVias":1,"reusedBootstrapLayer":"bottom","length":11.144407272338867}
{"name":"source_trace_21","package":"U_RAM","end":{"x":-9,"y":-29.64},"expanded":53634,"newVias":1,"reusedBootstrapLayer":"bottom","length":8.230782508850098}
{"name":"source_trace_36","package":"U_RAM","end":{"x":-9,"y":-31.08},"expanded":94527,"newVias":1,"reusedBootstrapLayer":"bottom","length":11.44735050201416}
{"name":"source_trace_5","package":"U_RAM","end":{"x":-9,"y":-26.759999999999998},"expanded":26379,"newVias":0,"reusedBootstrapLayer":"top","length":8.093523979187012}
{"name":"source_trace_33","package":"U_RAM","end":{"x":-9,"y":-30.4},"expanded":190325,"newVias":2,"reusedBootstrapLayer":"top","length":13.13636589050293}
{"name":"source_trace_8","package":"U_RAM","end":{"x":-9,"y":-34.44},"expanded":243724,"newVias":1,"reusedBootstrapLayer":"bottom","length":19.199798583984375}
{"name":"source_trace_24","package":"U_RAM","end":{"x":-9,"y":-34.92},"expanded":302794,"newVias":0,"reusedBootstrapLayer":"top","length":24.0213623046875}
{"name":"source_trace_44","package":"U_RAM","end":{"x":-9,"y":-33},"expanded":222862,"newVias":1,"reusedBootstrapLayer":"bottom","length":16.253522872924805}
{"name":"source_trace_19","package":"U_RAM","end":{"x":-9,"y":-35.4},"expanded":385081,"newVias":1,"reusedBootstrapLayer":"bottom","length":22.51106834411621}
{"name":"source_trace_0","package":"U_RAM","end":{"x":-9,"y":-23.88},"expanded":21767,"newVias":0,"reusedBootstrapLayer":"top","length":8.155088424682617}
{"package":"U_RAM","trial":9,"order":["source_trace_7","source_trace_37","source_trace_9","source_trace_45","source_trace_34","source_trace_21","source_trace_36","source_trace_5","source_trace_33","source_trace_8","source_trace_24","source_trace_44","source_trace_19","source_trace_0","source_trace_20","source_trace_38","source_trace_22","source_trace_48","source_trace_25","source_trace_6","source_trace_47","source_trace_23","source_trace_35","source_trace_18","source_trace_39","source_trace_46"],"failedName":"source_trace_20"}
{"name":"source_trace_20","package":"U_RAM","end":{"x":-9,"y":-29.64},"expanded":105560,"newVias":1,"reusedBootstrapLayer":"bottom","length":8.031959533691406}
{"name":"source_trace_7","package":"U_RAM","end":{"x":-9,"y":-31.56},"expanded":77135,"newVias":1,"reusedBootstrapLayer":"bottom","length":7.231959342956543}
{"name":"source_trace_37","package":"U_RAM","end":{"x":-9,"y":-33.96},"expanded":75631,"newVias":0,"reusedBootstrapLayer":"top","length":11.89470100402832}
{"name":"source_trace_9","package":"U_RAM","end":{"x":-9,"y":-32.04},"expanded":79366,"newVias":1,"reusedBootstrapLayer":"bottom","length":7.231959342956543}
{"name":"source_trace_45","package":"U_RAM","end":{"x":-9,"y":-33.48},"expanded":224462,"newVias":1,"reusedBootstrapLayer":"bottom","length":12.495879173278809}
{"name":"source_trace_34","package":"U_RAM","end":{"x":-9,"y":-30.08},"expanded":192983,"newVias":1,"reusedBootstrapLayer":"bottom","length":11.243818283081055}
{"name":"source_trace_21","package":"U_RAM","end":{"x":-9,"y":-31.08},"expanded":23467,"newVias":1,"reusedBootstrapLayer":"bottom","length":8.247350692749023}
{"name":"source_trace_36","package":"U_RAM","end":{"x":-9,"y":-26.759999999999998},"expanded":221313,"newVias":1,"reusedBootstrapLayer":"bottom","length":13.310235023498535}
{"package":"U_RAM","trial":10,"order":["source_trace_20","source_trace_7","source_trace_37","source_trace_9","source_trace_45","source_trace_34","source_trace_21","source_trace_36","source_trace_5","source_trace_33","source_trace_8","source_trace_24","source_trace_44","source_trace_19","source_trace_0","source_trace_38","source_trace_22","source_trace_48","source_trace_25","source_trace_6","source_trace_47","source_trace_23","source_trace_35","source_trace_18","source_trace_39","source_trace_46"],"failedName":"source_trace_5"}
{"name":"source_trace_5","package":"U_RAM","end":{"x":-9,"y":-29.64},"expanded":12235,"newVias":0,"reusedBootstrapLayer":"top","length":7.099411487579346}
{"name":"source_trace_20","package":"U_RAM","end":{"x":-9,"y":-31.08},"expanded":141978,"newVias":1,"reusedBootstrapLayer":"bottom","length":8.495879173278809}
{"name":"source_trace_7","package":"U_RAM","end":{"x":-9,"y":-31.56},"expanded":74196,"newVias":1,"reusedBootstrapLayer":"bottom","length":7.231959342956543}
{"name":"source_trace_37","package":"U_RAM","end":{"x":-9,"y":-33.96},"expanded":73583,"newVias":0,"reusedBootstrapLayer":"top","length":11.89470100402832}
{"name":"source_trace_9","package":"U_RAM","end":{"x":-9,"y":-32.04},"expanded":79066,"newVias":1,"reusedBootstrapLayer":"bottom","length":7.231959342956543}
{"name":"source_trace_45","package":"U_RAM","end":{"x":-9,"y":-33.48},"expanded":205396,"newVias":1,"reusedBootstrapLayer":"bottom","length":12.495879173278809}
{"name":"source_trace_34","package":"U_RAM","end":{"x":-9,"y":-30.08},"expanded":177999,"newVias":1,"reusedBootstrapLayer":"bottom","length":11.144407272338867}
{"name":"source_trace_21","package":"U_RAM","end":{"x":-9,"y":-26.759999999999998},"expanded":321777,"newVias":2,"reusedBootstrapLayer":"top","length":11.430782318115234}
{"name":"source_trace_36","package":"U_RAM","end":{"x":-9,"y":-34.44},"expanded":433932,"newVias":1,"reusedBootstrapLayer":"bottom","length":15.199798583984375}
{"name":"source_trace_33","package":"U_RAM","end":{"x":-9,"y":-30.4},"expanded":915297,"newVias":2,"reusedBootstrapLayer":"top","length":22.55557632446289}
{"name":"source_trace_8","package":"U_RAM","end":{"x":-9,"y":-34.92},"expanded":460820,"newVias":1,"reusedBootstrapLayer":"bottom","length":24.489992141723633}
{"name":"source_trace_24","package":"U_RAM","end":{"x":-9,"y":-33},"expanded":763830,"newVias":1,"reusedBootstrapLayer":"bottom","length":25.95356559753418}
{"package":"U_RAM","trial":11,"order":["source_trace_5","source_trace_20","source_trace_7","source_trace_37","source_trace_9","source_trace_45","source_trace_34","source_trace_21","source_trace_36","source_trace_33","source_trace_8","source_trace_24","source_trace_44","source_trace_19","source_trace_0","source_trace_38","source_trace_22","source_trace_48","source_trace_25","source_trace_6","source_trace_47","source_trace_23","source_trace_35","source_trace_18","source_trace_39","source_trace_46"],"failedName":"source_trace_44"}
