{"name":"source_trace_33","package":"U_SOC","end":{"x":-15,"y":-4.3999999999999995},"expanded":142352,"newVias":1,"reusedBootstrapLayer":"bottom","length":11.028427124023438}
{"name":"source_trace_34","package":"U_SOC","end":{"x":-15,"y":-4.08},"expanded":92433,"newVias":0,"reusedBootstrapLayer":"top","length":12.175189018249512}
{"name":"source_trace_8","package":"U_SOC","end":{"x":-15,"y":-7},"expanded":95629,"newVias":1,"reusedBootstrapLayer":"bottom","length":8.682842254638672}
{"name":"source_trace_24","package":"U_SOC","end":{"x":-15,"y":-7.48},"expanded":92670,"newVias":1,"reusedBootstrapLayer":"bottom","length":9.61539077758789}
{"name":"source_trace_44","package":"U_SOC","end":{"x":-15,"y":-7.96},"expanded":22690,"newVias":0,"reusedBootstrapLayer":"top","length":11.347939491271973}
{"name":"source_trace_37","package":"U_SOC","end":{"x":-15,"y":-8.44},"expanded":46672,"newVias":0,"reusedBootstrapLayer":"top","length":14.713624954223633}
{"name":"source_trace_20","package":"U_SOC","end":{"x":-15,"y":-3.6399999999999997},"expanded":36422,"newVias":0,"reusedBootstrapLayer":"top","length":9.790092468261719}
{"name":"source_trace_45","package":"U_SOC","end":{"x":-15,"y":-6.52},"expanded":51259,"newVias":1,"reusedBootstrapLayer":"bottom","length":9.681665420532227}
{"name":"source_trace_9","package":"U_SOC","end":{"x":-15,"y":-5.08},"expanded":160581,"newVias":1,"reusedBootstrapLayer":"bottom","length":11.734213829040527}
{"name":"source_trace_38","package":"U_SOC","end":{"x":-15,"y":-8.92},"expanded":210464,"newVias":1,"reusedBootstrapLayer":"bottom","length":13.031270027160645}
{"name":"source_trace_19","package":"U_SOC","end":{"x":-15,"y":-9.4},"expanded":222720,"newVias":1,"reusedBootstrapLayer":"bottom","length":13.84264087677002}
{"name":"source_trace_0","package":"U_SOC","end":{"x":-15,"y":-3.16},"expanded":199906,"newVias":1,"reusedBootstrapLayer":"bottom","length":14.74205207824707}
{"name":"source_trace_5","package":"U_SOC","end":{"x":-15,"y":-2.6799999999999997},"expanded":264784,"newVias":1,"reusedBootstrapLayer":"bottom","length":16.11577796936035}
{"name":"source_trace_21","package":"U_SOC","end":{"x":-15,"y":-1.7200000000000006},"expanded":31062,"newVias":0,"reusedBootstrapLayer":"top","length":11.311758041381836}
{"name":"source_trace_7","package":"U_SOC","end":{"x":-15,"y":-1.2400000000000002},"expanded":27369,"newVias":0,"reusedBootstrapLayer":"top","length":12.357442855834961}
{"package":"U_SOC","trial":0,"order":["source_trace_33","source_trace_34","source_trace_8","source_trace_24","source_trace_44","source_trace_37","source_trace_20","source_trace_45","source_trace_9","source_trace_38","source_trace_19","source_trace_0","source_trace_5","source_trace_21","source_trace_7","source_trace_36","source_trace_22","source_trace_48","source_trace_25","source_trace_6","source_trace_47","source_trace_23","source_trace_35","source_trace_18","source_trace_39","source_trace_46"],"failedName":"source_trace_36"}
{"name":"source_trace_33","package":"U_SOC","end":{"x":-15,"y":-4.3999999999999995},"expanded":142352,"newVias":1,"reusedBootstrapLayer":"bottom","length":11.028427124023438}
{"name":"source_trace_34","package":"U_SOC","end":{"x":-15,"y":-4.08},"expanded":92433,"newVias":0,"reusedBootstrapLayer":"top","length":12.175189018249512}
{"name":"source_trace_36","package":"U_SOC","end":{"x":-15,"y":-5.08},"expanded":185735,"newVias":1,"reusedBootstrapLayer":"bottom","length":12.01539134979248}
{"name":"source_trace_8","package":"U_SOC","end":{"x":-15,"y":-7},"expanded":85935,"newVias":1,"reusedBootstrapLayer":"bottom","length":8.682842254638672}
{"name":"source_trace_24","package":"U_SOC","end":{"x":-15,"y":-7.48},"expanded":81643,"newVias":1,"reusedBootstrapLayer":"bottom","length":9.61539077758789}
{"name":"source_trace_44","package":"U_SOC","end":{"x":-15,"y":-7.96},"expanded":22690,"newVias":0,"reusedBootstrapLayer":"top","length":11.347939491271973}
{"name":"source_trace_37","package":"U_SOC","end":{"x":-15,"y":-8.44},"expanded":46672,"newVias":0,"reusedBootstrapLayer":"top","length":14.713624954223633}
{"name":"source_trace_20","package":"U_SOC","end":{"x":-15,"y":-3.6399999999999997},"expanded":32363,"newVias":0,"reusedBootstrapLayer":"top","length":9.790092468261719}
{"name":"source_trace_45","package":"U_SOC","end":{"x":-15,"y":-6.52},"expanded":39866,"newVias":1,"reusedBootstrapLayer":"bottom","length":9.681665420532227}
{"name":"source_trace_9","package":"U_SOC","end":{"x":-15,"y":-8.92},"expanded":83076,"newVias":1,"reusedBootstrapLayer":"bottom","length":12.231269836425781}
{"name":"source_trace_38","package":"U_SOC","end":{"x":-15,"y":-9.4},"expanded":165446,"newVias":1,"reusedBootstrapLayer":"bottom","length":13.23009204864502}
{"name":"source_trace_19","package":"U_SOC","end":{"x":-15,"y":-3.16},"expanded":217297,"newVias":1,"reusedBootstrapLayer":"bottom","length":14.457544326782227}
{"name":"source_trace_0","package":"U_SOC","end":{"x":-15,"y":-2.6799999999999997},"expanded":239673,"newVias":1,"reusedBootstrapLayer":"bottom","length":15.456365585327148}
{"name":"source_trace_5","package":"U_SOC","end":{"x":-15,"y":-2.1999999999999993},"expanded":274029,"newVias":1,"reusedBootstrapLayer":"bottom","length":16.455188751220703}
{"name":"source_trace_21","package":"U_SOC","end":{"x":-15,"y":-1.7200000000000006},"expanded":30358,"newVias":0,"reusedBootstrapLayer":"top","length":11.311758041381836}
{"name":"source_trace_7","package":"U_SOC","end":{"x":-15,"y":-1.2400000000000002},"expanded":27486,"newVias":0,"reusedBootstrapLayer":"top","length":12.357442855834961}
{"package":"U_SOC","trial":1,"order":["source_trace_33","source_trace_34","source_trace_36","source_trace_8","source_trace_24","source_trace_44","source_trace_37","source_trace_20","source_trace_45","source_trace_9","source_trace_38","source_trace_19","source_trace_0","source_trace_5","source_trace_21","source_trace_7","source_trace_22","source_trace_48","source_trace_25","source_trace_6","source_trace_47","source_trace_23","source_trace_35","source_trace_18","source_trace_39","source_trace_46"],"failedName":"source_trace_22"}
{"name":"source_trace_33","package":"U_SOC","end":{"x":-15,"y":-4.3999999999999995},"expanded":142352,"newVias":1,"reusedBootstrapLayer":"bottom","length":11.028427124023438}
{"name":"source_trace_34","package":"U_SOC","end":{"x":-15,"y":-4.08},"expanded":92433,"newVias":0,"reusedBootstrapLayer":"top","length":12.175189018249512}
{"name":"source_trace_22","package":"U_SOC","end":{"x":-15,"y":-5.08},"expanded":190626,"newVias":1,"reusedBootstrapLayer":"bottom","length":12.815390586853027}
{"name":"source_trace_36","package":"U_SOC","end":{"x":-15,"y":-7},"expanded":102159,"newVias":1,"reusedBootstrapLayer":"bottom","length":12.567350387573242}
{"name":"source_trace_8","package":"U_SOC","end":{"x":-15,"y":-7.48},"expanded":70444,"newVias":1,"reusedBootstrapLayer":"bottom","length":8.71597957611084}
{"name":"source_trace_24","package":"U_SOC","end":{"x":-15,"y":-7.96},"expanded":72633,"newVias":1,"reusedBootstrapLayer":"bottom","length":9.714802742004395}
{"name":"source_trace_44","package":"U_SOC","end":{"x":-15,"y":-8.44},"expanded":30263,"newVias":0,"reusedBootstrapLayer":"top","length":11.513625144958496}
{"name":"source_trace_37","package":"U_SOC","end":{"x":-15,"y":-8.92},"expanded":67583,"newVias":0,"reusedBootstrapLayer":"top","length":14.912446975708008}
{"name":"source_trace_20","package":"U_SOC","end":{"x":-15,"y":-3.6399999999999997},"expanded":17580,"newVias":0,"reusedBootstrapLayer":"top","length":9.790092468261719}
{"package":"U_SOC","trial":2,"order":["source_trace_33","source_trace_34","source_trace_22","source_trace_36","source_trace_8","source_trace_24","source_trace_44","source_trace_37","source_trace_20","source_trace_45","source_trace_9","source_trace_38","source_trace_19","source_trace_0","source_trace_5","source_trace_21","source_trace_7","source_trace_48","source_trace_25","source_trace_6","source_trace_47","source_trace_23","source_trace_35","source_trace_18","source_trace_39","source_trace_46"],"failedName":"source_trace_45"}
{"name":"source_trace_33","package":"U_SOC","end":{"x":-15,"y":-4.3999999999999995},"expanded":142352,"newVias":1,"reusedBootstrapLayer":"bottom","length":11.028427124023438}
{"name":"source_trace_34","package":"U_SOC","end":{"x":-15,"y":-4.08},"expanded":92433,"newVias":0,"reusedBootstrapLayer":"top","length":12.175189018249512}
{"name":"source_trace_45","package":"U_SOC","end":{"x":-15,"y":-7},"expanded":90743,"newVias":1,"reusedBootstrapLayer":"bottom","length":9.648528099060059}
{"name":"source_trace_22","package":"U_SOC","end":{"x":-15,"y":-5.08},"expanded":179794,"newVias":1,"reusedBootstrapLayer":"bottom","length":12.815390586853027}
{"name":"source_trace_36","package":"U_SOC","end":{"x":-15,"y":-7.48},"expanded":96107,"newVias":1,"reusedBootstrapLayer":"bottom","length":13.053035736083984}
{"name":"source_trace_8","package":"U_SOC","end":{"x":-15,"y":-6.52},"expanded":26505,"newVias":1,"reusedBootstrapLayer":"bottom","length":8.881665229797363}
{"name":"source_trace_24","package":"U_SOC","end":{"x":-15,"y":-7.96},"expanded":55569,"newVias":1,"reusedBootstrapLayer":"bottom","length":9.79480266571045}
{"name":"source_trace_44","package":"U_SOC","end":{"x":-15,"y":-8.44},"expanded":16342,"newVias":0,"reusedBootstrapLayer":"top","length":11.513625144958496}
{"name":"source_trace_37","package":"U_SOC","end":{"x":-15,"y":-8.92},"expanded":55012,"newVias":0,"reusedBootstrapLayer":"top","length":14.912446975708008}
{"name":"source_trace_20","package":"U_SOC","end":{"x":-15,"y":-3.6399999999999997},"expanded":17416,"newVias":0,"reusedBootstrapLayer":"top","length":9.790092468261719}
{"name":"source_trace_9","package":"U_SOC","end":{"x":-15,"y":-9.4},"expanded":84471,"newVias":1,"reusedBootstrapLayer":"bottom","length":12.570680618286133}
{"name":"source_trace_38","package":"U_SOC","end":{"x":-15,"y":-3.16},"expanded":289307,"newVias":1,"reusedBootstrapLayer":"bottom","length":15.916955947875977}
{"name":"source_trace_19","package":"U_SOC","end":{"x":-15,"y":-2.6799999999999997},"expanded":322090,"newVias":1,"reusedBootstrapLayer":"bottom","length":16.9157772064209}
{"name":"source_trace_0","package":"U_SOC","end":{"x":-15,"y":-2.1999999999999993},"expanded":359763,"newVias":1,"reusedBootstrapLayer":"bottom","length":17.914600372314453}
{"name":"source_trace_5","package":"U_SOC","end":{"x":-15,"y":-1.7200000000000006},"expanded":360526,"newVias":1,"reusedBootstrapLayer":"bottom","length":17.964305877685547}
{"name":"source_trace_21","package":"U_SOC","end":{"x":-15,"y":-1.2400000000000002},"expanded":44117,"newVias":0,"reusedBootstrapLayer":"top","length":11.721463203430176}
{"name":"source_trace_7","package":"U_SOC","end":{"x":-15,"y":-0.7599999999999998},"expanded":23166,"newVias":0,"reusedBootstrapLayer":"top","length":12.649991035461426}
{"package":"U_SOC","trial":3,"order":["source_trace_33","source_trace_34","source_trace_45","source_trace_22","source_trace_36","source_trace_8","source_trace_24","source_trace_44","source_trace_37","source_trace_20","source_trace_9","source_trace_38","source_trace_19","source_trace_0","source_trace_5","source_trace_21","source_trace_7","source_trace_48","source_trace_25","source_trace_6","source_trace_47","source_trace_23","source_trace_35","source_trace_18","source_trace_39","source_trace_46"],"failedName":"source_trace_48"}
{"name":"source_trace_33","package":"U_SOC","end":{"x":-15,"y":-4.3999999999999995},"expanded":142352,"newVias":1,"reusedBootstrapLayer":"bottom","length":11.028427124023438}
{"name":"source_trace_34","package":"U_SOC","end":{"x":-15,"y":-4.08},"expanded":92433,"newVias":0,"reusedBootstrapLayer":"top","length":12.175189018249512}
{"name":"source_trace_48","package":"U_SOC","end":{"x":-15,"y":-5.08},"expanded":200918,"newVias":1,"reusedBootstrapLayer":"bottom","length":13.61539077758789}
{"name":"source_trace_45","package":"U_SOC","end":{"x":-15,"y":-7},"expanded":79453,"newVias":1,"reusedBootstrapLayer":"bottom","length":9.648528099060059}
{"name":"source_trace_22","package":"U_SOC","end":{"x":-15,"y":-7.48},"expanded":97281,"newVias":1,"reusedBootstrapLayer":"bottom","length":13.806173324584961}
{"package":"U_SOC","trial":4,"order":["source_trace_33","source_trace_34","source_trace_48","source_trace_45","source_trace_22","source_trace_36","source_trace_8","source_trace_24","source_trace_44","source_trace_37","source_trace_20","source_trace_9","source_trace_38","source_trace_19","source_trace_0","source_trace_5","source_trace_21","source_trace_7","source_trace_25","source_trace_6","source_trace_47","source_trace_23","source_trace_35","source_trace_18","source_trace_39","source_trace_46"],"failedName":"source_trace_36"}
{"name":"source_trace_33","package":"U_SOC","end":{"x":-15,"y":-4.3999999999999995},"expanded":142352,"newVias":1,"reusedBootstrapLayer":"bottom","length":11.028427124023438}
{"name":"source_trace_34","package":"U_SOC","end":{"x":-15,"y":-4.08},"expanded":92433,"newVias":0,"reusedBootstrapLayer":"top","length":12.175189018249512}
{"name":"source_trace_36","package":"U_SOC","end":{"x":-15,"y":-5.08},"expanded":185735,"newVias":1,"reusedBootstrapLayer":"bottom","length":12.01539134979248}
{"name":"source_trace_48","package":"U_SOC","end":{"x":-15,"y":-7},"expanded":220196,"newVias":1,"reusedBootstrapLayer":"bottom","length":14.167350769042969}
{"package":"U_SOC","trial":5,"order":["source_trace_33","source_trace_34","source_trace_36","source_trace_48","source_trace_45","source_trace_22","source_trace_8","source_trace_24","source_trace_44","source_trace_37","source_trace_20","source_trace_9","source_trace_38","source_trace_19","source_trace_0","source_trace_5","source_trace_21","source_trace_7","source_trace_25","source_trace_6","source_trace_47","source_trace_23","source_trace_35","source_trace_18","source_trace_39","source_trace_46"],"failedName":"source_trace_45"}
{"name":"source_trace_33","package":"U_SOC","end":{"x":-15,"y":-4.3999999999999995},"expanded":142352,"newVias":1,"reusedBootstrapLayer":"bottom","length":11.028427124023438}
{"name":"source_trace_34","package":"U_SOC","end":{"x":-15,"y":-4.08},"expanded":92433,"newVias":0,"reusedBootstrapLayer":"top","length":12.175189018249512}
{"name":"source_trace_45","package":"U_SOC","end":{"x":-15,"y":-7},"expanded":90743,"newVias":1,"reusedBootstrapLayer":"bottom","length":9.648528099060059}
{"name":"source_trace_36","package":"U_SOC","end":{"x":-15,"y":-5.08},"expanded":174412,"newVias":1,"reusedBootstrapLayer":"bottom","length":12.01539134979248}
{"name":"source_trace_48","package":"U_SOC","end":{"x":-15,"y":-3.6399999999999997},"expanded":236117,"newVias":1,"reusedBootstrapLayer":"bottom","length":14.399311065673828}
{"name":"source_trace_22","package":"U_SOC","end":{"x":-15,"y":-7.48},"expanded":95893,"newVias":1,"reusedBootstrapLayer":"bottom","length":13.806173324584961}
{"name":"source_trace_8","package":"U_SOC","end":{"x":-15,"y":-6.52},"expanded":26925,"newVias":1,"reusedBootstrapLayer":"bottom","length":8.881665229797363}
{"package":"U_SOC","trial":6,"order":["source_trace_33","source_trace_34","source_trace_45","source_trace_36","source_trace_48","source_trace_22","source_trace_8","source_trace_24","source_trace_44","source_trace_37","source_trace_20","source_trace_9","source_trace_38","source_trace_19","source_trace_0","source_trace_5","source_trace_21","source_trace_7","source_trace_25","source_trace_6","source_trace_47","source_trace_23","source_trace_35","source_trace_18","source_trace_39","source_trace_46"],"failedName":"source_trace_24"}
{"name":"source_trace_33","package":"U_SOC","end":{"x":-15,"y":-4.3999999999999995},"expanded":142352,"newVias":1,"reusedBootstrapLayer":"bottom","length":11.028427124023438}
{"name":"source_trace_34","package":"U_SOC","end":{"x":-15,"y":-4.08},"expanded":92433,"newVias":0,"reusedBootstrapLayer":"top","length":12.175189018249512}
{"name":"source_trace_24","package":"U_SOC","end":{"x":-15,"y":-7.48},"expanded":101715,"newVias":1,"reusedBootstrapLayer":"bottom","length":9.61539077758789}
{"name":"source_trace_45","package":"U_SOC","end":{"x":-15,"y":-7},"expanded":60582,"newVias":1,"reusedBootstrapLayer":"bottom","length":9.648528099060059}
{"name":"source_trace_36","package":"U_SOC","end":{"x":-15,"y":-5.08},"expanded":158478,"newVias":1,"reusedBootstrapLayer":"bottom","length":12.01539134979248}
{"name":"source_trace_48","package":"U_SOC","end":{"x":-15,"y":-3.6399999999999997},"expanded":220228,"newVias":1,"reusedBootstrapLayer":"bottom","length":14.399311065673828}
{"name":"source_trace_22","package":"U_SOC","end":{"x":-15,"y":-7.96},"expanded":87059,"newVias":1,"reusedBootstrapLayer":"bottom","length":13.938721656799316}
{"name":"source_trace_8","package":"U_SOC","end":{"x":-15,"y":-6.52},"expanded":21534,"newVias":1,"reusedBootstrapLayer":"bottom","length":8.881665229797363}
{"name":"source_trace_44","package":"U_SOC","end":{"x":-15,"y":-8.44},"expanded":14783,"newVias":0,"reusedBootstrapLayer":"top","length":11.841665267944336}
{"name":"source_trace_37","package":"U_SOC","end":{"x":-15,"y":-8.92},"expanded":58092,"newVias":0,"reusedBootstrapLayer":"top","length":14.912446975708008}
{"name":"source_trace_20","package":"U_SOC","end":{"x":-15,"y":-1.7200000000000006},"expanded":38526,"newVias":0,"reusedBootstrapLayer":"top","length":11.991270065307617}
{"name":"source_trace_9","package":"U_SOC","end":{"x":-15,"y":-9.4},"expanded":80890,"newVias":1,"reusedBootstrapLayer":"bottom","length":12.430092811584473}
{"package":"U_SOC","trial":7,"order":["source_trace_33","source_trace_34","source_trace_24","source_trace_45","source_trace_36","source_trace_48","source_trace_22","source_trace_8","source_trace_44","source_trace_37","source_trace_20","source_trace_9","source_trace_38","source_trace_19","source_trace_0","source_trace_5","source_trace_21","source_trace_7","source_trace_25","source_trace_6","source_trace_47","source_trace_23","source_trace_35","source_trace_18","source_trace_39","source_trace_46"],"failedName":"source_trace_38"}
{"name":"source_trace_33","package":"U_SOC","end":{"x":-15,"y":-4.3999999999999995},"expanded":142352,"newVias":1,"reusedBootstrapLayer":"bottom","length":11.028427124023438}
{"name":"source_trace_34","package":"U_SOC","end":{"x":-15,"y":-4.08},"expanded":92433,"newVias":0,"reusedBootstrapLayer":"top","length":12.175189018249512}
{"name":"source_trace_38","package":"U_SOC","end":{"x":-15,"y":-7.96},"expanded":84273,"newVias":0,"reusedBootstrapLayer":"top","length":12.774213790893555}
{"name":"source_trace_24","package":"U_SOC","end":{"x":-15,"y":-7},"expanded":98619,"newVias":1,"reusedBootstrapLayer":"bottom","length":9.648528099060059}
{"name":"source_trace_45","package":"U_SOC","end":{"x":-15,"y":-7.48},"expanded":91312,"newVias":1,"reusedBootstrapLayer":"bottom","length":11.14107608795166}
{"name":"source_trace_36","package":"U_SOC","end":{"x":-15,"y":-5.08},"expanded":154964,"newVias":1,"reusedBootstrapLayer":"bottom","length":12.01539134979248}
{"name":"source_trace_48","package":"U_SOC","end":{"x":-15,"y":-3.6399999999999997},"expanded":219546,"newVias":1,"reusedBootstrapLayer":"bottom","length":14.399311065673828}
{"name":"source_trace_22","package":"U_SOC","end":{"x":-15,"y":-8.44},"expanded":88651,"newVias":1,"reusedBootstrapLayer":"bottom","length":14.104406356811523}
{"name":"source_trace_8","package":"U_SOC","end":{"x":-15,"y":-6.52},"expanded":20816,"newVias":1,"reusedBootstrapLayer":"bottom","length":8.881665229797363}
{"package":"U_SOC","trial":8,"order":["source_trace_33","source_trace_34","source_trace_38","source_trace_24","source_trace_45","source_trace_36","source_trace_48","source_trace_22","source_trace_8","source_trace_44","source_trace_37","source_trace_20","source_trace_9","source_trace_19","source_trace_0","source_trace_5","source_trace_21","source_trace_7","source_trace_25","source_trace_6","source_trace_47","source_trace_23","source_trace_35","source_trace_18","source_trace_39","source_trace_46"],"failedName":"source_trace_44"}
{"name":"source_trace_33","package":"U_SOC","end":{"x":-15,"y":-4.3999999999999995},"expanded":142352,"newVias":1,"reusedBootstrapLayer":"bottom","length":11.028427124023438}
{"name":"source_trace_34","package":"U_SOC","end":{"x":-15,"y":-4.08},"expanded":92433,"newVias":0,"reusedBootstrapLayer":"top","length":12.175189018249512}
{"name":"source_trace_44","package":"U_SOC","end":{"x":-15,"y":-7.96},"expanded":34122,"newVias":0,"reusedBootstrapLayer":"top","length":11.314802169799805}
{"name":"source_trace_38","package":"U_SOC","end":{"x":-15,"y":-8.44},"expanded":114360,"newVias":0,"reusedBootstrapLayer":"top","length":12.97303581237793}
{"name":"source_trace_24","package":"U_SOC","end":{"x":-15,"y":-7},"expanded":98602,"newVias":1,"reusedBootstrapLayer":"bottom","length":9.648528099060059}
{"name":"source_trace_45","package":"U_SOC","end":{"x":-15,"y":-7.48},"expanded":91298,"newVias":1,"reusedBootstrapLayer":"bottom","length":11.14107608795166}
{"name":"source_trace_36","package":"U_SOC","end":{"x":-15,"y":-5.08},"expanded":153264,"newVias":1,"reusedBootstrapLayer":"bottom","length":12.01539134979248}
{"name":"source_trace_48","package":"U_SOC","end":{"x":-15,"y":-3.6399999999999997},"expanded":219404,"newVias":1,"reusedBootstrapLayer":"bottom","length":14.399311065673828}
{"name":"source_trace_22","package":"U_SOC","end":{"x":-15,"y":-8.92},"expanded":97524,"newVias":1,"reusedBootstrapLayer":"bottom","length":14.303230285644531}
{"name":"source_trace_8","package":"U_SOC","end":{"x":-15,"y":-6.52},"expanded":20816,"newVias":1,"reusedBootstrapLayer":"bottom","length":8.881665229797363}
{"name":"source_trace_37","package":"U_SOC","end":{"x":-15,"y":-9.4},"expanded":72422,"newVias":0,"reusedBootstrapLayer":"top","length":15.1112699508667}
{"name":"source_trace_20","package":"U_SOC","end":{"x":-15,"y":-2.1999999999999993},"expanded":38816,"newVias":0,"reusedBootstrapLayer":"top","length":11.991270065307617}
{"package":"U_SOC","trial":9,"order":["source_trace_33","source_trace_34","source_trace_44","source_trace_38","source_trace_24","source_trace_45","source_trace_36","source_trace_48","source_trace_22","source_trace_8","source_trace_37","source_trace_20","source_trace_9","source_trace_19","source_trace_0","source_trace_5","source_trace_21","source_trace_7","source_trace_25","source_trace_6","source_trace_47","source_trace_23","source_trace_35","source_trace_18","source_trace_39","source_trace_46"],"failedName":"source_trace_9"}
{"name":"source_trace_33","package":"U_SOC","end":{"x":-15,"y":-4.3999999999999995},"expanded":142352,"newVias":1,"reusedBootstrapLayer":"bottom","length":11.028427124023438}
{"name":"source_trace_34","package":"U_SOC","end":{"x":-15,"y":-4.08},"expanded":92433,"newVias":0,"reusedBootstrapLayer":"top","length":12.175189018249512}
{"name":"source_trace_9","package":"U_SOC","end":{"x":-15,"y":-7},"expanded":165390,"newVias":1,"reusedBootstrapLayer":"bottom","length":11.248528480529785}
{"name":"source_trace_44","package":"U_SOC","end":{"x":-15,"y":-7.96},"expanded":22265,"newVias":0,"reusedBootstrapLayer":"top","length":11.314802169799805}
{"name":"source_trace_38","package":"U_SOC","end":{"x":-15,"y":-8.44},"expanded":98080,"newVias":0,"reusedBootstrapLayer":"top","length":12.97303581237793}
{"name":"source_trace_24","package":"U_SOC","end":{"x":-15,"y":-7.48},"expanded":72103,"newVias":1,"reusedBootstrapLayer":"bottom","length":9.681665420532227}
{"package":"U_SOC","trial":10,"order":["source_trace_33","source_trace_34","source_trace_9","source_trace_44","source_trace_38","source_trace_24","source_trace_45","source_trace_36","source_trace_48","source_trace_22","source_trace_8","source_trace_37","source_trace_20","source_trace_19","source_trace_0","source_trace_5","source_trace_21","source_trace_7","source_trace_25","source_trace_6","source_trace_47","source_trace_23","source_trace_35","source_trace_18","source_trace_39","source_trace_46"],"failedName":"source_trace_45"}
{"name":"source_trace_33","package":"U_SOC","end":{"x":-15,"y":-4.3999999999999995},"expanded":142352,"newVias":1,"reusedBootstrapLayer":"bottom","length":11.028427124023438}
{"name":"source_trace_34","package":"U_SOC","end":{"x":-15,"y":-4.08},"expanded":92433,"newVias":0,"reusedBootstrapLayer":"top","length":12.175189018249512}
{"name":"source_trace_45","package":"U_SOC","end":{"x":-15,"y":-7},"expanded":90743,"newVias":1,"reusedBootstrapLayer":"bottom","length":9.648528099060059}
{"name":"source_trace_9","package":"U_SOC","end":{"x":-15,"y":-5.08},"expanded":181014,"newVias":1,"reusedBootstrapLayer":"bottom","length":11.734213829040527}
{"name":"source_trace_44","package":"U_SOC","end":{"x":-15,"y":-7.96},"expanded":22941,"newVias":0,"reusedBootstrapLayer":"top","length":11.314802169799805}
{"name":"source_trace_38","package":"U_SOC","end":{"x":-15,"y":-8.44},"expanded":77488,"newVias":0,"reusedBootstrapLayer":"top","length":12.97303581237793}
{"name":"source_trace_24","package":"U_SOC","end":{"x":-15,"y":-7.48},"expanded":72862,"newVias":1,"reusedBootstrapLayer":"bottom","length":9.681665420532227}
{"name":"source_trace_36","package":"U_SOC","end":{"x":-15,"y":-3.6399999999999997},"expanded":209616,"newVias":1,"reusedBootstrapLayer":"bottom","length":12.611858367919922}
{"name":"source_trace_48","package":"U_SOC","end":{"x":-15,"y":-3.16},"expanded":231273,"newVias":1,"reusedBootstrapLayer":"bottom","length":14.598133087158203}
{"name":"source_trace_22","package":"U_SOC","end":{"x":-15,"y":-8.92},"expanded":97984,"newVias":1,"reusedBootstrapLayer":"bottom","length":14.303230285644531}
{"name":"source_trace_8","package":"U_SOC","end":{"x":-15,"y":-6.52},"expanded":20993,"newVias":1,"reusedBootstrapLayer":"bottom","length":8.881665229797363}
{"name":"source_trace_37","package":"U_SOC","end":{"x":-15,"y":-9.4},"expanded":72422,"newVias":0,"reusedBootstrapLayer":"top","length":15.1112699508667}
{"name":"source_trace_20","package":"U_SOC","end":{"x":-15,"y":-1.7200000000000006},"expanded":39427,"newVias":0,"reusedBootstrapLayer":"top","length":11.991270065307617}
{"name":"source_trace_19","package":"U_SOC","end":{"x":-15,"y":-2.6799999999999997},"expanded":329149,"newVias":1,"reusedBootstrapLayer":"bottom","length":16.9157772064209}
{"name":"source_trace_0","package":"U_SOC","end":{"x":-15,"y":-2.1999999999999993},"expanded":397397,"newVias":1,"reusedBootstrapLayer":"bottom","length":18.030580520629883}
{"name":"source_trace_5","package":"U_SOC","end":{"x":-15,"y":-1.2400000000000002},"expanded":393410,"newVias":1,"reusedBootstrapLayer":"bottom","length":18.163127899169922}
{"name":"source_trace_21","package":"U_SOC","end":{"x":-15,"y":-0.7599999999999998},"expanded":30659,"newVias":0,"reusedBootstrapLayer":"top","length":13.583919525146484}
{"name":"source_trace_7","package":"U_SOC","end":{"x":-15,"y":-0.27999999999999936},"expanded":707456,"newVias":1,"reusedBootstrapLayer":"bottom","length":31.141647338867188}
{"name":"source_trace_25","package":"U_SOC","end":{"x":-15,"y":0.20000000000000107},"expanded":43078,"newVias":0,"reusedBootstrapLayer":"top","length":19.35744285583496}
{"package":"U_SOC","trial":11,"order":["source_trace_33","source_trace_34","source_trace_45","source_trace_9","source_trace_44","source_trace_38","source_trace_24","source_trace_36","source_trace_48","source_trace_22","source_trace_8","source_trace_37","source_trace_20","source_trace_19","source_trace_0","source_trace_5","source_trace_21","source_trace_7","source_trace_25","source_trace_6","source_trace_47","source_trace_23","source_trace_35","source_trace_18","source_trace_39","source_trace_46"],"failedName":"source_trace_6"}
