{"phase":1,"name":"DDR_A1","sourceTraceId":"source_trace_37","status":"FAILED","steps":14,"elapsedSeconds":0.47011745799999993,"error":"Negotiated lane search exhausted without a complete route","plannedNativeCarriers":0,"qualifiedNewDdrSignals":0}
{"phase":2,"name":"DDR_ODT","sourceTraceId":"source_trace_0","status":"FAILED","steps":16,"elapsedSeconds":0.44071620800000005,"error":"Negotiated lane search exhausted without a complete route","plannedNativeCarriers":0,"qualifiedNewDdrSignals":0}
{"phase":3,"name":"DDR_CASn","sourceTraceId":"source_trace_19","status":"FAILED","steps":14,"elapsedSeconds":0.34909354099999973,"error":"Negotiated lane search exhausted without a complete route","plannedNativeCarriers":0,"qualifiedNewDdrSignals":0}
{"phase":4,"name":"DDR_CKE","sourceTraceId":"source_trace_48","status":"FAILED","steps":18235,"elapsedSeconds":2.9699770000000005,"error":"Negotiated lane search exhausted without a complete route","plannedNativeCarriers":0,"qualifiedNewDdrSignals":0}
{"phase":5,"name":"DDR_A11","sourceTraceId":"source_trace_38","status":"SOLVED_REPLAY_AND_CHECKS_REQUIRED","steps":502,"elapsedSeconds":0.6262136250000003,"error":null,"carrier":{"path":"dist/am3352-command-compatible-fanouts-phased-native-attempt-804/phase-5.carrier.nonexportable.json","sha256":"73f34ae95e7cad8273c67074bff6e995ff5f7f97cc78efbbd04738a8ff1315b6"},"layer":"bottom","plannedNativeCarriers":1,"qualifiedNewDdrSignals":0}
{"phase":6,"name":"DDR_WEn","sourceTraceId":"source_trace_20","status":"FAILED","steps":17169,"elapsedSeconds":2.6744627500000004,"error":"Negotiated lane search exhausted without a complete route","plannedNativeCarriers":1,"qualifiedNewDdrSignals":0}
{"phase":7,"name":"DDR_RASn","sourceTraceId":"source_trace_18","status":"SOLVED_REPLAY_AND_CHECKS_REQUIRED","steps":17210,"elapsedSeconds":2.663767,"error":null,"carrier":{"path":"dist/am3352-command-compatible-fanouts-phased-native-attempt-804/phase-7.carrier.nonexportable.json","sha256":"3ba49cba8b71e4e47bc62f14a633ddf73d146a4688f7652d026472d114798e27"},"layer":"bottom","plannedNativeCarriers":2,"qualifiedNewDdrSignals":0}
{"phase":8,"name":"DDR_A3","sourceTraceId":"source_trace_7","status":"FAILED","steps":8,"elapsedSeconds":0.40849333300000035,"error":"Negotiated lane search exhausted without a complete route","plannedNativeCarriers":2,"qualifiedNewDdrSignals":0}
{"phase":9,"name":"DDR_A2","sourceTraceId":"source_trace_23","status":"SOLVED_REPLAY_AND_CHECKS_REQUIRED","steps":18162,"elapsedSeconds":2.6809764169999997,"error":null,"carrier":{"path":"dist/am3352-command-compatible-fanouts-phased-native-attempt-804/phase-9.carrier.nonexportable.json","sha256":"a8850328a91b2cae478ef5a0099b74151681ca4d4640e0328e4ba8b16ca8269d"},"layer":"bottom","plannedNativeCarriers":3,"qualifiedNewDdrSignals":0}
{"phase":10,"name":"DDR_A12","sourceTraceId":"source_trace_36","status":"FAILED","steps":17985,"elapsedSeconds":2.519405834000001,"error":"Negotiated lane search exhausted without a complete route","plannedNativeCarriers":3,"qualifiedNewDdrSignals":0}
{"phase":11,"name":"DDR_A4","sourceTraceId":"source_trace_45","status":"FAILED","steps":12,"elapsedSeconds":0.3865113750000019,"error":"Negotiated lane search exhausted without a complete route","plannedNativeCarriers":3,"qualifiedNewDdrSignals":0}
{"phase":12,"name":"DDR_BA0","sourceTraceId":"source_trace_6","status":"FAILED","steps":17195,"elapsedSeconds":2.4385767919999997,"error":"Negotiated lane search exhausted without a complete route","plannedNativeCarriers":3,"qualifiedNewDdrSignals":0}
{"phase":13,"name":"DDR_BA1","sourceTraceId":"source_trace_44","status":"FAILED","steps":122,"elapsedSeconds":0.3907047080000011,"error":"Negotiated lane search exhausted without a complete route","plannedNativeCarriers":3,"qualifiedNewDdrSignals":0}
{"phase":14,"name":"DDR_BA2","sourceTraceId":"source_trace_21","status":"FAILED","steps":17187,"elapsedSeconds":2.4206662920000017,"error":"Negotiated lane search exhausted without a complete route","plannedNativeCarriers":3,"qualifiedNewDdrSignals":0}
{"phase":15,"name":"DDR_A0","sourceTraceId":"source_trace_22","status":"FAILED","steps":17911,"elapsedSeconds":2.9255333329999993,"error":"Negotiated lane search exhausted without a complete route","plannedNativeCarriers":3,"qualifiedNewDdrSignals":0}
{"phase":16,"name":"DDR_A10","sourceTraceId":"source_trace_35","status":"FAILED","steps":35006,"elapsedSeconds":5.360423084000002,"error":"Negotiated lane search exhausted without a complete route","plannedNativeCarriers":3,"qualifiedNewDdrSignals":0}
{"phase":17,"name":"DDR_A5","sourceTraceId":"source_trace_8","status":"FAILED","steps":717,"elapsedSeconds":0.6608634579999998,"error":"Negotiated lane search exhausted without a complete route","plannedNativeCarriers":3,"qualifiedNewDdrSignals":0}
{"phase":18,"name":"DDR_A7","sourceTraceId":"source_trace_9","status":"SOLVED_REPLAY_AND_CHECKS_REQUIRED","steps":87,"elapsedSeconds":0.4831819169999981,"error":null,"carrier":{"path":"dist/am3352-command-compatible-fanouts-phased-native-attempt-804/phase-18.carrier.nonexportable.json","sha256":"311435c4c7492a1e90070a3ab7af1fed3cbbdb2420d17d4b42fa98bdc1c01870"},"layer":"bottom","plannedNativeCarriers":4,"qualifiedNewDdrSignals":0}
{"phase":19,"name":"DDR_A9","sourceTraceId":"source_trace_24","status":"FAILED","steps":124,"elapsedSeconds":0.4099725000000035,"error":"Negotiated lane search exhausted without a complete route","plannedNativeCarriers":4,"qualifiedNewDdrSignals":0}
{"phase":20,"name":"DDR_A13","sourceTraceId":"source_trace_25","status":"FAILED","steps":17203,"elapsedSeconds":2.7762632499999964,"error":"Negotiated lane search exhausted without a complete route","plannedNativeCarriers":4,"qualifiedNewDdrSignals":0}
{"phase":21,"name":"DDR_A14","sourceTraceId":"source_trace_39","status":"SOLVED_REPLAY_AND_CHECKS_REQUIRED","steps":229,"elapsedSeconds":0.5988338330000043,"error":null,"carrier":{"path":"dist/am3352-command-compatible-fanouts-phased-native-attempt-804/phase-21.carrier.nonexportable.json","sha256":"53f46650eab2024f4cf2cb9ba85d3196257bcbeb143fd977ae78d6bd1d682300"},"layer":"top","plannedNativeCarriers":5,"qualifiedNewDdrSignals":0}
{"phase":22,"name":"DDR_A6","sourceTraceId":"source_trace_46","status":"SOLVED_REPLAY_AND_CHECKS_REQUIRED","steps":17352,"elapsedSeconds":2.576286,"error":null,"carrier":{"path":"dist/am3352-command-compatible-fanouts-phased-native-attempt-804/phase-22.carrier.nonexportable.json","sha256":"6afbc2a411eb72662604af487909a95506eff5094aaaf429a1ed165f07c628e5"},"layer":"bottom","plannedNativeCarriers":6,"qualifiedNewDdrSignals":0}
{"phase":23,"name":"DDR_A8","sourceTraceId":"source_trace_47","status":"FAILED","steps":6,"elapsedSeconds":0.41301145800000083,"error":"Negotiated lane search exhausted without a complete route","plannedNativeCarriers":6,"qualifiedNewDdrSignals":0}
{"phase":24,"name":"DDR_CSn0","sourceTraceId":"source_trace_5","status":"FAILED","steps":16,"elapsedSeconds":0.38465029199999845,"error":"Negotiated lane search exhausted without a complete route","plannedNativeCarriers":6,"qualifiedNewDdrSignals":0}
{"status":"PARTIAL_PHASED_NATIVE_COMMAND_CARRIERS_PLANNED_REPLAY_AND_CHECKS_REQUIRED","nativeCarriers":6,"remaining":18,"seconds":39.114912958,"qualifiedNewDdrSignals":0}
