{"name":"source_trace_8","package":"U_SOC","end":{"x":-6.279999999999999,"y":-10.5},"expanded":3339,"newVias":0,"reusedBootstrapLayer":"top","length":3.349705696105957}
{"name":"source_trace_24","package":"U_SOC","end":{"x":-4.84,"y":-10.5},"expanded":13907,"newVias":0,"reusedBootstrapLayer":"top","length":3.614802360534668}
{"name":"source_trace_34","package":"U_SOC","end":{"x":-5.4799999999999995,"y":-10.5},"expanded":58311,"newVias":1,"reusedBootstrapLayer":"bottom","length":3.5816650390625}
{"name":"source_trace_44","package":"U_SOC","end":{"x":-3.88,"y":-10.5},"expanded":3341,"newVias":0,"reusedBootstrapLayer":"top","length":3.349705696105957}
{"name":"source_trace_37","package":"U_SOC","end":{"x":-1,"y":-10.5},"expanded":5991,"newVias":0,"reusedBootstrapLayer":"top","length":3.382842779159546}
{"name":"source_trace_20","package":"U_SOC","end":{"x":-7.239999999999999,"y":-10.5},"expanded":20052,"newVias":0,"reusedBootstrapLayer":"top","length":4.7525482177734375}
{"name":"source_trace_45","package":"U_SOC","end":{"x":-4.359999999999999,"y":-10.5},"expanded":66284,"newVias":1,"reusedBootstrapLayer":"bottom","length":4.6136250495910645}
{"name":"source_trace_33","package":"U_SOC","end":{"x":-5.8,"y":-10.5},"expanded":58911,"newVias":1,"reusedBootstrapLayer":"bottom","length":5.807939529418945}
{"name":"source_trace_9","package":"U_SOC","end":{"x":-3.4000000000000004,"y":-10.5},"expanded":39699,"newVias":1,"reusedBootstrapLayer":"bottom","length":4.348527908325195}
{"name":"source_trace_38","package":"U_SOC","end":{"x":-2.92,"y":-10.5},"expanded":7206,"newVias":0,"reusedBootstrapLayer":"top","length":4.21597957611084}
{"name":"source_trace_19","package":"U_SOC","end":{"x":-2.4399999999999995,"y":-10.5},"expanded":880,"newVias":0,"reusedBootstrapLayer":"top","length":4.116568565368652}
{"name":"source_trace_0","package":"U_SOC","end":{"x":-1.4799999999999986,"y":-10.5},"expanded":2488,"newVias":0,"reusedBootstrapLayer":"top","length":4.149705410003662}
{"name":"source_trace_5","package":"U_SOC","end":{"x":-0.5199999999999996,"y":-10.5},"expanded":53024,"newVias":1,"reusedBootstrapLayer":"bottom","length":4.3153910636901855}
{"name":"source_trace_21","package":"U_SOC","end":{"x":-7.72,"y":-10.5},"expanded":29835,"newVias":0,"reusedBootstrapLayer":"top","length":6.551370620727539}
{"name":"source_trace_7","package":"U_SOC","end":{"x":-1.959999999999999,"y":-10.5},"expanded":81072,"newVias":1,"reusedBootstrapLayer":"bottom","length":6.404406547546387}
{"name":"source_trace_36","package":"U_SOC","end":{"x":0.4400000000000013,"y":-10.5},"expanded":108792,"newVias":1,"reusedBootstrapLayer":"bottom","length":7.860487937927246}
{"name":"source_trace_22","package":"U_SOC","end":{"x":1.4000000000000004,"y":-10.5},"expanded":80174,"newVias":1,"reusedBootstrapLayer":"bottom","length":8.258132934570312}
{"package":"U_SOC","trial":0,"order":["source_trace_8","source_trace_24","source_trace_34","source_trace_44","source_trace_37","source_trace_20","source_trace_45","source_trace_33","source_trace_9","source_trace_38","source_trace_19","source_trace_0","source_trace_5","source_trace_21","source_trace_7","source_trace_36","source_trace_22","source_trace_48","source_trace_25","source_trace_6","source_trace_47","source_trace_23","source_trace_35","source_trace_18","source_trace_39","source_trace_46"],"failedName":"source_trace_48"}
{"name":"source_trace_48","package":"U_SOC","end":{"x":-1,"y":-10.5},"expanded":70572,"newVias":1,"reusedBootstrapLayer":"bottom","length":5.148528099060059}
{"name":"source_trace_8","package":"U_SOC","end":{"x":-6.279999999999999,"y":-10.5},"expanded":3339,"newVias":0,"reusedBootstrapLayer":"top","length":3.349705696105957}
{"name":"source_trace_24","package":"U_SOC","end":{"x":-4.84,"y":-10.5},"expanded":13907,"newVias":0,"reusedBootstrapLayer":"top","length":3.614802360534668}
{"name":"source_trace_34","package":"U_SOC","end":{"x":-5.4799999999999995,"y":-10.5},"expanded":58311,"newVias":1,"reusedBootstrapLayer":"bottom","length":3.5816650390625}
{"name":"source_trace_44","package":"U_SOC","end":{"x":-3.88,"y":-10.5},"expanded":3341,"newVias":0,"reusedBootstrapLayer":"top","length":3.349705696105957}
{"name":"source_trace_37","package":"U_SOC","end":{"x":-0.5199999999999996,"y":-10.5},"expanded":6470,"newVias":0,"reusedBootstrapLayer":"top","length":3.4159798622131348}
{"name":"source_trace_20","package":"U_SOC","end":{"x":-7.239999999999999,"y":-10.5},"expanded":20052,"newVias":0,"reusedBootstrapLayer":"top","length":4.7525482177734375}
{"name":"source_trace_45","package":"U_SOC","end":{"x":-4.359999999999999,"y":-10.5},"expanded":65752,"newVias":1,"reusedBootstrapLayer":"bottom","length":4.6136250495910645}
{"name":"source_trace_33","package":"U_SOC","end":{"x":-5.8,"y":-10.5},"expanded":58911,"newVias":1,"reusedBootstrapLayer":"bottom","length":5.807939529418945}
{"name":"source_trace_9","package":"U_SOC","end":{"x":-3.4000000000000004,"y":-10.5},"expanded":33721,"newVias":1,"reusedBootstrapLayer":"bottom","length":4.348527908325195}
{"name":"source_trace_38","package":"U_SOC","end":{"x":-2.92,"y":-10.5},"expanded":7206,"newVias":0,"reusedBootstrapLayer":"top","length":4.21597957611084}
{"name":"source_trace_19","package":"U_SOC","end":{"x":-2.4399999999999995,"y":-10.5},"expanded":880,"newVias":0,"reusedBootstrapLayer":"top","length":4.116568565368652}
{"name":"source_trace_0","package":"U_SOC","end":{"x":-1.4799999999999986,"y":-10.5},"expanded":2397,"newVias":0,"reusedBootstrapLayer":"top","length":4.149705410003662}
{"name":"source_trace_5","package":"U_SOC","end":{"x":-0.03999999999999915,"y":-10.5},"expanded":38506,"newVias":1,"reusedBootstrapLayer":"bottom","length":4.414802074432373}
{"name":"source_trace_21","package":"U_SOC","end":{"x":-7.72,"y":-10.5},"expanded":29835,"newVias":0,"reusedBootstrapLayer":"top","length":6.551370620727539}
{"name":"source_trace_7","package":"U_SOC","end":{"x":-1.959999999999999,"y":-10.5},"expanded":75038,"newVias":1,"reusedBootstrapLayer":"bottom","length":6.404406547546387}
{"name":"source_trace_36","package":"U_SOC","end":{"x":0.4400000000000013,"y":-10.5},"expanded":106980,"newVias":1,"reusedBootstrapLayer":"bottom","length":8.379310607910156}
{"name":"source_trace_22","package":"U_SOC","end":{"x":-8.2,"y":-10.5},"expanded":77957,"newVias":1,"reusedBootstrapLayer":"bottom","length":10.167737007141113}
{"name":"source_trace_25","package":"U_SOC","end":{"x":1.4000000000000004,"y":-10.5},"expanded":41667,"newVias":1,"reusedBootstrapLayer":"bottom","length":6.3267621994018555}
{"name":"source_trace_6","package":"U_SOC","end":{"x":-8.68,"y":-10.5},"expanded":44278,"newVias":0,"reusedBootstrapLayer":"top","length":8.549015998840332}
{"name":"source_trace_47","package":"U_SOC","end":{"x":-9.16,"y":-10.5},"expanded":92619,"newVias":0,"reusedBootstrapLayer":"top","length":10.662640571594238}
{"name":"source_trace_23","package":"U_SOC","end":{"x":-9.64,"y":-10.5},"expanded":170321,"newVias":1,"reusedBootstrapLayer":"bottom","length":10.151656150817871}
{"name":"source_trace_35","package":"U_SOC","end":{"x":1.8800000000000008,"y":-10.5},"expanded":108482,"newVias":1,"reusedBootstrapLayer":"bottom","length":9.543818473815918}
{"name":"source_trace_18","package":"U_SOC","end":{"x":3.3200000000000003,"y":-10.5},"expanded":118456,"newVias":0,"reusedBootstrapLayer":"top","length":13.951858520507812}
{"name":"source_trace_39","package":"U_SOC","end":{"x":2.84,"y":-10.5},"expanded":59487,"newVias":1,"reusedBootstrapLayer":"bottom","length":8.379310607910156}
{"name":"source_trace_46","package":"U_SOC","end":{"x":-10.12,"y":-10.5},"expanded":138479,"newVias":0,"reusedBootstrapLayer":"top","length":11.860285758972168}
{"name":"source_trace_8","package":"U_RAM","end":{"x":-6.279999999999999,"y":-17.999999999999996},"expanded":251255,"newVias":1,"reusedBootstrapLayer":"bottom","length":15.572834014892578}
{"name":"source_trace_24","package":"U_RAM","end":{"x":-4.84,"y":-17.999999999999996},"expanded":222907,"newVias":0,"reusedBootstrapLayer":"top","length":17.51695442199707}
{"name":"source_trace_34","package":"U_RAM","end":{"x":-5.4799999999999995,"y":-17.999999999999996},"expanded":285587,"newVias":1,"reusedBootstrapLayer":"bottom","length":14.073221206665039}
{"name":"source_trace_44","package":"U_RAM","end":{"x":-3.88,"y":-17.999999999999996},"expanded":342597,"newVias":1,"reusedBootstrapLayer":"bottom","length":15.954399108886719}
{"name":"source_trace_37","package":"U_RAM","end":{"x":-0.5199999999999996,"y":-17.999999999999996},"expanded":73865,"newVias":0,"reusedBootstrapLayer":"top","length":14.843817710876465}
{"name":"source_trace_20","package":"U_RAM","end":{"x":-7.239999999999999,"y":-17.999999999999996},"expanded":429070,"newVias":1,"reusedBootstrapLayer":"bottom","length":19.876752853393555}
{"name":"source_trace_45","package":"U_RAM","end":{"x":-4.359999999999999,"y":-17.999999999999996},"expanded":926140,"newVias":1,"reusedBootstrapLayer":"bottom","length":22.440773010253906}
{"package":"U_RAM","trial":0,"order":["source_trace_8","source_trace_24","source_trace_34","source_trace_44","source_trace_37","source_trace_20","source_trace_45","source_trace_33","source_trace_9","source_trace_38","source_trace_19","source_trace_0","source_trace_5","source_trace_21","source_trace_7","source_trace_36","source_trace_22","source_trace_48","source_trace_25","source_trace_6","source_trace_47","source_trace_23","source_trace_35","source_trace_18","source_trace_39","source_trace_46"],"failedName":"source_trace_33"}
{"name":"source_trace_33","package":"U_RAM","end":{"x":-5.8,"y":-17.999999999999996},"expanded":208093,"newVias":0,"reusedBootstrapLayer":"top","length":14.764793395996094}
{"name":"source_trace_8","package":"U_RAM","end":{"x":-6.279999999999999,"y":-17.999999999999996},"expanded":250499,"newVias":1,"reusedBootstrapLayer":"bottom","length":15.572834014892578}
{"name":"source_trace_24","package":"U_RAM","end":{"x":-4.84,"y":-17.999999999999996},"expanded":256502,"newVias":1,"reusedBootstrapLayer":"bottom","length":16.131168365478516}
{"package":"U_RAM","trial":1,"order":["source_trace_33","source_trace_8","source_trace_24","source_trace_34","source_trace_44","source_trace_37","source_trace_20","source_trace_45","source_trace_9","source_trace_38","source_trace_19","source_trace_0","source_trace_5","source_trace_21","source_trace_7","source_trace_36","source_trace_22","source_trace_48","source_trace_25","source_trace_6","source_trace_47","source_trace_23","source_trace_35","source_trace_18","source_trace_39","source_trace_46"],"failedName":"source_trace_34"}
{"name":"source_trace_34","package":"U_RAM","end":{"x":-5.4799999999999995,"y":-17.999999999999996},"expanded":190275,"newVias":0,"reusedBootstrapLayer":"top","length":15.057341575622559}
{"name":"source_trace_33","package":"U_RAM","end":{"x":-5.8,"y":-17.999999999999996},"expanded":263811,"newVias":1,"reusedBootstrapLayer":"bottom","length":13.405769348144531}
{"name":"source_trace_8","package":"U_RAM","end":{"x":-6.279999999999999,"y":-17.999999999999996},"expanded":209025,"newVias":1,"reusedBootstrapLayer":"bottom","length":15.572834014892578}
{"name":"source_trace_24","package":"U_RAM","end":{"x":-4.84,"y":-17.999999999999996},"expanded":430392,"newVias":1,"reusedBootstrapLayer":"bottom","length":17.451656341552734}
{"name":"source_trace_44","package":"U_RAM","end":{"x":-3.88,"y":-17.999999999999996},"expanded":296574,"newVias":1,"reusedBootstrapLayer":"bottom","length":15.954399108886719}
{"name":"source_trace_37","package":"U_RAM","end":{"x":-0.5199999999999996,"y":-17.999999999999996},"expanded":198476,"newVias":1,"reusedBootstrapLayer":"bottom","length":14.843818664550781}
{"name":"source_trace_20","package":"U_RAM","end":{"x":-7.239999999999999,"y":-17.999999999999996},"expanded":766096,"newVias":0,"reusedBootstrapLayer":"top","length":24.157930374145508}
{"package":"U_RAM","trial":2,"order":["source_trace_34","source_trace_33","source_trace_8","source_trace_24","source_trace_44","source_trace_37","source_trace_20","source_trace_45","source_trace_9","source_trace_38","source_trace_19","source_trace_0","source_trace_5","source_trace_21","source_trace_7","source_trace_36","source_trace_22","source_trace_48","source_trace_25","source_trace_6","source_trace_47","source_trace_23","source_trace_35","source_trace_18","source_trace_39","source_trace_46"],"failedName":"source_trace_45"}
{"name":"source_trace_45","package":"U_RAM","end":{"x":-4.359999999999999,"y":-17.999999999999996},"expanded":274781,"newVias":1,"reusedBootstrapLayer":"bottom","length":16.986358642578125}
{"name":"source_trace_34","package":"U_RAM","end":{"x":-5.4799999999999995,"y":-17.999999999999996},"expanded":127802,"newVias":0,"reusedBootstrapLayer":"top","length":15.057341575622559}
{"name":"source_trace_33","package":"U_RAM","end":{"x":-5.8,"y":-17.999999999999996},"expanded":824229,"newVias":3,"reusedBootstrapLayer":"bottom","length":14.952245712280273}
{"name":"source_trace_8","package":"U_RAM","end":{"x":-6.279999999999999,"y":-17.999999999999996},"expanded":197453,"newVias":1,"reusedBootstrapLayer":"bottom","length":15.572834014892578}
{"name":"source_trace_24","package":"U_RAM","end":{"x":-4.84,"y":-17.999999999999996},"expanded":360623,"newVias":1,"reusedBootstrapLayer":"bottom","length":17.512245178222656}
{"name":"source_trace_44","package":"U_RAM","end":{"x":-3.88,"y":-17.999999999999996},"expanded":225817,"newVias":1,"reusedBootstrapLayer":"bottom","length":15.954399108886719}
{"name":"source_trace_37","package":"U_RAM","end":{"x":-0.5199999999999996,"y":-17.999999999999996},"expanded":399590,"newVias":1,"reusedBootstrapLayer":"bottom","length":17.219696044921875}
{"name":"source_trace_20","package":"U_RAM","end":{"x":-7.239999999999999,"y":-17.999999999999996},"expanded":567404,"newVias":0,"reusedBootstrapLayer":"top","length":24.157930374145508}
{"package":"U_RAM","trial":3,"order":["source_trace_45","source_trace_34","source_trace_33","source_trace_8","source_trace_24","source_trace_44","source_trace_37","source_trace_20","source_trace_9","source_trace_38","source_trace_19","source_trace_0","source_trace_5","source_trace_21","source_trace_7","source_trace_36","source_trace_22","source_trace_48","source_trace_25","source_trace_6","source_trace_47","source_trace_23","source_trace_35","source_trace_18","source_trace_39","source_trace_46"],"failedName":"source_trace_9"}
{"name":"source_trace_9","package":"U_RAM","end":{"x":-3.4000000000000004,"y":-17.999999999999996},"expanded":163280,"newVias":1,"reusedBootstrapLayer":"bottom","length":15.179899215698242}
{"name":"source_trace_45","package":"U_RAM","end":{"x":-4.359999999999999,"y":-17.999999999999996},"expanded":230974,"newVias":1,"reusedBootstrapLayer":"bottom","length":17.421850204467773}
{"name":"source_trace_34","package":"U_RAM","end":{"x":-5.4799999999999995,"y":-17.999999999999996},"expanded":1854142,"newVias":0,"reusedBootstrapLayer":"top","length":25.539352416992188}
{"name":"source_trace_33","package":"U_RAM","end":{"x":-5.8,"y":-17.999999999999996},"expanded":2498215,"newVias":2,"reusedBootstrapLayer":"top","length":24.309545516967773}
{"name":"source_trace_8","package":"U_RAM","end":{"x":-6.279999999999999,"y":-17.999999999999996},"expanded":597264,"newVias":3,"reusedBootstrapLayer":"bottom","length":21.683128356933594}
{"name":"source_trace_24","package":"U_RAM","end":{"x":-4.84,"y":-17.999999999999996},"expanded":550683,"newVias":1,"reusedBootstrapLayer":"bottom","length":21.451656341552734}
{"package":"U_RAM","trial":4,"order":["source_trace_9","source_trace_45","source_trace_34","source_trace_33","source_trace_8","source_trace_24","source_trace_44","source_trace_37","source_trace_20","source_trace_38","source_trace_19","source_trace_0","source_trace_5","source_trace_21","source_trace_7","source_trace_36","source_trace_22","source_trace_48","source_trace_25","source_trace_6","source_trace_47","source_trace_23","source_trace_35","source_trace_18","source_trace_39","source_trace_46"],"failedName":"source_trace_44"}
{"name":"source_trace_44","package":"U_RAM","end":{"x":-3.88,"y":-17.999999999999996},"expanded":201987,"newVias":0,"reusedBootstrapLayer":"top","length":16.59876251220703}
{"name":"source_trace_9","package":"U_RAM","end":{"x":-3.4000000000000004,"y":-17.999999999999996},"expanded":161383,"newVias":1,"reusedBootstrapLayer":"bottom","length":15.179899215698242}
{"name":"source_trace_45","package":"U_RAM","end":{"x":-4.359999999999999,"y":-17.999999999999996},"expanded":218019,"newVias":1,"reusedBootstrapLayer":"bottom","length":17.421850204467773}
{"name":"source_trace_34","package":"U_RAM","end":{"x":-5.4799999999999995,"y":-17.999999999999996},"expanded":2138831,"newVias":1,"reusedBootstrapLayer":"bottom","length":26.210479736328125}
{"name":"source_trace_33","package":"U_RAM","end":{"x":-5.8,"y":-17.999999999999996},"expanded":2659438,"newVias":1,"reusedBootstrapLayer":"bottom","length":29.59322166442871}
{"name":"source_trace_8","package":"U_RAM","end":{"x":-6.279999999999999,"y":-17.999999999999996},"expanded":202783,"newVias":1,"reusedBootstrapLayer":"bottom","length":22.16028594970703}
{"package":"U_RAM","trial":5,"order":["source_trace_44","source_trace_9","source_trace_45","source_trace_34","source_trace_33","source_trace_8","source_trace_24","source_trace_37","source_trace_20","source_trace_38","source_trace_19","source_trace_0","source_trace_5","source_trace_21","source_trace_7","source_trace_36","source_trace_22","source_trace_48","source_trace_25","source_trace_6","source_trace_47","source_trace_23","source_trace_35","source_trace_18","source_trace_39","source_trace_46"],"failedName":"source_trace_24"}
{"name":"source_trace_24","package":"U_RAM","end":{"x":-4.84,"y":-17.999999999999996},"expanded":234199,"newVias":0,"reusedBootstrapLayer":"top","length":17.51695442199707}
{"name":"source_trace_44","package":"U_RAM","end":{"x":-3.88,"y":-17.999999999999996},"expanded":367146,"newVias":1,"reusedBootstrapLayer":"bottom","length":15.766946792602539}
{"package":"U_RAM","trial":6,"order":["source_trace_24","source_trace_44","source_trace_9","source_trace_45","source_trace_34","source_trace_33","source_trace_8","source_trace_37","source_trace_20","source_trace_38","source_trace_19","source_trace_0","source_trace_5","source_trace_21","source_trace_7","source_trace_36","source_trace_22","source_trace_48","source_trace_25","source_trace_6","source_trace_47","source_trace_23","source_trace_35","source_trace_18","source_trace_39","source_trace_46"],"failedName":"source_trace_9"}
{"name":"source_trace_9","package":"U_RAM","end":{"x":-3.4000000000000004,"y":-17.999999999999996},"expanded":163280,"newVias":1,"reusedBootstrapLayer":"bottom","length":15.179899215698242}
{"name":"source_trace_24","package":"U_RAM","end":{"x":-4.84,"y":-17.999999999999996},"expanded":197293,"newVias":0,"reusedBootstrapLayer":"top","length":17.51695442199707}
{"name":"source_trace_44","package":"U_RAM","end":{"x":-3.88,"y":-17.999999999999996},"expanded":1237382,"newVias":3,"reusedBootstrapLayer":"bottom","length":16.18871307373047}
{"name":"source_trace_45","package":"U_RAM","end":{"x":-4.359999999999999,"y":-17.999999999999996},"expanded":783669,"newVias":1,"reusedBootstrapLayer":"bottom","length":21.612346649169922}
{"name":"source_trace_34","package":"U_RAM","end":{"x":-5.4799999999999995,"y":-17.999999999999996},"expanded":1692164,"newVias":0,"reusedBootstrapLayer":"top","length":25.539352416992188}
{"name":"source_trace_33","package":"U_RAM","end":{"x":-5.8,"y":-17.999999999999996},"expanded":2544986,"newVias":1,"reusedBootstrapLayer":"bottom","length":28.00812339782715}
{"name":"source_trace_8","package":"U_RAM","end":{"x":-6.279999999999999,"y":-17.999999999999996},"expanded":1199193,"newVias":1,"reusedBootstrapLayer":"bottom","length":29.601261138916016}
{"name":"source_trace_37","package":"U_RAM","end":{"x":-0.5199999999999996,"y":-17.999999999999996},"expanded":46816,"newVias":1,"reusedBootstrapLayer":"bottom","length":15.781076431274414}
{"name":"source_trace_20","package":"U_RAM","end":{"x":-7.239999999999999,"y":-17.999999999999996},"expanded":1351827,"newVias":3,"reusedBootstrapLayer":"bottom","length":38.94095993041992}
{"package":"U_RAM","trial":7,"order":["source_trace_9","source_trace_24","source_trace_44","source_trace_45","source_trace_34","source_trace_33","source_trace_8","source_trace_37","source_trace_20","source_trace_38","source_trace_19","source_trace_0","source_trace_5","source_trace_21","source_trace_7","source_trace_36","source_trace_22","source_trace_48","source_trace_25","source_trace_6","source_trace_47","source_trace_23","source_trace_35","source_trace_18","source_trace_39","source_trace_46"],"failedName":"source_trace_38"}
{"name":"source_trace_38","package":"U_RAM","end":{"x":-2.92,"y":-17.999999999999996},"expanded":152968,"newVias":0,"reusedBootstrapLayer":"top","length":16.637929916381836}
{"name":"source_trace_9","package":"U_RAM","end":{"x":-3.4000000000000004,"y":-17.999999999999996},"expanded":162666,"newVias":1,"reusedBootstrapLayer":"bottom","length":15.179899215698242}
{"name":"source_trace_24","package":"U_RAM","end":{"x":-4.84,"y":-17.999999999999996},"expanded":329923,"newVias":1,"reusedBootstrapLayer":"bottom","length":16.8575439453125}
{"name":"source_trace_44","package":"U_RAM","end":{"x":-3.88,"y":-17.999999999999996},"expanded":1559027,"newVias":1,"reusedBootstrapLayer":"bottom","length":21.688325881958008}
{"name":"source_trace_45","package":"U_RAM","end":{"x":-4.359999999999999,"y":-17.999999999999996},"expanded":907727,"newVias":1,"reusedBootstrapLayer":"bottom","length":22.556264877319336}
{"name":"source_trace_34","package":"U_RAM","end":{"x":-5.4799999999999995,"y":-17.999999999999996},"expanded":1165961,"newVias":1,"reusedBootstrapLayer":"bottom","length":25.2230281829834}
{"name":"source_trace_33","package":"U_RAM","end":{"x":-5.8,"y":-17.999999999999996},"expanded":1586036,"newVias":1,"reusedBootstrapLayer":"bottom","length":28.925281524658203}
{"package":"U_RAM","trial":8,"order":["source_trace_38","source_trace_9","source_trace_24","source_trace_44","source_trace_45","source_trace_34","source_trace_33","source_trace_8","source_trace_37","source_trace_20","source_trace_19","source_trace_0","source_trace_5","source_trace_21","source_trace_7","source_trace_36","source_trace_22","source_trace_48","source_trace_25","source_trace_6","source_trace_47","source_trace_23","source_trace_35","source_trace_18","source_trace_39","source_trace_46"],"failedName":"source_trace_8"}
{"name":"source_trace_8","package":"U_RAM","end":{"x":-6.279999999999999,"y":-17.999999999999996},"expanded":251255,"newVias":1,"reusedBootstrapLayer":"bottom","length":15.572834014892578}
{"name":"source_trace_38","package":"U_RAM","end":{"x":-2.92,"y":-17.999999999999996},"expanded":152968,"newVias":0,"reusedBootstrapLayer":"top","length":16.637929916381836}
{"name":"source_trace_9","package":"U_RAM","end":{"x":-3.4000000000000004,"y":-17.999999999999996},"expanded":171818,"newVias":1,"reusedBootstrapLayer":"bottom","length":15.511270523071289}
{"name":"source_trace_24","package":"U_RAM","end":{"x":-4.84,"y":-17.999999999999996},"expanded":397450,"newVias":1,"reusedBootstrapLayer":"bottom","length":17.423229217529297}
{"name":"source_trace_44","package":"U_RAM","end":{"x":-3.88,"y":-17.999999999999996},"expanded":2184572,"newVias":1,"reusedBootstrapLayer":"bottom","length":23.47724151611328}
{"name":"source_trace_45","package":"U_RAM","end":{"x":-4.359999999999999,"y":-17.999999999999996},"expanded":1651408,"newVias":1,"reusedBootstrapLayer":"bottom","length":25.540327072143555}
{"name":"source_trace_34","package":"U_RAM","end":{"x":-5.4799999999999995,"y":-17.999999999999996},"expanded":1188272,"newVias":1,"reusedBootstrapLayer":"bottom","length":25.38871192932129}
{"package":"U_RAM","trial":9,"order":["source_trace_8","source_trace_38","source_trace_9","source_trace_24","source_trace_44","source_trace_45","source_trace_34","source_trace_33","source_trace_37","source_trace_20","source_trace_19","source_trace_0","source_trace_5","source_trace_21","source_trace_7","source_trace_36","source_trace_22","source_trace_48","source_trace_25","source_trace_6","source_trace_47","source_trace_23","source_trace_35","source_trace_18","source_trace_39","source_trace_46"],"failedName":"source_trace_33"}
{"name":"source_trace_33","package":"U_RAM","end":{"x":-5.8,"y":-17.999999999999996},"expanded":208093,"newVias":0,"reusedBootstrapLayer":"top","length":14.764793395996094}
{"name":"source_trace_8","package":"U_RAM","end":{"x":-6.279999999999999,"y":-17.999999999999996},"expanded":250499,"newVias":1,"reusedBootstrapLayer":"bottom","length":15.572834014892578}
{"name":"source_trace_38","package":"U_RAM","end":{"x":-2.92,"y":-17.999999999999996},"expanded":362680,"newVias":1,"reusedBootstrapLayer":"bottom","length":16.704204559326172}
{"name":"source_trace_9","package":"U_RAM","end":{"x":-3.4000000000000004,"y":-17.999999999999996},"expanded":132371,"newVias":1,"reusedBootstrapLayer":"bottom","length":15.511270523071289}
{"name":"source_trace_24","package":"U_RAM","end":{"x":-4.84,"y":-17.999999999999996},"expanded":444814,"newVias":1,"reusedBootstrapLayer":"bottom","length":17.887147903442383}
{"name":"source_trace_44","package":"U_RAM","end":{"x":-3.88,"y":-17.999999999999996},"expanded":3691611,"newVias":2,"reusedBootstrapLayer":"top","length":24.7227840423584}
{"name":"source_trace_45","package":"U_RAM","end":{"x":-4.359999999999999,"y":-17.999999999999996},"expanded":1603559,"newVias":1,"reusedBootstrapLayer":"bottom","length":25.36444854736328}
{"package":"U_RAM","trial":10,"order":["source_trace_33","source_trace_8","source_trace_38","source_trace_9","source_trace_24","source_trace_44","source_trace_45","source_trace_34","source_trace_37","source_trace_20","source_trace_19","source_trace_0","source_trace_5","source_trace_21","source_trace_7","source_trace_36","source_trace_22","source_trace_48","source_trace_25","source_trace_6","source_trace_47","source_trace_23","source_trace_35","source_trace_18","source_trace_39","source_trace_46"],"failedName":"source_trace_34"}
{"name":"source_trace_34","package":"U_RAM","end":{"x":-5.4799999999999995,"y":-17.999999999999996},"expanded":190275,"newVias":0,"reusedBootstrapLayer":"top","length":15.057341575622559}
{"name":"source_trace_33","package":"U_RAM","end":{"x":-5.8,"y":-17.999999999999996},"expanded":263811,"newVias":1,"reusedBootstrapLayer":"bottom","length":13.405769348144531}
{"name":"source_trace_8","package":"U_RAM","end":{"x":-6.279999999999999,"y":-17.999999999999996},"expanded":209025,"newVias":1,"reusedBootstrapLayer":"bottom","length":15.572834014892578}
{"name":"source_trace_38","package":"U_RAM","end":{"x":-2.92,"y":-17.999999999999996},"expanded":345734,"newVias":1,"reusedBootstrapLayer":"bottom","length":17.2230281829834}
{"name":"source_trace_9","package":"U_RAM","end":{"x":-3.4000000000000004,"y":-17.999999999999996},"expanded":696250,"newVias":1,"reusedBootstrapLayer":"bottom","length":18.2694034576416}
{"name":"source_trace_24","package":"U_RAM","end":{"x":-4.84,"y":-17.999999999999996},"expanded":891091,"newVias":1,"reusedBootstrapLayer":"bottom","length":19.630722045898438}
{"name":"source_trace_44","package":"U_RAM","end":{"x":-3.88,"y":-17.999999999999996},"expanded":3590241,"newVias":2,"reusedBootstrapLayer":"top","length":24.7227840423584}
{"package":"U_RAM","trial":11,"order":["source_trace_34","source_trace_33","source_trace_8","source_trace_38","source_trace_9","source_trace_24","source_trace_44","source_trace_45","source_trace_37","source_trace_20","source_trace_19","source_trace_0","source_trace_5","source_trace_21","source_trace_7","source_trace_36","source_trace_22","source_trace_48","source_trace_25","source_trace_6","source_trace_47","source_trace_23","source_trace_35","source_trace_18","source_trace_39","source_trace_46"],"failedName":"source_trace_45"}
