{"step":0,"signal":"DDR_D14","found":true,"opened":["DDR_D0","DDR_D1"],"staged":25,"remaining":24,"retainedNative":19,"exportable":false}
{"step":1,"signal":"DDR_D11","found":true,"opened":[],"staged":26,"remaining":23,"retainedNative":19,"exportable":false}
{"step":2,"signal":"DDR_D13","found":true,"opened":["DDR_DQM0","DDR_D14"],"staged":25,"remaining":24,"retainedNative":19,"exportable":false}
{"step":3,"signal":"DDR_D10","found":true,"opened":["DDR_D9","DDR_A11"],"staged":24,"remaining":25,"retainedNative":17,"exportable":false}
{"step":4,"signal":"DDR_DQM1","found":true,"opened":["DDR_A1"],"staged":24,"remaining":25,"retainedNative":16,"exportable":false}
{"step":5,"signal":"DDR_CKE","found":true,"opened":["DDR_A0"],"staged":24,"remaining":25,"retainedNative":16,"exportable":false}
{"step":6,"signal":"DDR_ODT","found":true,"opened":["DDR_DQM1"],"staged":24,"remaining":25,"retainedNative":16,"exportable":false}
{"step":7,"signal":"DDR_A6","found":true,"opened":["DDR_A5"],"staged":24,"remaining":25,"retainedNative":15,"exportable":false}
{"step":8,"signal":"DDR_A8","found":true,"opened":["DDR_WEn","DDR_A6"],"staged":23,"remaining":26,"retainedNative":14,"exportable":false}
{"step":9,"signal":"DDR_D2","found":true,"opened":["DDR_D3","DDR_D10"],"staged":22,"remaining":27,"retainedNative":14,"exportable":false}
{"step":10,"signal":"DDR_D15","found":false,"staged":22,"remaining":27,"retainedNative":14,"exportable":false}
{"step":11,"signal":"DDR_A2","found":true,"opened":["DDR_BA1"],"staged":22,"remaining":27,"retainedNative":13,"exportable":false}
{"step":12,"signal":"DDR_A10","found":true,"opened":["DDR_A2"],"staged":22,"remaining":27,"retainedNative":13,"exportable":false}
{"step":13,"signal":"DDR_A14","found":true,"opened":["DDR_ODT","DDR_A10"],"staged":21,"remaining":28,"retainedNative":13,"exportable":false}
{"step":14,"signal":"DDR_RASn","found":true,"opened":["DDR_DQSn1","DDR_A14"],"staged":20,"remaining":29,"retainedNative":12,"exportable":false}
{"step":15,"signal":"DDR_A13","found":true,"opened":["DDR_RASn"],"staged":20,"remaining":29,"retainedNative":12,"exportable":false}
{"step":16,"signal":"DDR_D6","found":true,"opened":["DDR_D13"],"staged":20,"remaining":29,"retainedNative":12,"exportable":false}
{"step":17,"signal":"DDR_A4","found":true,"opened":["DDR_A8"],"staged":20,"remaining":29,"retainedNative":12,"exportable":false}
{"step":18,"signal":"DDR_A7","found":true,"opened":["DDR_A13"],"staged":20,"remaining":29,"retainedNative":12,"exportable":false}
{"step":19,"signal":"DDR_RESETn","found":true,"opened":["DDR_D7"],"staged":20,"remaining":29,"retainedNative":12,"exportable":false}
{"step":20,"signal":"DDR_CSn0","found":true,"opened":["DDR_D6"],"staged":20,"remaining":29,"retainedNative":12,"exportable":false}
{"step":21,"signal":"DDR_A9","found":true,"opened":[],"staged":21,"remaining":28,"retainedNative":12,"exportable":false}
{"step":22,"signal":"DDR_CASn","found":true,"opened":["DDR_CKE","DDR_RESETn","DDR_CSn0"],"staged":19,"remaining":30,"retainedNative":12,"exportable":false}
{"step":23,"signal":"DDR_D0","found":true,"opened":[],"staged":20,"remaining":29,"retainedNative":12,"exportable":false}
{"step":24,"signal":"DDR_D1","found":true,"opened":["DDR_D4","DDR_CASn"],"staged":19,"remaining":30,"retainedNative":12,"exportable":false}
{"step":25,"signal":"DDR_DQM0","found":true,"opened":["DDR_D0"],"staged":19,"remaining":30,"retainedNative":12,"exportable":false}
{"step":26,"signal":"DDR_D14","found":true,"opened":[],"staged":20,"remaining":29,"retainedNative":12,"exportable":false}
{"step":27,"signal":"DDR_D9","found":true,"opened":[],"staged":21,"remaining":28,"retainedNative":12,"exportable":false}
{"step":28,"signal":"DDR_A11","found":true,"opened":["DDR_D1","DDR_DQM0","DDR_D9"],"staged":19,"remaining":30,"retainedNative":12,"exportable":false}
{"step":29,"signal":"DDR_A1","found":true,"opened":["DDR_A11"],"staged":19,"remaining":30,"retainedNative":12,"exportable":false}
{"step":30,"signal":"DDR_A0","found":true,"opened":["DDR_A1"],"staged":19,"remaining":30,"retainedNative":12,"exportable":false}
{"step":31,"signal":"DDR_DQM1","found":true,"opened":["DDR_D2"],"staged":19,"remaining":30,"retainedNative":12,"exportable":false}
{"step":32,"signal":"DDR_A5","found":true,"opened":["DDR_A7"],"staged":19,"remaining":30,"retainedNative":12,"exportable":false}
{"step":33,"signal":"DDR_WEn","found":true,"opened":["DDR_A4","DDR_A5"],"staged":18,"remaining":31,"retainedNative":12,"exportable":false}
{"step":34,"signal":"DDR_A6","found":true,"opened":[],"staged":19,"remaining":30,"retainedNative":12,"exportable":false}
{"step":35,"signal":"DDR_D3","found":true,"opened":["DDR_DQSn0","DDR_DQM1"],"staged":18,"remaining":31,"retainedNative":11,"exportable":false}
{"step":36,"signal":"DDR_D10","found":true,"opened":[],"staged":19,"remaining":30,"retainedNative":11,"exportable":false}
{"step":37,"signal":"DDR_D15","found":true,"opened":["DDR_D8"],"staged":19,"remaining":30,"retainedNative":10,"exportable":false}
{"step":38,"signal":"DDR_BA1","found":true,"opened":[],"staged":20,"remaining":29,"retainedNative":10,"exportable":false}
{"step":39,"signal":"DDR_A2","found":true,"opened":["DDR_A0","DDR_D3"],"staged":19,"remaining":30,"retainedNative":10,"exportable":false}
{"step":40,"signal":"DDR_ODT","found":true,"opened":["DDR_A2"],"staged":19,"remaining":30,"retainedNative":10,"exportable":false}
{"step":41,"signal":"DDR_A10","found":true,"opened":[],"staged":20,"remaining":29,"retainedNative":10,"exportable":false}
{"step":42,"signal":"DDR_DQSn1","found":true,"opened":["DDR_DQS1","DDR_D10"],"staged":19,"remaining":30,"retainedNative":9,"exportable":false}
{"step":43,"signal":"DDR_A14","found":true,"opened":["DDR_ODT","DDR_A10","DDR_DQSn1"],"staged":17,"remaining":32,"retainedNative":9,"exportable":false}
{"step":44,"signal":"DDR_RASn","found":true,"opened":[],"staged":18,"remaining":31,"retainedNative":9,"exportable":false}
{"step":45,"signal":"DDR_D13","found":true,"opened":[],"staged":19,"remaining":30,"retainedNative":9,"exportable":false}
{"step":46,"signal":"DDR_A8","found":true,"opened":["DDR_A6"],"staged":19,"remaining":30,"retainedNative":9,"exportable":false}
{"step":47,"signal":"DDR_A13","found":true,"opened":["DDR_A8"],"staged":19,"remaining":30,"retainedNative":9,"exportable":false}
{"step":48,"signal":"DDR_D7","found":true,"opened":["DDR_WEn","DDR_RASn"],"staged":18,"remaining":31,"retainedNative":9,"exportable":false}
{"step":49,"signal":"DDR_D6","found":true,"opened":["DDR_D14"],"staged":18,"remaining":31,"retainedNative":9,"exportable":false}
{"step":50,"signal":"DDR_CKE","found":true,"opened":["DDR_A12","DDR_A13"],"staged":17,"remaining":32,"retainedNative":8,"exportable":false}
{"step":51,"signal":"DDR_RESETn","found":true,"opened":["DDR_A14","DDR_CKE"],"staged":16,"remaining":33,"retainedNative":8,"exportable":false}
{"step":52,"signal":"DDR_CSn0","found":true,"opened":[],"staged":17,"remaining":32,"retainedNative":8,"exportable":false}
{"step":53,"signal":"DDR_D4","found":true,"opened":["DDR_D13","DDR_D6"],"staged":16,"remaining":33,"retainedNative":8,"exportable":false}
{"step":54,"signal":"DDR_CASn","found":true,"opened":["DDR_RESETn"],"staged":16,"remaining":33,"retainedNative":8,"exportable":false}
{"step":55,"signal":"DDR_D0","found":true,"opened":[],"staged":17,"remaining":32,"retainedNative":8,"exportable":false}
{"step":56,"signal":"DDR_D1","found":true,"opened":["DDR_D7"],"staged":17,"remaining":32,"retainedNative":8,"exportable":false}
{"step":57,"signal":"DDR_DQM0","found":true,"opened":["DDR_D4","DDR_D0"],"staged":16,"remaining":33,"retainedNative":8,"exportable":false}
{"step":58,"signal":"DDR_D9","found":true,"opened":["DDR_D15"],"staged":16,"remaining":33,"retainedNative":8,"exportable":false}
{"step":59,"signal":"DDR_A11","found":true,"opened":["DDR_CASn"],"staged":16,"remaining":33,"retainedNative":8,"exportable":false}
{"step":60,"signal":"DDR_A1","found":true,"opened":["DDR_CSn0"],"staged":16,"remaining":33,"retainedNative":8,"exportable":false}
{"step":61,"signal":"DDR_D2","found":true,"opened":[],"staged":17,"remaining":32,"retainedNative":8,"exportable":false}
{"step":62,"signal":"DDR_A7","found":true,"opened":["DDR_A11","DDR_A1"],"staged":16,"remaining":33,"retainedNative":8,"exportable":false}
{"step":63,"signal":"DDR_A4","found":true,"opened":[],"staged":17,"remaining":32,"retainedNative":8,"exportable":false}
{"step":64,"signal":"DDR_A5","found":true,"opened":["DDR_A9"],"staged":17,"remaining":32,"retainedNative":8,"exportable":false}
{"step":65,"signal":"DDR_DQSn0","found":true,"opened":[],"staged":18,"remaining":31,"retainedNative":8,"exportable":false}
{"step":66,"signal":"DDR_DQM1","found":true,"opened":["DDR_D2"],"staged":18,"remaining":31,"retainedNative":8,"exportable":false}
{"step":67,"signal":"DDR_D8","found":true,"opened":["DDR_A7"],"staged":18,"remaining":31,"retainedNative":8,"exportable":false}
{"step":68,"signal":"DDR_A0","found":true,"opened":["DDR_D8"],"staged":18,"remaining":31,"retainedNative":8,"exportable":false}
{"step":69,"signal":"DDR_D3","found":true,"opened":["DDR_DQM0","DDR_DQM1"],"staged":17,"remaining":32,"retainedNative":8,"exportable":false}
{"step":70,"signal":"DDR_A2","found":true,"opened":["DDR_BA2","DDR_A3","DDR_A0"],"staged":15,"remaining":34,"retainedNative":6,"exportable":false}
{"step":71,"signal":"DDR_DQS1","found":true,"opened":[],"staged":16,"remaining":33,"retainedNative":6,"exportable":false}
{"step":72,"signal":"DDR_D10","found":true,"opened":["DDR_D3","DDR_DQS1"],"staged":15,"remaining":34,"retainedNative":6,"exportable":false}
{"step":73,"signal":"DDR_ODT","found":true,"opened":[],"staged":16,"remaining":33,"retainedNative":6,"exportable":false}
{"step":74,"signal":"DDR_A10","found":true,"opened":["DDR_A2"],"staged":16,"remaining":33,"retainedNative":6,"exportable":false}
{"step":75,"signal":"DDR_DQSn1","found":true,"opened":["DDR_D10"],"staged":16,"remaining":33,"retainedNative":6,"exportable":false}
{"step":76,"signal":"DDR_A6","found":true,"opened":[],"staged":17,"remaining":32,"retainedNative":6,"exportable":false}
{"step":77,"signal":"DDR_A8","found":true,"opened":[],"staged":18,"remaining":31,"retainedNative":6,"exportable":false}
{"step":78,"signal":"DDR_WEn","found":true,"opened":["DDR_A4","DDR_A5"],"staged":17,"remaining":32,"retainedNative":6,"exportable":false}
{"step":79,"signal":"DDR_RASn","found":true,"opened":["DDR_ODT","DDR_DQSn1"],"staged":16,"remaining":33,"retainedNative":6,"exportable":false}
{"status":"BOTTOM_RAM_NEGOTIATED_PLANNING_STEP_LIMIT_DDR_INCOMPLETE","staged":16,"remaining":33,"retainedNative":6,"qualifiedNewDdrSignals":0,"exportable":false,"fabricationReady":false}
