Building 1 file(s)...
Building experiments/rk3566-memory-vip.circuit.tsx...
Generating circuit JSON...
Wrote debug artifact: dist/rk3566-memory-vip-fullspan-routing/placement-unrouted.png
Autorouting <board#846 /> phase 1/10 start: connections=67, obstacles=765, previous_traces=0, router=precomputed, effort=2x, cache=disabled(precomputed)
  connections: breakout:pcb_breakout_point_0, breakout:pcb_breakout_point_1, breakout:pcb_breakout_point_2, breakout:pcb_breakout_point_3, breakout:pcb_breakout_point_4, breakout:pcb_breakout_point_5, breakout:pcb_breakout_point_6, breakout:pcb_breakout_point_7, breakout:pcb_breakout_point_8, breakout:pcb_breakout_point_9, breakout:pcb_breakout_point_10, breakout:pcb_breakout_point_11, breakout:pcb_breakout_point_12, breakout:pcb_breakout_point_13, breakout:pcb_breakout_point_14, breakout:pcb_breakout_point_15, breakout:pcb_breakout_point_16, breakout:pcb_breakout_point_17, breakout:pcb_breakout_point_18, breakout:pcb_breakout_point_19, breakout:pcb_breakout_point_20, breakout:pcb_breakout_point_21, breakout:pcb_breakout_point_22, breakout:pcb_breakout_point_23, breakout:pcb_breakout_point_24, breakout:pcb_breakout_point_25, breakout:pcb_breakout_point_26, breakout:pcb_breakout_point_27, breakout:pcb_breakout_point_28, breakout:pcb_breakout_point_29, breakout:pcb_breakout_point_30, breakout:pcb_breakout_point_31, breakout:pcb_breakout_point_32, breakout:pcb_breakout_point_33, breakout:pcb_breakout_point_34, breakout:pcb_breakout_point_35, breakout:pcb_breakout_point_36, breakout:pcb_breakout_point_37, breakout:pcb_breakout_point_38, breakout:pcb_breakout_point_39, breakout:pcb_breakout_point_40, breakout:pcb_breakout_point_41, breakout:pcb_breakout_point_42, breakout:pcb_breakout_point_43, breakout:pcb_breakout_point_44, breakout:pcb_breakout_point_45, breakout:pcb_breakout_point_46, breakout:pcb_breakout_point_47, breakout:pcb_breakout_point_48, breakout:pcb_breakout_point_49, breakout:pcb_breakout_point_50, breakout:pcb_breakout_point_51, breakout:pcb_breakout_point_52, breakout:pcb_breakout_point_53, breakout:pcb_breakout_point_54, breakout:pcb_breakout_point_55, breakout:pcb_breakout_point_56, breakout:pcb_breakout_point_57, breakout:pcb_breakout_point_58, breakout:pcb_breakout_point_59, breakout:pcb_breakout_point_60, breakout:pcb_breakout_point_61, breakout:pcb_breakout_point_62, breakout:pcb_breakout_point_63, breakout:pcb_breakout_point_64, breakout:pcb_breakout_point_65, breakout:pcb_breakout_point_66
Wrote debug artifact: dist/rk3566-memory-vip-fullspan-routing/phase-0.input.simple-route.json
  phase 1/10 done: routed_traces=67, jumpers=0, errors=0, elapsed=4.5s
Wrote debug artifact: dist/rk3566-memory-vip-fullspan-routing/phase-0.output.traces.json
Wrote debug artifact: dist/rk3566-memory-vip-fullspan-routing/phase-0-routed.png
Saved autorouting paths to .tscircuit/autorouting-artifacts/rk3566-memory-vip-circuit-tsx-74aceb5fc6/subcircuit_source_group_2-phase-default-order-0.pcb-trace-paths.json (import this JSON into <autoroutingphase pcbTracePaths={...} />).
Autorouting <board#846 /> phase 2/10 start: connections=67, obstacles=966, previous_traces=0, router=precomputed, effort=2x, cache=disabled(precomputed)
  connections: breakout:pcb_breakout_point_67, breakout:pcb_breakout_point_68, breakout:pcb_breakout_point_69, breakout:pcb_breakout_point_70, breakout:pcb_breakout_point_71, breakout:pcb_breakout_point_72, breakout:pcb_breakout_point_73, breakout:pcb_breakout_point_74, breakout:pcb_breakout_point_75, breakout:pcb_breakout_point_76, breakout:pcb_breakout_point_77, breakout:pcb_breakout_point_78, breakout:pcb_breakout_point_79, breakout:pcb_breakout_point_80, breakout:pcb_breakout_point_81, breakout:pcb_breakout_point_82, breakout:pcb_breakout_point_83, breakout:pcb_breakout_point_84, breakout:pcb_breakout_point_85, breakout:pcb_breakout_point_86, breakout:pcb_breakout_point_87, breakout:pcb_breakout_point_88, breakout:pcb_breakout_point_89, breakout:pcb_breakout_point_90, breakout:pcb_breakout_point_91, breakout:pcb_breakout_point_92, breakout:pcb_breakout_point_93, breakout:pcb_breakout_point_94, breakout:pcb_breakout_point_95, breakout:pcb_breakout_point_96, breakout:pcb_breakout_point_97, breakout:pcb_breakout_point_98, breakout:pcb_breakout_point_99, breakout:pcb_breakout_point_100, breakout:pcb_breakout_point_101, breakout:pcb_breakout_point_102, breakout:pcb_breakout_point_103, breakout:pcb_breakout_point_104, breakout:pcb_breakout_point_105, breakout:pcb_breakout_point_106, breakout:pcb_breakout_point_107, breakout:pcb_breakout_point_108, breakout:pcb_breakout_point_109, breakout:pcb_breakout_point_110, breakout:pcb_breakout_point_111, breakout:pcb_breakout_point_112, breakout:pcb_breakout_point_113, breakout:pcb_breakout_point_114, breakout:pcb_breakout_point_115, breakout:pcb_breakout_point_116, breakout:pcb_breakout_point_117, breakout:pcb_breakout_point_118, breakout:pcb_breakout_point_119, breakout:pcb_breakout_point_120, breakout:pcb_breakout_point_121, breakout:pcb_breakout_point_122, breakout:pcb_breakout_point_123, breakout:pcb_breakout_point_124, breakout:pcb_breakout_point_125, breakout:pcb_breakout_point_126, breakout:pcb_breakout_point_127, breakout:pcb_breakout_point_128, breakout:pcb_breakout_point_129, breakout:pcb_breakout_point_130, breakout:pcb_breakout_point_131, breakout:pcb_breakout_point_132, breakout:pcb_breakout_point_133
Wrote debug artifact: dist/rk3566-memory-vip-fullspan-routing/phase-1.input.simple-route.json
  phase 2/10 done: routed_traces=67, jumpers=0, errors=0, elapsed=448ms
Wrote debug artifact: dist/rk3566-memory-vip-fullspan-routing/phase-1.output.traces.json
Wrote debug artifact: dist/rk3566-memory-vip-fullspan-routing/phase-1-routed.png
Saved autorouting paths to .tscircuit/autorouting-artifacts/rk3566-memory-vip-circuit-tsx-74aceb5fc6/subcircuit_source_group_2-phase-default-order-1.pcb-trace-paths.json (import this JSON into <autoroutingphase pcbTracePaths={...} />).
Autorouting <board#846 /> phase 3/10 "MEMORY_CLOCK_STROBES" start: connections=12, obstacles=1167, previous_traces=0, router=custom, effort=2x, cache=disabled(custom_algorithm)
  connections: LPDDR4_DQS0P_A, LPDDR4_DQS1P_A, LPDDR4_DQS0N_A, LPDDR4_DQS1N_A, LPDDR4_CLKP_A, LPDDR4_CLKN_A, LPDDR4_CLKP_B, LPDDR4_CLKN_B, LPDDR4_DQS0N_B, LPDDR4_DQS1N_B, LPDDR4_DQS0P_B, LPDDR4_DQS1P_B
Wrote debug artifact: dist/rk3566-memory-vip-fullspan-routing/phase-0.input.simple-route.json
  phase 3/10 "MEMORY_CLOCK_STROBES" progress: solver_phase=topologyPlanningSolver steps=1 progress=16% iterations_per_second=97 elapsed=615ms
  phase 3/10 "MEMORY_CLOCK_STROBES" progress: solver_phase=nodeDimensionSubdivisionSolver steps=17 progress=24% iterations_per_second=6 elapsed=24.4s
  phase 3/10 "MEMORY_CLOCK_STROBES" progress: solver_phase=portPointPathingSolver steps=24 progress=44% iterations_per_second=10 elapsed=52.0s
  phase 3/10 "MEMORY_CLOCK_STROBES" progress: solver_phase=portPointPathingSolver steps=50 progress=44% iterations_per_second=60795 elapsed=62.3s
  phase 3/10 "MEMORY_CLOCK_STROBES" progress: solver_phase=highDensityRouteSolver steps=85 progress=54% iterations_per_second=1325 elapsed=72.5s
  phase 3/10 "MEMORY_CLOCK_STROBES" done: routed_traces=12, jumpers=0, errors=0, elapsed=80.5s
Wrote debug artifact: dist/rk3566-memory-vip-fullspan-routing/phase-0.output.traces.json
Wrote debug artifact: dist/rk3566-memory-vip-fullspan-routing/phase-0-routed.png
Could not save autorouting paths for subcircuit_source_group_2: Routes contain a junction or endpoint that cannot select a unique PCB port
Autorouting <board#846 /> phase 4/10 "MEMORY_A_BYTE0" start: connections=9, obstacles=1167, previous_traces=12, router=custom, effort=2x, cache=disabled(custom_algorithm)
  connections: LPDDR4_DQ0_A, LPDDR4_DQ7_A, LPDDR4_DQ1_A, LPDDR4_DM0_A, LPDDR4_DQ6_A, LPDDR4_DQ2_A, LPDDR4_DQ5_A, LPDDR4_DQ3_A, LPDDR4_DQ4_A
Wrote debug artifact: dist/rk3566-memory-vip-fullspan-routing/phase-1.input.simple-route.json
  phase 4/10 "MEMORY_A_BYTE0" progress: solver_phase=topologyPlanningSolver steps=1 progress=16% iterations_per_second=610 elapsed=235ms
  phase 4/10 "MEMORY_A_BYTE0" progress: solver_phase=nodeDimensionSubdivisionSolver steps=17 progress=24% iterations_per_second=16 elapsed=17.3s
  phase 4/10 "MEMORY_A_BYTE0" progress: solver_phase=portPointPathingSolver steps=25 progress=44% iterations_per_second=3 elapsed=50.3s
  phase 4/10 "MEMORY_A_BYTE0" progress: solver_phase=portPointPathingSolver steps=61 progress=44% iterations_per_second=91400 elapsed=60.6s
  phase 4/10 "MEMORY_A_BYTE0" progress: solver_phase=portPointPathingSolver steps=95 progress=44% iterations_per_second=88905 elapsed=70.6s
  phase 4/10 "MEMORY_A_BYTE0" progress: solver_phase=highDensityRouteSolver steps=129 progress=53% iterations_per_second=1360 elapsed=80.6s
  phase 4/10 "MEMORY_A_BYTE0" done: routed_traces=21, jumpers=0, errors=0, elapsed=90.3s
Wrote debug artifact: dist/rk3566-memory-vip-fullspan-routing/phase-1.output.traces.json
Wrote debug artifact: dist/rk3566-memory-vip-fullspan-routing/phase-1-routed.png
Could not save autorouting paths for subcircuit_source_group_2: Only port-anchored wire/via routes can be saved
Autorouting <board#846 /> phase 5/10 "MEMORY_A_BYTE1" start: connections=9, obstacles=1167, previous_traces=21, router=custom, effort=2x, cache=disabled(custom_algorithm)
  connections: LPDDR4_DQ15_A, LPDDR4_DQ8_A, LPDDR4_DQ14_A, LPDDR4_DM1_A, LPDDR4_DQ9_A, LPDDR4_DQ13_A, LPDDR4_DQ10_A, LPDDR4_DQ12_A, LPDDR4_DQ11_A
Wrote debug artifact: dist/rk3566-memory-vip-fullspan-routing/phase-2.input.simple-route.json
  phase 5/10 "MEMORY_A_BYTE1" progress: solver_phase=topologyPlanningSolver steps=1 progress=16% iterations_per_second=661 elapsed=415ms
  phase 5/10 "MEMORY_A_BYTE1" progress: solver_phase=nodeDimensionSubdivisionSolver steps=18 progress=24% iterations_per_second=15 elapsed=22.9s
  phase 5/10 "MEMORY_A_BYTE1" progress: solver_phase=portPointPathingSolver steps=26 progress=44% iterations_per_second=5 elapsed=65.4s
  phase 5/10 "MEMORY_A_BYTE1" progress: solver_phase=portPointPathingSolver steps=40 progress=44% iterations_per_second=2725 elapsed=80.1s
