⬆︎ LICENSE
⬆︎ README.md
⬆︎ bun.lock
⬆︎ checks/integrated/am3352-11-check-summary.json
⬆︎ checks/integrated/am3352-clearance-11-check-summary.json
⬆︎ checks/integrated/am3352-clearance-11-connectivity.json
⬆︎ checks/integrated/am3352-clearance-11-diagnostic-export.json
⬆︎ checks/integrated/am3352-clearance-11-kicad-drc.json
⬆︎ checks/integrated/am3352-clearance-11-shorts.log
⬆︎ checks/integrated/am3352-import-validation.json
⬆︎ checks/integrated/am3352-swizzle-validation.json
⬆︎ checks/integrated/hdi-38-check-summary.json
⬆︎ checks/integrated/import-validation.json
⬆︎ checks/integrated/manual-escape-clearance.json
⬆︎ checks/integrated/memory-36-check-summary.json
⬆︎ checks/integrated/memory-36-diagnostic-export.json
⬆︎ checks/integrated/memory-36-kicad-drc.json
⬆︎ checks/integrated/memory-36-shorts.log
⬆︎ checks/integrated/memory-43-check-summary.json
⬆︎ checks/integrated/memory-43-connectivity.json
⬆︎ checks/integrated/memory-43-diagnostic-export.json
⬆︎ checks/integrated/memory-43-kicad-drc.json
⬆︎ checks/integrated/memory-43-phase-validation.json
⬆︎ checks/integrated/memory-43-shorts.log
⬆︎ checks/integrated/phase-via-validation.json
⬆︎ checks/integrated/thin-hdi-34-check-summary.json
⬆︎ design-status.json
⬆︎ docs/AM3352_DDR_ROUTING.md
⬆︎ docs/INTEGRATED_HOST.md
⬆︎ docs/REV_B_CARRIER.md
⬆︎ docs/RK3566_HOST_RECORD.md
⬆︎ docs/RK3566_MEMORY_EXPERIMENTS.md
⬆︎ experiments/am3352-ddr-bootstrap.circuit.tsx
⬆︎ experiments/am3352-ddr-byte-swapped.circuit.tsx
⬆︎ experiments/am3352-ddr-byte1-first.circuit.tsx
⬆︎ experiments/am3352-ddr-clearance-bootstrap.circuit.tsx
⬆︎ experiments/am3352-ddr-coordinated-bootstrap.circuit.tsx
⬆︎ experiments/am3352-ddr-ordered-fanouts.circuit.tsx
⬆︎ experiments/am3352-ddr-swizzled.circuit.tsx
⬆︎ experiments/rk3566-ddr-bootstrap.circuit.tsx
⬆︎ experiments/rk3566-memory-hdi.circuit.tsx
⬆︎ experiments/rk3566-memory-thin-hdi.circuit.tsx
⬆︎ experiments/rk3566-memory-vip.circuit.tsx
⬆︎ experiments/rk3566-memory.circuit.tsx
⬆︎ fabrication/STATUS.md
📦 images/am3352-memory-11.png
📦 images/am3352-memory-clearance-11.png
📦 images/pcb-rev-b.png
📦 images/rk3566-memory-36.png
📦 images/rk3566-memory-37.png
📦 images/rk3566-memory-42.png
📦 images/rk3566-memory-43.png
📦 images/rk3566-memory-hdi-36.png
📦 images/rk3566-memory-hdi-38.png
📦 images/rk3566-memory-partial.png
📦 images/rk3566-memory-repaired.png
📦 images/schematic-rev-b.png
⬆︎ imports/AM3352BZCZ100.tsx
⬆︎ imports/AP2112K_3_3TRG1.tsx
⬆︎ imports/A_0603WAF3301T5E.tsx
⬆︎ imports/A_0603WAF6802T5E.tsx
⬆︎ imports/A_0603WAF7323T5E.tsx
⬆︎ imports/BQ24074RGTR.tsx
⬆︎ imports/CC0603KRX7R9BB104.tsx
⬆︎ imports/CL10B221KB8NNNC.tsx
⬆︎ imports/CL31A226KAHNNNE.tsx
⬆︎ imports/FPC_05F_18PH20.tsx
⬆︎ imports/H9HCNNN8KUMLHR_NME.tsx
⬆︎ imports/MAX17048G_T10.tsx
⬆︎ imports/MAX98357AETE_T.tsx
⬆︎ imports/MCP23017_E_SO.tsx
⬆︎ imports/MT41K256M16TW_107_P.tsx
⬆︎ imports/RK3566.tsx
⬆︎ imports/RK817_5.tsx
⬆︎ imports/RK860_0.tsx
⬆︎ imports/SX32Y024000BC1T.tsx
⬆︎ imports/TF_013.tsx
⬆︎ imports/TPS61023DRLR.tsx
⬆︎ imports/TPS65217CRSLR.tsx
⬆︎ imports/TS_1187A_B_A_B.tsx
⬆︎ imports/TYPE_C_31_M_12.tsx
📦 imports/USBLC6_2SC6/USBLC6_2SC6.obj
⬆︎ imports/USBLC6_2SC6/USBLC6_2SC6.step
📦 imports/USBLC6_2SC6/USBLC6_2SC6.step.gz
⬆︎ imports/USBLC6_2SC6/USBLC6_2SC6.step.sha256
⬆︎ imports/USBLC6_2SC6/USBLC6_2SC6.tsx
⬆︎ imports/WPN252012E1R0MT.tsx
⬆︎ index.circuit.tsx
⬆︎ lib/Audio.tsx
⬆︎ lib/Connections.tsx
⬆︎ lib/ConservativeTraceObstacles.ts
⬆︎ lib/ControlEscapes.tsx
⬆︎ lib/Display.tsx
⬆︎ lib/PhasedAutorouter.ts
⬆︎ lib/PiZero2W.tsx
⬆︎ lib/Power.tsx
⬆︎ lib/SavedRouting.ts
⬆︎ lib/ThroughSignalVia.ts
⬆︎ lib/UsbData.tsx
⬆︎ lib/am3352/DdrConstraints.tsx
⬆︎ lib/am3352/ManualEscapes.ts
⬆︎ lib/am3352/cpu-ball-map.json
⬆︎ lib/am3352/memory-byte-swapped-connections.json
⬆︎ lib/am3352/memory-connections.json
⬆︎ lib/am3352/memory-swizzled-connections.json
⬆︎ lib/am3352/ram-ball-map.json
⬆︎ lib/integrated/DdrRoutingGroups.ts
⬆︎ lib/integrated/GridHdiCandidate.ts
⬆︎ lib/integrated/GridMemoryCandidate.ts
⬆︎ lib/integrated/GridMemoryViaCandidate.ts
⬆︎ lib/integrated/H9HCNNN8KUMLHR_NME-pad-centres.json
⬆︎ lib/integrated/ManualOuterMemoryRouting.ts
⬆︎ lib/integrated/MemoryRoutingIdentity.ts
⬆︎ lib/integrated/PhasedMemoryAutorouter.ts
⬆︎ lib/integrated/RK3566-pad-centres.json
⬆︎ lib/integrated/SavedMemoryRouting.ts
⬆︎ lib/integrated/auditMemoryThroughVias.ts
⬆︎ lib/integrated/auditMemoryWires.ts
⬆︎ lib/integrated/hdi/HdiGeometry.ts
⬆︎ lib/integrated/hdi/HdiMemoryAutorouter.ts
⬆︎ lib/integrated/hdi/HdiProcess.ts
⬆︎ lib/integrated/hdi/RepairHdiVias.ts
⬆︎ lib/integrated/hdi/RepairHdiWires.ts
⬆︎ lib/integrated/hdi/SavedHdiMemoryRouting.ts
⬆︎ lib/integrated/host-power-inventory.json
⬆︎ lib/integrated/hynix-ball-map.json
⬆︎ lib/integrated/memory-connections.json
⬆︎ lib/integrated/repairMemoryViaSites.ts
⬆︎ lib/integrated/rk3566-ball-map.json
⬆︎ lib/integrated/rk817-pin-map.json
⬆︎ package-lock.json
⬆︎ package.json
⬆︎ registry-source-manifest.json
⬆︎ rev-b.circuit.tsx
⬆︎ routing/README.txt
⬆︎ routing/am3352-11-memory-map.json
⬆︎ routing/am3352-byte0-native-diagnostic.circuit.json
⬆︎ routing/initial-autorouter-run.log
⬆︎ routing/rev-b-routes.json
⬆︎ routing/rk3566-manual-outer-routes.json
⬆︎ routing/rk3566-memory-hdi-routes.json
⬆︎ routing/rk3566-memory-routes.json
⬆︎ scripts/assembly.mjs
⬆︎ scripts/capture-memory-phases.mjs
⬆︎ scripts/check-am3352-imports.mjs
⬆︎ scripts/check-am3352-routing.mjs
⬆︎ scripts/check-am3352-swizzle.mjs
⬆︎ scripts/check-hdi-memory-geometry.mjs
⬆︎ scripts/check-integrated-imports.mjs
⬆︎ scripts/check-kicad.mjs
⬆︎ scripts/check-memory-escapes.mjs
⬆︎ scripts/check-memory-phase-vias.mjs
⬆︎ scripts/check-memory-routing.mjs
⬆︎ scripts/compact-circuit.mjs
⬆︎ scripts/export-am3352-diagnostic.mjs
⬆︎ scripts/export-fabrication.mjs
⬆︎ scripts/export-hdi-memory-diagnostic.mjs
⬆︎ scripts/export-memory-diagnostic.mjs
⬆︎ scripts/fabrication.mjs
⬆︎ scripts/inventory-host-power.mjs
⬆︎ scripts/normalize-am3352-imports.mjs
⬆︎ scripts/plan-memory-detours.mjs
⬆︎ scripts/prepare-am3352-kicad.mjs
⬆︎ scripts/prepare-hdi-memory-kicad.mjs
⬆︎ scripts/prepare-kicad-library.py
⬆︎ scripts/prepare-kicad.mjs
⬆︎ scripts/prepare-memory-kicad.mjs
⬆︎ scripts/restore-3d-models.mjs
⬆︎ scripts/stage-registry-source.mjs
⬆︎ scripts/verify-gerber-coordinates.mjs
⬆︎ scripts/verify-registry-source.mjs
⬆︎ software/asound.conf
⬆︎ software/g350-input.service
⬆︎ software/g350-usb-gadget.service
⬆︎ software/g350-usb-power.service
⬆︎ software/handheld.py
⬆︎ software/requirements.txt
⬆︎ software/usb-gadget.sh
⬆︎ software/usb_power.py
⬆︎ tsconfig.json


Upload Summary
  Succeeded: 180 files


"@tsci/abse.g350-linux-handheld@1.3.0-integrated-experimental" published!
https://tscircuit.com/abse/g350-linux-handheld
