{
  "status": "NO_COMPLETE_ASSIGNMENT",
  "attempts": 400,
  "parts": 59,
  "input": "dist/experiments/am3352-g350-harness-placement/circuit.json",
  "inputSha256": "f131e82c2793ddb4d91fee2bc901259e8aa364f8ccd892f72211e2e34f7d98ef",
  "manufacturer": "SPRS717L sections 5.9 and 7.7.2.3.3.7. General proximity search bounds are engineering choices, not TI limits.",
  "unchangedDdrComponents": true,
  "reservedBottomCourtyardMinY": 19.3,
  "conservativeCourtyardExtraMarginMm": 0.04,
  "routingPermitted": false,
  "plannerSha256": "67a6223e7258b40d129f6ff5b08f139dfe0b3967d9e001545244099cebcf218e",
  "measurements": [
    {
      "name": "C_CORE_BULK",
      "candidateCount": 1055
    },
    {
      "name": "C_CORE_1",
      "candidateCount": 1803
    },
    {
      "name": "C_CORE_2",
      "candidateCount": 1803
    },
    {
      "name": "C_CORE_3",
      "candidateCount": 1803
    },
    {
      "name": "C_CORE_4",
      "candidateCount": 1803
    },
    {
      "name": "C_CORE_5",
      "candidateCount": 1803
    },
    {
      "name": "C_CORE_6",
      "candidateCount": 1803
    },
    {
      "name": "C_CORE_7",
      "candidateCount": 1803
    },
    {
      "name": "C_CORE_8",
      "candidateCount": 1803
    },
    {
      "name": "C_MPU_BULK",
      "candidateCount": 1145
    },
    {
      "name": "C_MPU_1",
      "candidateCount": 1628
    },
    {
      "name": "C_MPU_2",
      "candidateCount": 1628
    },
    {
      "name": "C_MPU_3",
      "candidateCount": 1628
    },
    {
      "name": "C_MPU_4",
      "candidateCount": 1628
    },
    {
      "name": "C_MPU_5",
      "candidateCount": 1628
    },
    {
      "name": "C_VDDS_BULK",
      "candidateCount": 1297
    },
    {
      "name": "C_VDDS_1",
      "candidateCount": 2247
    },
    {
      "name": "C_VDDS_2",
      "candidateCount": 2247
    },
    {
      "name": "C_VDDS_3",
      "candidateCount": 2247
    },
    {
      "name": "C_VDDS_4",
      "candidateCount": 2247
    },
    {
      "name": "C_SRAM_CORE_BULK",
      "candidateCount": 588
    },
    {
      "name": "C_SRAM_CORE_1",
      "candidateCount": 492
    },
    {
      "name": "C_SRAM_MPU_BULK",
      "candidateCount": 690
    },
    {
      "name": "C_SRAM_MPU_1",
      "candidateCount": 566
    },
    {
      "name": "C_HV1_BULK",
      "candidateCount": 260
    },
    {
      "name": "C_HV1_1",
      "candidateCount": 726
    },
    {
      "name": "C_HV1_2",
      "candidateCount": 726
    },
    {
      "name": "C_HV2_BULK",
      "candidateCount": 585
    },
    {
      "name": "C_HV2_1",
      "candidateCount": 1121
    },
    {
      "name": "C_HV2_2",
      "candidateCount": 1121
    },
    {
      "name": "C_HV3_BULK",
      "candidateCount": 798
    },
    {
      "name": "C_HV3_1",
      "candidateCount": 1382
    },
    {
      "name": "C_HV3_2",
      "candidateCount": 1383
    },
    {
      "name": "C_HV4_BULK",
      "candidateCount": 1178
    },
    {
      "name": "C_HV4_1",
      "candidateCount": 1646
    },
    {
      "name": "C_HV4_2",
      "candidateCount": 1645
    },
    {
      "name": "C_HV5_BULK",
      "candidateCount": 1131
    },
    {
      "name": "C_HV5_1",
      "candidateCount": 1656
    },
    {
      "name": "C_HV5_2",
      "candidateCount": 1656
    },
    {
      "name": "C_HV6_BULK",
      "candidateCount": 1202
    },
    {
      "name": "C_HV6_1",
      "candidateCount": 1739
    },
    {
      "name": "C_HV6_2",
      "candidateCount": 1739
    },
    {
      "name": "C_HV6_3",
      "candidateCount": 1739
    },
    {
      "name": "C_HV6_4",
      "candidateCount": 1738
    },
    {
      "name": "C_HV6_5",
      "candidateCount": 1738
    },
    {
      "name": "C_HV6_6",
      "candidateCount": 1738
    },
    {
      "name": "C_VDDS_RTC",
      "candidateCount": 279
    },
    {
      "name": "C_VDDS_PLL_DDR",
      "candidateCount": 288
    },
    {
      "name": "C_VDDS_PLL_CORE_LCD",
      "candidateCount": 629
    },
    {
      "name": "C_VDDS_OSC",
      "candidateCount": 737
    },
    {
      "name": "C_VDDS_PLL_MPU",
      "candidateCount": 1109
    },
    {
      "name": "C_VDDA3P3V_USB0",
      "candidateCount": 1109
    },
    {
      "name": "C_VDDA3P3V_USB1",
      "candidateCount": 1109
    },
    {
      "name": "C_VDDA1P8V_USB0",
      "candidateCount": 1164
    },
    {
      "name": "C_VDDA1P8V_USB1",
      "candidateCount": 1164
    },
    {
      "name": "C_CAP_VDD_SRAM_CORE",
      "candidateCount": 245
    },
    {
      "name": "C_CAP_VDD_SRAM_MPU",
      "candidateCount": 404
    },
    {
      "name": "C_CAP_VBB_MPU",
      "candidateCount": 311
    },
    {
      "name": "C_CAP_VDD_RTC",
      "candidateCount": 48
    }
  ],
  "fabricationReady": false
}
