{
  "status": "PASS_DDR_CORRIDOR_PLACEMENT_ONLY",
  "fabricationReady": false,
  "originalShellFitVerified": false,
  "routingPermitted": false,
  "logicalComponents": 280,
  "movedComponents": 46,
  "ramGroupParts": 18,
  "lcdSourceResistors": 28,
  "copperLayers": 4,
  "dimensionsMm": {
    "width": 76,
    "height": 118,
    "thickness": 1.6
  },
  "cpuToRamCenterDistanceMm": 20,
  "exactSourceConnectivityPreserved": true,
  "allExplicitNetNamesDistinct": true,
  "physicalPadAndNativePasteTransformVerified": true,
  "unchangedComponentPlacements": 234,
  "movedCourtyardsClear": true,
  "ddrBypassPlacement": "32 freshly checked",
  "sourceDistances": "28 freshly checked",
  "minCopperEdgeClearanceLowerBoundMm": 0.45000699999999655,
  "scope": "Placement only. DDR reservation is an engineering plan, not copper isolation/return-path or signal-integrity qualification. Original-shell geometry and routing remain incomplete.",
  "hashes": "stored in audit"
}
