{
  "status": "PASS_PMIC_PLACEMENT_ONLY",
  "fabricationReady": false,
  "originalShellFitVerified": false,
  "routingPermitted": false,
  "logicalComponents": 280,
  "movedComponents": 18,
  "pmicSupportParts": 18,
  "copperLayers": 4,
  "dimensionsMm": {
    "width": 76,
    "height": 118,
    "thickness": 1.6
  },
  "cpuToRamCenterDistanceMm": 20,
  "exactSourceConnectivityPreserved": true,
  "allExplicitNetNamesDistinct": true,
  "physicalPadAndNativePasteTransformVerified": true,
  "unchangedComponentPlacements": 262,
  "movedCourtyardsClear": true,
  "ddrBypassPlacement": "32 freshly checked",
  "pmicDistances": "22 freshly checked",
  "newCorePolygonPasteIntentPreserved": true,
  "polygonPasteNegativeControlDetected": true,
  "all280CourtyardsNonoverlapping": true,
  "minCopperEdgeClearanceLowerBoundMm": 0.45000699999999655,
  "scope": "Placement only. PMIC pad-distance limits are engineering bounds, not manufacturer trace-length limits. Actual copper loops, dedicated input vias, thermal grounding, effective capacitance, original shell fit and routing remain incomplete.",
  "hashes": "stored in audit"
}
