{
  "status": "CHECKED_PMIC_COMPONENT_PLACEMENT",
  "fabricationReady": false,
  "originalShellFitVerified": false,
  "routingPermitted": false,
  "fullHandheldPlacementComplete": false,
  "entry": "experiments/am3352-g350-pmic-placement.circuit.tsx",
  "defaultEntryRemainsHistoricalDdrFixture": true,
  "logicalComponents": 280,
  "movedComponents": 18,
  "pmicSupportComponentsRelocated": 18,
  "dimensionsMm": {
    "width": 76,
    "height": 118,
    "thickness": 1.6
  },
  "cpuToRamCenterDistanceMm": 20,
  "copperLayers": 4,
  "nativeErrors": 0,
  "buildExitCode": 0,
  "typecheckExitCode": 0,
  "allLayerGerberShorts": 0,
  "exactFunctionalSourcePreserved": true,
  "allExplicitNetNamesDistinct": true,
  "physicalPadsAndNativePasteTransformVerified": true,
  "movedCourtyardsClear": true,
  "all280CourtyardsNonoverlapping": true,
  "minCopperEdgeClearanceLowerBoundMm": 0.45000699999999655,
  "ddrBypassPlacement": "32 measured",
  "pmicDistances": "22 measured",
  "parentCpuBypassMetrics": "59 preserved",
  "smtStencil": {
    "matchedPads": 1165,
    "matchedNonplatedHoles": 2,
    "scaledApertures": 1104,
    "fullSizeApertures": 9,
    "noPastePads": 48,
    "geometryPreserved": true,
    "nativeThroughHoleAperturesUnqualified": 8,
    "fullStencilQualification": false
  },
  "independentKicad": {
    "processExitCode": 5,
    "errors": 0,
    "warningCount": 405,
    "warningTypes": {
      "silk_edge_clearance": 7,
      "silk_overlap": 199,
      "silk_over_copper": 199
    },
    "unconnectedItemsReported": 499,
    "unconnectedCountIsComplete": false,
    "perItemExclusions": 0,
    "ignoredRuleSeverities": 0,
    "exactLocalFootprints": 280,
    "physicalRecordSha256": "5d16fb435b01585dabc29f0869c38abbc141e3e6c81f23abf55821334eee558e",
    "fullDrcPass": false,
    "scope": "Unrouted placement. Full DRC fails because open connections and silkscreen warnings remain."
  },
  "newCorePolygonPasteIntentPreserved": true,
  "polygonPasteNegativeControlDetected": true,
  "toolchain": {
    "tscircuit": "0.0.2744",
    "core": "0.0.2085",
    "capacityAutorouter": "0.0.958",
    "cli": "0.1.2237"
  },
  "mechanical": {
    "inheritedFrom": "experiments/am3352-g350-ddr-corridor.circuit.tsx",
    "outlineExchangeVerified": true,
    "actualSizePdfVerified": true,
    "shellFitVerified": false,
    "mountingGeometryVerified": false
  },
  "remaining": [
    "Route and inspect PMIC current loops, top-only Lx/inductor/output paths, quiet feedback and thermal-pad ground vias; review remaining boost, SD regulator and backlight placement.",
    "Dedicated bypass vias, actual short and wide copper paths, effective capacitance and continuous reference planes.",
    "Complete four-layer native bus_lanes DDR and host routing; independent timing, connectivity, shorts and manufacturing checks.",
    "Linux panel, pinmux, audio and shared USB-C installation/recovery implementation and validation.",
    "Battery protection, NTC, load current, dimensions and speaker load/mating qualification.",
    "Measured original shell outline, holes, button/port registration and assembled clearances; the 1:1 PDF permits a perimeter check only."
  ],
  "scope": "Placement only. PMIC pad-distance limits are engineering bounds, not manufacturer trace-length limits. Actual copper loops, dedicated input vias, thermal grounding, effective capacitance, original shell fit and routing remain incomplete.",
  "hashes": "stored in summary"
}
