{
  "status": "PASS_OUTLINE_EXCHANGE_ONLY",
  "fabricationReady": false,
  "originalShellFitVerified": false,
  "units": "mm",
  "scale": "1:1",
  "entry": "experiments/am3352-g350-ddr-corridor.circuit.tsx",
  "dimensionsMm": {
    "width": 76,
    "height": 118,
    "thickness": 1.6,
    "mainBodyHeight": 99,
    "speakerTabWidth": 22,
    "speakerTabExtension": 19
  },
  "boundsMm": {
    "minX": -38,
    "maxX": 38,
    "minY": -59,
    "maxY": 59
  },
  "outlineVertices": 14,
  "closedDxfPerimeter": true,
  "exactCompiledOutlinePreserved": true,
  "exactDxfRoundTrip": true,
  "mountingGeometryVerified": false,
  "nominalOuterCaseMarginsMm": {
    "left": 2.5,
    "right": 2.5,
    "top": 5,
    "bottom": 5
  },
  "limitation": "Outer-case margins do not establish clearance from internal walls, ribs, posts, ports or membranes.",
  "hashes": "stored in mechanical/g350-outline-exchange-check.json"
}
