Syntax Error: Missing language pack for 'Adobe-Japan1' mapping
Syntax Error: Missing language pack for 'Adobe-Japan1' mapping
Syntax Error: Unknown font tag 'G1'
Syntax Error (662): No font in show
Syntax Error: Unknown font tag 'G2'
Syntax Error (385): No font in show
Syntax Error (397): No font in show
Syntax Error (403): No font in show
Syntax Error (405): No font in show
Syntax Error (408): No font in show
Syntax Error (413): No font in show
Syntax Error (416): No font in show
Syntax Error (423): No font in show
Syntax Error (427): No font in show
Syntax Error (431): No font in show
Syntax Error (434): No font in show
Syntax Error (439): No font in show
Syntax Error (442): No font in show
Syntax Error (450): No font in show
Syntax Error: Unknown font tag 'G1'
Syntax Error (1447): No font in show
Syntax Error (1461): No font in show
Syntax Error: Unknown font tag 'G2'
Syntax Error (1588): No font in show
Syntax Error (1633): No font in show
Syntax Error (1686): No font in show/space
Syntax Error (1758): No font in show
Syntax Error (1791): No font in show
Syntax Error (1794): No font in show
Syntax Error (1837): No font in show
Syntax Error (1886): No font in show
Syntax Error (1915): No font in show
Syntax Error (1918): No font in show
Syntax Error (2011): No font in show
Syntax Error (2027): No font in show
Syntax Error (2031): No font in show
Syntax Error (2048): No font in show/space
Syntax Error (2101): No font in show/space
Syntax Error (2241): No font in show
Syntax Error (2277): No font in show
Syntax Error (2478): No font in show
Syntax Error (176): No font in show
Syntax Error (216): No font in show
Syntax Error (230): No font in show
Syntax Error (251): No font in show
Syntax Error (257): No font in show
Syntax Error (299): No font in show
Syntax Error (418): No font in show
Syntax Error (492): No font in show
Syntax Error (505): No font in show
Syntax Error (508): No font in show
Syntax Error (520): No font in show
Syntax Error (539): No font in show
Syntax Error (541): No font in show
Syntax Error (558): No font in show
Syntax Error (572): No font in show
Syntax Error (584): No font in show
Syntax Error (606): No font in show
Syntax Error (1086): No font in show
Syntax Error (1102): No font in show
Syntax Error (1213): No font in show
Syntax Error (2243): No font in show
Syntax Error (2267): No font in show
Syntax Error (2603): No font in show
Syntax Error (2613): No font in show
Syntax Error (2951): No font in show
Syntax Error (2965): No font in show
Syntax Error (2981): No font in show
Syntax Error (2992): No font in show
Syntax Error (3139): No font in show
Syntax Error (3166): No font in show
Syntax Error (3178): No font in show
Syntax Error (3181): No font in show
Syntax Error (3199): No font in show
Syntax Error (3212): No font in show
Syntax Error (3221): No font in show
Syntax Error (3225): No font in show
Syntax Error (3245): No font in show
Syntax Error (3329): No font in show
Syntax Error (217): No font in show
Syntax Error (302): No font in show
Syntax Error (319): No font in show
Syntax Error (587): No font in show
Syntax Error (608): No font in show
Syntax Error: Unknown font tag 'G1'
Syntax Error (1300): No font in show
Syntax Error (1357): No font in show
Syntax Error: Unknown font tag 'G2'
Syntax Error (1405): No font in show
Syntax Error (1501): No font in show/space
Syntax Error (1531): No font in show
Syntax Error (1564): No font in show/space
Syntax Error (1578): No font in show
Syntax Error (1640): No font in show
Syntax Error (1651): No font in show/space
Syntax Error (1657): No font in show
Syntax Error (1739): No font in show/space
Syntax Error (1778): No font in show/space
Syntax Error (1786): No font in show/space
Syntax Error (1861): No font in show
Syntax Error (1877): No font in show
Syntax Error: Unknown font tag 'G1'
Syntax Error (1974): No font in show
Syntax Error (2017): No font in show/space
Syntax Error: Unknown font tag 'G2'
Syntax Error (2091): No font in show/space
Syntax Error (2156): No font in show/space
Syntax Error (2160): No font in show
Syntax Error (2176): No font in show
Syntax Error (2215): No font in show/space
Syntax Error (2253): No font in show/space
Syntax Error (2272): No font in show
Syntax Error (2312): No font in show/space
Syntax Error (2352): No font in show/space
Syntax Error (2391): No font in show/space
Syntax Error (2413): No font in show/space
Syntax Error (2424): No font in show
Syntax Error (2473): No font in show
Syntax Error (2480): No font in show
Syntax Error (2521): No font in show/space
Syntax Error (2539): No font in show
Syntax Error (2546): No font in show
Syntax Error (2578): No font in show
Syntax Error (2637): No font in show/space
Syntax Error (2644): No font in show
Syntax Error (2679): No font in show/space
Syntax Error (2719): No font in show/space
Syntax Error (2774): No font in show
Syntax Error (2888): No font in show/space
Syntax Error (2940): No font in show/space
Syntax Error (2963): No font in show/space
Syntax Error (2965): No font in show
Syntax Error (2989): No font in show
Syntax Error (2991): No font in show
Syntax Error (3012): No font in show
Syntax Error (3012): No font in show
Syntax Error (3038): No font in show
Syntax Error: Unknown font tag 'G1'
Syntax Error (3079): No font in show/space
Syntax Error: Unknown font tag 'G2'
Syntax Error (3127): No font in show
Syntax Error (3171): No font in show
Syntax Error (3172): No font in show
Syntax Error (3183): No font in show/space
Syntax Error (3219): No font in show/space
Syntax Error: No font in show/space
