Plotted to 'fabrication/gerbers/index-F_Cu.gtl'.
Plotted to 'fabrication/gerbers/index-In1_Cu.g1'.
Plotted to 'fabrication/gerbers/index-In2_Cu.g2'.
Plotted to 'fabrication/gerbers/index-B_Cu.gbl'.
Plotted to 'fabrication/gerbers/index-F_Paste.gtp'.
Plotted to 'fabrication/gerbers/index-B_Paste.gbp'.
Plotted to 'fabrication/gerbers/index-F_Silkscreen.gto'.
Plotted to 'fabrication/gerbers/index-B_Silkscreen.gbo'.
Plotted to 'fabrication/gerbers/index-F_Mask.gts'.
Plotted to 'fabrication/gerbers/index-B_Mask.gbs'.
Plotted to 'fabrication/gerbers/index-Edge_Cuts.gm1'.
Created file 'fabrication/gerbers/index-PTH.drl'
Created file 'fabrication/gerbers/index-NPTH.drl'
Done.
  adding: index-B_Cu.gbl (deflated 73%)
  adding: index-B_Mask.gbs (deflated 69%)
  adding: index-B_Paste.gbp (deflated 30%)
  adding: index-B_Silkscreen.gbo (deflated 69%)
  adding: index-Edge_Cuts.gm1 (deflated 76%)
  adding: index-F_Cu.gtl (deflated 71%)
  adding: index-F_Mask.gts (deflated 73%)
  adding: index-F_Paste.gtp (deflated 72%)
  adding: index-F_Silkscreen.gto (deflated 82%)
  adding: index-In1_Cu.g1 (deflated 74%)
  adding: index-In2_Cu.g2 (deflated 75%)
  adding: index-NPTH.drl (deflated 47%)
  adding: index-PTH.drl (deflated 59%)
  adding: index-job.gbrjob (deflated 78%)
